Archive member included to satisfy reference by file (symbol)

/home/daijh/sdk/rk3588/uefi/Build/RK3588/DEBUG_GCC5/AARCH64/MdePkg/Library/DxeCoreEntryPoint/DxeCoreEntryPoint/OUTPUT/DxeCoreEntryPoint.lib(DxeCoreEntryPoint.obj)
                              (_ModuleEntryPoint)
/home/daijh/sdk/rk3588/uefi/Build/RK3588/DEBUG_GCC5/AARCH64/ArmPkg/Library/CompilerIntrinsicsLib/CompilerIntrinsicsLib/OUTPUT/CompilerIntrinsicsLib.lib(memcpy.obj)
                              /home/daijh/sdk/rk3588/uefi/edk2/ArmPkg/Library/GccLto/liblto-aarch64.a (memcpy)
/home/daijh/sdk/rk3588/uefi/Build/RK3588/DEBUG_GCC5/AARCH64/ArmPkg/Library/CompilerIntrinsicsLib/CompilerIntrinsicsLib/OUTPUT/CompilerIntrinsicsLib.lib(memset.obj)
                              /home/daijh/sdk/rk3588/uefi/edk2/ArmPkg/Library/GccLto/liblto-aarch64.a (memset)
/home/daijh/sdk/rk3588/uefi/Build/RK3588/DEBUG_GCC5/AARCH64/MdePkg/Library/BaseStackCheckLib/BaseStackCheckLib/OUTPUT/BaseStackCheckLib.lib(BaseStackCheckGcc.obj)
                              /home/daijh/sdk/rk3588/uefi/edk2/ArmPkg/Library/GccLto/liblto-aarch64.a (__stack_chk_fail)
/home/daijh/sdk/rk3588/uefi/Build/RK3588/DEBUG_GCC5/AARCH64/MdeModulePkg/Core/Dxe/DxeMain/OUTPUT/DxeCore.lib(AutoGen.obj)
                              DxeCoreEntryPoint.obj (symbol from plugin) (ProcessModuleEntryPointList)
/home/daijh/sdk/rk3588/uefi/Build/RK3588/DEBUG_GCC5/AARCH64/MdeModulePkg/Core/Dxe/DxeMain/OUTPUT/DxeCore.lib(DxeMain.obj)
                              AutoGen.obj (symbol from plugin) (DxeMain)
/home/daijh/sdk/rk3588/uefi/Build/RK3588/DEBUG_GCC5/AARCH64/MdeModulePkg/Core/Dxe/DxeMain/OUTPUT/DxeCore.lib(CoreSectionExtraction.obj)
                              DxeMain.obj (symbol from plugin) (InitializeSectionExtraction)
/home/daijh/sdk/rk3588/uefi/Build/RK3588/DEBUG_GCC5/AARCH64/MdeModulePkg/Core/Dxe/DxeMain/OUTPUT/DxeCore.lib(Image.obj)
                              DxeMain.obj (symbol from plugin) (CoreInitializeImageServices)
/home/daijh/sdk/rk3588/uefi/Build/RK3588/DEBUG_GCC5/AARCH64/MdeModulePkg/Core/Dxe/DxeMain/OUTPUT/DxeCore.lib(DebugImageInfo.obj)
                              DxeMain.obj (symbol from plugin) (CoreInitializeDebugImageInfoTable)
/home/daijh/sdk/rk3588/uefi/Build/RK3588/DEBUG_GCC5/AARCH64/MdeModulePkg/Core/Dxe/DxeMain/OUTPUT/DxeCore.lib(Stall.obj)
                              DxeMain.obj (symbol from plugin) (CoreStall)
/home/daijh/sdk/rk3588/uefi/Build/RK3588/DEBUG_GCC5/AARCH64/MdeModulePkg/Core/Dxe/DxeMain/OUTPUT/DxeCore.lib(SetWatchdogTimer.obj)
                              DxeMain.obj (symbol from plugin) (CoreSetWatchdogTimer)
/home/daijh/sdk/rk3588/uefi/Build/RK3588/DEBUG_GCC5/AARCH64/MdeModulePkg/Core/Dxe/DxeMain/OUTPUT/DxeCore.lib(InstallConfigurationTable.obj)
                              DxeMain.obj (symbol from plugin) (CoreInstallConfigurationTable)
/home/daijh/sdk/rk3588/uefi/Build/RK3588/DEBUG_GCC5/AARCH64/MdeModulePkg/Core/Dxe/DxeMain/OUTPUT/DxeCore.lib(MemoryAttributesTable.obj)
                              DxeMain.obj (symbol from plugin) (CoreInitializeMemoryAttributesTable)
/home/daijh/sdk/rk3588/uefi/Build/RK3588/DEBUG_GCC5/AARCH64/MdeModulePkg/Core/Dxe/DxeMain/OUTPUT/DxeCore.lib(MemoryProtection.obj)
                              Image.obj (symbol from plugin) (ProtectUefiImage)
/home/daijh/sdk/rk3588/uefi/Build/RK3588/DEBUG_GCC5/AARCH64/MdeModulePkg/Core/Dxe/DxeMain/OUTPUT/DxeCore.lib(Library.obj)
                              MemoryAttributesTable.obj (symbol from plugin) (CoreAcquireLock)
/home/daijh/sdk/rk3588/uefi/Build/RK3588/DEBUG_GCC5/AARCH64/MdeModulePkg/Core/Dxe/DxeMain/OUTPUT/DxeCore.lib(DriverSupport.obj)
                              DxeMain.obj (symbol from plugin) (CoreConnectController)
/home/daijh/sdk/rk3588/uefi/Build/RK3588/DEBUG_GCC5/AARCH64/MdeModulePkg/Core/Dxe/DxeMain/OUTPUT/DxeCore.lib(Notify.obj)
                              DxeMain.obj (symbol from plugin) (CoreRegisterProtocolNotify)
/home/daijh/sdk/rk3588/uefi/Build/RK3588/DEBUG_GCC5/AARCH64/MdeModulePkg/Core/Dxe/DxeMain/OUTPUT/DxeCore.lib(Locate.obj)
                              DxeMain.obj (symbol from plugin) (CoreLocateHandle)
/home/daijh/sdk/rk3588/uefi/Build/RK3588/DEBUG_GCC5/AARCH64/MdeModulePkg/Core/Dxe/DxeMain/OUTPUT/DxeCore.lib(Handle.obj)
                              DriverSupport.obj (symbol from plugin) (CoreAcquireProtocolLock)
/home/daijh/sdk/rk3588/uefi/Build/RK3588/DEBUG_GCC5/AARCH64/MdeModulePkg/Core/Dxe/DxeMain/OUTPUT/DxeCore.lib(Gcd.obj)
                              MemoryProtection.obj (symbol from plugin) (CoreAcquireGcdMemoryLock)
/home/daijh/sdk/rk3588/uefi/Build/RK3588/DEBUG_GCC5/AARCH64/MdeModulePkg/Core/Dxe/DxeMain/OUTPUT/DxeCore.lib(Pool.obj)
                              Gcd.obj (symbol from plugin) (CoreInitializePool)
/home/daijh/sdk/rk3588/uefi/Build/RK3588/DEBUG_GCC5/AARCH64/MdeModulePkg/Core/Dxe/DxeMain/OUTPUT/DxeCore.lib(Page.obj)
                              Pool.obj (symbol from plugin) (CoreAcquireMemoryLock)
[...]
Memory Configuration

Name             Origin             Length             Attributes
*default*        0x0000000000000000 0xffffffffffffffff

Linker script and memory map

LOAD /home/daijh/sdk/rk3588/uefi/edk2/ArmPkg/Library/GccLto/liblto-aarch64.a
START GROUP
LOAD /tmp/DxeCore.dll.77YopX.ltrans0.ltrans.o
LOAD /tmp/DxeCore.dll.77YopX.ltrans1.ltrans.o
LOAD /tmp/DxeCore.dll.77YopX.ltrans2.ltrans.o
LOAD /tmp/DxeCore.dll.77YopX.ltrans3.ltrans.o
LOAD /tmp/cc8ULCrz.debug.temp.o
LOAD /tmp/ccsFB6SS.debug.temp.o
LOAD /tmp/cc6nPoZA.debug.temp.o
LOAD /tmp/cc74SMMs.debug.temp.o
LOAD /tmp/cc36cVxL.debug.temp.o
LOAD /tmp/ccX0yCkb.debug.temp.o
LOAD /tmp/ccAqfyEm.debug.temp.o
LOAD /tmp/ccuNEzAO.debug.temp.o
LOAD /tmp/cc8ZmsOi.debug.temp.o
LOAD /tmp/ccsRGGpS.debug.temp.o
LOAD /tmp/cc7dyhms.debug.temp.o
LOAD /tmp/ccBiroDZ.debug.temp.o
LOAD /tmp/cc0zsG4K.debug.temp.o
LOAD /tmp/cctae8dg.debug.temp.o
LOAD /tmp/ccgkPmVt.debug.temp.o
LOAD /tmp/cca5JLRe.debug.temp.o
LOAD /tmp/cc9FaRYz.debug.temp.o
LOAD /tmp/cc7fEKH1.debug.temp.o
LOAD /tmp/ccRfJ2g1.debug.temp.o
LOAD /tmp/ccAHogvs.debug.temp.o
LOAD /tmp/ccamL5UI.debug.temp.o
LOAD /tmp/ccuMSAnn.debug.temp.o
LOAD /tmp/cch7rSGW.debug.temp.o
LOAD /tmp/cczXMwrY.debug.temp.o
LOAD /tmp/ccVBnyiv.debug.temp.o
LOAD /tmp/cc6TWvS8.debug.temp.o
LOAD /tmp/ccc59zPG.debug.temp.o
LOAD /tmp/cc37JHTw.debug.temp.o
LOAD /tmp/cc5mQJRz.debug.temp.o
LOAD /tmp/ccEZnxsU.debug.temp.o
LOAD /tmp/ccz0WCJP.debug.temp.o
LOAD /tmp/ccXbJvzG.debug.temp.o
LOAD /tmp/ccdUHhRP.debug.temp.o
LOAD /tmp/ccOBjAof.debug.temp.o
LOAD /tmp/ccITdWdG.debug.temp.o
LOAD /tmp/cczHMcjC.debug.temp.o
LOAD /tmp/ccA3sf29.debug.temp.o
LOAD /tmp/cc4OVrDE.debug.temp.o
LOAD /tmp/cciad3ha.debug.temp.o
LOAD /tmp/ccFoBMCO.debug.temp.o
LOAD /tmp/ccmZ0IfL.debug.temp.o
LOAD /tmp/ccjDCTaM.debug.temp.o
LOAD /tmp/ccTmsQrh.debug.temp.o
LOAD /tmp/cc7Bv33F.debug.temp.o
LOAD /tmp/ccpImvFq.debug.temp.o
LOAD /tmp/cctDzWSa.debug.temp.o
LOAD /tmp/ccVpBPpN.debug.temp.o
LOAD /tmp/ccvf0DXB.debug.temp.o
LOAD /tmp/ccUeRHQT.debug.temp.o
LOAD /tmp/ccXJ72UR.debug.temp.o
LOAD /tmp/ccQO3Bnu.debug.temp.o
LOAD /tmp/cc2LY1FC.debug.temp.o
LOAD /tmp/ccJr527O.debug.temp.o
LOAD /tmp/ccKoVE2D.debug.temp.o
LOAD /tmp/ccEQC0We.debug.temp.o
LOAD /tmp/ccTOyVYK.debug.temp.o
LOAD /tmp/ccdC7O69.debug.temp.o
LOAD /tmp/ccpgeWdf.debug.temp.o
LOAD /tmp/cc9NWk0Q.debug.temp.o
LOAD /tmp/ccSEuHPE.debug.temp.o
LOAD /tmp/cca3rFeo.debug.temp.o
LOAD /tmp/cc8FAGmT.debug.temp.o
LOAD /tmp/ccv0clER.debug.temp.o
LOAD /tmp/ccz0XZbM.debug.temp.o
LOAD /tmp/ccHnZm1k.debug.temp.o
LOAD /tmp/ccsoho43.debug.temp.o
LOAD /tmp/ccjJuGcQ.debug.temp.o
LOAD /tmp/ccWy4rzu.debug.temp.o
LOAD /tmp/ccSNsSHY.debug.temp.o
LOAD /tmp/ccKOcRCx.debug.temp.o
LOAD /tmp/ccJBhHRF.debug.temp.o
LOAD /tmp/ccWM6amG.debug.temp.o
LOAD /tmp/ccPY7GlM.debug.temp.o
LOAD /tmp/ccqjwE8C.debug.temp.o
LOAD /tmp/ccbEMda6.debug.temp.o
LOAD /tmp/ccr92Ld1.debug.temp.o
LOAD /tmp/ccIyfKxT.debug.temp.o
LOAD /tmp/ccHErFdA.debug.temp.o
LOAD /tmp/ccHapjP0.debug.temp.o
LOAD /tmp/ccmsPVuG.debug.temp.o
LOAD /tmp/cc3aFfLt.debug.temp.o
LOAD /tmp/ccINB4Pd.debug.temp.o
LOAD /tmp/ccow3i72.debug.temp.o
LOAD /tmp/ccomcVxp.debug.temp.o
LOAD /tmp/ccxTH4J2.debug.temp.o
LOAD /tmp/ccFIxVoa.debug.temp.o
LOAD /tmp/cclzgbSB.debug.temp.o
LOAD /tmp/cck4mIrS.debug.temp.o
LOAD /tmp/ccUrkkTO.debug.temp.o
LOAD /tmp/ccXHHJ9T.debug.temp.o
LOAD /tmp/ccH7t2zJ.debug.temp.o
LOAD /tmp/cc9kz6TG.debug.temp.o
LOAD /tmp/cccZCS35.debug.temp.o
LOAD /tmp/ccClO3Do.debug.temp.o
LOAD /tmp/ccXp0U6O.debug.temp.o
LOAD /tmp/cc8Ko1h8.debug.temp.o
LOAD /tmp/ccdBUVdq.debug.temp.o
LOAD /tmp/ccmFVD4R.debug.temp.o
LOAD /tmp/ccdYGD9A.debug.temp.o
LOAD /tmp/ccwEGKVE.debug.temp.o
LOAD /tmp/ccxADYtF.debug.temp.o
LOAD /tmp/ccrUVb1H.debug.temp.o
LOAD /tmp/ccw7JSal.debug.temp.o
LOAD /tmp/cck4YVZ8.debug.temp.o
LOAD /tmp/ccWROoSa.debug.temp.o
LOAD /home/daijh/sdk/rk3588/uefi/Build/RK3588/DEBUG_GCC5/AARCH64/MdeModulePkg/Core/Dxe/DxeMain/OUTPUT/DxeCore.lib
LOAD /home/daijh/sdk/rk3588/uefi/Build/RK3588/DEBUG_GCC5/AARCH64/MdePkg/Library/DxePcdLib/DxePcdLib/OUTPUT/DxePcdLib.lib
LOAD /home/daijh/sdk/rk3588/uefi/Build/RK3588/DEBUG_GCC5/AARCH64/MdePkg/Library/BaseLib/BaseLib/OUTPUT/BaseLib.lib
LOAD /home/daijh/sdk/rk3588/uefi/Build/RK3588/DEBUG_GCC5/AARCH64/MdePkg/Library/BaseMemoryLibOptDxe/BaseMemoryLibOptDxe/OUTPUT/BaseMemoryLibOptDxe.lib
LOAD /home/daijh/sdk/rk3588/uefi/Build/RK3588/DEBUG_GCC5/AARCH64/MdePkg/Library/RegisterFilterLibNull/RegisterFilterLibNull/OUTPUT/FilterLibNull.lib
LOAD /home/daijh/sdk/rk3588/uefi/Build/RK3588/DEBUG_GCC5/AARCH64/MdePkg/Library/BaseIoLibIntrinsic/BaseIoLibIntrinsic/OUTPUT/BaseIoLibIntrinsic.lib
LOAD /home/daijh/sdk/rk3588/uefi/Build/RK3588/DEBUG_GCC5/AARCH64/Silicon/Rockchip/Library/SerialPortLib/UartLib/OUTPUT/UartLib.lib
LOAD /home/daijh/sdk/rk3588/uefi/Build/RK3588/DEBUG_GCC5/AARCH64/MdePkg/Library/BaseDebugPrintErrorLevelLib/BaseDebugPrintErrorLevelLib/OUTPUT/BaseDebugPrintErrorLevelLib.lib
LOAD /home/daijh/sdk/rk3588/uefi/Build/RK3588/DEBUG_GCC5/AARCH64/Silicon/Rockchip/Library/SerialPortLib/SerialPortLib/OUTPUT/SerialPortLib.lib
LOAD /home/daijh/sdk/rk3588/uefi/Build/RK3588/DEBUG_GCC5/AARCH64/MdePkg/Library/BasePrintLib/BasePrintLib/OUTPUT/BasePrintLib.lib
LOAD /home/daijh/sdk/rk3588/uefi/Build/RK3588/DEBUG_GCC5/AARCH64/MdePkg/Library/BaseDebugLibSerialPort/BaseDebugLibSerialPort/OUTPUT/BaseDebugLibSerialPort.lib
LOAD /home/daijh/sdk/rk3588/uefi/Build/RK3588/DEBUG_GCC5/AARCH64/MdePkg/Library/UefiBootServicesTableLib/UefiBootServicesTableLib/OUTPUT/UefiBootServicesTableLib.lib
LOAD /home/daijh/sdk/rk3588/uefi/Build/RK3588/DEBUG_GCC5/AARCH64/MdeModulePkg/Library/DxeCoreMemoryAllocationLib/DxeCoreMemoryAllocationLib/OUTPUT/DxeCoreMemoryAllocationLib.lib
LOAD /home/daijh/sdk/rk3588/uefi/Build/RK3588/DEBUG_GCC5/AARCH64/ArmPkg/Library/ArmLib/ArmBaseLib/OUTPUT/ArmBaseLib.lib
LOAD /home/daijh/sdk/rk3588/uefi/Build/RK3588/DEBUG_GCC5/AARCH64/MdePkg/Library/UefiRuntimeServicesTableLib/UefiRuntimeServicesTableLib/OUTPUT/UefiRuntimeServicesTableLib.lib
LOAD /home/daijh/sdk/rk3588/uefi/Build/RK3588/DEBUG_GCC5/AARCH64/MdePkg/Library/UefiDevicePathLib/UefiDevicePathLib/OUTPUT/UefiDevicePathLib.lib
LOAD /home/daijh/sdk/rk3588/uefi/Build/RK3588/DEBUG_GCC5/AARCH64/MdePkg/Library/BasePeCoffGetEntryPointLib/BasePeCoffGetEntryPointLib/OUTPUT/BasePeCoffGetEntryPointLib.lib
LOAD /home/daijh/sdk/rk3588/uefi/Build/RK3588/DEBUG_GCC5/AARCH64/ArmPkg/Library/ArmGenericTimerPhyCounterLib/ArmGenericTimerPhyCounterLib/OUTPUT/ArmGenericTimerPhyCounterLib.lib
LOAD /home/daijh/sdk/rk3588/uefi/Build/RK3588/DEBUG_GCC5/AARCH64/MdePkg/Library/UefiLib/UefiLib/OUTPUT/UefiLib.lib
LOAD /home/daijh/sdk/rk3588/uefi/Build/RK3588/DEBUG_GCC5/AARCH64/MdePkg/Library/DxeCoreEntryPoint/DxeCoreEntryPoint/OUTPUT/DxeCoreEntryPoint.lib
LOAD /home/daijh/sdk/rk3588/uefi/Build/RK3588/DEBUG_GCC5/AARCH64/ArmPkg/Library/ArmDisassemblerLib/ArmDisassemblerLib/OUTPUT/ArmDisassemblerLib.lib
LOAD /home/daijh/sdk/rk3588/uefi/Build/RK3588/DEBUG_GCC5/AARCH64/ArmPkg/Library/ArmArchTimerLib/ArmArchTimerLib/OUTPUT/ArmArchTimerLib.lib
LOAD /home/daijh/sdk/rk3588/uefi/Build/RK3588/DEBUG_GCC5/AARCH64/MdePkg/Library/DxeServicesLib/DxeServicesLib/OUTPUT/DxeServicesLib.lib
LOAD /home/daijh/sdk/rk3588/uefi/Build/RK3588/DEBUG_GCC5/AARCH64/MdeModulePkg/Library/DxeReportStatusCodeLib/DxeReportStatusCodeLib/OUTPUT/DxeReportStatusCodeLib.lib
LOAD /home/daijh/sdk/rk3588/uefi/Build/RK3588/DEBUG_GCC5/AARCH64/MdePkg/Library/DxeCoreHobLib/DxeCoreHobLib/OUTPUT/DxeCoreHobLib.lib
LOAD /home/daijh/sdk/rk3588/uefi/Build/RK3588/DEBUG_GCC5/AARCH64/ArmPkg/Library/DebugPeCoffExtraActionLib/DebugPeCoffExtraActionLib/OUTPUT/DebugUnixPeCoffExtraActionLib.lib
LOAD /home/daijh/sdk/rk3588/uefi/Build/RK3588/DEBUG_GCC5/AARCH64/ArmPkg/Library/DefaultExceptionHandlerLib/DefaultExceptionHandlerLib/OUTPUT/DefaultExceptionHandlerLib.lib
LOAD /home/daijh/sdk/rk3588/uefi/Build/RK3588/DEBUG_GCC5/AARCH64/ArmPkg/Library/ArmCacheMaintenanceLib/ArmCacheMaintenanceLib/OUTPUT/ArmCacheMaintenanceLib.lib
LOAD /home/daijh/sdk/rk3588/uefi/Build/RK3588/DEBUG_GCC5/AARCH64/MdePkg/Library/DxeExtractGuidedSectionLib/DxeExtractGuidedSectionLib/OUTPUT/DxeExtractGuidedSectionLib.lib
LOAD /home/daijh/sdk/rk3588/uefi/Build/RK3588/DEBUG_GCC5/AARCH64/MdePkg/Library/BaseUefiDecompressLib/BaseUefiDecompressLib/OUTPUT/BaseUefiDecompressLib.lib
LOAD /home/daijh/sdk/rk3588/uefi/Build/RK3588/DEBUG_GCC5/AARCH64/MdeModulePkg/Library/DxeCorePerformanceLib/DxeCorePerformanceLib/OUTPUT/DxeCorePerformanceLib.lib
LOAD /home/daijh/sdk/rk3588/uefi/Build/RK3588/DEBUG_GCC5/AARCH64/MdePkg/Library/BasePeCoffLib/BasePeCoffLib/OUTPUT/BasePeCoffLib.lib
LOAD /home/daijh/sdk/rk3588/uefi/Build/RK3588/DEBUG_GCC5/AARCH64/MdeModulePkg/Library/DebugAgentLibNull/DebugAgentLibNull/OUTPUT/DebugAgentLibNull.lib
LOAD /home/daijh/sdk/rk3588/uefi/Build/RK3588/DEBUG_GCC5/AARCH64/ArmPkg/Library/ArmExceptionLib/ArmExceptionLib/OUTPUT/ArmExceptionLib.lib
LOAD /home/daijh/sdk/rk3588/uefi/Build/RK3588/DEBUG_GCC5/AARCH64/ArmPkg/Library/CompilerIntrinsicsLib/CompilerIntrinsicsLib/OUTPUT/CompilerIntrinsicsLib.lib
LOAD /home/daijh/sdk/rk3588/uefi/Build/RK3588/DEBUG_GCC5/AARCH64/MdePkg/Library/BaseStackCheckLib/BaseStackCheckLib/OUTPUT/BaseStackCheckLib.lib
LOAD /home/daijh/sdk/rk3588/uefi/Build/RK3588/DEBUG_GCC5/AARCH64/MdeModulePkg/Library/DxeCrc32GuidedSectionExtractLib/DxeCrc32GuidedSectionExtractLib/OUTPUT/DxeCrc32GuidedSectionExtractLib.lib
END GROUP
                0x0000000000000228                . = PECOFF_HEADER_SIZE

.text           0x0000000000001000    0x2707f
 *(.text .text.* .stub .gnu.linkonce.t.*)
 .text.CoreEfiNotAvailableYetArg1
                0x0000000000001000        0xc /tmp/DxeCore.dll.77YopX.ltrans0.ltrans.o
 .text.CoreEfiNotAvailableYetArg2
                0x000000000000100c        0xc /tmp/DxeCore.dll.77YopX.ltrans0.ltrans.o
 .text.CoreEfiNotAvailableYetArg3
                0x0000000000001018        0xc /tmp/DxeCore.dll.77YopX.ltrans0.ltrans.o
 .text.CoreEfiNotAvailableYetArg4
                0x0000000000001024        0xc /tmp/DxeCore.dll.77YopX.ltrans0.ltrans.o
 .text.CoreEfiNotAvailableYetArg5
                0x0000000000001030        0xc /tmp/DxeCore.dll.77YopX.ltrans0.ltrans.o
 .text.CoreAllocateSpaceCheckEntry
                0x000000000000103c       0x50 /tmp/DxeCore.dll.77YopX.ltrans0.ltrans.o
 .text.SortMemoryMap.lto_priv.0
                0x000000000000108c       0xa4 /tmp/DxeCore.dll.77YopX.ltrans0.ltrans.o
 .text.CoreReadImageFile
                0x0000000000001130       0xe4 /tmp/DxeCore.dll.77YopX.ltrans0.ltrans.o
                0x0000000000001130                CoreReadImageFile
 .text.GetImageRecordByAddress
                0x0000000000001214       0xc4 /tmp/DxeCore.dll.77YopX.ltrans0.ltrans.o
 .text.CoreNotifyProtocolEntry
                0x00000000000012d8       0xc0 /tmp/DxeCore.dll.77YopX.ltrans0.ltrans.o
 .text.CoreGetNextLocateAllHandles
                0x0000000000001398       0x8c /tmp/DxeCore.dll.77YopX.ltrans0.ltrans.o
 .text.CoreGetNextLocateByRegisterNotify
                0x0000000000001424       0xd4 /tmp/DxeCore.dll.77YopX.ltrans0.ltrans.o
 .text.CoreGetNextLocateByProtocol
                0x00000000000014f8       0xc8 /tmp/DxeCore.dll.77YopX.ltrans0.ltrans.o
 .text.CoreValidateHandle
                0x00000000000015c0       0xb8 /tmp/DxeCore.dll.77YopX.ltrans0.ltrans.o
 .text.SetUefiImageMemoryAttributes
                0x0000000000001678      0x120 /tmp/DxeCore.dll.77YopX.ltrans0.ltrans.o
 .text.CoreGetProtocolInterface
                0x0000000000001798       0xc0 /tmp/DxeCore.dll.77YopX.ltrans0.ltrans.o
 .text.CoreDumpGcdMemorySpaceMap
                0x0000000000001858      0x198 /tmp/DxeCore.dll.77YopX.ltrans0.ltrans.o
 .text.CoreDumpGcdIoSpaceMap
                0x00000000000019f0      0x194 /tmp/DxeCore.dll.77YopX.ltrans0.ltrans.o
 .text.CoreInternalWaitForTick
                0x0000000000001b84       0x64 /tmp/DxeCore.dll.77YopX.ltrans0.ltrans.o
 .text.EfiSizeToPages
                0x0000000000001be8       0x2c /tmp/DxeCore.dll.77YopX.ltrans0.ltrans.o
 .text.PageAlignAddress
                0x0000000000001c14       0x38 /tmp/DxeCore.dll.77YopX.ltrans0.ltrans.o
 .text.PageAlignLength
                0x0000000000001c4c       0x30 /tmp/DxeCore.dll.77YopX.ltrans0.ltrans.o
 .text.CoreAllocateGcdMapEntry
                0x0000000000001c7c       0x7c /tmp/DxeCore.dll.77YopX.ltrans0.ltrans.o
 .text.ProcessLibraryConstructorList
                0x0000000000001cf8      0x5d8 /tmp/DxeCore.dll.77YopX.ltrans0.ltrans.o
 .text.DxeMainUefiDecompressGetInfo
                0x00000000000022d0       0x30 /tmp/DxeCore.dll.77YopX.ltrans0.ltrans.o
 .text.DxeMainUefiDecompress
                0x0000000000002300       0x98 /tmp/DxeCore.dll.77YopX.ltrans0.ltrans.o
 .text.CustomGuidedSectionExtract
                0x0000000000002398      0x304 /tmp/DxeCore.dll.77YopX.ltrans0.ltrans.o
 .text.CoreFindProtocolEntry
                0x000000000000269c      0x138 /tmp/DxeCore.dll.77YopX.ltrans0.ltrans.o
 .text.InternalCoreLocateHandle
                0x00000000000027d4      0x188 /tmp/DxeCore.dll.77YopX.ltrans0.ltrans.o
 .text.CoreFindProtocolInterface
                0x000000000000295c      0x100 /tmp/DxeCore.dll.77YopX.ltrans0.ltrans.o
 .text.CoreRemoveInterfaceFromProtocol
                0x0000000000002a5c      0x108 /tmp/DxeCore.dll.77YopX.ltrans0.ltrans.o
 .text.CoreLoadImage
                0x0000000000002b64       0xb4 /tmp/DxeCore.dll.77YopX.ltrans0.ltrans.o
                0x0000000000002b64                CoreLoadImage
 .text.CoreStall
                0x0000000000002c18       0xa8 /tmp/DxeCore.dll.77YopX.ltrans0.ltrans.o
 .text.CoreSetWatchdogTimer
                0x0000000000002cc0       0x58 /tmp/DxeCore.dll.77YopX.ltrans0.ltrans.o
 .text.CoreCleanupGcdMapEntry
                0x0000000000002d18       0x80 /tmp/DxeCore.dll.77YopX.ltrans0.ltrans.o
 .text.memcpy   0x0000000000002d98       0x20 /tmp/DxeCore.dll.77YopX.ltrans0.ltrans.o
                0x0000000000002d98                memcpy
 .text.CalculateEfiHdrCrc
                0x0000000000002db8       0x44 /tmp/DxeCore.dll.77YopX.ltrans0.ltrans.o
                0x0000000000002db8                CalculateEfiHdrCrc
 .text.CoreExitBootServices
                0x0000000000002dfc      0x250 /tmp/DxeCore.dll.77YopX.ltrans0.ltrans.o
 .text.CoreInstallConfigurationTable
                0x000000000000304c      0x180 /tmp/DxeCore.dll.77YopX.ltrans0.ltrans.o
 .text.OpenSectionStreamEx
                0x00000000000031cc       0xe4 /tmp/DxeCore.dll.77YopX.ltrans0.ltrans.o
                0x00000000000031cc                OpenSectionStreamEx
 .text.FindStreamNode.part.0
                0x00000000000032b0      0x138 /tmp/DxeCore.dll.77YopX.ltrans0.ltrans.o
                0x00000000000032b0                FindStreamNode.part.0
 .text.GetMachineTypeName
                0x00000000000033e8       0x78 /tmp/DxeCore.dll.77YopX.ltrans0.ltrans.o
                0x00000000000033e8                GetMachineTypeName
 .text.MergeMemoryMap
                0x0000000000003460      0x154 /tmp/DxeCore.dll.77YopX.ltrans0.ltrans.o
                0x0000000000003460                MergeMemoryMap
 .text.SetMemoryAttributesTableSectionAlignment.lto_priv.0
                0x00000000000035b4       0x64 /tmp/DxeCore.dll.77YopX.ltrans0.ltrans.o
                0x00000000000035b4                SetMemoryAttributesTableSectionAlignment.lto_priv.0
 .text.SortImageRecordCodeSection
                0x0000000000003618       0xfc /tmp/DxeCore.dll.77YopX.ltrans0.ltrans.o
                0x0000000000003618                SortImageRecordCodeSection
 .text.IsImageRecordCodeSectionValid
                0x0000000000003714      0x124 /tmp/DxeCore.dll.77YopX.ltrans0.ltrans.o
                0x0000000000003714                IsImageRecordCodeSectionValid
 .text.ProtectUefiImage
                0x0000000000003838      0x710 /tmp/DxeCore.dll.77YopX.ltrans0.ltrans.o
                0x0000000000003838                ProtectUefiImage
 .text.GetPermissionAttributeForMemoryType.lto_priv.0
                0x0000000000003f48       0x34 /tmp/DxeCore.dll.77YopX.ltrans0.ltrans.o
                0x0000000000003f48                GetPermissionAttributeForMemoryType.lto_priv.0
 .text.CoreAcquireLockOrFail
                0x0000000000003f7c       0x78 /tmp/DxeCore.dll.77YopX.ltrans0.ltrans.o
                0x0000000000003f7c                CoreAcquireLockOrFail
 .text.CoreAcquireLock
                0x0000000000003ff4       0x64 /tmp/DxeCore.dll.77YopX.ltrans0.ltrans.o
                0x0000000000003ff4                CoreAcquireLock
 .text.CoreReleaseLock
                0x0000000000004058       0x5c /tmp/DxeCore.dll.77YopX.ltrans0.ltrans.o
                0x0000000000004058                CoreReleaseLock
 .text.CoreGetMemoryMapWithSeparatedImageSection.part.0
                0x00000000000040b4      0x554 /tmp/DxeCore.dll.77YopX.ltrans0.ltrans.o
 .text.InstallMemoryAttributesTable
                0x0000000000004608      0x46c /tmp/DxeCore.dll.77YopX.ltrans0.ltrans.o
 .text.InstallMemoryAttributesTableOnReadyToBoot
                0x0000000000004a74       0x20 /tmp/DxeCore.dll.77YopX.ltrans0.ltrans.o
 .text.InstallMemoryAttributesTableOnEndOfDxe
                0x0000000000004a94       0x10 /tmp/DxeCore.dll.77YopX.ltrans0.ltrans.o
 .text.InstallMemoryAttributesTableOnMemoryAllocation
                0x0000000000004aa4       0x20 /tmp/DxeCore.dll.77YopX.ltrans0.ltrans.o
                0x0000000000004aa4                InstallMemoryAttributesTableOnMemoryAllocation
 .text.CoreAcquireProtocolLock
                0x0000000000004ac4        0xc /tmp/DxeCore.dll.77YopX.ltrans0.ltrans.o
                0x0000000000004ac4                CoreAcquireProtocolLock
 .text.CoreReleaseProtocolLock
                0x0000000000004ad0        0xc /tmp/DxeCore.dll.77YopX.ltrans0.ltrans.o
                0x0000000000004ad0                CoreReleaseProtocolLock
 .text.CoreRegisterProtocolNotify
                0x0000000000004adc       0xc8 /tmp/DxeCore.dll.77YopX.ltrans0.ltrans.o
                0x0000000000004adc                CoreRegisterProtocolNotify
 .text.CoreLocateHandle
                0x0000000000004ba4       0x64 /tmp/DxeCore.dll.77YopX.ltrans0.ltrans.o
                0x0000000000004ba4                CoreLocateHandle
 .text.CoreLocateHandleBuffer
                0x0000000000004c08       0xf8 /tmp/DxeCore.dll.77YopX.ltrans0.ltrans.o
 .text.CoreLocateProtocol.part.0
                0x0000000000004d00       0xd4 /tmp/DxeCore.dll.77YopX.ltrans0.ltrans.o
                0x0000000000004d00                CoreLocateProtocol.part.0
 .text.CoreLocateProtocol
                0x0000000000004dd4       0x1c /tmp/DxeCore.dll.77YopX.ltrans0.ltrans.o
                0x0000000000004dd4                CoreLocateProtocol
 .text.VerifyGuidedSectionGuid
                0x0000000000004df0       0x70 /tmp/DxeCore.dll.77YopX.ltrans0.ltrans.o
 .text.NotifyGuidedExtraction
                0x0000000000004e60      0x1a8 /tmp/DxeCore.dll.77YopX.ltrans0.ltrans.o
 .text.CreateChildNode
                0x0000000000005008      0x478 /tmp/DxeCore.dll.77YopX.ltrans0.ltrans.o
                0x0000000000005008                CreateChildNode
 .text.CoreOpenProtocol
                0x0000000000005480      0x354 /tmp/DxeCore.dll.77YopX.ltrans0.ltrans.o
 .text.CoreHandleProtocol
                0x00000000000057d4       0x14 /tmp/DxeCore.dll.77YopX.ltrans0.ltrans.o
                0x00000000000057d4                CoreHandleProtocol
 .text.PeCoffEmuProtocolNotify
                0x00000000000057e8       0xcc /tmp/DxeCore.dll.77YopX.ltrans0.ltrans.o
 .text.CoreLoadedImageInfo
                0x00000000000058b4       0xb0 /tmp/DxeCore.dll.77YopX.ltrans0.ltrans.o
                0x00000000000058b4                CoreLoadedImageInfo
 .text.AddSortedDriverBindingProtocol
                0x0000000000005964      0x13c /tmp/DxeCore.dll.77YopX.ltrans0.ltrans.o
 .text.CoreConnectController
                0x0000000000005aa0      0x748 /tmp/DxeCore.dll.77YopX.ltrans0.ltrans.o
 .text.CoreDisconnectController
                0x00000000000061e8      0x5b4 /tmp/DxeCore.dll.77YopX.ltrans0.ltrans.o
 .text.CoreDisconnectControllersUsingProtocolInterface
                0x000000000000679c      0x188 /tmp/DxeCore.dll.77YopX.ltrans0.ltrans.o
 .text.CoreReinstallProtocolInterface
                0x0000000000006924       0xf8 /tmp/DxeCore.dll.77YopX.ltrans0.ltrans.o
                0x0000000000006924                CoreReinstallProtocolInterface
 .text.CoreUninstallProtocolInterface
                0x0000000000006a1c       0xfc /tmp/DxeCore.dll.77YopX.ltrans0.ltrans.o
 .text.CoreLocateDevicePath
                0x0000000000006b18      0x220 /tmp/DxeCore.dll.77YopX.ltrans0.ltrans.o
                0x0000000000006b18                CoreLocateDevicePath
 .text.CoreCloseProtocol
                0x0000000000006d38      0x158 /tmp/DxeCore.dll.77YopX.ltrans0.ltrans.o
 .text.CoreOpenProtocolInformation
                0x0000000000006e90      0x188 /tmp/DxeCore.dll.77YopX.ltrans0.ltrans.o
 .text.CoreProtocolsPerHandle
                0x0000000000007018      0x120 /tmp/DxeCore.dll.77YopX.ltrans0.ltrans.o
 .text.CoreUnloadAndCloseImage
                0x0000000000007138      0x544 /tmp/DxeCore.dll.77YopX.ltrans0.ltrans.o
                0x0000000000007138                CoreUnloadAndCloseImage
 .text.CoreExit
                0x000000000000767c      0x130 /tmp/DxeCore.dll.77YopX.ltrans0.ltrans.o
 .text.CoreStartImage
                0x00000000000077ac      0x5b0 /tmp/DxeCore.dll.77YopX.ltrans0.ltrans.o
                0x00000000000077ac                CoreStartImage
 .text.CoreUnloadImage
                0x0000000000007d5c       0x74 /tmp/DxeCore.dll.77YopX.ltrans0.ltrans.o
 .text.CoreInstallProtocolInterfaceNotify.part.0
                0x0000000000007dd0      0x248 /tmp/DxeCore.dll.77YopX.ltrans0.ltrans.o
                0x0000000000007dd0                CoreInstallProtocolInterfaceNotify.part.0
 .text.CoreInstallProtocolInterface
                0x0000000000008018       0x2c /tmp/DxeCore.dll.77YopX.ltrans0.ltrans.o
                0x0000000000008018                CoreInstallProtocolInterface
 .text.CoreInstallMultipleProtocolInterfaces
                0x0000000000008044      0x238 /tmp/DxeCore.dll.77YopX.ltrans0.ltrans.o
                0x0000000000008044                CoreInstallMultipleProtocolInterfaces
 .text.CoreUninstallMultipleProtocolInterfaces
                0x000000000000827c      0x188 /tmp/DxeCore.dll.77YopX.ltrans0.ltrans.o
 .text.CoreAcquireGcdMemoryLock
                0x0000000000008404        0xc /tmp/DxeCore.dll.77YopX.ltrans0.ltrans.o
                0x0000000000008404                CoreAcquireGcdMemoryLock
 .text.CoreReleaseGcdMemoryLock
                0x0000000000008410        0xc /tmp/DxeCore.dll.77YopX.ltrans0.ltrans.o
                0x0000000000008410                CoreReleaseGcdMemoryLock
 .text.MemoryProtectionCpuArchProtocolNotify
                0x000000000000841c      0x574 /tmp/DxeCore.dll.77YopX.ltrans0.ltrans.o
 .text.CoreSearchGcdMapEntry
                0x0000000000008990      0x128 /tmp/DxeCore.dll.77YopX.ltrans0.ltrans.o
                0x0000000000008990                CoreSearchGcdMapEntry
 .text.CoreConvertSpace
                0x0000000000008ab8      0x558 /tmp/DxeCore.dll.77YopX.ltrans0.ltrans.o
                0x0000000000008ab8                CoreConvertSpace
 .text.CoreInternalAddMemorySpace
                0x0000000000009010       0xe0 /tmp/DxeCore.dll.77YopX.ltrans0.ltrans.o
 .text.CoreAllocateSpace
                0x00000000000090f0      0x640 /tmp/DxeCore.dll.77YopX.ltrans0.ltrans.o
                0x00000000000090f0                CoreAllocateSpace
 .text.CoreAllocateMemorySpace
                0x0000000000009730      0x188 /tmp/DxeCore.dll.77YopX.ltrans0.ltrans.o
 .text._ModuleEntryPoint
                0x00000000000098b8     0x1ad0 /tmp/DxeCore.dll.77YopX.ltrans0.ltrans.o
                0x00000000000098b8                _ModuleEntryPoint
 .text.CoreAddMemorySpace
                0x000000000000b388      0x114 /tmp/DxeCore.dll.77YopX.ltrans0.ltrans.o
 .text.GetPoolIndexFromSize
                0x000000000000b49c       0x2c /tmp/DxeCore.dll.77YopX.ltrans1.ltrans.o
 .text.FwVolBlockSetAttributes
                0x000000000000b4c8        0x8 /tmp/DxeCore.dll.77YopX.ltrans1.ltrans.o
 .text.FwVolBlockEraseBlock
                0x000000000000b4d0        0x8 /tmp/DxeCore.dll.77YopX.ltrans1.ltrans.o
 .text.FwVolBlockWriteBlock
                0x000000000000b4d8        0x8 /tmp/DxeCore.dll.77YopX.ltrans1.ltrans.o
 .text.ReadFvbData
                0x000000000000b4e0      0x174 /tmp/DxeCore.dll.77YopX.ltrans1.ltrans.o
 .text.CoreSetInterruptState
                0x000000000000b654       0x7c /tmp/DxeCore.dll.77YopX.ltrans1.ltrans.o
 .text.FvWriteFile
                0x000000000000b6d0        0x8 /tmp/DxeCore.dll.77YopX.ltrans1.ltrans.o
 .text.FvSetVolumeAttributes
                0x000000000000b6d8        0x8 /tmp/DxeCore.dll.77YopX.ltrans1.ltrans.o
 .text.FvGetVolumeInfo
                0x000000000000b6e0        0x8 /tmp/DxeCore.dll.77YopX.ltrans1.ltrans.o
 .text.FvSetVolumeInfo
                0x000000000000b6e8        0x8 /tmp/DxeCore.dll.77YopX.ltrans1.ltrans.o
 .text.PopBool  0x000000000000b6f0       0x38 /tmp/DxeCore.dll.77YopX.ltrans1.ltrans.o
 .text.DebugClearMemoryEnabled
                0x000000000000b728        0x8 /tmp/DxeCore.dll.77YopX.ltrans1.ltrans.o
 .text.CoreReleaseEventLock
                0x000000000000b730        0xc /tmp/DxeCore.dll.77YopX.ltrans1.ltrans.o
 .text.CoreAcquireEventLock
                0x000000000000b73c        0xc /tmp/DxeCore.dll.77YopX.ltrans1.ltrans.o
 .text.CoreConvertResourceDescriptorHobAttributesToCapabilities
                0x000000000000b748       0x48 /tmp/DxeCore.dll.77YopX.ltrans1.ltrans.o
                0x000000000000b748                CoreConvertResourceDescriptorHobAttributesToCapabilities
 .text.FindLargestFreeRegion
                0x000000000000b790       0xf8 /tmp/DxeCore.dll.77YopX.ltrans1.ltrans.o
                0x000000000000b790                FindLargestFreeRegion
 .text.CoreAcquireMemoryLock
                0x000000000000b888        0xc /tmp/DxeCore.dll.77YopX.ltrans1.ltrans.o
                0x000000000000b888                CoreAcquireMemoryLock
 .text.CoreReleaseMemoryLock
                0x000000000000b894        0xc /tmp/DxeCore.dll.77YopX.ltrans1.ltrans.o
                0x000000000000b894                CoreReleaseMemoryLock
 .text.CoreAcquireDispatcherLock
                0x000000000000b8a0        0xc /tmp/DxeCore.dll.77YopX.ltrans1.ltrans.o
                0x000000000000b8a0                CoreAcquireDispatcherLock
 .text.CoreReleaseDispatcherLock
                0x000000000000b8ac        0xc /tmp/DxeCore.dll.77YopX.ltrans1.ltrans.o
                0x000000000000b8ac                CoreReleaseDispatcherLock
 .text.DebugAssertEnabled
                0x000000000000b8b8        0x8 /tmp/DxeCore.dll.77YopX.ltrans1.ltrans.o
                0x000000000000b8b8                DebugAssertEnabled
 .text.FfsAttributes2FvFileAttributes
                0x000000000000b8c0       0x34 /tmp/DxeCore.dll.77YopX.ltrans1.ltrans.o
 .text.MultU64x32
                0x000000000000b8f4        0xc /tmp/DxeCore.dll.77YopX.ltrans1.ltrans.o
                0x000000000000b8f4                MultU64x32
 .text.CpuDeadLoop
                0x000000000000b900       0x24 /tmp/DxeCore.dll.77YopX.ltrans1.ltrans.o
                0x000000000000b900                CpuDeadLoop
 .text.AsciiStrnLenS
                0x000000000000b924       0x3c /tmp/DxeCore.dll.77YopX.ltrans1.ltrans.o
                0x000000000000b924                AsciiStrnLenS
 .text.BaseDebugLibSerialPortConstructor
                0x000000000000b960       0xdc /tmp/DxeCore.dll.77YopX.ltrans1.ltrans.o
                0x000000000000b960                BaseDebugLibSerialPortConstructor
 .text.DebugAssert
                0x000000000000ba3c       0x4c /tmp/DxeCore.dll.77YopX.ltrans1.ltrans.o
                0x000000000000ba3c                DebugAssert
 .text.CoreGetMemorySpaceDescriptor
                0x000000000000ba88      0x120 /tmp/DxeCore.dll.77YopX.ltrans1.ltrans.o
                0x000000000000ba88                CoreGetMemorySpaceDescriptor
 .text.CoreGetIoSpaceDescriptor
                0x000000000000bba8      0x128 /tmp/DxeCore.dll.77YopX.ltrans1.ltrans.o
                0x000000000000bba8                CoreGetIoSpaceDescriptor
 .text.FwVolBlockGetAttributes
                0x000000000000bcd0       0x70 /tmp/DxeCore.dll.77YopX.ltrans1.ltrans.o
 .text.FwVolBlockGetPhysicalAddress
                0x000000000000bd40       0x7c /tmp/DxeCore.dll.77YopX.ltrans1.ltrans.o
 .text.FwVolBlockGetBlockSize
                0x000000000000bdbc       0xcc /tmp/DxeCore.dll.77YopX.ltrans1.ltrans.o
 .text.CoreInsertEventTimer
                0x000000000000be88       0xe0 /tmp/DxeCore.dll.77YopX.ltrans1.ltrans.o
 .text.FvGetVolumeAttributes
                0x000000000000bf68       0x80 /tmp/DxeCore.dll.77YopX.ltrans1.ltrans.o
 .text.FvGetNextFile
                0x000000000000bfe8      0x174 /tmp/DxeCore.dll.77YopX.ltrans1.ltrans.o
 .text.CalculateSum8
                0x000000000000c15c       0x84 /tmp/DxeCore.dll.77YopX.ltrans1.ltrans.o
 .text.CalculateCheckSum8
                0x000000000000c1e0       0x18 /tmp/DxeCore.dll.77YopX.ltrans1.ltrans.o
 .text.CalculateSum16
                0x000000000000c1f8       0xc0 /tmp/DxeCore.dll.77YopX.ltrans1.ltrans.o
 .text.RShiftU64
                0x000000000000c2b8       0x44 /tmp/DxeCore.dll.77YopX.ltrans1.ltrans.o
                0x000000000000c2b8                RShiftU64
 .text.Uint64ToBinString.part.0
                0x000000000000c2fc       0x40 /tmp/DxeCore.dll.77YopX.ltrans1.ltrans.o
 .text.HighBitSet64
                0x000000000000c33c       0x7c /tmp/DxeCore.dll.77YopX.ltrans1.ltrans.o
 .text.LShiftU64
                0x000000000000c3b8       0x44 /tmp/DxeCore.dll.77YopX.ltrans1.ltrans.o
                0x000000000000c3b8                LShiftU64
 .text.IsMemoryTypeToGuard
                0x000000000000c3fc        0x8 /tmp/DxeCore.dll.77YopX.ltrans1.ltrans.o
 .text.IsHeapGuardEnabled
                0x000000000000c404       0x10 /tmp/DxeCore.dll.77YopX.ltrans1.ltrans.o
                0x000000000000c404                IsHeapGuardEnabled
 .text.GetLastGuardedFreePageAddress
                0x000000000000c414       0xf0 /tmp/DxeCore.dll.77YopX.ltrans1.ltrans.o
                0x000000000000c414                GetLastGuardedFreePageAddress
 .text.DivU64x32Remainder
                0x000000000000c504       0x54 /tmp/DxeCore.dll.77YopX.ltrans1.ltrans.o
                0x000000000000c504                DivU64x32Remainder
 .text.InternalBaseLibIsListValid
                0x000000000000c558       0xb0 /tmp/DxeCore.dll.77YopX.ltrans1.ltrans.o
                0x000000000000c558                InternalBaseLibIsListValid
 .text.InsertHeadList
                0x000000000000c608       0x58 /tmp/DxeCore.dll.77YopX.ltrans1.ltrans.o
                0x000000000000c608                InsertHeadList
 .text.GetFirstNode
                0x000000000000c660       0x44 /tmp/DxeCore.dll.77YopX.ltrans1.ltrans.o
                0x000000000000c660                GetFirstNode
 .text.GetNextNode
                0x000000000000c6a4       0x44 /tmp/DxeCore.dll.77YopX.ltrans1.ltrans.o
                0x000000000000c6a4                GetNextNode
 .text.IsListEmpty
                0x000000000000c6e8       0x4c /tmp/DxeCore.dll.77YopX.ltrans1.ltrans.o
                0x000000000000c6e8                IsListEmpty
 .text.IsNull   0x000000000000c734       0x4c /tmp/DxeCore.dll.77YopX.ltrans1.ltrans.o
                0x000000000000c734                IsNull
 .text.IsNodeAtEnd
                0x000000000000c780       0x6c /tmp/DxeCore.dll.77YopX.ltrans1.ltrans.o
                0x000000000000c780                IsNodeAtEnd
 .text.RemoveEntryList
                0x000000000000c7ec       0x50 /tmp/DxeCore.dll.77YopX.ltrans1.ltrans.o
                0x000000000000c7ec                RemoveEntryList
 .text.RemoveMemoryMapEntry
                0x000000000000c83c       0x4c /tmp/DxeCore.dll.77YopX.ltrans1.ltrans.o
 .text.CoreNotifyEvent
                0x000000000000c888       0xa0 /tmp/DxeCore.dll.77YopX.ltrans1.ltrans.o
 .text.CoreCheckEvent
                0x000000000000c928       0xac /tmp/DxeCore.dll.77YopX.ltrans1.ltrans.o
                0x000000000000c928                CoreCheckEvent
 .text.StrSize  0x000000000000c9d4       0xa8 /tmp/DxeCore.dll.77YopX.ltrans1.ltrans.o
                0x000000000000c9d4                StrSize
 .text.AsciiStrLen
                0x000000000000ca7c       0x90 /tmp/DxeCore.dll.77YopX.ltrans1.ltrans.o
                0x000000000000ca7c                AsciiStrLen
 .text.AsciiStrSize
                0x000000000000cb0c       0x18 /tmp/DxeCore.dll.77YopX.ltrans1.ltrans.o
                0x000000000000cb0c                AsciiStrSize
 .text.AsciiStrCmp
                0x000000000000cb24       0x88 /tmp/DxeCore.dll.77YopX.ltrans1.ltrans.o
                0x000000000000cb24                AsciiStrCmp
 .text.ReadUnaligned16
                0x000000000000cbac       0x5c /tmp/DxeCore.dll.77YopX.ltrans1.ltrans.o
                0x000000000000cbac                ReadUnaligned16
 .text.ReadUnaligned32
                0x000000000000cc08       0x50 /tmp/DxeCore.dll.77YopX.ltrans1.ltrans.o
                0x000000000000cc08                ReadUnaligned32
 .text.ReadUnaligned64
                0x000000000000cc58       0x3c /tmp/DxeCore.dll.77YopX.ltrans1.ltrans.o
                0x000000000000cc58                ReadUnaligned64
 .text.StrnLenS
                0x000000000000cc94       0x70 /tmp/DxeCore.dll.77YopX.ltrans1.ltrans.o
                0x000000000000cc94                StrnLenS
 .text.CompareGuid
                0x000000000000cd04       0x60 /tmp/DxeCore.dll.77YopX.ltrans1.ltrans.o
                0x000000000000cd04                CompareGuid
 .text.CoreNotifySignalList
                0x000000000000cd64       0xbc /tmp/DxeCore.dll.77YopX.ltrans1.ltrans.o
                0x000000000000cd64                CoreNotifySignalList
 .text.CoreSignalEvent
                0x000000000000ce20       0x94 /tmp/DxeCore.dll.77YopX.ltrans1.ltrans.o
                0x000000000000ce20                CoreSignalEvent
 .text.CoreCheckTimers
                0x000000000000ceb4      0x120 /tmp/DxeCore.dll.77YopX.ltrans1.ltrans.o
                0x000000000000ceb4                CoreCheckTimers
 .text.CoreTimerTick
                0x000000000000cfd4       0xc0 /tmp/DxeCore.dll.77YopX.ltrans1.ltrans.o
 .text.CoreSetTimer
                0x000000000000d094      0x10c /tmp/DxeCore.dll.77YopX.ltrans1.ltrans.o
                0x000000000000d094                CoreSetTimer
 .text.CoreWaitForEvent
                0x000000000000d1a0       0xa0 /tmp/DxeCore.dll.77YopX.ltrans1.ltrans.o
                0x000000000000d1a0                CoreWaitForEvent
 .text.CoreTrust
                0x000000000000d240       0xf8 /tmp/DxeCore.dll.77YopX.ltrans1.ltrans.o
                0x000000000000d240                CoreTrust
 .text.IsZeroGuid
                0x000000000000d338        0x8 /tmp/DxeCore.dll.77YopX.ltrans1.ltrans.o
                0x000000000000d338                IsZeroGuid
 .text.ZeroMem  0x000000000000d340       0x74 /tmp/DxeCore.dll.77YopX.ltrans1.ltrans.o
                0x000000000000d340                ZeroMem
 .text.CompareMem
                0x000000000000d3b4       0xd0 /tmp/DxeCore.dll.77YopX.ltrans1.ltrans.o
                0x000000000000d3b4                CompareMem
 .text.SetMem   0x000000000000d484       0x68 /tmp/DxeCore.dll.77YopX.ltrans1.ltrans.o
                0x000000000000d484                SetMem
 .text.CopyMem  0x000000000000d4ec       0xa4 /tmp/DxeCore.dll.77YopX.ltrans1.ltrans.o
                0x000000000000d4ec                CopyMem
 .text.FwVolBlockReadBlock
                0x000000000000d590      0x108 /tmp/DxeCore.dll.77YopX.ltrans1.ltrans.o
 .text.GenericProtocolNotify
                0x000000000000d698      0x1a8 /tmp/DxeCore.dll.77YopX.ltrans1.ltrans.o
 .text.DebugPrint
                0x000000000000d840       0x98 /tmp/DxeCore.dll.77YopX.ltrans1.ltrans.o
                0x000000000000d840                DebugPrint
 .text.DebugPrintEnabled
                0x000000000000d8d8        0x8 /tmp/DxeCore.dll.77YopX.ltrans1.ltrans.o
                0x000000000000d8d8                DebugPrintEnabled
 .text.DebugCodeEnabled
                0x000000000000d8e0        0x8 /tmp/DxeCore.dll.77YopX.ltrans1.ltrans.o
                0x000000000000d8e0                DebugCodeEnabled
 .text.DebugPrintLevelEnabled
                0x000000000000d8e8        0x8 /tmp/DxeCore.dll.77YopX.ltrans1.ltrans.o
                0x000000000000d8e8                DebugPrintLevelEnabled
 .text.CoreFreeMemorySpace
                0x000000000000d8f0       0x70 /tmp/DxeCore.dll.77YopX.ltrans1.ltrans.o
                0x000000000000d8f0                CoreFreeMemorySpace
 .text.CoreRemoveMemorySpace
                0x000000000000d960       0x70 /tmp/DxeCore.dll.77YopX.ltrans1.ltrans.o
                0x000000000000d960                CoreRemoveMemorySpace
 .text.CoreSetMemorySpaceAttributes
                0x000000000000d9d0       0x90 /tmp/DxeCore.dll.77YopX.ltrans1.ltrans.o
                0x000000000000d9d0                CoreSetMemorySpaceAttributes
 .text.CoreAddIoSpace
                0x000000000000da60       0xc8 /tmp/DxeCore.dll.77YopX.ltrans1.ltrans.o
                0x000000000000da60                CoreAddIoSpace
 .text.CoreAllocateIoSpace
                0x000000000000db28      0x184 /tmp/DxeCore.dll.77YopX.ltrans1.ltrans.o
                0x000000000000db28                CoreAllocateIoSpace
 .text.CoreFreeIoSpace
                0x000000000000dcac       0x70 /tmp/DxeCore.dll.77YopX.ltrans1.ltrans.o
                0x000000000000dcac                CoreFreeIoSpace
 .text.CoreRemoveIoSpace
                0x000000000000dd1c       0x70 /tmp/DxeCore.dll.77YopX.ltrans1.ltrans.o
                0x000000000000dd1c                CoreRemoveIoSpace
 .text.CoreAddRange
                0x000000000000dd8c      0x274 /tmp/DxeCore.dll.77YopX.ltrans1.ltrans.o
 .text.SetGuardPage
                0x000000000000e000       0xa4 /tmp/DxeCore.dll.77YopX.ltrans1.ltrans.o
                0x000000000000e000                SetGuardPage
 .text.UnsetGuardPage
                0x000000000000e0a4       0xa4 /tmp/DxeCore.dll.77YopX.ltrans1.ltrans.o
 .text.UnsetGuardForMemory.part.0
                0x000000000000e148       0x84 /tmp/DxeCore.dll.77YopX.ltrans1.ltrans.o
 .text.CoreConvertPagesWithGuard
                0x000000000000e1cc       0xb4 /tmp/DxeCore.dll.77YopX.ltrans1.ltrans.o
 .text.CoreInternalAllocatePages.part.0
                0x000000000000e280      0x1ec /tmp/DxeCore.dll.77YopX.ltrans1.ltrans.o
 .text.FindGuardedMemoryMap
                0x000000000000e46c      0x2b8 /tmp/DxeCore.dll.77YopX.ltrans1.ltrans.o
 .text.SetGuardedMemoryBits
                0x000000000000e724      0x148 /tmp/DxeCore.dll.77YopX.ltrans1.ltrans.o
 .text.ClearGuardedMemoryBits
                0x000000000000e86c      0x148 /tmp/DxeCore.dll.77YopX.ltrans1.ltrans.o
 .text.GetGuardedMemoryBits
                0x000000000000e9b4      0x160 /tmp/DxeCore.dll.77YopX.ltrans1.ltrans.o
                0x000000000000e9b4                GetGuardedMemoryBits
 .text.IsGuardPage
                0x000000000000eb14       0x38 /tmp/DxeCore.dll.77YopX.ltrans1.ltrans.o
                0x000000000000eb14                IsGuardPage
 .text.CoreFindFreePagesI.part.0
                0x000000000000eb4c      0x1f0 /tmp/DxeCore.dll.77YopX.ltrans1.ltrans.o
 .text.FindFreePages
                0x000000000000ed3c      0x410 /tmp/DxeCore.dll.77YopX.ltrans1.ltrans.o
 .text.CoreAllocatePoolPages
                0x000000000000f14c       0xa0 /tmp/DxeCore.dll.77YopX.ltrans1.ltrans.o
 .text.CoreFreeMemoryMapStack
                0x000000000000f1ec      0x248 /tmp/DxeCore.dll.77YopX.ltrans1.ltrans.o
 .text.CoreConvertPagesEx
                0x000000000000f434      0x68c /tmp/DxeCore.dll.77YopX.ltrans1.ltrans.o
 .text.CoreSetMemorySpaceCapabilities
                0x000000000000fac0       0xd4 /tmp/DxeCore.dll.77YopX.ltrans1.ltrans.o
                0x000000000000fac0                CoreSetMemorySpaceCapabilities
 .text.CoreConvertPages
                0x000000000000fb94       0x14 /tmp/DxeCore.dll.77YopX.ltrans1.ltrans.o
 .text.SetGuardForMemory
                0x000000000000fba8       0x68 /tmp/DxeCore.dll.77YopX.ltrans1.ltrans.o
 .text.CoreAllocatePoolPagesI
                0x000000000000fc10       0x90 /tmp/DxeCore.dll.77YopX.ltrans1.ltrans.o
 .text.CoreAllocatePoolI
                0x000000000000fca0      0x470 /tmp/DxeCore.dll.77YopX.ltrans1.ltrans.o
 .text.CoreInternalAllocatePool
                0x0000000000010110       0xe0 /tmp/DxeCore.dll.77YopX.ltrans1.ltrans.o
 .text.LookupPoolHead.part.0
                0x00000000000101f0       0xec /tmp/DxeCore.dll.77YopX.ltrans1.ltrans.o
 .text.AdjustMemoryF
                0x00000000000102dc       0x88 /tmp/DxeCore.dll.77YopX.ltrans1.ltrans.o
 .text.IsMemoryGuarded
                0x0000000000010364       0x58 /tmp/DxeCore.dll.77YopX.ltrans1.ltrans.o
 .text.GuardFreedPages.part.0
                0x00000000000103bc       0x94 /tmp/DxeCore.dll.77YopX.ltrans1.ltrans.o
                0x00000000000103bc                GuardFreedPages.part.0
 .text.GuardFreedPagesChecked
                0x0000000000010450       0x44 /tmp/DxeCore.dll.77YopX.ltrans1.ltrans.o
 .text.CoreFreePoolPagesI
                0x0000000000010494       0x60 /tmp/DxeCore.dll.77YopX.ltrans1.ltrans.o
 .text.CoreFreePoolI
                0x00000000000104f4      0x428 /tmp/DxeCore.dll.77YopX.ltrans1.ltrans.o
 .text.CoreInternalFreePool
                0x000000000001091c       0x64 /tmp/DxeCore.dll.77YopX.ltrans1.ltrans.o
 .text.CoreAllocatePool
                0x0000000000010980       0x34 /tmp/DxeCore.dll.77YopX.ltrans1.ltrans.o
                0x0000000000010980                CoreAllocatePool
 .text.CoreFreePool
                0x00000000000109b4       0x34 /tmp/DxeCore.dll.77YopX.ltrans1.ltrans.o
                0x00000000000109b4                CoreFreePool
 .text.CoreAllocatePages
                0x00000000000109e8       0xd4 /tmp/DxeCore.dll.77YopX.ltrans1.ltrans.o
                0x00000000000109e8                CoreAllocatePages
 .text.CoreFreePages
                0x0000000000010abc      0x19c /tmp/DxeCore.dll.77YopX.ltrans1.ltrans.o
                0x0000000000010abc                CoreFreePages
 .text.CoreAddMemoryDescriptor
                0x0000000000010c58      0x27c /tmp/DxeCore.dll.77YopX.ltrans1.ltrans.o
                0x0000000000010c58                CoreAddMemoryDescriptor
 .text.DumpGuardedMemoryBitmap.part.0
                0x0000000000010ed4      0x2a4 /tmp/DxeCore.dll.77YopX.ltrans1.ltrans.o
 .text.DumpGuardedMemoryBitmap
                0x0000000000011178       0x48 /tmp/DxeCore.dll.77YopX.ltrans1.ltrans.o
                0x0000000000011178                DumpGuardedMemoryBitmap
 .text.CoreGetMemoryMap
                0x00000000000111c0      0x5a0 /tmp/DxeCore.dll.77YopX.ltrans1.ltrans.o
                0x00000000000111c0                CoreGetMemoryMap
 .text.CoreRaiseTpl
                0x0000000000011760       0xd8 /tmp/DxeCore.dll.77YopX.ltrans1.ltrans.o
                0x0000000000011760                CoreRaiseTpl
 .text.CoreRestoreTpl
                0x0000000000011838      0x254 /tmp/DxeCore.dll.77YopX.ltrans1.ltrans.o
                0x0000000000011838                CoreRestoreTpl
 .text.CoreCloseEvent
                0x0000000000011a8c      0x200 /tmp/DxeCore.dll.77YopX.ltrans1.ltrans.o
                0x0000000000011a8c                CoreCloseEvent
 .text.CoreSchedule
                0x0000000000011c8c      0x148 /tmp/DxeCore.dll.77YopX.ltrans1.ltrans.o
                0x0000000000011c8c                CoreSchedule
 .text.CoreInsertOnScheduledQueueWhileProcessingBeforeAndAfter
                0x0000000000011dd4      0x2ac /tmp/DxeCore.dll.77YopX.ltrans1.ltrans.o
 .text.InternalAllocatePool
                0x0000000000012080       0x28 /tmp/DxeCore.dll.77YopX.ltrans1.ltrans.o
                0x0000000000012080                InternalAllocatePool
 .text.InternalAllocateZeroPool
                0x00000000000120a8       0x34 /tmp/DxeCore.dll.77YopX.ltrans1.ltrans.o
 .text.AllocatePool
                0x00000000000120dc       0x1c /tmp/DxeCore.dll.77YopX.ltrans1.ltrans.o
                0x00000000000120dc                AllocatePool
 .text.CoreGetIoSpaceMap
                0x00000000000120f8      0x148 /tmp/DxeCore.dll.77YopX.ltrans1.ltrans.o
                0x00000000000120f8                CoreGetIoSpaceMap
 .text.GetFwVolHeader
                0x0000000000012240       0xf4 /tmp/DxeCore.dll.77YopX.ltrans1.ltrans.o
 .text.AllocateZeroPool
                0x0000000000012334       0x1c /tmp/DxeCore.dll.77YopX.ltrans1.ltrans.o
                0x0000000000012334                AllocateZeroPool
 .text.CoreCreateEventInternal.part.0
                0x0000000000012350      0x1d0 /tmp/DxeCore.dll.77YopX.ltrans1.ltrans.o
                0x0000000000012350                CoreCreateEventInternal.part.0
 .text.CoreCreateEventEx
                0x0000000000012520       0x30 /tmp/DxeCore.dll.77YopX.ltrans1.ltrans.o
                0x0000000000012520                CoreCreateEventEx
 .text.CoreCreateEvent
                0x0000000000012550        0xc /tmp/DxeCore.dll.77YopX.ltrans1.ltrans.o
                0x0000000000012550                CoreCreateEvent
 .text.CoreNotifyOnProtocolEntryTable
                0x000000000001255c      0x10c /tmp/DxeCore.dll.77YopX.ltrans1.ltrans.o
                0x000000000001255c                CoreNotifyOnProtocolEntryTable
 .text.InternalAllocateCopyPool
                0x0000000000012668       0xa0 /tmp/DxeCore.dll.77YopX.ltrans1.ltrans.o
                0x0000000000012668                InternalAllocateCopyPool
 .text.AllocateCopyPool
                0x0000000000012708       0x20 /tmp/DxeCore.dll.77YopX.ltrans1.ltrans.o
                0x0000000000012708                AllocateCopyPool
 .text.NotifyFwVolBlock
                0x0000000000012728      0x754 /tmp/DxeCore.dll.77YopX.ltrans1.ltrans.o
                0x0000000000012728                NotifyFwVolBlock
 .text.FvReadFile
                0x0000000000012e7c      0x200 /tmp/DxeCore.dll.77YopX.ltrans1.ltrans.o
 .text.FvReadFileSection
                0x000000000001307c      0x3c0 /tmp/DxeCore.dll.77YopX.ltrans1.ltrans.o
 .text.FreePool
                0x000000000001343c       0x70 /tmp/DxeCore.dll.77YopX.ltrans1.ltrans.o
                0x000000000001343c                FreePool
 .text.CoreGetMemorySpaceMap
                0x00000000000134ac      0x180 /tmp/DxeCore.dll.77YopX.ltrans1.ltrans.o
                0x00000000000134ac                CoreGetMemorySpaceMap
 .text.ProduceFVBProtocolOnBuffer
                0x000000000001362c      0x234 /tmp/DxeCore.dll.77YopX.ltrans1.ltrans.o
                0x000000000001362c                ProduceFVBProtocolOnBuffer
 .text.CoreProcessFirmwareVolume
                0x0000000000013860       0x9c /tmp/DxeCore.dll.77YopX.ltrans1.ltrans.o
                0x0000000000013860                CoreProcessFirmwareVolume
 .text.PushBool
                0x00000000000138fc       0xc8 /tmp/DxeCore.dll.77YopX.ltrans1.ltrans.o
 .text.CoreDispatcher
                0x00000000000139c4      0x844 /tmp/DxeCore.dll.77YopX.ltrans1.ltrans.o
                0x00000000000139c4                CoreDispatcher
 .text.ReallocatePool
                0x0000000000014208       0x60 /tmp/DxeCore.dll.77YopX.ltrans1.ltrans.o
                0x0000000000014208                ReallocatePool
 .text.DevicePathType
                0x0000000000014268       0x48 /tmp/DxeCore.dll.77YopX.ltrans1.ltrans.o
                0x0000000000014268                DevicePathType
 .text.DevicePathSubType
                0x00000000000142b0       0x48 /tmp/DxeCore.dll.77YopX.ltrans1.ltrans.o
                0x00000000000142b0                DevicePathSubType
 .text.DevicePathNodeLength
                0x00000000000142f8       0x50 /tmp/DxeCore.dll.77YopX.ltrans1.ltrans.o
                0x00000000000142f8                DevicePathNodeLength
 .text.NextDevicePathNode
                0x0000000000014348       0x50 /tmp/DxeCore.dll.77YopX.ltrans1.ltrans.o
                0x0000000000014348                NextDevicePathNode
 .text.IsDevicePathEndType
                0x0000000000014398       0x58 /tmp/DxeCore.dll.77YopX.ltrans1.ltrans.o
                0x0000000000014398                IsDevicePathEndType
 .text.IsDevicePathEnd
                0x00000000000143f0       0x70 /tmp/DxeCore.dll.77YopX.ltrans1.ltrans.o
                0x00000000000143f0                IsDevicePathEnd
 .text.IsDevicePathValid.part.0
                0x0000000000014460       0xd0 /tmp/DxeCore.dll.77YopX.ltrans1.ltrans.o
 .text.SetDevicePathEndNode
                0x0000000000014530       0x10 /tmp/DxeCore.dll.77YopX.ltrans1.ltrans.o
                0x0000000000014530                SetDevicePathEndNode
 .text.UefiDevicePathLibGetDevicePathSize
                0x0000000000014540       0x70 /tmp/DxeCore.dll.77YopX.ltrans1.ltrans.o
                0x0000000000014540                UefiDevicePathLibGetDevicePathSize
 .text.RegisterMemoryProfileImage
                0x00000000000145b0        0x8 /tmp/DxeCore.dll.77YopX.ltrans1.ltrans.o
                0x00000000000145b0                RegisterMemoryProfileImage
 .text.UnregisterMemoryProfileImage
                0x00000000000145b8        0x8 /tmp/DxeCore.dll.77YopX.ltrans1.ltrans.o
                0x00000000000145b8                UnregisterMemoryProfileImage
 .text.UefiDevicePathLibDuplicateDevicePath
                0x00000000000145c0       0x34 /tmp/DxeCore.dll.77YopX.ltrans1.ltrans.o
                0x00000000000145c0                UefiDevicePathLibDuplicateDevicePath
 .text.CoreFwVolEventProtocolNotify
                0x00000000000145f4      0x674 /tmp/DxeCore.dll.77YopX.ltrans1.ltrans.o
                0x00000000000145f4                CoreFwVolEventProtocolNotify
 .text.UefiDevicePathLibAppendDevicePath.part.0
                0x0000000000014c68       0xac /tmp/DxeCore.dll.77YopX.ltrans1.ltrans.o
                0x0000000000014c68                UefiDevicePathLibAppendDevicePath.part.0
 .text.DevicePathFromHandle
                0x0000000000014d14       0x38 /tmp/DxeCore.dll.77YopX.ltrans2.ltrans.o
 .text.EfiEventEmptyFunction
                0x0000000000014d4c        0x4 /tmp/DxeCore.dll.77YopX.ltrans2.ltrans.o
                0x0000000000014d4c                EfiEventEmptyFunction
 .text.PeCoffLoaderGetImageInfo
                0x0000000000014d50      0x7e4 /tmp/DxeCore.dll.77YopX.ltrans2.ltrans.o
 .text.PeCoffLoaderImageAddress
                0x0000000000015534       0x30 /tmp/DxeCore.dll.77YopX.ltrans2.ltrans.o
 .text.BasePrintLibFillBuffer
                0x0000000000015564       0x34 /tmp/DxeCore.dll.77YopX.ltrans2.ltrans.o
 .text.Crc32GuidedSectionGetInfo
                0x0000000000015598       0xd4 /tmp/DxeCore.dll.77YopX.ltrans2.ltrans.o
                0x0000000000015598                Crc32GuidedSectionGetInfo
 .text.Crc32GuidedSectionHandler
                0x000000000001566c      0x1ac /tmp/DxeCore.dll.77YopX.ltrans2.ltrans.o
                0x000000000001566c                Crc32GuidedSectionHandler
 .text.BaseName
                0x0000000000015818       0x50 /tmp/DxeCore.dll.77YopX.ltrans2.ltrans.o
 .text.PeCoffLoaderImageReadFromMemory
                0x0000000000015868       0x98 /tmp/DxeCore.dll.77YopX.ltrans2.ltrans.o
                0x0000000000015868                PeCoffLoaderImageReadFromMemory
 .text.FillBuf  0x0000000000015900       0xc0 /tmp/DxeCore.dll.77YopX.ltrans2.ltrans.o
 .text.GetBits  0x00000000000159c0       0x30 /tmp/DxeCore.dll.77YopX.ltrans2.ltrans.o
 .text.DescribeInstructionOrDataAbort
                0x00000000000159f0       0x6c /tmp/DxeCore.dll.77YopX.ltrans2.ltrans.o
 .text.GetPerformanceCounter
                0x0000000000015a5c        0x4 /tmp/DxeCore.dll.77YopX.ltrans2.ltrans.o
 .text.GetTimeInNanoSecond
                0x0000000000015a60       0x78 /tmp/DxeCore.dll.77YopX.ltrans2.ltrans.o
 .text.MakeTable
                0x0000000000015ad8      0x28c /tmp/DxeCore.dll.77YopX.ltrans2.ltrans.o
 .text.ReadPTLen
                0x0000000000015d64      0x1a4 /tmp/DxeCore.dll.77YopX.ltrans2.ltrans.o
 .text.CopyStringIntoPerfRecordAndUpdateLength
                0x0000000000015f08       0x9c /tmp/DxeCore.dll.77YopX.ltrans2.ltrans.o
 .text.DeCygwinPathIfNeeded.constprop.0
                0x0000000000015fa4       0xfc /tmp/DxeCore.dll.77YopX.ltrans2.ltrans.o
 .text.PeCoffLoaderLoadImage
                0x00000000000160a0      0x538 /tmp/DxeCore.dll.77YopX.ltrans2.ltrans.o
 .text.IsKnownTokens.part.0
                0x00000000000165d8       0xec /tmp/DxeCore.dll.77YopX.ltrans2.ltrans.o
 .text.PeCoffLoaderGetEntryPoint
                0x00000000000166c4       0xa8 /tmp/DxeCore.dll.77YopX.ltrans2.ltrans.o
                0x00000000000166c4                PeCoffLoaderGetEntryPoint
 .text.PeCoffLoaderGetMachineType
                0x000000000001676c       0x84 /tmp/DxeCore.dll.77YopX.ltrans2.ltrans.o
                0x000000000001676c                PeCoffLoaderGetMachineType
 .text.PeCoffLoaderGetPdbPointer
                0x00000000000167f0      0x1ac /tmp/DxeCore.dll.77YopX.ltrans2.ltrans.o
                0x00000000000167f0                PeCoffLoaderGetPdbPointer
 .text.PeCoffGetSizeOfHeaders
                0x000000000001699c       0x90 /tmp/DxeCore.dll.77YopX.ltrans2.ltrans.o
                0x000000000001699c                PeCoffGetSizeOfHeaders
 .text.EfiGetNameGuidFromFwVolDevicePathNode
                0x0000000000016a2c       0x78 /tmp/DxeCore.dll.77YopX.ltrans2.ltrans.o
                0x0000000000016a2c                EfiGetNameGuidFromFwVolDevicePathNode
 .text.EfiInitializeFwVolDevicepathNode
                0x0000000000016aa4       0x68 /tmp/DxeCore.dll.77YopX.ltrans2.ltrans.o
                0x0000000000016aa4                EfiInitializeFwVolDevicepathNode
 .text.EfiGetSystemConfigurationTable
                0x0000000000016b0c       0xbc /tmp/DxeCore.dll.77YopX.ltrans2.ltrans.o
                0x0000000000016b0c                EfiGetSystemConfigurationTable
 .text.GetImageName
                0x0000000000016bc8       0xcc /tmp/DxeCore.dll.77YopX.ltrans2.ltrans.o
 .text.EfiCreateProtocolNotifyEvent
                0x0000000000016c94      0x164 /tmp/DxeCore.dll.77YopX.ltrans2.ltrans.o
                0x0000000000016c94                EfiCreateProtocolNotifyEvent
 .text.TimerConstructor
                0x0000000000016df8       0x68 /tmp/DxeCore.dll.77YopX.ltrans2.ltrans.o
                0x0000000000016df8                TimerConstructor
 .text.ReportErrorCodeEnabled
                0x0000000000016e60        0x8 /tmp/DxeCore.dll.77YopX.ltrans2.ltrans.o
                0x0000000000016e60                ReportErrorCodeEnabled
 .text.ReportDebugCodeEnabled
                0x0000000000016e68        0x8 /tmp/DxeCore.dll.77YopX.ltrans2.ltrans.o
                0x0000000000016e68                ReportDebugCodeEnabled
 .text.ReportFpdtRecordBuffer
                0x0000000000016e70      0x510 /tmp/DxeCore.dll.77YopX.ltrans2.ltrans.o
                0x0000000000016e70                ReportFpdtRecordBuffer
 .text.GetHobList
                0x0000000000017380       0x4c /tmp/DxeCore.dll.77YopX.ltrans2.ltrans.o
                0x0000000000017380                GetHobList
 .text.GetNextHob
                0x00000000000173cc       0x74 /tmp/DxeCore.dll.77YopX.ltrans2.ltrans.o
                0x00000000000173cc                GetNextHob
 .text.GetFirstHob
                0x0000000000017440       0x28 /tmp/DxeCore.dll.77YopX.ltrans2.ltrans.o
                0x0000000000017440                GetFirstHob
 .text.GetNextGuidHob
                0x0000000000017468       0x50 /tmp/DxeCore.dll.77YopX.ltrans2.ltrans.o
                0x0000000000017468                GetNextGuidHob
 .text.PeCoffLoaderRelocateImageExtraAction
                0x00000000000174b8       0x8c /tmp/DxeCore.dll.77YopX.ltrans2.ltrans.o
                0x00000000000174b8                PeCoffLoaderRelocateImageExtraAction
 .text.PeCoffLoaderRelocateImage
                0x0000000000017544      0x2c4 /tmp/DxeCore.dll.77YopX.ltrans2.ltrans.o
 .text.PeCoffLoaderUnloadImageExtraAction
                0x0000000000017808       0x88 /tmp/DxeCore.dll.77YopX.ltrans2.ltrans.o
                0x0000000000017808                PeCoffLoaderUnloadImageExtraAction
 .text.ReallocateExtractHandlerTable
                0x0000000000017890       0xd0 /tmp/DxeCore.dll.77YopX.ltrans2.ltrans.o
                0x0000000000017890                ReallocateExtractHandlerTable
 .text.UefiDecompressGetInfo
                0x0000000000017960       0xcc /tmp/DxeCore.dll.77YopX.ltrans2.ltrans.o
                0x0000000000017960                UefiDecompressGetInfo
 .text.UefiDecompress
                0x0000000000017a2c      0x488 /tmp/DxeCore.dll.77YopX.ltrans2.ltrans.o
                0x0000000000017a2c                UefiDecompress
 .text.LogPerformanceMeasurementEnabled
                0x0000000000017eb4        0x8 /tmp/DxeCore.dll.77YopX.ltrans2.ltrans.o
                0x0000000000017eb4                LogPerformanceMeasurementEnabled
 .text.MmioRead32
                0x0000000000017ebc        0x8 /tmp/DxeCore.dll.77YopX.ltrans2.ltrans.o
                0x0000000000017ebc                MmioRead32
 .text.FindChildNode.constprop.0
                0x0000000000017ec4      0x384 /tmp/DxeCore.dll.77YopX.ltrans2.ltrans.o
                0x0000000000017ec4                FindChildNode.constprop.0
 .text.GetPerformanceCounterProperties.constprop.0
                0x0000000000018248       0x14 /tmp/DxeCore.dll.77YopX.ltrans2.ltrans.o
                0x0000000000018248                GetPerformanceCounterProperties.constprop.0
 .text.LongJump.constprop.0
                0x000000000001825c       0x58 /tmp/DxeCore.dll.77YopX.ltrans2.ltrans.o
                0x000000000001825c                LongJump.constprop.0
 .text.CoreFvToDevicePath.constprop.0
                0x00000000000182b4       0x74 /tmp/DxeCore.dll.77YopX.ltrans2.ltrans.o
                0x00000000000182b4                CoreFvToDevicePath.constprop.0
 .text.CoreNewDebugImageInfoEntry.constprop.0
                0x0000000000018328      0x150 /tmp/DxeCore.dll.77YopX.ltrans2.ltrans.o
                0x0000000000018328                CoreNewDebugImageInfoEntry.constprop.0
 .text.CoreLoadImageCommon.constprop.0
                0x0000000000018478     0x134c /tmp/DxeCore.dll.77YopX.ltrans2.ltrans.o
                0x0000000000018478                CoreLoadImageCommon.constprop.0
 .text.InternalGetSectionFromFv.constprop.0
                0x00000000000197c4       0x94 /tmp/DxeCore.dll.77YopX.ltrans2.ltrans.o
                0x00000000000197c4                InternalGetSectionFromFv.constprop.0
 .text.MergeMemoryMapDescriptor.constprop.0
                0x0000000000019858       0x88 /tmp/DxeCore.dll.77YopX.ltrans2.ltrans.o
                0x0000000000019858                MergeMemoryMapDescriptor.constprop.0
 .text.BasePrintLibSPrintMarker.constprop.0
                0x00000000000198e0      0xec0 /tmp/DxeCore.dll.77YopX.ltrans2.ltrans.o
                0x00000000000198e0                BasePrintLibSPrintMarker.constprop.0
 .text.UnicodeVSPrint
                0x000000000001a7a0       0x74 /tmp/DxeCore.dll.77YopX.ltrans2.ltrans.o
 .text.UnicodeSPrint.constprop.0
                0x000000000001a814       0x5c /tmp/DxeCore.dll.77YopX.ltrans2.ltrans.o
 .text.UnicodeVSPrintAsciiFormat
                0x000000000001a870       0x74 /tmp/DxeCore.dll.77YopX.ltrans2.ltrans.o
 .text.AsciiPrint
                0x000000000001a8e4      0x138 /tmp/DxeCore.dll.77YopX.ltrans2.ltrans.o
 .text.AsciiSPrint
                0x000000000001aa1c       0x60 /tmp/DxeCore.dll.77YopX.ltrans2.ltrans.o
                0x000000000001aa1c                AsciiSPrint
 .text.CommonCExceptionHandler
                0x000000000001aa7c      0x6b0 /tmp/DxeCore.dll.77YopX.ltrans2.ltrans.o
                0x000000000001aa7c                CommonCExceptionHandler
 .text.SPrintLength
                0x000000000001b12c       0x40 /tmp/DxeCore.dll.77YopX.ltrans2.ltrans.o
 .text.UefiDevicePathLibCatPrint
                0x000000000001b16c      0x158 /tmp/DxeCore.dll.77YopX.ltrans2.ltrans.o
                0x000000000001b16c                UefiDevicePathLibCatPrint
 .text.DevPathToTextPci
                0x000000000001b2c4       0x14 /tmp/DxeCore.dll.77YopX.ltrans2.ltrans.o
 .text.DevPathToTextPccard
                0x000000000001b2d8       0x10 /tmp/DxeCore.dll.77YopX.ltrans2.ltrans.o
 .text.DevPathToTextMemMap
                0x000000000001b2e8       0x14 /tmp/DxeCore.dll.77YopX.ltrans2.ltrans.o
 .text.DevPathToTextVendor
                0x000000000001b2fc      0x354 /tmp/DxeCore.dll.77YopX.ltrans2.ltrans.o
 .text.DevPathToTextController
                0x000000000001b650       0x10 /tmp/DxeCore.dll.77YopX.ltrans2.ltrans.o
 .text.DevPathToTextBmc
                0x000000000001b660       0x3c /tmp/DxeCore.dll.77YopX.ltrans2.ltrans.o
 .text.DevPathToTextAcpi
                0x000000000001b69c       0xc0 /tmp/DxeCore.dll.77YopX.ltrans2.ltrans.o
 .text.DevPathToTextAcpiEx
                0x000000000001b75c      0x298 /tmp/DxeCore.dll.77YopX.ltrans2.ltrans.o
 .text.DevPathToTextAcpiAdr
                0x000000000001b9f4       0x9c /tmp/DxeCore.dll.77YopX.ltrans2.ltrans.o
 .text.DevPathToTextAtapi
                0x000000000001ba90       0x60 /tmp/DxeCore.dll.77YopX.ltrans2.ltrans.o
 .text.DevPathToTextScsi
                0x000000000001baf0       0x14 /tmp/DxeCore.dll.77YopX.ltrans2.ltrans.o
 .text.DevPathToTextFibre
                0x000000000001bb04       0x10 /tmp/DxeCore.dll.77YopX.ltrans2.ltrans.o
 .text.DevPathToTextFibreEx
                0x000000000001bb14       0xa8 /tmp/DxeCore.dll.77YopX.ltrans2.ltrans.o
 .text.DevPathToTextSasEx
                0x000000000001bbbc      0x18c /tmp/DxeCore.dll.77YopX.ltrans2.ltrans.o
 .text.DevPathToTextNVMe
                0x000000000001bd48       0x54 /tmp/DxeCore.dll.77YopX.ltrans2.ltrans.o
 .text.DevPathToTextUfs
                0x000000000001bd9c       0x14 /tmp/DxeCore.dll.77YopX.ltrans2.ltrans.o
 .text.DevPathToTextSd
                0x000000000001bdb0       0x10 /tmp/DxeCore.dll.77YopX.ltrans2.ltrans.o
 .text.DevPathToTextEmmc
                0x000000000001bdc0       0x10 /tmp/DxeCore.dll.77YopX.ltrans2.ltrans.o
 .text.DevPathToText1394
                0x000000000001bdd0       0x10 /tmp/DxeCore.dll.77YopX.ltrans2.ltrans.o
 .text.DevPathToTextUsb
                0x000000000001bde0       0x14 /tmp/DxeCore.dll.77YopX.ltrans2.ltrans.o
 .text.DevPathToTextUsbWWID
                0x000000000001bdf4       0xb4 /tmp/DxeCore.dll.77YopX.ltrans2.ltrans.o
 .text.DevPathToTextLogicalUnit
                0x000000000001bea8       0x10 /tmp/DxeCore.dll.77YopX.ltrans2.ltrans.o
 .text.DevPathToTextUsbClass
                0x000000000001beb8      0x194 /tmp/DxeCore.dll.77YopX.ltrans2.ltrans.o
 .text.DevPathToTextSata
                0x000000000001c04c       0x18 /tmp/DxeCore.dll.77YopX.ltrans2.ltrans.o
 .text.DevPathToTextI2O
                0x000000000001c064       0x10 /tmp/DxeCore.dll.77YopX.ltrans2.ltrans.o
 .text.DevPathToTextMacAddr
                0x000000000001c074       0x8c /tmp/DxeCore.dll.77YopX.ltrans2.ltrans.o
 .text.CatNetworkProtocol
                0x000000000001c100       0x38 /tmp/DxeCore.dll.77YopX.ltrans2.ltrans.o
 .text.CatIPv6Address
                0x000000000001c138       0x8c /tmp/DxeCore.dll.77YopX.ltrans2.ltrans.o
 .text.DevPathToTextIPv4
                0x000000000001c1c4      0x120 /tmp/DxeCore.dll.77YopX.ltrans2.ltrans.o
 .text.DevPathToTextIPv6
                0x000000000001c2e4       0xe8 /tmp/DxeCore.dll.77YopX.ltrans2.ltrans.o
 .text.DevPathToTextInfiniBand
                0x000000000001c3cc       0x1c /tmp/DxeCore.dll.77YopX.ltrans2.ltrans.o
 .text.DevPathToTextUart
                0x000000000001c3e8      0x118 /tmp/DxeCore.dll.77YopX.ltrans2.ltrans.o
 .text.DevPathToTextiSCSI
                0x000000000001c500      0x10c /tmp/DxeCore.dll.77YopX.ltrans2.ltrans.o
 .text.DevPathToTextVlan
                0x000000000001c60c       0x10 /tmp/DxeCore.dll.77YopX.ltrans2.ltrans.o
 .text.DevPathToTextBluetooth
                0x000000000001c61c       0x24 /tmp/DxeCore.dll.77YopX.ltrans2.ltrans.o
 .text.DevPathToTextWiFi
                0x000000000001c640       0x44 /tmp/DxeCore.dll.77YopX.ltrans2.ltrans.o
 .text.DevPathToTextBluetoothLE
                0x000000000001c684       0x44 /tmp/DxeCore.dll.77YopX.ltrans2.ltrans.o
 .text.DevPathToTextDns
                0x000000000001c6c8       0xd0 /tmp/DxeCore.dll.77YopX.ltrans2.ltrans.o
 .text.DevPathToTextUri
                0x000000000001c798       0x94 /tmp/DxeCore.dll.77YopX.ltrans2.ltrans.o
 .text.DevPathToTextHardDrive
                0x000000000001c82c       0x8c /tmp/DxeCore.dll.77YopX.ltrans2.ltrans.o
 .text.DevPathToTextCDROM
                0x000000000001c8b8       0x30 /tmp/DxeCore.dll.77YopX.ltrans2.ltrans.o
 .text.DevPathToTextFilePath
                0x000000000001c8e8       0x10 /tmp/DxeCore.dll.77YopX.ltrans2.ltrans.o
 .text.DevPathToTextMediaProtocol
                0x000000000001c8f8       0x10 /tmp/DxeCore.dll.77YopX.ltrans2.ltrans.o
 .text.DevPathToTextFv
                0x000000000001c908       0x10 /tmp/DxeCore.dll.77YopX.ltrans2.ltrans.o
 .text.DevPathToTextFvFile
                0x000000000001c918       0x10 /tmp/DxeCore.dll.77YopX.ltrans2.ltrans.o
 .text.DevPathRelativeOffsetRange
                0x000000000001c928       0x10 /tmp/DxeCore.dll.77YopX.ltrans2.ltrans.o
 .text.DevPathToTextRamDisk
                0x000000000001c938      0x1c4 /tmp/DxeCore.dll.77YopX.ltrans2.ltrans.o
 .text.DevPathToTextBBS
                0x000000000001cafc       0xa0 /tmp/DxeCore.dll.77YopX.ltrans2.ltrans.o
 .text.DevPathToTextEndInstance
                0x000000000001cb9c        0xc /tmp/DxeCore.dll.77YopX.ltrans2.ltrans.o
 .text.DevPathToTextNodeGeneric
                0x000000000001cba8       0xfc /tmp/DxeCore.dll.77YopX.ltrans2.ltrans.o
 .text.CreatePerformanceMeasurement
                0x000000000001cca4      0x908 /tmp/DxeCore.dll.77YopX.ltrans2.ltrans.o
                0x000000000001cca4                CreatePerformanceMeasurement
 .text.BasePrintLibSPrint.constprop.0
                0x000000000001d5ac       0x54 /tmp/DxeCore.dll.77YopX.ltrans2.ltrans.o
 .text.InternalReportStatusCode.constprop.0.isra.0
                0x000000000001d600       0xe0 /tmp/DxeCore.dll.77YopX.ltrans2.ltrans.o
                0x000000000001d600                InternalReportStatusCode.constprop.0.isra.0
 .text.AsciiStrCpyS.constprop.0.isra.0
                0x000000000001d6e0       0xf4 /tmp/DxeCore.dll.77YopX.ltrans3.ltrans.o
 .text.GetVariable2.constprop.0.isra.0
                0x000000000001d7d4       0xe4 /tmp/DxeCore.dll.77YopX.ltrans3.ltrans.o
                0x000000000001d7d4                GetVariable2.constprop.0.isra.0
 .text.LogPerformanceMeasurement.constprop.0.isra.0
                0x000000000001d8b8       0x1c /tmp/DxeCore.dll.77YopX.ltrans3.ltrans.o
                0x000000000001d8b8                LogPerformanceMeasurement.constprop.0.isra.0
 .text.InitializeCpuExceptionHandlersEx.constprop.0.isra.0
                0x000000000001d8d4       0x78 /tmp/DxeCore.dll.77YopX.ltrans3.ltrans.o
                0x000000000001d8d4                InitializeCpuExceptionHandlersEx.constprop.0.isra.0
 .text.MmioWrite32.isra.0
                0x000000000001d94c        0x8 /tmp/DxeCore.dll.77YopX.ltrans3.ltrans.o
                0x000000000001d94c                MmioWrite32.isra.0
 .text.SerialPortWrite.isra.0
                0x000000000001d954       0x54 /tmp/DxeCore.dll.77YopX.ltrans3.ltrans.o
                0x000000000001d954                SerialPortWrite.isra.0
 .text.SetMem16.isra.0
                0x000000000001d9a8       0x84 /tmp/DxeCore.dll.77YopX.ltrans3.ltrans.o
                0x000000000001d9a8                SetMem16.isra.0
 .text.PeCoffLoaderUnloadImage.isra.0
                0x000000000001da2c        0x4 /tmp/DxeCore.dll.77YopX.ltrans3.ltrans.o
                0x000000000001da2c                PeCoffLoaderUnloadImage.isra.0
 .text.InvalidateInstructionCacheRange.isra.0
                0x000000000001da30       0x9c /tmp/DxeCore.dll.77YopX.ltrans3.ltrans.o
                0x000000000001da30                InvalidateInstructionCacheRange.isra.0
 .text.ReportStatusCode.isra.0
                0x000000000001dacc       0x10 /tmp/DxeCore.dll.77YopX.ltrans3.ltrans.o
                0x000000000001dacc                ReportStatusCode.isra.0
 .text.CatIPv4Address.isra.0
                0x000000000001dadc       0x1c /tmp/DxeCore.dll.77YopX.ltrans3.ltrans.o
                0x000000000001dadc                CatIPv4Address.isra.0
 .text.DebugClearMemory.isra.0
                0x000000000001daf8       0x48 /tmp/DxeCore.dll.77YopX.ltrans3.ltrans.o
                0x000000000001daf8                DebugClearMemory.isra.0
 .text.SetMem64.isra.0
                0x000000000001db40       0x9c /tmp/DxeCore.dll.77YopX.ltrans3.ltrans.o
                0x000000000001db40                SetMem64.isra.0
 .text.CopyGuid.isra.0
                0x000000000001dbdc       0x64 /tmp/DxeCore.dll.77YopX.ltrans3.ltrans.o
                0x000000000001dbdc                CopyGuid.isra.0
 .text.GetModuleInfoFromHandle.constprop.0.isra.0
                0x000000000001dc40      0x470 /tmp/DxeCore.dll.77YopX.ltrans3.ltrans.o
                0x000000000001dc40                GetModuleInfoFromHandle.constprop.0.isra.0
 .text.UnicodeStrnToAsciiStrS.isra.0
                0x000000000001e0b0      0x290 /tmp/DxeCore.dll.77YopX.ltrans3.ltrans.o
                0x000000000001e0b0                UnicodeStrnToAsciiStrS.isra.0
 .text.AsciiStrnCpyS.isra.0
                0x000000000001e340      0x1f4 /tmp/DxeCore.dll.77YopX.ltrans3.ltrans.o
                0x000000000001e340                AsciiStrnCpyS.isra.0
 .text.WriteUnaligned16.isra.0
                0x000000000001e534       0x14 /tmp/DxeCore.dll.77YopX.ltrans3.ltrans.o
                0x000000000001e534                WriteUnaligned16.isra.0
 .text.InsertTailList.isra.0
                0x000000000001e548       0x58 /tmp/DxeCore.dll.77YopX.ltrans3.ltrans.o
                0x000000000001e548                InsertTailList.isra.0
 .text.SwapListEntries.isra.0
                0x000000000001e5a0       0xa8 /tmp/DxeCore.dll.77YopX.ltrans3.ltrans.o
                0x000000000001e5a0                SwapListEntries.isra.0
 .text.InitializeListHead.isra.0
                0x000000000001e648       0x3c /tmp/DxeCore.dll.77YopX.ltrans3.ltrans.o
                0x000000000001e648                InitializeListHead.isra.0
 .text.GetFileState.isra.0
                0x000000000001e684       0x3c /tmp/DxeCore.dll.77YopX.ltrans3.ltrans.o
                0x000000000001e684                GetFileState.isra.0
 .text.CoreProcessFvImageFile.isra.0
                0x000000000001e6c0      0x4e4 /tmp/DxeCore.dll.77YopX.ltrans3.ltrans.o
                0x000000000001e6c0                CoreProcessFvImageFile.isra.0
 .text.CoreGetDepexSectionAndPreProccess.isra.0
                0x000000000001eba4       0xc8 /tmp/DxeCore.dll.77YopX.ltrans3.ltrans.o
                0x000000000001eba4                CoreGetDepexSectionAndPreProccess.isra.0
 .text.CoreAddToDriverList.isra.0
                0x000000000001ec6c       0xc8 /tmp/DxeCore.dll.77YopX.ltrans3.ltrans.o
                0x000000000001ec6c                CoreAddToDriverList.isra.0
 .text.CoreMergeGcdMapEntry.isra.0
                0x000000000001ed34      0x148 /tmp/DxeCore.dll.77YopX.ltrans3.ltrans.o
                0x000000000001ed34                CoreMergeGcdMapEntry.isra.0
 .text.CoreInsertGcdMapEntry.isra.0
                0x000000000001ee7c      0x138 /tmp/DxeCore.dll.77YopX.ltrans3.ltrans.o
                0x000000000001ee7c                CoreInsertGcdMapEntry.isra.0
 .text.ApplyMemoryProtectionPolicy.isra.0
                0x000000000001efb4       0x2c /tmp/DxeCore.dll.77YopX.ltrans3.ltrans.o
                0x000000000001efb4                ApplyMemoryProtectionPolicy.isra.0
 .text.CloseSectionStream.isra.0
                0x000000000001efe0      0x15c /tmp/DxeCore.dll.77YopX.ltrans3.ltrans.o
                0x000000000001efe0                CloseSectionStream.isra.0
 *fill*         0x000000000001f13c        0x4 
 .text          0x000000000001f140       0x30 /home/daijh/sdk/rk3588/uefi/Build/RK3588/DEBUG_GCC5/AARCH64/MdePkg/Library/BaseLib/BaseLib/OUTPUT/BaseLib.lib(SwitchStack.obj)
                0x000000000001f140                InternalSwitchStackAsm
                0x000000000001f158                CpuPause
 .text          0x000000000001f170       0x78 /home/daijh/sdk/rk3588/uefi/Build/RK3588/DEBUG_GCC5/AARCH64/MdePkg/Library/BaseLib/BaseLib/OUTPUT/BaseLib.lib(SetJumpLongJump.obj)
                0x000000000001f170                SetJump
                0x000000000001f1a8                InternalLongJump
 *fill*         0x000000000001f1e8        0x8 
 .text          0x000000000001f1f0      0x200 /home/daijh/sdk/rk3588/uefi/Build/RK3588/DEBUG_GCC5/AARCH64/MdePkg/Library/BaseMemoryLibOptDxe/BaseMemoryLibOptDxe/OUTPUT/BaseMemoryLibOptDxe.lib(SetMem.obj)
                0x000000000001f1f0                InternalMemSetMem16
                0x000000000001f1fc                InternalMemSetMem32
                0x000000000001f208                InternalMemSetMem64
                0x000000000001f214                InternalMemZeroMem
                0x000000000001f21c                InternalMemSetMem
 .text          0x000000000001f3f0      0x218 /home/daijh/sdk/rk3588/uefi/Build/RK3588/DEBUG_GCC5/AARCH64/MdePkg/Library/BaseMemoryLibOptDxe/BaseMemoryLibOptDxe/OUTPUT/BaseMemoryLibOptDxe.lib(CopyMem.obj)
                0x000000000001f55c                InternalMemCopyMem
 *fill*         0x000000000001f608       0x38 
 .text          0x000000000001f640       0xe0 /home/daijh/sdk/rk3588/uefi/Build/RK3588/DEBUG_GCC5/AARCH64/MdePkg/Library/BaseMemoryLibOptDxe/BaseMemoryLibOptDxe/OUTPUT/BaseMemoryLibOptDxe.lib(CompareMem.obj)
                0x000000000001f640                InternalMemCompareMem
 .text          0x000000000001f720       0x20 /home/daijh/sdk/rk3588/uefi/Build/RK3588/DEBUG_GCC5/AARCH64/MdePkg/Library/BaseMemoryLibOptDxe/BaseMemoryLibOptDxe/OUTPUT/BaseMemoryLibOptDxe.lib(CompareGuid.obj)
                0x000000000001f720                InternalMemCompareGuid
 .text          0x000000000001f740      0x184 /home/daijh/sdk/rk3588/uefi/Build/RK3588/DEBUG_GCC5/AARCH64/ArmPkg/Library/ArmExceptionLib/ArmExceptionLib/OUTPUT/ArmExceptionLib.lib(ExceptionSupport.obj)
                0x000000000001f740                ExceptionHandlersEnd
                0x000000000001f8bc                RegisterEl0Stack
 *fill*         0x000000000001f8c4      0x73c 
 .text.ExceptionHandlersStart
                0x0000000000020000      0x800 /home/daijh/sdk/rk3588/uefi/Build/RK3588/DEBUG_GCC5/AARCH64/ArmPkg/Library/ArmExceptionLib/ArmExceptionLib/OUTPUT/ArmExceptionLib.lib(ExceptionSupport.obj)
                0x0000000000020000                ExceptionHandlersStart
 .text.ArmCacheInfo
                0x0000000000020800        0x8 /home/daijh/sdk/rk3588/uefi/Build/RK3588/DEBUG_GCC5/AARCH64/ArmPkg/Library/ArmLib/ArmBaseLib/OUTPUT/ArmBaseLib.lib(ArmLibSupport.obj)
                0x0000000000020800                ArmCacheInfo
 .text.ArmCleanDataCacheEntryToPoUByMVA
                0x0000000000020808        0x8 /home/daijh/sdk/rk3588/uefi/Build/RK3588/DEBUG_GCC5/AARCH64/ArmPkg/Library/ArmLib/ArmBaseLib/OUTPUT/ArmBaseLib.lib(AArch64Support.obj)
                0x0000000000020808                ArmCleanDataCacheEntryToPoUByMVA
 .text.ArmInvalidateInstructionCacheEntryToPoUByMVA
                0x0000000000020810        0x8 /home/daijh/sdk/rk3588/uefi/Build/RK3588/DEBUG_GCC5/AARCH64/ArmPkg/Library/ArmLib/ArmBaseLib/OUTPUT/ArmBaseLib.lib(AArch64Support.obj)
                0x0000000000020810                ArmInvalidateInstructionCacheEntryToPoUByMVA
 .text.ArmDataSynchronizationBarrier
                0x0000000000020818        0x8 /home/daijh/sdk/rk3588/uefi/Build/RK3588/DEBUG_GCC5/AARCH64/ArmPkg/Library/ArmLib/ArmBaseLib/OUTPUT/ArmBaseLib.lib(AArch64Support.obj)
                0x0000000000020818                ArmDataSynchronizationBarrier
 .text.ArmInstructionSynchronizationBarrier
                0x0000000000020820        0x8 /home/daijh/sdk/rk3588/uefi/Build/RK3588/DEBUG_GCC5/AARCH64/ArmPkg/Library/ArmLib/ArmBaseLib/OUTPUT/ArmBaseLib.lib(AArch64Support.obj)
                0x0000000000020820                ArmInstructionSynchronizationBarrier
 .text.ArmWriteVBar
                0x0000000000020828       0x34 /home/daijh/sdk/rk3588/uefi/Build/RK3588/DEBUG_GCC5/AARCH64/ArmPkg/Library/ArmLib/ArmBaseLib/OUTPUT/ArmBaseLib.lib(AArch64Support.obj)
                0x0000000000020828                ArmWriteVBar
 .text.ArmIsArchTimerImplemented
                0x000000000002085c        0x8 /home/daijh/sdk/rk3588/uefi/Build/RK3588/DEBUG_GCC5/AARCH64/ArmPkg/Library/ArmLib/ArmBaseLib/OUTPUT/ArmBaseLib.lib(AArch64Support.obj)
                0x000000000002085c                ArmIsArchTimerImplemented
 .text.ArmWriteHcr
                0x0000000000020864        0x8 /home/daijh/sdk/rk3588/uefi/Build/RK3588/DEBUG_GCC5/AARCH64/ArmPkg/Library/ArmLib/ArmBaseLib/OUTPUT/ArmBaseLib.lib(AArch64Support.obj)
                0x0000000000020864                ArmWriteHcr
 .text.ArmReadHcr
                0x000000000002086c        0x8 /home/daijh/sdk/rk3588/uefi/Build/RK3588/DEBUG_GCC5/AARCH64/ArmPkg/Library/ArmLib/ArmBaseLib/OUTPUT/ArmBaseLib.lib(AArch64Support.obj)
                0x000000000002086c                ArmReadHcr
 .text.ArmReadCurrentEL
                0x0000000000020874        0x8 /home/daijh/sdk/rk3588/uefi/Build/RK3588/DEBUG_GCC5/AARCH64/ArmPkg/Library/ArmLib/ArmBaseLib/OUTPUT/ArmBaseLib.lib(AArch64Support.obj)
                0x0000000000020874                ArmReadCurrentEL
 .text.ArmReadCntFrq
                0x000000000002087c        0x8 /home/daijh/sdk/rk3588/uefi/Build/RK3588/DEBUG_GCC5/AARCH64/ArmPkg/Library/ArmLib/ArmBaseLib/OUTPUT/ArmBaseLib.lib(AArch64ArchTimerSupport.obj)
                0x000000000002087c                ArmReadCntFrq
 .text.ArmReadCntPct
                0x0000000000020884        0x8 /home/daijh/sdk/rk3588/uefi/Build/RK3588/DEBUG_GCC5/AARCH64/ArmPkg/Library/ArmLib/ArmBaseLib/OUTPUT/ArmBaseLib.lib(AArch64ArchTimerSupport.obj)
                0x0000000000020884                ArmReadCntPct
 *(.rodata .rodata.* .gnu.linkonce.r.*)
 .rodata.CoreReadImageFile.str1.1
                0x000000000002088c       0x8f /tmp/DxeCore.dll.77YopX.ltrans0.ltrans.o
 .rodata.GetImageRecordByAddress.str1.1
                0x000000000002091b       0x69 /tmp/DxeCore.dll.77YopX.ltrans0.ltrans.o
 .rodata.CoreNotifyProtocolEntry.str1.1
                0x0000000000020984       0x67 /tmp/DxeCore.dll.77YopX.ltrans0.ltrans.o
 .rodata.CoreGetNextLocateAllHandles.str1.1
                0x00000000000209eb       0x45 /tmp/DxeCore.dll.77YopX.ltrans0.ltrans.o
 .rodata.CoreGetNextLocateByRegisterNotify.str1.1
                0x0000000000020a30       0x4f /tmp/DxeCore.dll.77YopX.ltrans0.ltrans.o
 .rodata.CoreValidateHandle.str1.1
                0x0000000000020a7f       0x45 /tmp/DxeCore.dll.77YopX.ltrans0.ltrans.o
 .rodata.DisableNullDetectionAtTheEndOfDxe.str1.1
                0x0000000000020ac4       0xdc /tmp/DxeCore.dll.77YopX.ltrans0.ltrans.o
 .rodata.SetUefiImageMemoryAttributes.str1.1
                0x0000000000020ba0       0x54 /tmp/DxeCore.dll.77YopX.ltrans0.ltrans.o
 .rodata.CoreDumpGcdMemorySpaceMap.str1.1
                0x0000000000020bf4      0x154 /tmp/DxeCore.dll.77YopX.ltrans0.ltrans.o
                                        0x156 (size before relaxing)
 .rodata.CoreDumpGcdIoSpaceMap.str1.1
                0x0000000000020d48       0xbb /tmp/DxeCore.dll.77YopX.ltrans0.ltrans.o
 .rodata.ProcessLibraryConstructorList.str1.1
                0x0000000000020e03      0x254 /tmp/DxeCore.dll.77YopX.ltrans0.ltrans.o
 .rodata.CustomGuidedSectionExtract.str1.1
                0x0000000000021057      0x114 /tmp/DxeCore.dll.77YopX.ltrans0.ltrans.o
 .rodata.InternalCoreLocateHandle.str1.1
                0x000000000002116b       0x32 /tmp/DxeCore.dll.77YopX.ltrans0.ltrans.o
 .rodata.CoreExitBootServices.str1.1
                0x000000000002119d       0xce /tmp/DxeCore.dll.77YopX.ltrans0.ltrans.o
 .rodata.FindStreamNode.part.0.str1.1
                0x000000000002126b       0x61 /tmp/DxeCore.dll.77YopX.ltrans0.ltrans.o
 .rodata.GetMachineTypeName.str2.2
                0x00000000000212cc       0x14 /tmp/DxeCore.dll.77YopX.ltrans0.ltrans.o
 .rodata.SetMemoryAttributesTableSectionAlignment.lto_priv.0.str1.1
                0x00000000000212e0       0x32 /tmp/DxeCore.dll.77YopX.ltrans0.ltrans.o
 .rodata.IsImageRecordCodeSectionValid.str1.1
                0x0000000000021312       0x1f /tmp/DxeCore.dll.77YopX.ltrans0.ltrans.o
 .rodata.ProtectUefiImage.str1.1
                0x0000000000021331      0x311 /tmp/DxeCore.dll.77YopX.ltrans0.ltrans.o
 *fill*         0x0000000000021642        0x2 
 .rodata.ProtectUefiImage
                0x0000000000021644        0xb /tmp/DxeCore.dll.77YopX.ltrans0.ltrans.o
 .rodata.CoreAcquireLockOrFail.str1.1
                0x000000000002164f       0x6c /tmp/DxeCore.dll.77YopX.ltrans0.ltrans.o
 .rodata.CoreAcquireLock.str1.1
                0x00000000000216bb       0x1e /tmp/DxeCore.dll.77YopX.ltrans0.ltrans.o
 .rodata.CoreReleaseLock.str1.1
                0x00000000000216d9       0x1e /tmp/DxeCore.dll.77YopX.ltrans0.ltrans.o
 .rodata.CoreGetMemoryMapWithSeparatedImageSection.part.0.str1.1
                0x00000000000216f7       0x33 /tmp/DxeCore.dll.77YopX.ltrans0.ltrans.o
 .rodata.InstallMemoryAttributesTable.str1.1
                0x000000000002172a      0x1e2 /tmp/DxeCore.dll.77YopX.ltrans0.ltrans.o
 .rodata.NotifyGuidedExtraction.str1.1
                0x000000000002190c       0x28 /tmp/DxeCore.dll.77YopX.ltrans0.ltrans.o
 .rodata.CreateChildNode.str1.1
                0x0000000000021934       0x33 /tmp/DxeCore.dll.77YopX.ltrans0.ltrans.o
 .rodata.PeCoffEmuProtocolNotify.str1.1
                0x0000000000021967       0x33 /tmp/DxeCore.dll.77YopX.ltrans0.ltrans.o
                                         0x16 (size before relaxing)
 .rodata.CoreLoadedImageInfo.str1.1
                0x0000000000021967       0x2c /tmp/DxeCore.dll.77YopX.ltrans0.ltrans.o
 .rodata.CoreConnectController.str1.1
                0x0000000000021993       0x88 /tmp/DxeCore.dll.77YopX.ltrans0.ltrans.o
 .rodata.CoreLocateDevicePath.str1.1
                0x0000000000021a1b       0x74 /tmp/DxeCore.dll.77YopX.ltrans0.ltrans.o
                                         0x89 (size before relaxing)
 .rodata.CoreOpenProtocolInformation.str1.1
                0x0000000000021a8f       0x2a /tmp/DxeCore.dll.77YopX.ltrans0.ltrans.o
 .rodata.CoreUnloadAndCloseImage.str1.1
                0x0000000000021ab9       0x9f /tmp/DxeCore.dll.77YopX.ltrans0.ltrans.o
 .rodata.CoreExit.str1.1
                0x0000000000021b58       0x23 /tmp/DxeCore.dll.77YopX.ltrans0.ltrans.o
 .rodata.CoreStartImage.str1.1
                0x0000000000021b7b       0xda /tmp/DxeCore.dll.77YopX.ltrans0.ltrans.o
                                         0xee (size before relaxing)
 .rodata.CoreInstallProtocolInterfaceNotify.part.0.str1.1
                0x0000000000021c55       0xd4 /tmp/DxeCore.dll.77YopX.ltrans0.ltrans.o
 .rodata.MemoryProtectionCpuArchProtocolNotify.str1.1
                0x0000000000021d29       0xb6 /tmp/DxeCore.dll.77YopX.ltrans0.ltrans.o
 .rodata.CoreSearchGcdMapEntry.str1.1
                0x0000000000021ddf        0xc /tmp/DxeCore.dll.77YopX.ltrans0.ltrans.o
 .rodata.CoreConvertSpace.str1.1
                0x0000000000021deb       0x7c /tmp/DxeCore.dll.77YopX.ltrans0.ltrans.o
 *fill*         0x0000000000021e67        0x1 
 .rodata.CoreConvertSpace
                0x0000000000021e68        0xe /tmp/DxeCore.dll.77YopX.ltrans0.ltrans.o
 .rodata.CoreInternalAddMemorySpace.str1.1
                0x0000000000021e76       0x63 /tmp/DxeCore.dll.77YopX.ltrans0.ltrans.o
 .rodata.CoreAllocateSpace.str1.1
                0x0000000000021ed9       0x27 /tmp/DxeCore.dll.77YopX.ltrans0.ltrans.o
 .rodata.CoreAllocateMemorySpace.str1.1
                0x0000000000021f00       0xcc /tmp/DxeCore.dll.77YopX.ltrans0.ltrans.o
 .rodata._ModuleEntryPoint.str1.1
                0x0000000000021fcc      0x76d /tmp/DxeCore.dll.77YopX.ltrans0.ltrans.o
 *fill*         0x0000000000022739        0x3 
 .rodata._ModuleEntryPoint
                0x000000000002273c        0x7 /tmp/DxeCore.dll.77YopX.ltrans0.ltrans.o
 .rodata.str1.1
                0x0000000000022743      0x180 /tmp/DxeCore.dll.77YopX.ltrans0.ltrans.o
                                        0x187 (size before relaxing)
 *fill*         0x00000000000228c3        0x1 
 .rodata.str2.2
                0x00000000000228c4       0x34 /tmp/DxeCore.dll.77YopX.ltrans0.ltrans.o
 .rodata.__FUNCTION__.0.lto_priv.0
                0x00000000000228f8        0x8 /tmp/DxeCore.dll.77YopX.ltrans0.ltrans.o
 .rodata.__FUNCTION__.0.lto_priv.2
                0x0000000000022900       0x19 /tmp/DxeCore.dll.77YopX.ltrans0.ltrans.o
 *fill*         0x0000000000022919        0x7 
 .rodata.mGcdAllocationTypeNames
                0x0000000000022920       0x30 /tmp/DxeCore.dll.77YopX.ltrans0.ltrans.o
                0x0000000000022920                mGcdAllocationTypeNames
 .rodata.mGcdIoTypeNames
                0x0000000000022950       0x20 /tmp/DxeCore.dll.77YopX.ltrans0.ltrans.o
                0x0000000000022950                mGcdIoTypeNames
 .rodata.mGcdMemoryTypeNames
                0x0000000000022970       0x38 /tmp/DxeCore.dll.77YopX.ltrans0.ltrans.o
 .rodata.mMachineTypeInfo
                0x00000000000229a8       0x50 /tmp/DxeCore.dll.77YopX.ltrans0.ltrans.o
 .rodata.mMissingProtocols
                0x00000000000229f8       0xe0 /tmp/DxeCore.dll.77YopX.ltrans0.ltrans.o
 .rodata.DebugAssert.str1.1
                0x0000000000022ad8       0x20 /tmp/DxeCore.dll.77YopX.ltrans1.ltrans.o
 .rodata.CoreGetMemorySpaceDescriptor.str1.1
                0x0000000000022af8       0x8b /tmp/DxeCore.dll.77YopX.ltrans1.ltrans.o
 .rodata.FwVolBlockGetAttributes.str1.1
                0x0000000000022af8       0x4f /tmp/DxeCore.dll.77YopX.ltrans1.ltrans.o
 .rodata.CoreInsertEventTimer.str1.1
                0x0000000000022b47       0x1a /tmp/DxeCore.dll.77YopX.ltrans1.ltrans.o
                                         0x5f (size before relaxing)
 .rodata.FvGetVolumeAttributes.str1.1
                0x0000000000022b61       0x4b /tmp/DxeCore.dll.77YopX.ltrans1.ltrans.o
 .rodata.FvGetNextFile.str1.1
                0x0000000000022bac       0x49 /tmp/DxeCore.dll.77YopX.ltrans1.ltrans.o
 .rodata.CalculateSum8.str1.1
                0x0000000000022bf5       0x7c /tmp/DxeCore.dll.77YopX.ltrans1.ltrans.o
                                         0x93 (size before relaxing)
 .rodata.CalculateSum16.str1.1
                0x0000000000022c71       0x30 /tmp/DxeCore.dll.77YopX.ltrans1.ltrans.o
 .rodata.RShiftU64.str1.1
                0x0000000000022ca1       0x4f /tmp/DxeCore.dll.77YopX.ltrans1.ltrans.o
 .rodata.LShiftU64.str1.1
                0x0000000000022cf0       0x44 /tmp/DxeCore.dll.77YopX.ltrans1.ltrans.o
 .rodata.GetLastGuardedFreePageAddress.str1.1
                0x0000000000022d34        0xf /tmp/DxeCore.dll.77YopX.ltrans1.ltrans.o
                                         0x56 (size before relaxing)
 .rodata.DivU64x32Remainder.str1.1
                0x0000000000022d43       0x5a /tmp/DxeCore.dll.77YopX.ltrans1.ltrans.o
 .rodata.InternalBaseLibIsListValid.str1.1
                0x0000000000022d9d       0x86 /tmp/DxeCore.dll.77YopX.ltrans1.ltrans.o
                                         0x9b (size before relaxing)
 .rodata.InsertHeadList.str1.1
                0x0000000000022e23       0x26 /tmp/DxeCore.dll.77YopX.ltrans1.ltrans.o
 .rodata.GetFirstNode.str1.1
                0x0000000000022e49       0x22 /tmp/DxeCore.dll.77YopX.ltrans1.ltrans.o
 .rodata.RemoveEntryList.str1.1
                0x0000000000022e6b       0x15 /tmp/DxeCore.dll.77YopX.ltrans1.ltrans.o
 .rodata.CoreNotifyEvent.str1.1
                0x0000000000022e80       0x61 /tmp/DxeCore.dll.77YopX.ltrans1.ltrans.o
 .rodata.StrSize.str1.1
                0x0000000000022ee1       0xb5 /tmp/DxeCore.dll.77YopX.ltrans1.ltrans.o
 .rodata.AsciiStrLen.str1.1
                0x0000000000022f96       0x38 /tmp/DxeCore.dll.77YopX.ltrans1.ltrans.o
 .rodata.AsciiStrCmp.str1.1
                0x0000000000022fce       0x37 /tmp/DxeCore.dll.77YopX.ltrans1.ltrans.o
 .rodata.ReadUnaligned16.str1.1
                0x0000000000023005       0x48 /tmp/DxeCore.dll.77YopX.ltrans1.ltrans.o
 .rodata.StrnLenS.str1.1
                0x000000000002304d       0x45 /tmp/DxeCore.dll.77YopX.ltrans1.ltrans.o
 .rodata.CompareGuid.str1.1
                0x0000000000023092       0x81 /tmp/DxeCore.dll.77YopX.ltrans1.ltrans.o
 .rodata.CoreTrust.str1.1
                0x0000000000023113       0x4f /tmp/DxeCore.dll.77YopX.ltrans1.ltrans.o
 .rodata.ZeroMem.str1.1
                0x0000000000023113       0x8b /tmp/DxeCore.dll.77YopX.ltrans1.ltrans.o
 .rodata.CompareMem.str1.1
                0x000000000002319e      0x118 /tmp/DxeCore.dll.77YopX.ltrans1.ltrans.o
 .rodata.SetMem.str1.1
                0x00000000000232b6       0x8c /tmp/DxeCore.dll.77YopX.ltrans1.ltrans.o
 .rodata.CopyMem.str1.1
                0x0000000000023342       0x55 /tmp/DxeCore.dll.77YopX.ltrans1.ltrans.o
 .rodata.GenericProtocolNotify.str1.1
                0x0000000000023397       0x69 /tmp/DxeCore.dll.77YopX.ltrans1.ltrans.o
 .rodata.CoreFreeMemorySpace.str1.1
                0x0000000000023397       0x30 /tmp/DxeCore.dll.77YopX.ltrans1.ltrans.o
 .rodata.CoreRemoveMemorySpace.str1.1
                0x00000000000233c7       0x32 /tmp/DxeCore.dll.77YopX.ltrans1.ltrans.o
 .rodata.CoreSetMemorySpaceAttributes.str1.1
                0x00000000000233f9       0x51 /tmp/DxeCore.dll.77YopX.ltrans1.ltrans.o
 .rodata.CoreAddIoSpace.str1.1
                0x000000000002344a       0x40 /tmp/DxeCore.dll.77YopX.ltrans1.ltrans.o
 .rodata.CoreAllocateIoSpace.str1.1
                0x000000000002348a       0x78 /tmp/DxeCore.dll.77YopX.ltrans1.ltrans.o
                                         0xdc (size before relaxing)
 .rodata.CoreFreeIoSpace.str1.1
                0x0000000000023502       0x2c /tmp/DxeCore.dll.77YopX.ltrans1.ltrans.o
 .rodata.CoreRemoveIoSpace.str1.1
                0x000000000002352e       0x2e /tmp/DxeCore.dll.77YopX.ltrans1.ltrans.o
 .rodata.CoreAddRange.str1.1
                0x000000000002355c       0x60 /tmp/DxeCore.dll.77YopX.ltrans1.ltrans.o
                                         0xa2 (size before relaxing)
 .rodata.SetGuardPage.str1.1
                0x00000000000235bc       0x35 /tmp/DxeCore.dll.77YopX.ltrans1.ltrans.o
 .rodata.FindGuardedMemoryMap.str1.1
                0x00000000000235bc        0xf /tmp/DxeCore.dll.77YopX.ltrans1.ltrans.o
 .rodata.SetGuardedMemoryBits.str1.1
                0x00000000000235cb       0x17 /tmp/DxeCore.dll.77YopX.ltrans1.ltrans.o
 .rodata.GetGuardedMemoryBits.str1.1
                0x00000000000235e2       0x16 /tmp/DxeCore.dll.77YopX.ltrans1.ltrans.o
 .rodata.CoreFindFreePagesI.part.0.str1.1
                0x00000000000235f8       0x10 /tmp/DxeCore.dll.77YopX.ltrans1.ltrans.o
 .rodata.FindFreePages.str1.1
                0x0000000000023608       0x44 /tmp/DxeCore.dll.77YopX.ltrans1.ltrans.o
 .rodata.CoreAllocatePoolPages.str1.1
                0x000000000002364c       0x30 /tmp/DxeCore.dll.77YopX.ltrans1.ltrans.o
 .rodata.CoreFreeMemoryMapStack.str1.1
                0x000000000002367c        0x6 /tmp/DxeCore.dll.77YopX.ltrans1.ltrans.o
 .rodata.CoreConvertPagesEx.str1.1
                0x0000000000023682      0x19b /tmp/DxeCore.dll.77YopX.ltrans1.ltrans.o
 .rodata.CoreSetMemorySpaceCapabilities.str1.1
                0x000000000002381d       0x59 /tmp/DxeCore.dll.77YopX.ltrans1.ltrans.o
 .rodata.CoreAllocatePoolI.str1.1
                0x0000000000023876      0x111 /tmp/DxeCore.dll.77YopX.ltrans1.ltrans.o
 .rodata.GuardFreedPages.part.0.str1.1
                0x0000000000023987       0x27 /tmp/DxeCore.dll.77YopX.ltrans1.ltrans.o
 .rodata.CoreFreePoolI.str1.1
                0x00000000000239ae      0x129 /tmp/DxeCore.dll.77YopX.ltrans1.ltrans.o
 .rodata.CoreUpdateProfileFree.str1.1
                0x0000000000023ad7       0x12 /tmp/DxeCore.dll.77YopX.ltrans1.ltrans.o
 .rodata.DumpGuardedMemoryBitmap.part.0.str1.1
                0x0000000000023ad7      0x168 /tmp/DxeCore.dll.77YopX.ltrans1.ltrans.o
 .rodata.CoreGetMemoryMap.str1.1
                0x0000000000023c3f       0x95 /tmp/DxeCore.dll.77YopX.ltrans1.ltrans.o
 .rodata.CoreRaiseTpl.str1.1
                0x0000000000023cd4       0x8d /tmp/DxeCore.dll.77YopX.ltrans1.ltrans.o
 .rodata.CoreRestoreTpl.str1.1
                0x0000000000023d61       0x86 /tmp/DxeCore.dll.77YopX.ltrans1.ltrans.o
 .rodata.CoreCloseEvent.str1.1
                0x0000000000023de7       0x45 /tmp/DxeCore.dll.77YopX.ltrans1.ltrans.o
 .rodata.CoreSchedule.str1.1
                0x0000000000023de7       0x42 /tmp/DxeCore.dll.77YopX.ltrans1.ltrans.o
 .rodata.CoreInsertOnScheduledQueueWhileProcessingBeforeAndAfter.str1.1
                0x0000000000023e29       0x81 /tmp/DxeCore.dll.77YopX.ltrans1.ltrans.o
 .rodata.CoreNotifyOnProtocolEntryTable.str1.1
                0x0000000000023eaa       0x53 /tmp/DxeCore.dll.77YopX.ltrans1.ltrans.o
 .rodata.InternalAllocateCopyPool.str1.1
                0x0000000000023efd       0xa6 /tmp/DxeCore.dll.77YopX.ltrans1.ltrans.o
 .rodata.NotifyFwVolBlock.str1.1
                0x0000000000023fa3      0x10c /tmp/DxeCore.dll.77YopX.ltrans1.ltrans.o
 .rodata.FvReadFileSection.str1.1
                0x00000000000240af       0xb6 /tmp/DxeCore.dll.77YopX.ltrans1.ltrans.o
                                        0x117 (size before relaxing)
 .rodata.ProduceFVBProtocolOnBuffer.str1.1
                0x0000000000024165       0x48 /tmp/DxeCore.dll.77YopX.ltrans1.ltrans.o
 .rodata.CoreProcessFirmwareVolume.str1.1
                0x00000000000241ad       0x22 /tmp/DxeCore.dll.77YopX.ltrans1.ltrans.o
 .rodata.CoreDispatcher.str1.1
                0x00000000000241cf      0x2cd /tmp/DxeCore.dll.77YopX.ltrans1.ltrans.o
                                        0x2df (size before relaxing)
 .rodata.CoreDispatcher
                0x000000000002449c       0x10 /tmp/DxeCore.dll.77YopX.ltrans1.ltrans.o