Archive member included to satisfy reference by file (symbol)

/home/daijh/sdk/rk3588/uefi/Build/RK3588/DEBUG_GCC5/AARCH64/MdePkg/Library/UefiDriverEntryPoint/UefiDriverEntryPoint/OUTPUT/UefiDriverEntryPoint.lib(DriverEntryPoint.obj)
                              (_ModuleEntryPoint)
/home/daijh/sdk/rk3588/uefi/Build/RK3588/DEBUG_GCC5/AARCH64/ArmPkg/Library/CompilerIntrinsicsLib/CompilerIntrinsicsLib/OUTPUT/CompilerIntrinsicsLib.lib(memcpy.obj)
                              /home/daijh/sdk/rk3588/uefi/edk2/ArmPkg/Library/GccLto/liblto-aarch64.a (memcpy)
/home/daijh/sdk/rk3588/uefi/Build/RK3588/DEBUG_GCC5/AARCH64/ArmPkg/Library/CompilerIntrinsicsLib/CompilerIntrinsicsLib/OUTPUT/CompilerIntrinsicsLib.lib(memset.obj)
                              /home/daijh/sdk/rk3588/uefi/edk2/ArmPkg/Library/GccLto/liblto-aarch64.a (memset)
/home/daijh/sdk/rk3588/uefi/Build/RK3588/DEBUG_GCC5/AARCH64/MdePkg/Library/BaseStackCheckLib/BaseStackCheckLib/OUTPUT/BaseStackCheckLib.lib(BaseStackCheckGcc.obj)
                              /home/daijh/sdk/rk3588/uefi/edk2/ArmPkg/Library/GccLto/liblto-aarch64.a (__stack_chk_fail)
/home/daijh/sdk/rk3588/uefi/Build/RK3588/DEBUG_GCC5/AARCH64/EmbeddedPkg/Drivers/AndroidFastbootTransportUsbDxe/FastbootTransportUsbDxe/OUTPUT/FastbootTransportUsbDxe.lib(AutoGen.obj)
                              DriverEntryPoint.obj (symbol from plugin) (ProcessLibraryConstructorList)
/home/daijh/sdk/rk3588/uefi/Build/RK3588/DEBUG_GCC5/AARCH64/EmbeddedPkg/Drivers/AndroidFastbootTransportUsbDxe/FastbootTransportUsbDxe/OUTPUT/FastbootTransportUsbDxe.lib(FastbootTransportUsb.obj)
                              AutoGen.obj (symbol from plugin) (FastbootTransportUsbEntryPoint)
/home/daijh/sdk/rk3588/uefi/Build/RK3588/DEBUG_GCC5/AARCH64/MdePkg/Library/BaseLib/BaseLib/OUTPUT/BaseLib.lib(CpuDeadLoop.obj)
                              BaseStackCheckGcc.obj (symbol from plugin) (CpuDeadLoop)
/home/daijh/sdk/rk3588/uefi/Build/RK3588/DEBUG_GCC5/AARCH64/MdePkg/Library/BaseLib/BaseLib/OUTPUT/BaseLib.lib(LinkedList.obj)
                              FastbootTransportUsb.obj (symbol from plugin) (InitializeListHead)
/home/daijh/sdk/rk3588/uefi/Build/RK3588/DEBUG_GCC5/AARCH64/MdePkg/Library/BaseLib/BaseLib/OUTPUT/BaseLib.lib(SwitchStack.obj)
                              CpuDeadLoop.obj (symbol from plugin) (CpuPause)
/home/daijh/sdk/rk3588/uefi/Build/RK3588/DEBUG_GCC5/AARCH64/MdePkg/Library/BaseLib/BaseLib/OUTPUT/BaseLib.lib(CpuBreakpoint.obj)
                              BaseStackCheckGcc.obj (symbol from plugin) (CpuBreakpoint)
/home/daijh/sdk/rk3588/uefi/Build/RK3588/DEBUG_GCC5/AARCH64/MdePkg/Library/BaseDebugLibSerialPort/BaseDebugLibSerialPort/OUTPUT/BaseDebugLibSerialPort.lib(DebugLib.obj)
                              AutoGen.obj (symbol from plugin) (BaseDebugLibSerialPortConstructor)
/home/daijh/sdk/rk3588/uefi/Build/RK3588/DEBUG_GCC5/AARCH64/MdePkg/Library/UefiBootServicesTableLib/UefiBootServicesTableLib/OUTPUT/UefiBootServicesTableLib.lib(UefiBootServicesTableLib.obj)
                              AutoGen.obj (symbol from plugin) (UefiBootServicesTableLibConstructor)
/home/daijh/sdk/rk3588/uefi/Build/RK3588/DEBUG_GCC5/AARCH64/MdePkg/Library/UefiMemoryAllocationLib/UefiMemoryAllocationLib/OUTPUT/UefiMemoryAllocationLib.lib(MemoryAllocationLib.obj)
                              FastbootTransportUsb.obj (symbol from plugin) (AllocatePool)
/home/daijh/sdk/rk3588/uefi/Build/RK3588/DEBUG_GCC5/AARCH64/MdePkg/Library/BaseMemoryLibOptDxe/BaseMemoryLibOptDxe/OUTPUT/BaseMemoryLibOptDxe.lib(ZeroMemWrapper.obj)
                              MemoryAllocationLib.obj (symbol from plugin) (ZeroMem)
/home/daijh/sdk/rk3588/uefi/Build/RK3588/DEBUG_GCC5/AARCH64/MdePkg/Library/BaseMemoryLibOptDxe/BaseMemoryLibOptDxe/OUTPUT/BaseMemoryLibOptDxe.lib(SetMemWrapper.obj)
                              DebugLib.obj (symbol from plugin) (SetMem)
/home/daijh/sdk/rk3588/uefi/Build/RK3588/DEBUG_GCC5/AARCH64/MdePkg/Library/BaseMemoryLibOptDxe/BaseMemoryLibOptDxe/OUTPUT/BaseMemoryLibOptDxe.lib(CopyMemWrapper.obj)
                              MemoryAllocationLib.obj (symbol from plugin) (CopyMem)
/home/daijh/sdk/rk3588/uefi/Build/RK3588/DEBUG_GCC5/AARCH64/MdePkg/Library/BaseMemoryLibOptDxe/BaseMemoryLibOptDxe/OUTPUT/BaseMemoryLibOptDxe.lib(SetMem.obj)
                              ZeroMemWrapper.obj (symbol from plugin) (InternalMemZeroMem)
/home/daijh/sdk/rk3588/uefi/Build/RK3588/DEBUG_GCC5/AARCH64/MdePkg/Library/BaseMemoryLibOptDxe/BaseMemoryLibOptDxe/OUTPUT/BaseMemoryLibOptDxe.lib(CopyMem.obj)
                              CopyMemWrapper.obj (symbol from plugin) (InternalMemCopyMem)
/home/daijh/sdk/rk3588/uefi/Build/RK3588/DEBUG_GCC5/AARCH64/MdePkg/Library/BaseMemoryLibOptDxe/BaseMemoryLibOptDxe/OUTPUT/BaseMemoryLibOptDxe.lib(SetMem64Wrapper.obj)
                              SetMemWrapper.obj (symbol from plugin) (SetMem64)
/home/daijh/sdk/rk3588/uefi/Build/RK3588/DEBUG_GCC5/AARCH64/MdePkg/Library/BaseLib/BaseLib/OUTPUT/BaseLib.lib(String.obj)
                              DebugLib.obj (symbol from plugin) (AsciiStrLen)
/home/daijh/sdk/rk3588/uefi/Build/RK3588/DEBUG_GCC5/AARCH64/MdePkg/Library/BaseLib/BaseLib/OUTPUT/BaseLib.lib(SafeString.obj)
                              String.obj (symbol from plugin) (StrDecimalToUintnS)
/home/daijh/sdk/rk3588/uefi/Build/RK3588/DEBUG_GCC5/AARCH64/MdePkg/Library/BaseLib/BaseLib/OUTPUT/BaseLib.lib(SwapBytes32.obj)
                              SafeString.obj (symbol from plugin) (SwapBytes32)
/home/daijh/sdk/rk3588/uefi/Build/RK3588/DEBUG_GCC5/AARCH64/MdePkg/Library/BaseLib/BaseLib/OUTPUT/BaseLib.lib(SwapBytes16.obj)
                              SafeString.obj (symbol from plugin) (SwapBytes16)
/home/daijh/sdk/rk3588/uefi/Build/RK3588/DEBUG_GCC5/AARCH64/MdePkg/Library/BaseLib/BaseLib/OUTPUT/BaseLib.lib(RShiftU64.obj)
                              SafeString.obj (symbol from plugin) (RShiftU64)
/home/daijh/sdk/rk3588/uefi/Build/RK3588/DEBUG_GCC5/AARCH64/MdePkg/Library/BaseLib/BaseLib/OUTPUT/BaseLib.lib(MultU64x32.obj)
                              SafeString.obj (symbol from plugin) (MultU64x32)
/home/daijh/sdk/rk3588/uefi/Build/RK3588/DEBUG_GCC5/AARCH64/MdePkg/Library/BaseLib/BaseLib/OUTPUT/BaseLib.lib(LShiftU64.obj)
                              SafeString.obj (symbol from plugin) (LShiftU64)
/home/daijh/sdk/rk3588/uefi/Build/RK3588/DEBUG_GCC5/AARCH64/MdePkg/Library/BaseLib/BaseLib/OUTPUT/BaseLib.lib(DivU64x32.obj)
                              SafeString.obj (symbol from plugin) (DivU64x32)
/home/daijh/sdk/rk3588/uefi/Build/RK3588/DEBUG_GCC5/AARCH64/MdePkg/Library/BaseLib/BaseLib/OUTPUT/BaseLib.lib(Math64.obj)
                              LShiftU64.obj (symbol from plugin) (InternalMathLShiftU64)
/home/daijh/sdk/rk3588/uefi/Build/RK3588/DEBUG_GCC5/AARCH64/MdePkg/Library/BaseDebugPrintErrorLevelLib/BaseDebugPrintErrorLevelLib/OUTPUT/BaseDebugPrintErrorLevelLib.lib(BaseDebugPrintErrorLevelLib.obj)
                              DebugLib.obj (symbol from plugin) (GetDebugPrintErrorLevel)
/home/daijh/sdk/rk3588/uefi/Build/RK3588/DEBUG_GCC5/AARCH64/MdePkg/Library/BasePrintLib/BasePrintLib/OUTPUT/BasePrintLib.lib(PrintLib.obj)
                              DebugLib.obj (symbol from plugin) (AsciiVSPrint)
/home/daijh/sdk/rk3588/uefi/Build/RK3588/DEBUG_GCC5/AARCH64/MdePkg/Library/BasePrintLib/BasePrintLib/OUTPUT/BasePrintLib.lib(PrintLibInternal.obj)
                              PrintLib.obj (symbol from plugin) (BasePrintLibConvertValueToStringS)
/home/daijh/sdk/rk3588/uefi/Build/RK3588/DEBUG_GCC5/AARCH64/Silicon/Rockchip/Library/SerialPortLib/SerialPortLib/OUTPUT/SerialPortLib.lib(SerialPortLib.obj)
                              DebugLib.obj (symbol from plugin) (SerialPortInitialize)
/home/daijh/sdk/rk3588/uefi/Build/RK3588/DEBUG_GCC5/AARCH64/MdePkg/Library/BaseMemoryLibOptDxe/BaseMemoryLibOptDxe/OUTPUT/BaseMemoryLibOptDxe.lib(MemLibGuid.obj)
                              SafeString.obj (symbol from plugin) (CopyGuid)
/home/daijh/sdk/rk3588/uefi/Build/RK3588/DEBUG_GCC5/AARCH64/MdePkg/Library/BaseMemoryLibOptDxe/BaseMemoryLibOptDxe/OUTPUT/BaseMemoryLibOptDxe.lib(CompareGuid.obj)
                              MemLibGuid.obj (symbol from plugin) (InternalMemCompareGuid)
/home/daijh/sdk/rk3588/uefi/Build/RK3588/DEBUG_GCC5/AARCH64/MdePkg/Library/BaseLib/BaseLib/OUTPUT/BaseLib.lib(DivU64x32Remainder.obj)
                              PrintLibInternal.obj (symbol from plugin) (DivU64x32Remainder)
/home/daijh/sdk/rk3588/uefi/Build/RK3588/DEBUG_GCC5/AARCH64/MdePkg/Library/BaseLib/BaseLib/OUTPUT/BaseLib.lib(Unaligned.obj)
                              PrintLibInternal.obj (symbol from plugin) (ReadUnaligned16)
/home/daijh/sdk/rk3588/uefi/Build/RK3588/DEBUG_GCC5/AARCH64/Silicon/Rockchip/Library/SerialPortLib/UartLib/OUTPUT/UartLib.lib(UartLib.obj)
                              SerialPortLib.obj (symbol from plugin) (UartInitializePort)
/home/daijh/sdk/rk3588/uefi/Build/RK3588/DEBUG_GCC5/AARCH64/MdePkg/Library/BaseIoLibIntrinsic/BaseIoLibIntrinsic/OUTPUT/BaseIoLibIntrinsic.lib(IoLibNoIo.obj)
                              UartLib.obj (symbol from plugin) (MmioRead32)
/home/daijh/sdk/rk3588/uefi/Build/RK3588/DEBUG_GCC5/AARCH64/MdePkg/Library/RegisterFilterLibNull/RegisterFilterLibNull/OUTPUT/FilterLibNull.lib(RegisterFilterLibNull.obj)
                              IoLibNoIo.obj (symbol from plugin) (FilterBeforeMmIoRead)

Discarded input sections

 .text          0x0000000000000000       0x10 /home/daijh/sdk/rk3588/uefi/edk2/ArmPkg/Library/GccLto/liblto-aarch64.a
 .data          0x0000000000000000        0x0 /home/daijh/sdk/rk3588/uefi/edk2/ArmPkg/Library/GccLto/liblto-aarch64.a
 .bss           0x0000000000000000        0x0 /home/daijh/sdk/rk3588/uefi/edk2/ArmPkg/Library/GccLto/liblto-aarch64.a
 .text          0x0000000000000000        0x0 /tmp/FastbootTransportUsbDxe.dll.L1uI5l.ltrans0.ltrans.o
 .data          0x0000000000000000        0x0 /tmp/FastbootTransportUsbDxe.dll.L1uI5l.ltrans0.ltrans.o
 .bss           0x0000000000000000        0x0 /tmp/FastbootTransportUsbDxe.dll.L1uI5l.ltrans0.ltrans.o
 .text._DriverUnloadHandler
                0x0000000000000000        0x8 /tmp/FastbootTransportUsbDxe.dll.L1uI5l.ltrans0.ltrans.o
 .text.memcpy   0x0000000000000000       0x20 /tmp/FastbootTransportUsbDxe.dll.L1uI5l.ltrans0.ltrans.o
 .text.__memset
                0x0000000000000000       0x1c /tmp/FastbootTransportUsbDxe.dll.L1uI5l.ltrans0.ltrans.o
 .rodata.__stack_chk_fail.str1.1
                0x0000000000000000       0x2e /tmp/FastbootTransportUsbDxe.dll.L1uI5l.ltrans0.ltrans.o
 .text.__stack_chk_fail
                0x0000000000000000       0x40 /tmp/FastbootTransportUsbDxe.dll.L1uI5l.ltrans0.ltrans.o
 .data.__stack_chk_guard
                0x0000000000000000        0x8 /tmp/FastbootTransportUsbDxe.dll.L1uI5l.ltrans0.ltrans.o
 .comment       0x0000000000000000       0x5e /tmp/FastbootTransportUsbDxe.dll.L1uI5l.ltrans0.ltrans.o
 .note.GNU-stack
                0x0000000000000000        0x0 /tmp/FastbootTransportUsbDxe.dll.L1uI5l.ltrans0.ltrans.o
 .comment       0x0000000000000000       0x5e /tmp/ccog9Nr4.debug.temp.o
 .note.GNU-stack
                0x0000000000000000        0x0 /tmp/ccog9Nr4.debug.temp.o
 .comment       0x0000000000000000       0x5e /tmp/cc2acn1h.debug.temp.o
 .note.GNU-stack
                0x0000000000000000        0x0 /tmp/cc2acn1h.debug.temp.o
 .comment       0x0000000000000000       0x5e /tmp/cczneYP4.debug.temp.o
 .note.GNU-stack
                0x0000000000000000        0x0 /tmp/cczneYP4.debug.temp.o
 .comment       0x0000000000000000       0x5e /tmp/ccZnp9PI.debug.temp.o
 .note.GNU-stack
                0x0000000000000000        0x0 /tmp/ccZnp9PI.debug.temp.o
 .comment       0x0000000000000000       0x5e /tmp/ccF5i3o6.debug.temp.o
 .note.GNU-stack
                0x0000000000000000        0x0 /tmp/ccF5i3o6.debug.temp.o
 .comment       0x0000000000000000       0x5e /tmp/ccA8aKzl.debug.temp.o
 .note.GNU-stack
                0x0000000000000000        0x0 /tmp/ccA8aKzl.debug.temp.o
 .debug_info    0x0000000000000000       0x96 /tmp/ccqKNoLb.debug.temp.o
 .debug_abbrev  0x0000000000000000       0x5c /tmp/ccqKNoLb.debug.temp.o
 .debug_line    0x0000000000000000       0xb2 /tmp/ccqKNoLb.debug.temp.o
 .debug_str     0x0000000000000000      0x282 /tmp/ccqKNoLb.debug.temp.o
 .comment       0x0000000000000000       0x5e /tmp/ccqKNoLb.debug.temp.o
 .note.GNU-stack
                0x0000000000000000        0x0 /tmp/ccqKNoLb.debug.temp.o
 .comment       0x0000000000000000       0x5e /tmp/ccKOnwZT.debug.temp.o
 .note.GNU-stack
                0x0000000000000000        0x0 /tmp/ccKOnwZT.debug.temp.o
 .comment       0x0000000000000000       0x5e /tmp/ccrLBm2d.debug.temp.o
 .note.GNU-stack
                0x0000000000000000        0x0 /tmp/ccrLBm2d.debug.temp.o
 .comment       0x0000000000000000       0x5e /tmp/ccGRXhOy.debug.temp.o
 .note.GNU-stack
                0x0000000000000000        0x0 /tmp/ccGRXhOy.debug.temp.o
 .comment       0x0000000000000000       0x5e /tmp/ccjShhD4.debug.temp.o
 .note.GNU-stack
                0x0000000000000000        0x0 /tmp/ccjShhD4.debug.temp.o
 .debug_info    0x0000000000000000       0xaf /tmp/ccdYpku6.debug.temp.o
 .debug_abbrev  0x0000000000000000       0x5e /tmp/ccdYpku6.debug.temp.o
 .debug_line    0x0000000000000000       0xc1 /tmp/ccdYpku6.debug.temp.o
 .debug_str     0x0000000000000000      0x2b5 /tmp/ccdYpku6.debug.temp.o
 .comment       0x0000000000000000       0x5e /tmp/ccdYpku6.debug.temp.o
 .note.GNU-stack
                0x0000000000000000        0x0 /tmp/ccdYpku6.debug.temp.o
 .debug_info    0x0000000000000000      0x108 /tmp/cc9nsm34.debug.temp.o
 .debug_abbrev  0x0000000000000000       0x73 /tmp/cc9nsm34.debug.temp.o
 .debug_line    0x0000000000000000       0xc0 /tmp/cc9nsm34.debug.temp.o
 .debug_str     0x0000000000000000      0x2ce /tmp/cc9nsm34.debug.temp.o
 .comment       0x0000000000000000       0x5e /tmp/cc9nsm34.debug.temp.o
 .note.GNU-stack
                0x0000000000000000        0x0 /tmp/cc9nsm34.debug.temp.o
 .debug_info    0x0000000000000000       0xc6 /tmp/ccBZNlk4.debug.temp.o
 .debug_abbrev  0x0000000000000000       0x6e /tmp/ccBZNlk4.debug.temp.o
 .debug_line    0x0000000000000000       0xc1 /tmp/ccBZNlk4.debug.temp.o
 .debug_str     0x0000000000000000      0x2cd /tmp/ccBZNlk4.debug.temp.o
 .comment       0x0000000000000000       0x5e /tmp/ccBZNlk4.debug.temp.o
 .note.GNU-stack
                0x0000000000000000        0x0 /tmp/ccBZNlk4.debug.temp.o
 .debug_info    0x0000000000000000       0xbb /tmp/ccgyy3MY.debug.temp.o
 .debug_abbrev  0x0000000000000000       0x5e /tmp/ccgyy3MY.debug.temp.o
 .debug_line    0x0000000000000000       0xc2 /tmp/ccgyy3MY.debug.temp.o
 .debug_str     0x0000000000000000      0x2bd /tmp/ccgyy3MY.debug.temp.o
 .comment       0x0000000000000000       0x5e /tmp/ccgyy3MY.debug.temp.o
 .note.GNU-stack
                0x0000000000000000        0x0 /tmp/ccgyy3MY.debug.temp.o
 .comment       0x0000000000000000       0x5e /tmp/ccyBcHfV.debug.temp.o
 .note.GNU-stack
                0x0000000000000000        0x0 /tmp/ccyBcHfV.debug.temp.o
 .comment       0x0000000000000000       0x5e /tmp/cc7aa457.debug.temp.o
 .note.GNU-stack
                0x0000000000000000        0x0 /tmp/cc7aa457.debug.temp.o
 .debug_info    0x0000000000000000       0xad /tmp/ccKGGko1.debug.temp.o
 .debug_abbrev  0x0000000000000000       0x66 /tmp/ccKGGko1.debug.temp.o
 .debug_line    0x0000000000000000       0xb2 /tmp/ccKGGko1.debug.temp.o
 .debug_str     0x0000000000000000      0x29a /tmp/ccKGGko1.debug.temp.o
 .comment       0x0000000000000000       0x5e /tmp/ccKGGko1.debug.temp.o
 .note.GNU-stack
                0x0000000000000000        0x0 /tmp/ccKGGko1.debug.temp.o
 .debug_info    0x0000000000000000       0x89 /tmp/ccb0EXNd.debug.temp.o
 .debug_abbrev  0x0000000000000000       0x57 /tmp/ccb0EXNd.debug.temp.o
 .debug_line    0x0000000000000000       0xb2 /tmp/ccb0EXNd.debug.temp.o
 .debug_str     0x0000000000000000      0x27c /tmp/ccb0EXNd.debug.temp.o
 .comment       0x0000000000000000       0x5e /tmp/ccb0EXNd.debug.temp.o
 .note.GNU-stack
                0x0000000000000000        0x0 /tmp/ccb0EXNd.debug.temp.o
 .debug_info    0x0000000000000000       0xad /tmp/ccz4UD6U.debug.temp.o
 .debug_abbrev  0x0000000000000000       0x57 /tmp/ccz4UD6U.debug.temp.o
 .debug_line    0x0000000000000000       0xb0 /tmp/ccz4UD6U.debug.temp.o
 .debug_str     0x0000000000000000      0x28e /tmp/ccz4UD6U.debug.temp.o
 .comment       0x0000000000000000       0x5e /tmp/ccz4UD6U.debug.temp.o
 .note.GNU-stack
                0x0000000000000000        0x0 /tmp/ccz4UD6U.debug.temp.o
 .debug_info    0x0000000000000000       0xad /tmp/cculNm0q.debug.temp.o
 .debug_abbrev  0x0000000000000000       0x66 /tmp/cculNm0q.debug.temp.o
 .debug_line    0x0000000000000000       0xb1 /tmp/cculNm0q.debug.temp.o
 .debug_str     0x0000000000000000      0x29a /tmp/cculNm0q.debug.temp.o
 .comment       0x0000000000000000       0x5e /tmp/cculNm0q.debug.temp.o
 .note.GNU-stack
                0x0000000000000000        0x0 /tmp/cculNm0q.debug.temp.o
 .debug_info    0x0000000000000000       0xad /tmp/ccD6R037.debug.temp.o
 .debug_abbrev  0x0000000000000000       0x57 /tmp/ccD6R037.debug.temp.o
 .debug_line    0x0000000000000000       0xb0 /tmp/ccD6R037.debug.temp.o
 .debug_str     0x0000000000000000      0x28e /tmp/ccD6R037.debug.temp.o
 .comment       0x0000000000000000       0x5e /tmp/ccD6R037.debug.temp.o
 .note.GNU-stack
                0x0000000000000000        0x0 /tmp/ccD6R037.debug.temp.o
 .debug_info    0x0000000000000000       0xad /tmp/cc1YFQzT.debug.temp.o
 .debug_abbrev  0x0000000000000000       0x57 /tmp/cc1YFQzT.debug.temp.o
 .debug_line    0x0000000000000000       0xb0 /tmp/cc1YFQzT.debug.temp.o
 .debug_str     0x0000000000000000      0x292 /tmp/cc1YFQzT.debug.temp.o
 .comment       0x0000000000000000       0x5e /tmp/cc1YFQzT.debug.temp.o
 .note.GNU-stack
                0x0000000000000000        0x0 /tmp/cc1YFQzT.debug.temp.o
 .comment       0x0000000000000000       0x5e /tmp/ccqPnboR.debug.temp.o
 .note.GNU-stack
                0x0000000000000000        0x0 /tmp/ccqPnboR.debug.temp.o
 .debug_info    0x0000000000000000       0xb6 /tmp/cctgOUaL.debug.temp.o
 .debug_abbrev  0x0000000000000000       0x86 /tmp/cctgOUaL.debug.temp.o
 .debug_line    0x0000000000000000      0x16c /tmp/cctgOUaL.debug.temp.o
 .debug_str     0x0000000000000000      0x324 /tmp/cctgOUaL.debug.temp.o
 .comment       0x0000000000000000       0x5e /tmp/cctgOUaL.debug.temp.o
 .note.GNU-stack
                0x0000000000000000        0x0 /tmp/cctgOUaL.debug.temp.o
 .comment       0x0000000000000000       0x5e /tmp/ccqW1A37.debug.temp.o
 .note.GNU-stack
                0x0000000000000000        0x0 /tmp/ccqW1A37.debug.temp.o
 .comment       0x0000000000000000       0x5e /tmp/ccAix8re.debug.temp.o
 .note.GNU-stack
                0x0000000000000000        0x0 /tmp/ccAix8re.debug.temp.o
 .comment       0x0000000000000000       0x5e /tmp/cckAnZW2.debug.temp.o
 .note.GNU-stack
                0x0000000000000000        0x0 /tmp/cckAnZW2.debug.temp.o
 .debug_info    0x0000000000000000      0x1d0 /tmp/cco63lIn.debug.temp.o
 .debug_abbrev  0x0000000000000000       0xb6 /tmp/cco63lIn.debug.temp.o
 .debug_line    0x0000000000000000       0xfb /tmp/cco63lIn.debug.temp.o
 .debug_str     0x0000000000000000      0x33b /tmp/cco63lIn.debug.temp.o
 .comment       0x0000000000000000       0x5e /tmp/cco63lIn.debug.temp.o
 .note.GNU-stack
                0x0000000000000000        0x0 /tmp/cco63lIn.debug.temp.o
 .comment       0x0000000000000000       0x5e /tmp/cc3cDW6m.debug.temp.o
 .note.GNU-stack
                0x0000000000000000        0x0 /tmp/cc3cDW6m.debug.temp.o
 .comment       0x0000000000000000       0x5e /tmp/ccFV2dsn.debug.temp.o
 .note.GNU-stack
                0x0000000000000000        0x0 /tmp/ccFV2dsn.debug.temp.o
 .comment       0x0000000000000000       0x5e /tmp/ccVZWe8v.debug.temp.o
 .note.GNU-stack
                0x0000000000000000        0x0 /tmp/ccVZWe8v.debug.temp.o
 .comment       0x0000000000000000       0x5e /tmp/ccHXWYFP.debug.temp.o
 .note.GNU-stack
                0x0000000000000000        0x0 /tmp/ccHXWYFP.debug.temp.o
 .debug_info    0x0000000000000000      0x302 /tmp/cc5M9GgE.debug.temp.o
 .debug_abbrev  0x0000000000000000       0xcd /tmp/cc5M9GgE.debug.temp.o
 .debug_line    0x0000000000000000      0x119 /tmp/cc5M9GgE.debug.temp.o
 .debug_str     0x0000000000000000      0x40b /tmp/cc5M9GgE.debug.temp.o
 .comment       0x0000000000000000       0x5e /tmp/cc5M9GgE.debug.temp.o
 .note.GNU-stack
                0x0000000000000000        0x0 /tmp/cc5M9GgE.debug.temp.o
 .text          0x0000000000000000       0x30 /home/daijh/sdk/rk3588/uefi/Build/RK3588/DEBUG_GCC5/AARCH64/MdePkg/Library/BaseLib/BaseLib/OUTPUT/BaseLib.lib(SwitchStack.obj)
 .data          0x0000000000000000        0x0 /home/daijh/sdk/rk3588/uefi/Build/RK3588/DEBUG_GCC5/AARCH64/MdePkg/Library/BaseLib/BaseLib/OUTPUT/BaseLib.lib(SwitchStack.obj)
 .bss           0x0000000000000000        0x0 /home/daijh/sdk/rk3588/uefi/Build/RK3588/DEBUG_GCC5/AARCH64/MdePkg/Library/BaseLib/BaseLib/OUTPUT/BaseLib.lib(SwitchStack.obj)
 .text          0x0000000000000000        0x8 /home/daijh/sdk/rk3588/uefi/Build/RK3588/DEBUG_GCC5/AARCH64/MdePkg/Library/BaseLib/BaseLib/OUTPUT/BaseLib.lib(CpuBreakpoint.obj)
 .data          0x0000000000000000        0x0 /home/daijh/sdk/rk3588/uefi/Build/RK3588/DEBUG_GCC5/AARCH64/MdePkg/Library/BaseLib/BaseLib/OUTPUT/BaseLib.lib(CpuBreakpoint.obj)
 .bss           0x0000000000000000        0x0 /home/daijh/sdk/rk3588/uefi/Build/RK3588/DEBUG_GCC5/AARCH64/MdePkg/Library/BaseLib/BaseLib/OUTPUT/BaseLib.lib(CpuBreakpoint.obj)
 .text          0x0000000000000000      0x200 /home/daijh/sdk/rk3588/uefi/Build/RK3588/DEBUG_GCC5/AARCH64/MdePkg/Library/BaseMemoryLibOptDxe/BaseMemoryLibOptDxe/OUTPUT/BaseMemoryLibOptDxe.lib(SetMem.obj)
 .data          0x0000000000000000        0x0 /home/daijh/sdk/rk3588/uefi/Build/RK3588/DEBUG_GCC5/AARCH64/MdePkg/Library/BaseMemoryLibOptDxe/BaseMemoryLibOptDxe/OUTPUT/BaseMemoryLibOptDxe.lib(SetMem.obj)
 .bss           0x0000000000000000        0x0 /home/daijh/sdk/rk3588/uefi/Build/RK3588/DEBUG_GCC5/AARCH64/MdePkg/Library/BaseMemoryLibOptDxe/BaseMemoryLibOptDxe/OUTPUT/BaseMemoryLibOptDxe.lib(SetMem.obj)
 .text          0x0000000000000000      0x218 /home/daijh/sdk/rk3588/uefi/Build/RK3588/DEBUG_GCC5/AARCH64/MdePkg/Library/BaseMemoryLibOptDxe/BaseMemoryLibOptDxe/OUTPUT/BaseMemoryLibOptDxe.lib(CopyMem.obj)
 .data          0x0000000000000000        0x0 /home/daijh/sdk/rk3588/uefi/Build/RK3588/DEBUG_GCC5/AARCH64/MdePkg/Library/BaseMemoryLibOptDxe/BaseMemoryLibOptDxe/OUTPUT/BaseMemoryLibOptDxe.lib(CopyMem.obj)
 .bss           0x0000000000000000        0x0 /home/daijh/sdk/rk3588/uefi/Build/RK3588/DEBUG_GCC5/AARCH64/MdePkg/Library/BaseMemoryLibOptDxe/BaseMemoryLibOptDxe/OUTPUT/BaseMemoryLibOptDxe.lib(CopyMem.obj)
 .text          0x0000000000000000       0x20 /home/daijh/sdk/rk3588/uefi/Build/RK3588/DEBUG_GCC5/AARCH64/MdePkg/Library/BaseMemoryLibOptDxe/BaseMemoryLibOptDxe/OUTPUT/BaseMemoryLibOptDxe.lib(CompareGuid.obj)
 .data          0x0000000000000000        0x0 /home/daijh/sdk/rk3588/uefi/Build/RK3588/DEBUG_GCC5/AARCH64/MdePkg/Library/BaseMemoryLibOptDxe/BaseMemoryLibOptDxe/OUTPUT/BaseMemoryLibOptDxe.lib(CompareGuid.obj)
 .bss           0x0000000000000000        0x0 /home/daijh/sdk/rk3588/uefi/Build/RK3588/DEBUG_GCC5/AARCH64/MdePkg/Library/BaseMemoryLibOptDxe/BaseMemoryLibOptDxe/OUTPUT/BaseMemoryLibOptDxe.lib(CompareGuid.obj)

Memory Configuration

Name             Origin             Length             Attributes
*default*        0x0000000000000000 0xffffffffffffffff

Linker script and memory map

LOAD /home/daijh/sdk/rk3588/uefi/edk2/ArmPkg/Library/GccLto/liblto-aarch64.a
START GROUP
LOAD /tmp/FastbootTransportUsbDxe.dll.L1uI5l.ltrans0.ltrans.o
LOAD /tmp/ccog9Nr4.debug.temp.o
LOAD /tmp/cc2acn1h.debug.temp.o
LOAD /tmp/cczneYP4.debug.temp.o
LOAD /tmp/ccZnp9PI.debug.temp.o
LOAD /tmp/ccF5i3o6.debug.temp.o
LOAD /tmp/ccA8aKzl.debug.temp.o
LOAD /tmp/ccqKNoLb.debug.temp.o
LOAD /tmp/ccKOnwZT.debug.temp.o
LOAD /tmp/ccrLBm2d.debug.temp.o
LOAD /tmp/ccGRXhOy.debug.temp.o
LOAD /tmp/ccjShhD4.debug.temp.o
LOAD /tmp/ccdYpku6.debug.temp.o
LOAD /tmp/cc9nsm34.debug.temp.o
LOAD /tmp/ccBZNlk4.debug.temp.o
LOAD /tmp/ccgyy3MY.debug.temp.o
LOAD /tmp/ccyBcHfV.debug.temp.o
LOAD /tmp/cc7aa457.debug.temp.o
LOAD /tmp/ccKGGko1.debug.temp.o
LOAD /tmp/ccb0EXNd.debug.temp.o
LOAD /tmp/ccz4UD6U.debug.temp.o
LOAD /tmp/cculNm0q.debug.temp.o
LOAD /tmp/ccD6R037.debug.temp.o
LOAD /tmp/cc1YFQzT.debug.temp.o
LOAD /tmp/ccqPnboR.debug.temp.o
LOAD /tmp/cctgOUaL.debug.temp.o
LOAD /tmp/ccqW1A37.debug.temp.o
LOAD /tmp/ccAix8re.debug.temp.o
LOAD /tmp/cckAnZW2.debug.temp.o
LOAD /tmp/cco63lIn.debug.temp.o
LOAD /tmp/cc3cDW6m.debug.temp.o
LOAD /tmp/ccFV2dsn.debug.temp.o
LOAD /tmp/ccVZWe8v.debug.temp.o
LOAD /tmp/ccHXWYFP.debug.temp.o
LOAD /tmp/cc5M9GgE.debug.temp.o
LOAD /home/daijh/sdk/rk3588/uefi/Build/RK3588/DEBUG_GCC5/AARCH64/EmbeddedPkg/Drivers/AndroidFastbootTransportUsbDxe/FastbootTransportUsbDxe/OUTPUT/FastbootTransportUsbDxe.lib
LOAD /home/daijh/sdk/rk3588/uefi/Build/RK3588/DEBUG_GCC5/AARCH64/MdePkg/Library/DxePcdLib/DxePcdLib/OUTPUT/DxePcdLib.lib
LOAD /home/daijh/sdk/rk3588/uefi/Build/RK3588/DEBUG_GCC5/AARCH64/MdePkg/Library/BaseMemoryLibOptDxe/BaseMemoryLibOptDxe/OUTPUT/BaseMemoryLibOptDxe.lib
LOAD /home/daijh/sdk/rk3588/uefi/Build/RK3588/DEBUG_GCC5/AARCH64/MdePkg/Library/BaseLib/BaseLib/OUTPUT/BaseLib.lib
LOAD /home/daijh/sdk/rk3588/uefi/Build/RK3588/DEBUG_GCC5/AARCH64/MdePkg/Library/RegisterFilterLibNull/RegisterFilterLibNull/OUTPUT/FilterLibNull.lib
LOAD /home/daijh/sdk/rk3588/uefi/Build/RK3588/DEBUG_GCC5/AARCH64/MdePkg/Library/BaseIoLibIntrinsic/BaseIoLibIntrinsic/OUTPUT/BaseIoLibIntrinsic.lib
LOAD /home/daijh/sdk/rk3588/uefi/Build/RK3588/DEBUG_GCC5/AARCH64/Silicon/Rockchip/Library/SerialPortLib/UartLib/OUTPUT/UartLib.lib
LOAD /home/daijh/sdk/rk3588/uefi/Build/RK3588/DEBUG_GCC5/AARCH64/MdePkg/Library/BaseDebugPrintErrorLevelLib/BaseDebugPrintErrorLevelLib/OUTPUT/BaseDebugPrintErrorLevelLib.lib
LOAD /home/daijh/sdk/rk3588/uefi/Build/RK3588/DEBUG_GCC5/AARCH64/MdePkg/Library/BasePrintLib/BasePrintLib/OUTPUT/BasePrintLib.lib
LOAD /home/daijh/sdk/rk3588/uefi/Build/RK3588/DEBUG_GCC5/AARCH64/Silicon/Rockchip/Library/SerialPortLib/SerialPortLib/OUTPUT/SerialPortLib.lib
LOAD /home/daijh/sdk/rk3588/uefi/Build/RK3588/DEBUG_GCC5/AARCH64/MdePkg/Library/BaseDebugLibSerialPort/BaseDebugLibSerialPort/OUTPUT/BaseDebugLibSerialPort.lib
LOAD /home/daijh/sdk/rk3588/uefi/Build/RK3588/DEBUG_GCC5/AARCH64/MdePkg/Library/UefiBootServicesTableLib/UefiBootServicesTableLib/OUTPUT/UefiBootServicesTableLib.lib
LOAD /home/daijh/sdk/rk3588/uefi/Build/RK3588/DEBUG_GCC5/AARCH64/MdePkg/Library/UefiMemoryAllocationLib/UefiMemoryAllocationLib/OUTPUT/UefiMemoryAllocationLib.lib
LOAD /home/daijh/sdk/rk3588/uefi/Build/RK3588/DEBUG_GCC5/AARCH64/MdePkg/Library/UefiDriverEntryPoint/UefiDriverEntryPoint/OUTPUT/UefiDriverEntryPoint.lib
LOAD /home/daijh/sdk/rk3588/uefi/Build/RK3588/DEBUG_GCC5/AARCH64/ArmPkg/Library/CompilerIntrinsicsLib/CompilerIntrinsicsLib/OUTPUT/CompilerIntrinsicsLib.lib
LOAD /home/daijh/sdk/rk3588/uefi/Build/RK3588/DEBUG_GCC5/AARCH64/MdePkg/Library/BaseStackCheckLib/BaseStackCheckLib/OUTPUT/BaseStackCheckLib.lib
END GROUP
                0x0000000000000228                . = PECOFF_HEADER_SIZE

.text           0x0000000000001000     0x1ee4
 *(.text .text.* .stub .gnu.linkonce.t.*)
 .text.DebugPrintLevelEnabled.constprop.0
                0x0000000000001000        0x8 /tmp/FastbootTransportUsbDxe.dll.L1uI5l.ltrans0.ltrans.o
 .text.DataSent
                0x0000000000001008        0x4 /tmp/FastbootTransportUsbDxe.dll.L1uI5l.ltrans0.ltrans.o
 .text.FastbootTransportUsbStop
                0x000000000000100c        0x8 /tmp/FastbootTransportUsbDxe.dll.L1uI5l.ltrans0.ltrans.o
 .text.FastbootTransportUsbSend
                0x0000000000001014       0x20 /tmp/FastbootTransportUsbDxe.dll.L1uI5l.ltrans0.ltrans.o
 .text.DebugAssertEnabled
                0x0000000000001034        0x8 /tmp/FastbootTransportUsbDxe.dll.L1uI5l.ltrans0.ltrans.o
 .text.DebugPrintEnabled
                0x000000000000103c        0x8 /tmp/FastbootTransportUsbDxe.dll.L1uI5l.ltrans0.ltrans.o
 .text.AsciiStrnLenS
                0x0000000000001044       0x3c /tmp/FastbootTransportUsbDxe.dll.L1uI5l.ltrans0.ltrans.o
 .text.BasePrintLibFillBuffer
                0x0000000000001080       0x34 /tmp/FastbootTransportUsbDxe.dll.L1uI5l.ltrans0.ltrans.o
 .text.BasePrintLibSPrintMarker.constprop.0
                0x00000000000010b4      0xbbc /tmp/FastbootTransportUsbDxe.dll.L1uI5l.ltrans0.ltrans.o
 .text.AsciiSPrint.constprop.0
                0x0000000000001c70       0x64 /tmp/FastbootTransportUsbDxe.dll.L1uI5l.ltrans0.ltrans.o
 .text.DebugAssert
                0x0000000000001cd4       0x4c /tmp/FastbootTransportUsbDxe.dll.L1uI5l.ltrans0.ltrans.o
 .text.InternalBaseLibIsListValid
                0x0000000000001d20       0xb0 /tmp/FastbootTransportUsbDxe.dll.L1uI5l.ltrans0.ltrans.o
 .text.IsListEmpty
                0x0000000000001dd0       0x4c /tmp/FastbootTransportUsbDxe.dll.L1uI5l.ltrans0.ltrans.o
 .text.AsciiStrLen
                0x0000000000001e1c       0x74 /tmp/FastbootTransportUsbDxe.dll.L1uI5l.ltrans0.ltrans.o
 .text.ReadUnaligned16
                0x0000000000001e90       0x5c /tmp/FastbootTransportUsbDxe.dll.L1uI5l.ltrans0.ltrans.o
 .text.MmioRead32
                0x0000000000001eec        0x8 /tmp/FastbootTransportUsbDxe.dll.L1uI5l.ltrans0.ltrans.o
 .text.GetFirstNode.constprop.0
                0x0000000000001ef4       0x48 /tmp/FastbootTransportUsbDxe.dll.L1uI5l.ltrans0.ltrans.o
 .text.InsertTailList.constprop.0.isra.0
                0x0000000000001f3c       0x60 /tmp/FastbootTransportUsbDxe.dll.L1uI5l.ltrans0.ltrans.o
 .text.DataReceived
                0x0000000000001f9c       0xac /tmp/FastbootTransportUsbDxe.dll.L1uI5l.ltrans0.ltrans.o
 .text.MmioWrite32.isra.0
                0x0000000000002048        0x8 /tmp/FastbootTransportUsbDxe.dll.L1uI5l.ltrans0.ltrans.o
 .text.BaseDebugLibSerialPortConstructor
                0x0000000000002050       0xcc /tmp/FastbootTransportUsbDxe.dll.L1uI5l.ltrans0.ltrans.o
 .text.UartWrite.constprop.0.isra.0
                0x000000000000211c       0x4c /tmp/FastbootTransportUsbDxe.dll.L1uI5l.ltrans0.ltrans.o
 .text.DebugPrint.constprop.0
                0x0000000000002168       0x84 /tmp/FastbootTransportUsbDxe.dll.L1uI5l.ltrans0.ltrans.o
 .text.RemoveEntryList.isra.0
                0x00000000000021ec       0x50 /tmp/FastbootTransportUsbDxe.dll.L1uI5l.ltrans0.ltrans.o
 .text.FastbootTransportUsbReceive
                0x000000000000223c       0xd0 /tmp/FastbootTransportUsbDxe.dll.L1uI5l.ltrans0.ltrans.o
 .text.BasePrintLibSPrint.constprop.0
                0x000000000000230c       0x54 /tmp/FastbootTransportUsbDxe.dll.L1uI5l.ltrans0.ltrans.o
 .text.InitializeListHead.constprop.0.isra.0
                0x0000000000002360       0x14 /tmp/FastbootTransportUsbDxe.dll.L1uI5l.ltrans0.ltrans.o
 .text.FastbootTransportUsbStart
                0x0000000000002374       0x5c /tmp/FastbootTransportUsbDxe.dll.L1uI5l.ltrans0.ltrans.o
 .text._ModuleEntryPoint
                0x00000000000023d0      0x148 /tmp/FastbootTransportUsbDxe.dll.L1uI5l.ltrans0.ltrans.o
                0x00000000000023d0                _ModuleEntryPoint
 *(.rodata .rodata.* .gnu.linkonce.r.*)
 .rodata.BasePrintLibSPrintMarker.constprop.0.str1.1
                0x0000000000002518      0x197 /tmp/FastbootTransportUsbDxe.dll.L1uI5l.ltrans0.ltrans.o
 *fill*         0x00000000000026af        0x1 
 .rodata.BasePrintLibSPrintMarker.constprop.0
                0x00000000000026b0       0x5e /tmp/FastbootTransportUsbDxe.dll.L1uI5l.ltrans0.ltrans.o
 .rodata.AsciiSPrint.constprop.0.str1.1
                0x000000000000270e       0x18 /tmp/FastbootTransportUsbDxe.dll.L1uI5l.ltrans0.ltrans.o
 .rodata.DebugAssert.str1.1
                0x0000000000002726       0x18 /tmp/FastbootTransportUsbDxe.dll.L1uI5l.ltrans0.ltrans.o
 .rodata.InternalBaseLibIsListValid.str1.1
                0x000000000000273e       0x9b /tmp/FastbootTransportUsbDxe.dll.L1uI5l.ltrans0.ltrans.o
 .rodata.IsListEmpty.str1.1
                0x00000000000027d9       0x26 /tmp/FastbootTransportUsbDxe.dll.L1uI5l.ltrans0.ltrans.o
 .rodata.AsciiStrLen.str1.1
                0x00000000000027ff       0x79 /tmp/FastbootTransportUsbDxe.dll.L1uI5l.ltrans0.ltrans.o
 .rodata.ReadUnaligned16.str1.1
                0x0000000000002878       0x48 /tmp/FastbootTransportUsbDxe.dll.L1uI5l.ltrans0.ltrans.o
 .rodata.GetFirstNode.constprop.0.str1.1
                0x00000000000028c0       0x22 /tmp/FastbootTransportUsbDxe.dll.L1uI5l.ltrans0.ltrans.o
 .rodata.DataReceived.str1.1
                0x00000000000028e2       0x84 /tmp/FastbootTransportUsbDxe.dll.L1uI5l.ltrans0.ltrans.o
 .rodata.RemoveEntryList.isra.0.str1.1
                0x0000000000002966       0x15 /tmp/FastbootTransportUsbDxe.dll.L1uI5l.ltrans0.ltrans.o
 .rodata.FastbootTransportUsbReceive.str1.1
                0x000000000000297b       0x93 /tmp/FastbootTransportUsbDxe.dll.L1uI5l.ltrans0.ltrans.o
 .rodata._ModuleEntryPoint.str1.1
                0x0000000000002a0e      0x17b /tmp/FastbootTransportUsbDxe.dll.L1uI5l.ltrans0.ltrans.o
 .rodata.mErrorString
                0x0000000000002b89      0x2b5 /tmp/FastbootTransportUsbDxe.dll.L1uI5l.ltrans0.ltrans.o
 .rodata.mHexStr
                0x0000000000002e3e       0x10 /tmp/FastbootTransportUsbDxe.dll.L1uI5l.ltrans0.ltrans.o
 .rodata.mWarningString
                0x0000000000002e4e       0x96 /tmp/FastbootTransportUsbDxe.dll.L1uI5l.ltrans0.ltrans.o
 *(.got .got.*)
 *:AutoGen.obj(.data.g*Guid)

.data           0x0000000000003000       0xb0
 *(.data .data.* .gnu.linkonce.d.*)
 .data.gAndroidFastbootTransportProtocolGuid
                0x0000000000003000       0x10 /tmp/FastbootTransportUsbDxe.dll.L1uI5l.ltrans0.ltrans.o
 .data.gUsbDeviceProtocolGuid
                0x0000000000003010       0x10 /tmp/FastbootTransportUsbDxe.dll.L1uI5l.ltrans0.ltrans.o
 .data.mDeviceDescriptor
                0x0000000000003020       0x12 /tmp/FastbootTransportUsbDxe.dll.L1uI5l.ltrans0.ltrans.o
 .data.mGetConfigDescriptorResponse
                0x0000000000003032       0x20 /tmp/FastbootTransportUsbDxe.dll.L1uI5l.ltrans0.ltrans.o
 *fill*         0x0000000000003052        0x6 
 .data.mTransportProtocol
                0x0000000000003058       0x20 /tmp/FastbootTransportUsbDxe.dll.L1uI5l.ltrans0.ltrans.o
 *(.bss .bss.*)
 .bss.gBS       0x0000000000003078        0x8 /tmp/FastbootTransportUsbDxe.dll.L1uI5l.ltrans0.ltrans.o
 .bss.gImageHandle
                0x0000000000003080        0x8 /tmp/FastbootTransportUsbDxe.dll.L1uI5l.ltrans0.ltrans.o
 .bss.gST       0x0000000000003088        0x8 /tmp/FastbootTransportUsbDxe.dll.L1uI5l.ltrans0.ltrans.o
 .bss.mPacketList
                0x0000000000003090       0x10 /tmp/FastbootTransportUsbDxe.dll.L1uI5l.ltrans0.ltrans.o
 .bss.mReceiveEvent
                0x00000000000030a0        0x8 /tmp/FastbootTransportUsbDxe.dll.L1uI5l.ltrans0.ltrans.o
 .bss.mUsbDevice
                0x00000000000030a8        0x8 /tmp/FastbootTransportUsbDxe.dll.L1uI5l.ltrans0.ltrans.o

.eh_frame
 *(.eh_frame)

.rela
 *(.rela .rela.*)

.hii
 *(.hii)

.build-id
 *(.note.gnu.build-id)

/DISCARD/
 *(.note.GNU-stack)
 *(.gnu_debuglink)
 *(.interp)
 *(.dynsym)
 *(.dynstr)
 *(.dynamic)
 *(.hash .gnu.hash)
 *(.comment)
                0x0000000000000228                PECOFF_HEADER_SIZE = 0x228
OUTPUT(/home/daijh/sdk/rk3588/uefi/Build/RK3588/DEBUG_GCC5/AARCH64/EmbeddedPkg/Drivers/AndroidFastbootTransportUsbDxe/FastbootTransportUsbDxe/DEBUG/FastbootTransportUsbDxe.dll elf64-littleaarch64)
LOAD linker stubs

.debug_info     0x0000000000000000     0xd6df
 .debug_info    0x0000000000000000     0x1c0f /tmp/FastbootTransportUsbDxe.dll.L1uI5l.ltrans0.ltrans.o
 .debug_info    0x0000000000001c0f     0x191f /tmp/ccog9Nr4.debug.temp.o
                0x0000000000001c0f                DriverEntryPoint.c.6ad2c6b6
 .debug_info    0x000000000000352e      0x100 /tmp/cc2acn1h.debug.temp.o
                0x000000000000352e                memcpy.c.124218b3
 .debug_info    0x000000000000362e       0xb1 /tmp/cczneYP4.debug.temp.o
                0x000000000000362e                memset.c.fe78e419
 .debug_info    0x00000000000036df       0xb0 /tmp/ccZnp9PI.debug.temp.o
                0x00000000000036df                BaseStackCheckGcc.c.4b3a57a0
 .debug_info    0x000000000000378f     0x1b29 /tmp/ccF5i3o6.debug.temp.o
                0x000000000000378f                AutoGen.c.e89ba36c
 .debug_info    0x00000000000052b8     0x1e8d /tmp/ccA8aKzl.debug.temp.o
                0x00000000000052b8                FastbootTransportUsb.c.5d714641
 .debug_info    0x0000000000007145      0x328 /tmp/ccKOnwZT.debug.temp.o
                0x0000000000007145                LinkedList.c.b8b68687
 .debug_info    0x000000000000746d      0x32b /tmp/ccrLBm2d.debug.temp.o
                0x000000000000746d                DebugLib.c.b228dbcd
 .debug_info    0x0000000000007798     0x17cd /tmp/ccGRXhOy.debug.temp.o
                0x0000000000007798                UefiBootServicesTableLib.c.40f3e47d
 .debug_info    0x0000000000008f65     0x13a8 /tmp/ccjShhD4.debug.temp.o
                0x0000000000008f65                MemoryAllocationLib.c.3e4a7161
 .debug_info    0x000000000000a30d      0x711 /tmp/ccyBcHfV.debug.temp.o
                0x000000000000a30d                String.c.8e83c025
 .debug_info    0x000000000000aa1e      0xf83 /tmp/cc7aa457.debug.temp.o
                0x000000000000aa1e                SafeString.c.1b674302
 .debug_info    0x000000000000b9a1      0x30e /tmp/ccqPnboR.debug.temp.o
                0x000000000000b9a1                Math64.c.df2e98ae
 .debug_info    0x000000000000bcaf      0x5ad /tmp/ccqW1A37.debug.temp.o
                0x000000000000bcaf                PrintLib.c.b75a7535
 .debug_info    0x000000000000c25c      0x753 /tmp/ccAix8re.debug.temp.o
                0x000000000000c25c                PrintLibInternal.c.b254bcc3
 .debug_info    0x000000000000c9af      0x277 /tmp/cckAnZW2.debug.temp.o
                0x000000000000c9af                SerialPortLib.c.bf19079b
 .debug_info    0x000000000000cc26       0xc3 /tmp/cc3cDW6m.debug.temp.o
                0x000000000000cc26                DivU64x32Remainder.c.99a75392
 .debug_info    0x000000000000cce9      0x238 /tmp/ccFV2dsn.debug.temp.o
                0x000000000000cce9                Unaligned.c.a40271e9
 .debug_info    0x000000000000cf21      0x2d3 /tmp/ccVZWe8v.debug.temp.o
                0x000000000000cf21                UartLib.c.db43ab4c
 .debug_info    0x000000000000d1f4      0x4eb /tmp/ccHXWYFP.debug.temp.o
                0x000000000000d1f4                IoLibNoIo.c.373e17b9

.debug_abbrev   0x0000000000000000     0x189e
 .debug_abbrev  0x0000000000000000      0x216 /tmp/FastbootTransportUsbDxe.dll.L1uI5l.ltrans0.ltrans.o
 .debug_abbrev  0x0000000000000216      0x1d1 /tmp/ccog9Nr4.debug.temp.o
 .debug_abbrev  0x00000000000003e7       0xa4 /tmp/cc2acn1h.debug.temp.o
 .debug_abbrev  0x000000000000048b       0x76 /tmp/cczneYP4.debug.temp.o
 .debug_abbrev  0x0000000000000501       0x87 /tmp/ccZnp9PI.debug.temp.o
 .debug_abbrev  0x0000000000000588      0x26b /tmp/ccF5i3o6.debug.temp.o
 .debug_abbrev  0x00000000000007f3      0x212 /tmp/ccA8aKzl.debug.temp.o
 .debug_abbrev  0x0000000000000a05      0x102 /tmp/ccKOnwZT.debug.temp.o
 .debug_abbrev  0x0000000000000b07      0x12d /tmp/ccrLBm2d.debug.temp.o
 .debug_abbrev  0x0000000000000c34      0x1c5 /tmp/ccGRXhOy.debug.temp.o
 .debug_abbrev  0x0000000000000df9      0x1e4 /tmp/ccjShhD4.debug.temp.o
 .debug_abbrev  0x0000000000000fdd      0x101 /tmp/ccyBcHfV.debug.temp.o
 .debug_abbrev  0x00000000000010de      0x133 /tmp/cc7aa457.debug.temp.o
 .debug_abbrev  0x0000000000001211       0xa8 /tmp/ccqPnboR.debug.temp.o
 .debug_abbrev  0x00000000000012b9      0x106 /tmp/ccqW1A37.debug.temp.o
 .debug_abbrev  0x00000000000013bf      0x15c /tmp/ccAix8re.debug.temp.o
 .debug_abbrev  0x000000000000151b       0xc2 /tmp/cckAnZW2.debug.temp.o
 .debug_abbrev  0x00000000000015dd       0x62 /tmp/cc3cDW6m.debug.temp.o
 .debug_abbrev  0x000000000000163f       0x7f /tmp/ccFV2dsn.debug.temp.o
 .debug_abbrev  0x00000000000016be       0xf8 /tmp/ccVZWe8v.debug.temp.o
 .debug_abbrev  0x00000000000017b6       0xe8 /tmp/ccHXWYFP.debug.temp.o

.debug_loc      0x0000000000000000     0x3b6a
 .debug_loc     0x0000000000000000     0x3b6a /tmp/FastbootTransportUsbDxe.dll.L1uI5l.ltrans0.ltrans.o

.debug_aranges  0x0000000000000000      0x230
 .debug_aranges
                0x0000000000000000      0x230 /tmp/FastbootTransportUsbDxe.dll.L1uI5l.ltrans0.ltrans.o

.debug_ranges   0x0000000000000000      0x410
 .debug_ranges  0x0000000000000000      0x410 /tmp/FastbootTransportUsbDxe.dll.L1uI5l.ltrans0.ltrans.o

.debug_line     0x0000000000000000     0x32af
 .debug_line    0x0000000000000000     0x14eb /tmp/FastbootTransportUsbDxe.dll.L1uI5l.ltrans0.ltrans.o
 .debug_line    0x00000000000014eb      0x2de /tmp/ccog9Nr4.debug.temp.o
 .debug_line    0x00000000000017c9       0x70 /tmp/cc2acn1h.debug.temp.o
 .debug_line    0x0000000000001839       0x70 /tmp/cczneYP4.debug.temp.o
 .debug_line    0x00000000000018a9      0x144 /tmp/ccZnp9PI.debug.temp.o
 .debug_line    0x00000000000019ed      0x291 /tmp/ccF5i3o6.debug.temp.o
 .debug_line    0x0000000000001c7e      0x38d /tmp/ccA8aKzl.debug.temp.o
 .debug_line    0x000000000000200b      0x159 /tmp/ccKOnwZT.debug.temp.o
 .debug_line    0x0000000000002164      0x192 /tmp/ccrLBm2d.debug.temp.o
 .debug_line    0x00000000000022f6      0x237 /tmp/ccGRXhOy.debug.temp.o
 .debug_line    0x000000000000252d      0x20c /tmp/ccjShhD4.debug.temp.o
 .debug_line    0x0000000000002739      0x155 /tmp/ccyBcHfV.debug.temp.o
 .debug_line    0x000000000000288e      0x159 /tmp/cc7aa457.debug.temp.o
 .debug_line    0x00000000000029e7       0xad /tmp/ccqPnboR.debug.temp.o
 .debug_line    0x0000000000002a94       0xfc /tmp/ccqW1A37.debug.temp.o
 .debug_line    0x0000000000002b90      0x192 /tmp/ccAix8re.debug.temp.o
 .debug_line    0x0000000000002d22      0x14f /tmp/cckAnZW2.debug.temp.o
 .debug_line    0x0000000000002e71       0xb9 /tmp/cc3cDW6m.debug.temp.o
 .debug_line    0x0000000000002f2a       0xb4 /tmp/ccFV2dsn.debug.temp.o
 .debug_line    0x0000000000002fde      0x1c7 /tmp/ccVZWe8v.debug.temp.o
 .debug_line    0x00000000000031a5      0x10a /tmp/ccHXWYFP.debug.temp.o

.debug_str      0x0000000000000000     0x4088
 .debug_str     0x0000000000000000      0x236 /tmp/FastbootTransportUsbDxe.dll.L1uI5l.ltrans0.ltrans.o
                                        0x248 (size before relaxing)
 .debug_str     0x0000000000000236     0x1341 /tmp/ccog9Nr4.debug.temp.o
                                       0x1464 (size before relaxing)
 .debug_str     0x0000000000001577      0x21d /tmp/cc2acn1h.debug.temp.o
                                        0x2a4 (size before relaxing)
 .debug_str     0x0000000000001794       0x58 /tmp/cczneYP4.debug.temp.o
                                        0x298 (size before relaxing)
 .debug_str     0x00000000000017ec      0x110 /tmp/ccZnp9PI.debug.temp.o
                                        0x2f2 (size before relaxing)
 .debug_str     0x00000000000018fc      0x5cf /tmp/ccF5i3o6.debug.temp.o
                                       0x194a (size before relaxing)
 .debug_str     0x0000000000001ecb      0x7ad /tmp/ccA8aKzl.debug.temp.o
                                       0x1b98 (size before relaxing)
 .debug_str     0x0000000000002678      0x178 /tmp/ccKOnwZT.debug.temp.o
                                        0x3f6 (size before relaxing)
 .debug_str     0x00000000000027f0      0x235 /tmp/ccrLBm2d.debug.temp.o
                                        0x4eb (size before relaxing)
 .debug_str     0x0000000000002a25      0x105 /tmp/ccGRXhOy.debug.temp.o
                                       0x1382 (size before relaxing)
 .debug_str     0x0000000000002b2a      0x312 /tmp/ccjShhD4.debug.temp.o
                                        0xf74 (size before relaxing)
 .debug_str     0x0000000000002e3c      0x304 /tmp/ccyBcHfV.debug.temp.o
                                        0x67e (size before relaxing)
 .debug_str     0x0000000000003140      0x2ed /tmp/cc7aa457.debug.temp.o
                                        0x6ed (size before relaxing)
 .debug_str     0x000000000000342d      0x1bb /tmp/ccqPnboR.debug.temp.o
                                        0x407 (size before relaxing)
 .debug_str     0x00000000000035e8      0x225 /tmp/ccqW1A37.debug.temp.o
                                        0x48c (size before relaxing)
 .debug_str     0x000000000000380d      0x22a /tmp/ccAix8re.debug.temp.o
                                        0x687 (size before relaxing)
 .debug_str     0x0000000000003a37      0x1fe /tmp/cckAnZW2.debug.temp.o
                                        0x43f (size before relaxing)
 .debug_str     0x0000000000003c35       0x60 /tmp/cc3cDW6m.debug.temp.o
                                        0x2ae (size before relaxing)
 .debug_str     0x0000000000003c95       0xe1 /tmp/ccFV2dsn.debug.temp.o
                                        0x345 (size before relaxing)
 .debug_str     0x0000000000003d76      0x123 /tmp/ccVZWe8v.debug.temp.o
                                        0x438 (size before relaxing)
 .debug_str     0x0000000000003e99      0x1ef /tmp/ccHXWYFP.debug.temp.o
                                        0x3fa (size before relaxing)

.debug_frame    0x0000000000000000      0x4d0
 .debug_frame   0x0000000000000000      0x4d0 /tmp/FastbootTransportUsbDxe.dll.L1uI5l.ltrans0.ltrans.o
