Archive member included to satisfy reference by file (symbol)

/home/daijh/sdk/rk3588/uefi/Build/RK3588/DEBUG_GCC5/AARCH64/MdePkg/Library/UefiDriverEntryPoint/UefiDriverEntryPoint/OUTPUT/UefiDriverEntryPoint.lib(DriverEntryPoint.obj)
                              (_ModuleEntryPoint)
/home/daijh/sdk/rk3588/uefi/Build/RK3588/DEBUG_GCC5/AARCH64/ArmPkg/Library/CompilerIntrinsicsLib/CompilerIntrinsicsLib/OUTPUT/CompilerIntrinsicsLib.lib(memcpy.obj)
                              /home/daijh/sdk/rk3588/uefi/edk2/ArmPkg/Library/GccLto/liblto-aarch64.a (memcpy)
/home/daijh/sdk/rk3588/uefi/Build/RK3588/DEBUG_GCC5/AARCH64/ArmPkg/Library/CompilerIntrinsicsLib/CompilerIntrinsicsLib/OUTPUT/CompilerIntrinsicsLib.lib(memset.obj)
                              /home/daijh/sdk/rk3588/uefi/edk2/ArmPkg/Library/GccLto/liblto-aarch64.a (memset)
/home/daijh/sdk/rk3588/uefi/Build/RK3588/DEBUG_GCC5/AARCH64/MdePkg/Library/BaseStackCheckLib/BaseStackCheckLib/OUTPUT/BaseStackCheckLib.lib(BaseStackCheckGcc.obj)
                              /home/daijh/sdk/rk3588/uefi/edk2/ArmPkg/Library/GccLto/liblto-aarch64.a (__stack_chk_fail)
/home/daijh/sdk/rk3588/uefi/Build/RK3588/DEBUG_GCC5/AARCH64/Silicon/Rockchip/Drivers/Vop2Dxe/Vop2Dxe/OUTPUT/Vop2Dxe.lib(AutoGen.obj)
                              DriverEntryPoint.obj (symbol from plugin) (ProcessLibraryConstructorList)
/home/daijh/sdk/rk3588/uefi/Build/RK3588/DEBUG_GCC5/AARCH64/Silicon/Rockchip/Drivers/Vop2Dxe/Vop2Dxe/OUTPUT/Vop2Dxe.lib(Vop2Dxe.obj)
                              AutoGen.obj (symbol from plugin) (Vop2DxeInitialize)
/home/daijh/sdk/rk3588/uefi/Build/RK3588/DEBUG_GCC5/AARCH64/MdePkg/Library/BaseLib/BaseLib/OUTPUT/BaseLib.lib(CpuDeadLoop.obj)
                              BaseStackCheckGcc.obj (symbol from plugin) (CpuDeadLoop)
/home/daijh/sdk/rk3588/uefi/Build/RK3588/DEBUG_GCC5/AARCH64/MdePkg/Library/BaseLib/BaseLib/OUTPUT/BaseLib.lib(SwitchStack.obj)
                              CpuDeadLoop.obj (symbol from plugin) (CpuPause)
/home/daijh/sdk/rk3588/uefi/Build/RK3588/DEBUG_GCC5/AARCH64/MdePkg/Library/BaseLib/BaseLib/OUTPUT/BaseLib.lib(CpuBreakpoint.obj)
                              BaseStackCheckGcc.obj (symbol from plugin) (CpuBreakpoint)
/home/daijh/sdk/rk3588/uefi/Build/RK3588/DEBUG_GCC5/AARCH64/MdePkg/Library/BaseIoLibIntrinsic/BaseIoLibIntrinsic/OUTPUT/BaseIoLibIntrinsic.lib(IoLibNoIo.obj)
                              Vop2Dxe.obj (symbol from plugin) (MmioRead32)
/home/daijh/sdk/rk3588/uefi/Build/RK3588/DEBUG_GCC5/AARCH64/MdePkg/Library/BaseDebugLibSerialPort/BaseDebugLibSerialPort/OUTPUT/BaseDebugLibSerialPort.lib(DebugLib.obj)
                              AutoGen.obj (symbol from plugin) (BaseDebugLibSerialPortConstructor)
/home/daijh/sdk/rk3588/uefi/Build/RK3588/DEBUG_GCC5/AARCH64/MdePkg/Library/UefiBootServicesTableLib/UefiBootServicesTableLib/OUTPUT/UefiBootServicesTableLib.lib(UefiBootServicesTableLib.obj)
                              AutoGen.obj (symbol from plugin) (UefiBootServicesTableLibConstructor)
/home/daijh/sdk/rk3588/uefi/Build/RK3588/DEBUG_GCC5/AARCH64/MdePkg/Library/UefiMemoryAllocationLib/UefiMemoryAllocationLib/OUTPUT/UefiMemoryAllocationLib.lib(MemoryAllocationLib.obj)
                              Vop2Dxe.obj (symbol from plugin) (AllocatePool)
/home/daijh/sdk/rk3588/uefi/Build/RK3588/DEBUG_GCC5/AARCH64/ArmPkg/Library/ArmArchTimerLib/ArmArchTimerLib/OUTPUT/ArmArchTimerLib.lib(ArmArchTimerLib.obj)
                              AutoGen.obj (symbol from plugin) (TimerConstructor)
/home/daijh/sdk/rk3588/uefi/Build/RK3588/DEBUG_GCC5/AARCH64/MdePkg/Library/BaseMemoryLibOptDxe/BaseMemoryLibOptDxe/OUTPUT/BaseMemoryLibOptDxe.lib(ZeroMemWrapper.obj)
                              MemoryAllocationLib.obj (symbol from plugin) (ZeroMem)
/home/daijh/sdk/rk3588/uefi/Build/RK3588/DEBUG_GCC5/AARCH64/MdePkg/Library/BaseMemoryLibOptDxe/BaseMemoryLibOptDxe/OUTPUT/BaseMemoryLibOptDxe.lib(SetMemWrapper.obj)
                              DebugLib.obj (symbol from plugin) (SetMem)
/home/daijh/sdk/rk3588/uefi/Build/RK3588/DEBUG_GCC5/AARCH64/MdePkg/Library/BaseMemoryLibOptDxe/BaseMemoryLibOptDxe/OUTPUT/BaseMemoryLibOptDxe.lib(CopyMemWrapper.obj)
                              MemoryAllocationLib.obj (symbol from plugin) (CopyMem)
/home/daijh/sdk/rk3588/uefi/Build/RK3588/DEBUG_GCC5/AARCH64/MdePkg/Library/BaseMemoryLibOptDxe/BaseMemoryLibOptDxe/OUTPUT/BaseMemoryLibOptDxe.lib(SetMem.obj)
                              ZeroMemWrapper.obj (symbol from plugin) (InternalMemZeroMem)
/home/daijh/sdk/rk3588/uefi/Build/RK3588/DEBUG_GCC5/AARCH64/MdePkg/Library/BaseMemoryLibOptDxe/BaseMemoryLibOptDxe/OUTPUT/BaseMemoryLibOptDxe.lib(CopyMem.obj)
                              CopyMemWrapper.obj (symbol from plugin) (InternalMemCopyMem)
/home/daijh/sdk/rk3588/uefi/Build/RK3588/DEBUG_GCC5/AARCH64/MdePkg/Library/BaseMemoryLibOptDxe/BaseMemoryLibOptDxe/OUTPUT/BaseMemoryLibOptDxe.lib(SetMem64Wrapper.obj)
                              SetMemWrapper.obj (symbol from plugin) (SetMem64)
/home/daijh/sdk/rk3588/uefi/Build/RK3588/DEBUG_GCC5/AARCH64/MdePkg/Library/BaseLib/BaseLib/OUTPUT/BaseLib.lib(MultU64x64.obj)
                              ArmArchTimerLib.obj (symbol from plugin) (MultU64x64)
/home/daijh/sdk/rk3588/uefi/Build/RK3588/DEBUG_GCC5/AARCH64/MdePkg/Library/BaseLib/BaseLib/OUTPUT/BaseLib.lib(DivU64x32Remainder.obj)
                              ArmArchTimerLib.obj (symbol from plugin) (DivU64x32Remainder)
/home/daijh/sdk/rk3588/uefi/Build/RK3588/DEBUG_GCC5/AARCH64/MdePkg/Library/BaseLib/BaseLib/OUTPUT/BaseLib.lib(DivU64x32.obj)
                              ArmArchTimerLib.obj (symbol from plugin) (DivU64x32)
/home/daijh/sdk/rk3588/uefi/Build/RK3588/DEBUG_GCC5/AARCH64/MdePkg/Library/BaseLib/BaseLib/OUTPUT/BaseLib.lib(String.obj)
                              DebugLib.obj (symbol from plugin) (AsciiStrLen)
/home/daijh/sdk/rk3588/uefi/Build/RK3588/DEBUG_GCC5/AARCH64/MdePkg/Library/BaseLib/BaseLib/OUTPUT/BaseLib.lib(Math64.obj)
                              MultU64x64.obj (symbol from plugin) (InternalMathMultU64x64)
/home/daijh/sdk/rk3588/uefi/Build/RK3588/DEBUG_GCC5/AARCH64/MdePkg/Library/BaseLib/BaseLib/OUTPUT/BaseLib.lib(SwapBytes32.obj)
                              Math64.obj (symbol from plugin) (SwapBytes32)
/home/daijh/sdk/rk3588/uefi/Build/RK3588/DEBUG_GCC5/AARCH64/MdePkg/Library/BaseLib/BaseLib/OUTPUT/BaseLib.lib(SwapBytes16.obj)
                              SwapBytes32.obj (symbol from plugin) (SwapBytes16)
/home/daijh/sdk/rk3588/uefi/Build/RK3588/DEBUG_GCC5/AARCH64/MdePkg/Library/BaseLib/BaseLib/OUTPUT/BaseLib.lib(SafeString.obj)
                              String.obj (symbol from plugin) (StrDecimalToUintnS)
/home/daijh/sdk/rk3588/uefi/Build/RK3588/DEBUG_GCC5/AARCH64/MdePkg/Library/BaseLib/BaseLib/OUTPUT/BaseLib.lib(RShiftU64.obj)
                              SafeString.obj (symbol from plugin) (RShiftU64)
/home/daijh/sdk/rk3588/uefi/Build/RK3588/DEBUG_GCC5/AARCH64/MdePkg/Library/BaseLib/BaseLib/OUTPUT/BaseLib.lib(MultU64x32.obj)
                              SafeString.obj (symbol from plugin) (MultU64x32)
/home/daijh/sdk/rk3588/uefi/Build/RK3588/DEBUG_GCC5/AARCH64/MdePkg/Library/BaseLib/BaseLib/OUTPUT/BaseLib.lib(LShiftU64.obj)
                              SafeString.obj (symbol from plugin) (LShiftU64)
/home/daijh/sdk/rk3588/uefi/Build/RK3588/DEBUG_GCC5/AARCH64/MdePkg/Library/RegisterFilterLibNull/RegisterFilterLibNull/OUTPUT/FilterLibNull.lib(RegisterFilterLibNull.obj)
                              IoLibNoIo.obj (symbol from plugin) (FilterBeforeMmIoRead)
/home/daijh/sdk/rk3588/uefi/Build/RK3588/DEBUG_GCC5/AARCH64/MdePkg/Library/BaseDebugPrintErrorLevelLib/BaseDebugPrintErrorLevelLib/OUTPUT/BaseDebugPrintErrorLevelLib.lib(BaseDebugPrintErrorLevelLib.obj)
                              DebugLib.obj (symbol from plugin) (GetDebugPrintErrorLevel)
/home/daijh/sdk/rk3588/uefi/Build/RK3588/DEBUG_GCC5/AARCH64/MdePkg/Library/BasePrintLib/BasePrintLib/OUTPUT/BasePrintLib.lib(PrintLib.obj)
                              DebugLib.obj (symbol from plugin) (AsciiVSPrint)
/home/daijh/sdk/rk3588/uefi/Build/RK3588/DEBUG_GCC5/AARCH64/MdePkg/Library/BasePrintLib/BasePrintLib/OUTPUT/BasePrintLib.lib(PrintLibInternal.obj)
                              PrintLib.obj (symbol from plugin) (BasePrintLibConvertValueToStringS)
/home/daijh/sdk/rk3588/uefi/Build/RK3588/DEBUG_GCC5/AARCH64/Silicon/Rockchip/Library/SerialPortLib/SerialPortLib/OUTPUT/SerialPortLib.lib(SerialPortLib.obj)
                              DebugLib.obj (symbol from plugin) (SerialPortInitialize)
/home/daijh/sdk/rk3588/uefi/Build/RK3588/DEBUG_GCC5/AARCH64/ArmPkg/Library/ArmLib/ArmBaseLib/OUTPUT/ArmBaseLib.lib(AArch64Support.obj)
                              ArmArchTimerLib.obj (symbol from plugin) (ArmIsArchTimerImplemented)
/home/daijh/sdk/rk3588/uefi/Build/RK3588/DEBUG_GCC5/AARCH64/ArmPkg/Library/ArmGenericTimerPhyCounterLib/ArmGenericTimerPhyCounterLib/OUTPUT/ArmGenericTimerPhyCounterLib.lib(ArmGenericTimerPhyCounterLib.obj)
                              ArmArchTimerLib.obj (symbol from plugin) (ArmGenericTimerGetTimerFreq)
/home/daijh/sdk/rk3588/uefi/Build/RK3588/DEBUG_GCC5/AARCH64/MdePkg/Library/BaseMemoryLibOptDxe/BaseMemoryLibOptDxe/OUTPUT/BaseMemoryLibOptDxe.lib(MemLibGuid.obj)
                              SafeString.obj (symbol from plugin) (CopyGuid)
/home/daijh/sdk/rk3588/uefi/Build/RK3588/DEBUG_GCC5/AARCH64/MdePkg/Library/BaseMemoryLibOptDxe/BaseMemoryLibOptDxe/OUTPUT/BaseMemoryLibOptDxe.lib(CompareGuid.obj)
                              MemLibGuid.obj (symbol from plugin) (InternalMemCompareGuid)
/home/daijh/sdk/rk3588/uefi/Build/RK3588/DEBUG_GCC5/AARCH64/MdePkg/Library/BaseLib/BaseLib/OUTPUT/BaseLib.lib(Unaligned.obj)
                              PrintLibInternal.obj (symbol from plugin) (ReadUnaligned16)
/home/daijh/sdk/rk3588/uefi/Build/RK3588/DEBUG_GCC5/AARCH64/Silicon/Rockchip/Library/SerialPortLib/UartLib/OUTPUT/UartLib.lib(UartLib.obj)
                              SerialPortLib.obj (symbol from plugin) (UartInitializePort)
/home/daijh/sdk/rk3588/uefi/Build/RK3588/DEBUG_GCC5/AARCH64/ArmPkg/Library/ArmLib/ArmBaseLib/OUTPUT/ArmBaseLib.lib(AArch64ArchTimerSupport.obj)
                              ArmGenericTimerPhyCounterLib.obj (symbol from plugin) (ArmReadCntFrq)

Discarded input sections

 .text          0x0000000000000000       0x10 /home/daijh/sdk/rk3588/uefi/edk2/ArmPkg/Library/GccLto/liblto-aarch64.a
 .data          0x0000000000000000        0x0 /home/daijh/sdk/rk3588/uefi/edk2/ArmPkg/Library/GccLto/liblto-aarch64.a
 .bss           0x0000000000000000        0x0 /home/daijh/sdk/rk3588/uefi/edk2/ArmPkg/Library/GccLto/liblto-aarch64.a
 .text          0x0000000000000000        0x0 /tmp/Vop2Dxe.dll.uSJ9BL.ltrans0.ltrans.o
 .data          0x0000000000000000        0x0 /tmp/Vop2Dxe.dll.uSJ9BL.ltrans0.ltrans.o
 .bss           0x0000000000000000        0x0 /tmp/Vop2Dxe.dll.uSJ9BL.ltrans0.ltrans.o
 .text._DriverUnloadHandler
                0x0000000000000000        0x8 /tmp/Vop2Dxe.dll.uSJ9BL.ltrans0.ltrans.o
 .text.memcpy   0x0000000000000000       0x20 /tmp/Vop2Dxe.dll.uSJ9BL.ltrans0.ltrans.o
 .text.__memset
                0x0000000000000000       0x1c /tmp/Vop2Dxe.dll.uSJ9BL.ltrans0.ltrans.o
 .rodata.__stack_chk_fail.str1.1
                0x0000000000000000       0x2e /tmp/Vop2Dxe.dll.uSJ9BL.ltrans0.ltrans.o
 .text.__stack_chk_fail
                0x0000000000000000       0x40 /tmp/Vop2Dxe.dll.uSJ9BL.ltrans0.ltrans.o
 .data.__stack_chk_guard
                0x0000000000000000        0x8 /tmp/Vop2Dxe.dll.uSJ9BL.ltrans0.ltrans.o
 .comment       0x0000000000000000       0x5e /tmp/Vop2Dxe.dll.uSJ9BL.ltrans0.ltrans.o
 .note.GNU-stack
                0x0000000000000000        0x0 /tmp/Vop2Dxe.dll.uSJ9BL.ltrans0.ltrans.o
 .comment       0x0000000000000000       0x5e /tmp/ccgE8xT3.debug.temp.o
 .note.GNU-stack
                0x0000000000000000        0x0 /tmp/ccgE8xT3.debug.temp.o
 .comment       0x0000000000000000       0x5e /tmp/ccVfLZdn.debug.temp.o
 .note.GNU-stack
                0x0000000000000000        0x0 /tmp/ccVfLZdn.debug.temp.o
 .comment       0x0000000000000000       0x5e /tmp/cc5Svm7y.debug.temp.o
 .note.GNU-stack
                0x0000000000000000        0x0 /tmp/cc5Svm7y.debug.temp.o
 .comment       0x0000000000000000       0x5e /tmp/ccSGzucw.debug.temp.o
 .note.GNU-stack
                0x0000000000000000        0x0 /tmp/ccSGzucw.debug.temp.o
 .comment       0x0000000000000000       0x5e /tmp/cc81V24s.debug.temp.o
 .note.GNU-stack
                0x0000000000000000        0x0 /tmp/cc81V24s.debug.temp.o
 .comment       0x0000000000000000       0x5e /tmp/cciaY3c7.debug.temp.o
 .note.GNU-stack
                0x0000000000000000        0x0 /tmp/cciaY3c7.debug.temp.o
 .debug_info    0x0000000000000000       0x96 /tmp/ccaYgU51.debug.temp.o
 .debug_abbrev  0x0000000000000000       0x5c /tmp/ccaYgU51.debug.temp.o
 .debug_line    0x0000000000000000       0xb2 /tmp/ccaYgU51.debug.temp.o
 .debug_str     0x0000000000000000      0x282 /tmp/ccaYgU51.debug.temp.o
 .comment       0x0000000000000000       0x5e /tmp/ccaYgU51.debug.temp.o
 .note.GNU-stack
                0x0000000000000000        0x0 /tmp/ccaYgU51.debug.temp.o
 .comment       0x0000000000000000       0x5e /tmp/cc3TIUFT.debug.temp.o
 .note.GNU-stack
                0x0000000000000000        0x0 /tmp/cc3TIUFT.debug.temp.o
 .comment       0x0000000000000000       0x5e /tmp/ccvddoGL.debug.temp.o
 .note.GNU-stack
                0x0000000000000000        0x0 /tmp/ccvddoGL.debug.temp.o
 .comment       0x0000000000000000       0x5e /tmp/cc3A926P.debug.temp.o
 .note.GNU-stack
                0x0000000000000000        0x0 /tmp/cc3A926P.debug.temp.o
 .comment       0x0000000000000000       0x5e /tmp/ccLuaWQy.debug.temp.o
 .note.GNU-stack
                0x0000000000000000        0x0 /tmp/ccLuaWQy.debug.temp.o
 .comment       0x0000000000000000       0x5e /tmp/cc1yDf0B.debug.temp.o
 .note.GNU-stack
                0x0000000000000000        0x0 /tmp/cc1yDf0B.debug.temp.o
 .debug_info    0x0000000000000000       0xaf /tmp/ccP5rh20.debug.temp.o
 .debug_abbrev  0x0000000000000000       0x5e /tmp/ccP5rh20.debug.temp.o
 .debug_line    0x0000000000000000       0xc1 /tmp/ccP5rh20.debug.temp.o
 .debug_str     0x0000000000000000      0x2b5 /tmp/ccP5rh20.debug.temp.o
 .comment       0x0000000000000000       0x5e /tmp/ccP5rh20.debug.temp.o
 .note.GNU-stack
                0x0000000000000000        0x0 /tmp/ccP5rh20.debug.temp.o
 .debug_info    0x0000000000000000      0x108 /tmp/ccV7tnsX.debug.temp.o
 .debug_abbrev  0x0000000000000000       0x73 /tmp/ccV7tnsX.debug.temp.o
 .debug_line    0x0000000000000000       0xc0 /tmp/ccV7tnsX.debug.temp.o
 .debug_str     0x0000000000000000      0x2ce /tmp/ccV7tnsX.debug.temp.o
 .comment       0x0000000000000000       0x5e /tmp/ccV7tnsX.debug.temp.o
 .note.GNU-stack
                0x0000000000000000        0x0 /tmp/ccV7tnsX.debug.temp.o
 .debug_info    0x0000000000000000       0xc6 /tmp/ccIvLOg0.debug.temp.o
 .debug_abbrev  0x0000000000000000       0x6e /tmp/ccIvLOg0.debug.temp.o
 .debug_line    0x0000000000000000       0xc1 /tmp/ccIvLOg0.debug.temp.o
 .debug_str     0x0000000000000000      0x2cd /tmp/ccIvLOg0.debug.temp.o
 .comment       0x0000000000000000       0x5e /tmp/ccIvLOg0.debug.temp.o
 .note.GNU-stack
                0x0000000000000000        0x0 /tmp/ccIvLOg0.debug.temp.o
 .debug_info    0x0000000000000000       0xbb /tmp/cc3VdJ0s.debug.temp.o
 .debug_abbrev  0x0000000000000000       0x5e /tmp/cc3VdJ0s.debug.temp.o
 .debug_line    0x0000000000000000       0xc2 /tmp/cc3VdJ0s.debug.temp.o
 .debug_str     0x0000000000000000      0x2bd /tmp/cc3VdJ0s.debug.temp.o
 .comment       0x0000000000000000       0x5e /tmp/cc3VdJ0s.debug.temp.o
 .note.GNU-stack
                0x0000000000000000        0x0 /tmp/cc3VdJ0s.debug.temp.o
 .comment       0x0000000000000000       0x5e /tmp/cc5Q8muw.debug.temp.o
 .note.GNU-stack
                0x0000000000000000        0x0 /tmp/cc5Q8muw.debug.temp.o
 .comment       0x0000000000000000       0x5e /tmp/cccKLdLa.debug.temp.o
 .note.GNU-stack
                0x0000000000000000        0x0 /tmp/cccKLdLa.debug.temp.o
 .comment       0x0000000000000000       0x5e /tmp/ccBOyL97.debug.temp.o
 .note.GNU-stack
                0x0000000000000000        0x0 /tmp/ccBOyL97.debug.temp.o
 .comment       0x0000000000000000       0x5e /tmp/ccUG1rKi.debug.temp.o
 .note.GNU-stack
                0x0000000000000000        0x0 /tmp/ccUG1rKi.debug.temp.o
 .comment       0x0000000000000000       0x5e /tmp/ccYgalSW.debug.temp.o
 .note.GNU-stack
                0x0000000000000000        0x0 /tmp/ccYgalSW.debug.temp.o
 .debug_info    0x0000000000000000       0xad /tmp/ccoImdLd.debug.temp.o
 .debug_abbrev  0x0000000000000000       0x66 /tmp/ccoImdLd.debug.temp.o
 .debug_line    0x0000000000000000       0xb2 /tmp/ccoImdLd.debug.temp.o
 .debug_str     0x0000000000000000      0x29a /tmp/ccoImdLd.debug.temp.o
 .comment       0x0000000000000000       0x5e /tmp/ccoImdLd.debug.temp.o
 .note.GNU-stack
                0x0000000000000000        0x0 /tmp/ccoImdLd.debug.temp.o
 .debug_info    0x0000000000000000       0x89 /tmp/cchfD4Iv.debug.temp.o
 .debug_abbrev  0x0000000000000000       0x57 /tmp/cchfD4Iv.debug.temp.o
 .debug_line    0x0000000000000000       0xb2 /tmp/cchfD4Iv.debug.temp.o
 .debug_str     0x0000000000000000      0x27c /tmp/cchfD4Iv.debug.temp.o
 .comment       0x0000000000000000       0x5e /tmp/cchfD4Iv.debug.temp.o
 .note.GNU-stack
                0x0000000000000000        0x0 /tmp/cchfD4Iv.debug.temp.o
 .comment       0x0000000000000000       0x5e /tmp/ccHEIdcY.debug.temp.o
 .note.GNU-stack
                0x0000000000000000        0x0 /tmp/ccHEIdcY.debug.temp.o
 .debug_info    0x0000000000000000       0xad /tmp/ccz44sVf.debug.temp.o
 .debug_abbrev  0x0000000000000000       0x57 /tmp/ccz44sVf.debug.temp.o
 .debug_line    0x0000000000000000       0xb0 /tmp/ccz44sVf.debug.temp.o
 .debug_str     0x0000000000000000      0x28e /tmp/ccz44sVf.debug.temp.o
 .comment       0x0000000000000000       0x5e /tmp/ccz44sVf.debug.temp.o
 .note.GNU-stack
                0x0000000000000000        0x0 /tmp/ccz44sVf.debug.temp.o
 .debug_info    0x0000000000000000       0xad /tmp/cccrRwjs.debug.temp.o
 .debug_abbrev  0x0000000000000000       0x66 /tmp/cccrRwjs.debug.temp.o
 .debug_line    0x0000000000000000       0xb1 /tmp/cccrRwjs.debug.temp.o
 .debug_str     0x0000000000000000      0x29a /tmp/cccrRwjs.debug.temp.o
 .comment       0x0000000000000000       0x5e /tmp/cccrRwjs.debug.temp.o
 .note.GNU-stack
                0x0000000000000000        0x0 /tmp/cccrRwjs.debug.temp.o
 .debug_info    0x0000000000000000       0xad /tmp/cc4Yv8rP.debug.temp.o
 .debug_abbrev  0x0000000000000000       0x57 /tmp/cc4Yv8rP.debug.temp.o
 .debug_line    0x0000000000000000       0xb0 /tmp/cc4Yv8rP.debug.temp.o
 .debug_str     0x0000000000000000      0x28e /tmp/cc4Yv8rP.debug.temp.o
 .comment       0x0000000000000000       0x5e /tmp/cc4Yv8rP.debug.temp.o
 .note.GNU-stack
                0x0000000000000000        0x0 /tmp/cc4Yv8rP.debug.temp.o
 .debug_info    0x0000000000000000      0x302 /tmp/cciC2fpG.debug.temp.o
 .debug_abbrev  0x0000000000000000       0xcd /tmp/cciC2fpG.debug.temp.o
 .debug_line    0x0000000000000000      0x119 /tmp/cciC2fpG.debug.temp.o
 .debug_str     0x0000000000000000      0x40b /tmp/cciC2fpG.debug.temp.o
 .comment       0x0000000000000000       0x5e /tmp/cciC2fpG.debug.temp.o
 .note.GNU-stack
                0x0000000000000000        0x0 /tmp/cciC2fpG.debug.temp.o
 .debug_info    0x0000000000000000       0xb6 /tmp/cc4tteyD.debug.temp.o
 .debug_abbrev  0x0000000000000000       0x86 /tmp/cc4tteyD.debug.temp.o
 .debug_line    0x0000000000000000      0x16c /tmp/cc4tteyD.debug.temp.o
 .debug_str     0x0000000000000000      0x324 /tmp/cc4tteyD.debug.temp.o
 .comment       0x0000000000000000       0x5e /tmp/cc4tteyD.debug.temp.o
 .note.GNU-stack
                0x0000000000000000        0x0 /tmp/cc4tteyD.debug.temp.o
 .comment       0x0000000000000000       0x5e /tmp/ccKawFzP.debug.temp.o
 .note.GNU-stack
                0x0000000000000000        0x0 /tmp/ccKawFzP.debug.temp.o
 .comment       0x0000000000000000       0x5e /tmp/ccPZl2Ey.debug.temp.o
 .note.GNU-stack
                0x0000000000000000        0x0 /tmp/ccPZl2Ey.debug.temp.o
 .comment       0x0000000000000000       0x5e /tmp/ccL6mt0O.debug.temp.o
 .note.GNU-stack
                0x0000000000000000        0x0 /tmp/ccL6mt0O.debug.temp.o
 .comment       0x0000000000000000       0x5e /tmp/cclNdP01.debug.temp.o
 .note.GNU-stack
                0x0000000000000000        0x0 /tmp/cclNdP01.debug.temp.o
 .debug_info    0x0000000000000000      0x1d0 /tmp/ccc8VhKi.debug.temp.o
 .debug_abbrev  0x0000000000000000       0xb6 /tmp/ccc8VhKi.debug.temp.o
 .debug_line    0x0000000000000000       0xfb /tmp/ccc8VhKi.debug.temp.o
 .debug_str     0x0000000000000000      0x33b /tmp/ccc8VhKi.debug.temp.o
 .comment       0x0000000000000000       0x5e /tmp/ccc8VhKi.debug.temp.o
 .note.GNU-stack
                0x0000000000000000        0x0 /tmp/ccc8VhKi.debug.temp.o
 .comment       0x0000000000000000       0x5e /tmp/ccZhmVsM.debug.temp.o
 .note.GNU-stack
                0x0000000000000000        0x0 /tmp/ccZhmVsM.debug.temp.o
 .comment       0x0000000000000000       0x5e /tmp/ccJ6zZFL.debug.temp.o
 .note.GNU-stack
                0x0000000000000000        0x0 /tmp/ccJ6zZFL.debug.temp.o
 .text          0x0000000000000000       0x30 /home/daijh/sdk/rk3588/uefi/Build/RK3588/DEBUG_GCC5/AARCH64/MdePkg/Library/BaseLib/BaseLib/OUTPUT/BaseLib.lib(SwitchStack.obj)
 .data          0x0000000000000000        0x0 /home/daijh/sdk/rk3588/uefi/Build/RK3588/DEBUG_GCC5/AARCH64/MdePkg/Library/BaseLib/BaseLib/OUTPUT/BaseLib.lib(SwitchStack.obj)
 .bss           0x0000000000000000        0x0 /home/daijh/sdk/rk3588/uefi/Build/RK3588/DEBUG_GCC5/AARCH64/MdePkg/Library/BaseLib/BaseLib/OUTPUT/BaseLib.lib(SwitchStack.obj)
 .text          0x0000000000000000        0x8 /home/daijh/sdk/rk3588/uefi/Build/RK3588/DEBUG_GCC5/AARCH64/MdePkg/Library/BaseLib/BaseLib/OUTPUT/BaseLib.lib(CpuBreakpoint.obj)
 .data          0x0000000000000000        0x0 /home/daijh/sdk/rk3588/uefi/Build/RK3588/DEBUG_GCC5/AARCH64/MdePkg/Library/BaseLib/BaseLib/OUTPUT/BaseLib.lib(CpuBreakpoint.obj)
 .bss           0x0000000000000000        0x0 /home/daijh/sdk/rk3588/uefi/Build/RK3588/DEBUG_GCC5/AARCH64/MdePkg/Library/BaseLib/BaseLib/OUTPUT/BaseLib.lib(CpuBreakpoint.obj)
 .text          0x0000000000000000      0x200 /home/daijh/sdk/rk3588/uefi/Build/RK3588/DEBUG_GCC5/AARCH64/MdePkg/Library/BaseMemoryLibOptDxe/BaseMemoryLibOptDxe/OUTPUT/BaseMemoryLibOptDxe.lib(SetMem.obj)
 .data          0x0000000000000000        0x0 /home/daijh/sdk/rk3588/uefi/Build/RK3588/DEBUG_GCC5/AARCH64/MdePkg/Library/BaseMemoryLibOptDxe/BaseMemoryLibOptDxe/OUTPUT/BaseMemoryLibOptDxe.lib(SetMem.obj)
 .bss           0x0000000000000000        0x0 /home/daijh/sdk/rk3588/uefi/Build/RK3588/DEBUG_GCC5/AARCH64/MdePkg/Library/BaseMemoryLibOptDxe/BaseMemoryLibOptDxe/OUTPUT/BaseMemoryLibOptDxe.lib(SetMem.obj)
 .text          0x0000000000000000      0x218 /home/daijh/sdk/rk3588/uefi/Build/RK3588/DEBUG_GCC5/AARCH64/MdePkg/Library/BaseMemoryLibOptDxe/BaseMemoryLibOptDxe/OUTPUT/BaseMemoryLibOptDxe.lib(CopyMem.obj)
 .data          0x0000000000000000        0x0 /home/daijh/sdk/rk3588/uefi/Build/RK3588/DEBUG_GCC5/AARCH64/MdePkg/Library/BaseMemoryLibOptDxe/BaseMemoryLibOptDxe/OUTPUT/BaseMemoryLibOptDxe.lib(CopyMem.obj)
 .bss           0x0000000000000000        0x0 /home/daijh/sdk/rk3588/uefi/Build/RK3588/DEBUG_GCC5/AARCH64/MdePkg/Library/BaseMemoryLibOptDxe/BaseMemoryLibOptDxe/OUTPUT/BaseMemoryLibOptDxe.lib(CopyMem.obj)
 .text          0x0000000000000000        0x0 /home/daijh/sdk/rk3588/uefi/Build/RK3588/DEBUG_GCC5/AARCH64/ArmPkg/Library/ArmLib/ArmBaseLib/OUTPUT/ArmBaseLib.lib(AArch64Support.obj)
 .data          0x0000000000000000        0x0 /home/daijh/sdk/rk3588/uefi/Build/RK3588/DEBUG_GCC5/AARCH64/ArmPkg/Library/ArmLib/ArmBaseLib/OUTPUT/ArmBaseLib.lib(AArch64Support.obj)
 .bss           0x0000000000000000        0x0 /home/daijh/sdk/rk3588/uefi/Build/RK3588/DEBUG_GCC5/AARCH64/ArmPkg/Library/ArmLib/ArmBaseLib/OUTPUT/ArmBaseLib.lib(AArch64Support.obj)
 .text.ArmInvalidateDataCacheEntryByMVA
                0x0000000000000000        0x8 /home/daijh/sdk/rk3588/uefi/Build/RK3588/DEBUG_GCC5/AARCH64/ArmPkg/Library/ArmLib/ArmBaseLib/OUTPUT/ArmBaseLib.lib(AArch64Support.obj)
 .text.ArmCleanDataCacheEntryByMVA
                0x0000000000000000        0x8 /home/daijh/sdk/rk3588/uefi/Build/RK3588/DEBUG_GCC5/AARCH64/ArmPkg/Library/ArmLib/ArmBaseLib/OUTPUT/ArmBaseLib.lib(AArch64Support.obj)
 .text.ArmCleanDataCacheEntryToPoUByMVA
                0x0000000000000000        0x8 /home/daijh/sdk/rk3588/uefi/Build/RK3588/DEBUG_GCC5/AARCH64/ArmPkg/Library/ArmLib/ArmBaseLib/OUTPUT/ArmBaseLib.lib(AArch64Support.obj)
 .text.ArmInvalidateInstructionCacheEntryToPoUByMVA
                0x0000000000000000        0x8 /home/daijh/sdk/rk3588/uefi/Build/RK3588/DEBUG_GCC5/AARCH64/ArmPkg/Library/ArmLib/ArmBaseLib/OUTPUT/ArmBaseLib.lib(AArch64Support.obj)
 .text.ArmCleanInvalidateDataCacheEntryByMVA
                0x0000000000000000        0x8 /home/daijh/sdk/rk3588/uefi/Build/RK3588/DEBUG_GCC5/AARCH64/ArmPkg/Library/ArmLib/ArmBaseLib/OUTPUT/ArmBaseLib.lib(AArch64Support.obj)
 .text.ArmInvalidateDataCacheEntryBySetWay
                0x0000000000000000        0x8 /home/daijh/sdk/rk3588/uefi/Build/RK3588/DEBUG_GCC5/AARCH64/ArmPkg/Library/ArmLib/ArmBaseLib/OUTPUT/ArmBaseLib.lib(AArch64Support.obj)
 .text.ArmCleanInvalidateDataCacheEntryBySetWay
                0x0000000000000000        0x8 /home/daijh/sdk/rk3588/uefi/Build/RK3588/DEBUG_GCC5/AARCH64/ArmPkg/Library/ArmLib/ArmBaseLib/OUTPUT/ArmBaseLib.lib(AArch64Support.obj)
 .text.ArmCleanDataCacheEntryBySetWay
                0x0000000000000000        0x8 /home/daijh/sdk/rk3588/uefi/Build/RK3588/DEBUG_GCC5/AARCH64/ArmPkg/Library/ArmLib/ArmBaseLib/OUTPUT/ArmBaseLib.lib(AArch64Support.obj)
 .text.ArmInvalidateInstructionCache
                0x0000000000000000       0x10 /home/daijh/sdk/rk3588/uefi/Build/RK3588/DEBUG_GCC5/AARCH64/ArmPkg/Library/ArmLib/ArmBaseLib/OUTPUT/ArmBaseLib.lib(AArch64Support.obj)
 .text.ArmEnableMmu
                0x0000000000000000       0x88 /home/daijh/sdk/rk3588/uefi/Build/RK3588/DEBUG_GCC5/AARCH64/ArmPkg/Library/ArmLib/ArmBaseLib/OUTPUT/ArmBaseLib.lib(AArch64Support.obj)
 .text.ArmDisableMmu
                0x0000000000000000       0x74 /home/daijh/sdk/rk3588/uefi/Build/RK3588/DEBUG_GCC5/AARCH64/ArmPkg/Library/ArmLib/ArmBaseLib/OUTPUT/ArmBaseLib.lib(AArch64Support.obj)
 .text.ArmDisableCachesAndMmu
                0x0000000000000000       0x6c /home/daijh/sdk/rk3588/uefi/Build/RK3588/DEBUG_GCC5/AARCH64/ArmPkg/Library/ArmLib/ArmBaseLib/OUTPUT/ArmBaseLib.lib(AArch64Support.obj)
 .text.ArmMmuEnabled
                0x0000000000000000       0x34 /home/daijh/sdk/rk3588/uefi/Build/RK3588/DEBUG_GCC5/AARCH64/ArmPkg/Library/ArmLib/ArmBaseLib/OUTPUT/ArmBaseLib.lib(AArch64Support.obj)
 .text.ArmEnableDataCache
                0x0000000000000000       0x68 /home/daijh/sdk/rk3588/uefi/Build/RK3588/DEBUG_GCC5/AARCH64/ArmPkg/Library/ArmLib/ArmBaseLib/OUTPUT/ArmBaseLib.lib(AArch64Support.obj)
 .text.ArmDisableDataCache
                0x0000000000000000       0x68 /home/daijh/sdk/rk3588/uefi/Build/RK3588/DEBUG_GCC5/AARCH64/ArmPkg/Library/ArmLib/ArmBaseLib/OUTPUT/ArmBaseLib.lib(AArch64Support.obj)
 .text.ArmEnableInstructionCache
                0x0000000000000000       0x68 /home/daijh/sdk/rk3588/uefi/Build/RK3588/DEBUG_GCC5/AARCH64/ArmPkg/Library/ArmLib/ArmBaseLib/OUTPUT/ArmBaseLib.lib(AArch64Support.obj)
 .text.ArmDisableInstructionCache
                0x0000000000000000       0x68 /home/daijh/sdk/rk3588/uefi/Build/RK3588/DEBUG_GCC5/AARCH64/ArmPkg/Library/ArmLib/ArmBaseLib/OUTPUT/ArmBaseLib.lib(AArch64Support.obj)
 .text.ArmEnableAlignmentCheck
                0x0000000000000000       0x58 /home/daijh/sdk/rk3588/uefi/Build/RK3588/DEBUG_GCC5/AARCH64/ArmPkg/Library/ArmLib/ArmBaseLib/OUTPUT/ArmBaseLib.lib(AArch64Support.obj)
 .text.ArmDisableAlignmentCheck
                0x0000000000000000       0x68 /home/daijh/sdk/rk3588/uefi/Build/RK3588/DEBUG_GCC5/AARCH64/ArmPkg/Library/ArmLib/ArmBaseLib/OUTPUT/ArmBaseLib.lib(AArch64Support.obj)
 .text.ArmEnableStackAlignmentCheck
                0x0000000000000000       0x58 /home/daijh/sdk/rk3588/uefi/Build/RK3588/DEBUG_GCC5/AARCH64/ArmPkg/Library/ArmLib/ArmBaseLib/OUTPUT/ArmBaseLib.lib(AArch64Support.obj)
 .text.ArmDisableStackAlignmentCheck
                0x0000000000000000       0x68 /home/daijh/sdk/rk3588/uefi/Build/RK3588/DEBUG_GCC5/AARCH64/ArmPkg/Library/ArmLib/ArmBaseLib/OUTPUT/ArmBaseLib.lib(AArch64Support.obj)
 .text.ArmEnableBranchPrediction
                0x0000000000000000        0x4 /home/daijh/sdk/rk3588/uefi/Build/RK3588/DEBUG_GCC5/AARCH64/ArmPkg/Library/ArmLib/ArmBaseLib/OUTPUT/ArmBaseLib.lib(AArch64Support.obj)
 .text.ArmDisableBranchPrediction
                0x0000000000000000        0x4 /home/daijh/sdk/rk3588/uefi/Build/RK3588/DEBUG_GCC5/AARCH64/ArmPkg/Library/ArmLib/ArmBaseLib/OUTPUT/ArmBaseLib.lib(AArch64Support.obj)
 .text.AArch64AllDataCachesOperation
                0x0000000000000000       0xa8 /home/daijh/sdk/rk3588/uefi/Build/RK3588/DEBUG_GCC5/AARCH64/ArmPkg/Library/ArmLib/ArmBaseLib/OUTPUT/ArmBaseLib.lib(AArch64Support.obj)
 .text.ArmDataMemoryBarrier
                0x0000000000000000        0x8 /home/daijh/sdk/rk3588/uefi/Build/RK3588/DEBUG_GCC5/AARCH64/ArmPkg/Library/ArmLib/ArmBaseLib/OUTPUT/ArmBaseLib.lib(AArch64Support.obj)
 .text.ArmDataSynchronizationBarrier
                0x0000000000000000        0x8 /home/daijh/sdk/rk3588/uefi/Build/RK3588/DEBUG_GCC5/AARCH64/ArmPkg/Library/ArmLib/ArmBaseLib/OUTPUT/ArmBaseLib.lib(AArch64Support.obj)
 .text.ArmInstructionSynchronizationBarrier
                0x0000000000000000        0x8 /home/daijh/sdk/rk3588/uefi/Build/RK3588/DEBUG_GCC5/AARCH64/ArmPkg/Library/ArmLib/ArmBaseLib/OUTPUT/ArmBaseLib.lib(AArch64Support.obj)
 .text.ArmWriteVBar
                0x0000000000000000       0x34 /home/daijh/sdk/rk3588/uefi/Build/RK3588/DEBUG_GCC5/AARCH64/ArmPkg/Library/ArmLib/ArmBaseLib/OUTPUT/ArmBaseLib.lib(AArch64Support.obj)
 .text.ArmReadVBar
                0x0000000000000000       0x30 /home/daijh/sdk/rk3588/uefi/Build/RK3588/DEBUG_GCC5/AARCH64/ArmPkg/Library/ArmLib/ArmBaseLib/OUTPUT/ArmBaseLib.lib(AArch64Support.obj)
 .text.ArmEnableVFP
                0x0000000000000000       0x64 /home/daijh/sdk/rk3588/uefi/Build/RK3588/DEBUG_GCC5/AARCH64/ArmPkg/Library/ArmLib/ArmBaseLib/OUTPUT/ArmBaseLib.lib(AArch64Support.obj)
 .text.ArmCallWFI
                0x0000000000000000        0x8 /home/daijh/sdk/rk3588/uefi/Build/RK3588/DEBUG_GCC5/AARCH64/ArmPkg/Library/ArmLib/ArmBaseLib/OUTPUT/ArmBaseLib.lib(AArch64Support.obj)
 .text.ArmReadIdAA64Mmfr2
                0x0000000000000000        0x8 /home/daijh/sdk/rk3588/uefi/Build/RK3588/DEBUG_GCC5/AARCH64/ArmPkg/Library/ArmLib/ArmBaseLib/OUTPUT/ArmBaseLib.lib(AArch64Support.obj)
 .text.ArmReadMpidr
                0x0000000000000000        0x8 /home/daijh/sdk/rk3588/uefi/Build/RK3588/DEBUG_GCC5/AARCH64/ArmPkg/Library/ArmLib/ArmBaseLib/OUTPUT/ArmBaseLib.lib(AArch64Support.obj)
 .text.ArmReadTpidrurw
                0x0000000000000000        0x8 /home/daijh/sdk/rk3588/uefi/Build/RK3588/DEBUG_GCC5/AARCH64/ArmPkg/Library/ArmLib/ArmBaseLib/OUTPUT/ArmBaseLib.lib(AArch64Support.obj)
 .text.ArmWriteTpidrurw
                0x0000000000000000        0x8 /home/daijh/sdk/rk3588/uefi/Build/RK3588/DEBUG_GCC5/AARCH64/ArmPkg/Library/ArmLib/ArmBaseLib/OUTPUT/ArmBaseLib.lib(AArch64Support.obj)
 .text.ArmReadIdAA64Pfr0
                0x0000000000000000        0x8 /home/daijh/sdk/rk3588/uefi/Build/RK3588/DEBUG_GCC5/AARCH64/ArmPkg/Library/ArmLib/ArmBaseLib/OUTPUT/ArmBaseLib.lib(AArch64Support.obj)
 .text.ArmWriteHcr
                0x0000000000000000        0x8 /home/daijh/sdk/rk3588/uefi/Build/RK3588/DEBUG_GCC5/AARCH64/ArmPkg/Library/ArmLib/ArmBaseLib/OUTPUT/ArmBaseLib.lib(AArch64Support.obj)
 .text.ArmReadHcr
                0x0000000000000000        0x8 /home/daijh/sdk/rk3588/uefi/Build/RK3588/DEBUG_GCC5/AARCH64/ArmPkg/Library/ArmLib/ArmBaseLib/OUTPUT/ArmBaseLib.lib(AArch64Support.obj)
 .text.ArmReadCurrentEL
                0x0000000000000000        0x8 /home/daijh/sdk/rk3588/uefi/Build/RK3588/DEBUG_GCC5/AARCH64/ArmPkg/Library/ArmLib/ArmBaseLib/OUTPUT/ArmBaseLib.lib(AArch64Support.obj)
 .text.ArmReadCntHctl
                0x0000000000000000        0x8 /home/daijh/sdk/rk3588/uefi/Build/RK3588/DEBUG_GCC5/AARCH64/ArmPkg/Library/ArmLib/ArmBaseLib/OUTPUT/ArmBaseLib.lib(AArch64Support.obj)
 .text.ArmWriteCntHctl
                0x0000000000000000        0x8 /home/daijh/sdk/rk3588/uefi/Build/RK3588/DEBUG_GCC5/AARCH64/ArmPkg/Library/ArmLib/ArmBaseLib/OUTPUT/ArmBaseLib.lib(AArch64Support.obj)
 .text          0x0000000000000000       0x20 /home/daijh/sdk/rk3588/uefi/Build/RK3588/DEBUG_GCC5/AARCH64/MdePkg/Library/BaseMemoryLibOptDxe/BaseMemoryLibOptDxe/OUTPUT/BaseMemoryLibOptDxe.lib(CompareGuid.obj)
 .data          0x0000000000000000        0x0 /home/daijh/sdk/rk3588/uefi/Build/RK3588/DEBUG_GCC5/AARCH64/MdePkg/Library/BaseMemoryLibOptDxe/BaseMemoryLibOptDxe/OUTPUT/BaseMemoryLibOptDxe.lib(CompareGuid.obj)
 .bss           0x0000000000000000        0x0 /home/daijh/sdk/rk3588/uefi/Build/RK3588/DEBUG_GCC5/AARCH64/MdePkg/Library/BaseMemoryLibOptDxe/BaseMemoryLibOptDxe/OUTPUT/BaseMemoryLibOptDxe.lib(CompareGuid.obj)
 .text          0x0000000000000000        0x0 /home/daijh/sdk/rk3588/uefi/Build/RK3588/DEBUG_GCC5/AARCH64/ArmPkg/Library/ArmLib/ArmBaseLib/OUTPUT/ArmBaseLib.lib(AArch64ArchTimerSupport.obj)
 .data          0x0000000000000000        0x0 /home/daijh/sdk/rk3588/uefi/Build/RK3588/DEBUG_GCC5/AARCH64/ArmPkg/Library/ArmLib/ArmBaseLib/OUTPUT/ArmBaseLib.lib(AArch64ArchTimerSupport.obj)
 .bss           0x0000000000000000        0x0 /home/daijh/sdk/rk3588/uefi/Build/RK3588/DEBUG_GCC5/AARCH64/ArmPkg/Library/ArmLib/ArmBaseLib/OUTPUT/ArmBaseLib.lib(AArch64ArchTimerSupport.obj)
 .text.ArmWriteCntFrq
                0x0000000000000000        0x8 /home/daijh/sdk/rk3588/uefi/Build/RK3588/DEBUG_GCC5/AARCH64/ArmPkg/Library/ArmLib/ArmBaseLib/OUTPUT/ArmBaseLib.lib(AArch64ArchTimerSupport.obj)
 .text.ArmReadCntkCtl
                0x0000000000000000        0x8 /home/daijh/sdk/rk3588/uefi/Build/RK3588/DEBUG_GCC5/AARCH64/ArmPkg/Library/ArmLib/ArmBaseLib/OUTPUT/ArmBaseLib.lib(AArch64ArchTimerSupport.obj)
 .text.ArmWriteCntkCtl
                0x0000000000000000        0x8 /home/daijh/sdk/rk3588/uefi/Build/RK3588/DEBUG_GCC5/AARCH64/ArmPkg/Library/ArmLib/ArmBaseLib/OUTPUT/ArmBaseLib.lib(AArch64ArchTimerSupport.obj)
 .text.ArmReadCntpTval
                0x0000000000000000        0x8 /home/daijh/sdk/rk3588/uefi/Build/RK3588/DEBUG_GCC5/AARCH64/ArmPkg/Library/ArmLib/ArmBaseLib/OUTPUT/ArmBaseLib.lib(AArch64ArchTimerSupport.obj)
 .text.ArmWriteCntpTval
                0x0000000000000000        0x8 /home/daijh/sdk/rk3588/uefi/Build/RK3588/DEBUG_GCC5/AARCH64/ArmPkg/Library/ArmLib/ArmBaseLib/OUTPUT/ArmBaseLib.lib(AArch64ArchTimerSupport.obj)
 .text.ArmReadCntpCtl
                0x0000000000000000        0x8 /home/daijh/sdk/rk3588/uefi/Build/RK3588/DEBUG_GCC5/AARCH64/ArmPkg/Library/ArmLib/ArmBaseLib/OUTPUT/ArmBaseLib.lib(AArch64ArchTimerSupport.obj)
 .text.ArmWriteCntpCtl
                0x0000000000000000        0x8 /home/daijh/sdk/rk3588/uefi/Build/RK3588/DEBUG_GCC5/AARCH64/ArmPkg/Library/ArmLib/ArmBaseLib/OUTPUT/ArmBaseLib.lib(AArch64ArchTimerSupport.obj)
 .text.ArmReadCntvTval
                0x0000000000000000        0x8 /home/daijh/sdk/rk3588/uefi/Build/RK3588/DEBUG_GCC5/AARCH64/ArmPkg/Library/ArmLib/ArmBaseLib/OUTPUT/ArmBaseLib.lib(AArch64ArchTimerSupport.obj)
 .text.ArmWriteCntvTval
                0x0000000000000000        0x8 /home/daijh/sdk/rk3588/uefi/Build/RK3588/DEBUG_GCC5/AARCH64/ArmPkg/Library/ArmLib/ArmBaseLib/OUTPUT/ArmBaseLib.lib(AArch64ArchTimerSupport.obj)
 .text.ArmReadCntvCtl
                0x0000000000000000        0x8 /home/daijh/sdk/rk3588/uefi/Build/RK3588/DEBUG_GCC5/AARCH64/ArmPkg/Library/ArmLib/ArmBaseLib/OUTPUT/ArmBaseLib.lib(AArch64ArchTimerSupport.obj)
 .text.ArmWriteCntvCtl
                0x0000000000000000        0x8 /home/daijh/sdk/rk3588/uefi/Build/RK3588/DEBUG_GCC5/AARCH64/ArmPkg/Library/ArmLib/ArmBaseLib/OUTPUT/ArmBaseLib.lib(AArch64ArchTimerSupport.obj)
 .text.ArmReadCntvCt
                0x0000000000000000        0x8 /home/daijh/sdk/rk3588/uefi/Build/RK3588/DEBUG_GCC5/AARCH64/ArmPkg/Library/ArmLib/ArmBaseLib/OUTPUT/ArmBaseLib.lib(AArch64ArchTimerSupport.obj)
 .text.ArmReadCntpCval
                0x0000000000000000        0x8 /home/daijh/sdk/rk3588/uefi/Build/RK3588/DEBUG_GCC5/AARCH64/ArmPkg/Library/ArmLib/ArmBaseLib/OUTPUT/ArmBaseLib.lib(AArch64ArchTimerSupport.obj)
 .text.ArmWriteCntpCval
                0x0000000000000000        0x8 /home/daijh/sdk/rk3588/uefi/Build/RK3588/DEBUG_GCC5/AARCH64/ArmPkg/Library/ArmLib/ArmBaseLib/OUTPUT/ArmBaseLib.lib(AArch64ArchTimerSupport.obj)
 .text.ArmReadCntvCval
                0x0000000000000000        0x8 /home/daijh/sdk/rk3588/uefi/Build/RK3588/DEBUG_GCC5/AARCH64/ArmPkg/Library/ArmLib/ArmBaseLib/OUTPUT/ArmBaseLib.lib(AArch64ArchTimerSupport.obj)
 .text.ArmWriteCntvCval
                0x0000000000000000        0x8 /home/daijh/sdk/rk3588/uefi/Build/RK3588/DEBUG_GCC5/AARCH64/ArmPkg/Library/ArmLib/ArmBaseLib/OUTPUT/ArmBaseLib.lib(AArch64ArchTimerSupport.obj)
 .text.ArmReadCntvOff
                0x0000000000000000        0x8 /home/daijh/sdk/rk3588/uefi/Build/RK3588/DEBUG_GCC5/AARCH64/ArmPkg/Library/ArmLib/ArmBaseLib/OUTPUT/ArmBaseLib.lib(AArch64ArchTimerSupport.obj)
 .text.ArmWriteCntvOff
                0x0000000000000000        0x8 /home/daijh/sdk/rk3588/uefi/Build/RK3588/DEBUG_GCC5/AARCH64/ArmPkg/Library/ArmLib/ArmBaseLib/OUTPUT/ArmBaseLib.lib(AArch64ArchTimerSupport.obj)

Memory Configuration

Name             Origin             Length             Attributes
*default*        0x0000000000000000 0xffffffffffffffff

Linker script and memory map

LOAD /home/daijh/sdk/rk3588/uefi/edk2/ArmPkg/Library/GccLto/liblto-aarch64.a
START GROUP
LOAD /tmp/Vop2Dxe.dll.uSJ9BL.ltrans0.ltrans.o
LOAD /tmp/ccgE8xT3.debug.temp.o
LOAD /tmp/ccVfLZdn.debug.temp.o
LOAD /tmp/cc5Svm7y.debug.temp.o
LOAD /tmp/ccSGzucw.debug.temp.o
LOAD /tmp/cc81V24s.debug.temp.o
LOAD /tmp/cciaY3c7.debug.temp.o
LOAD /tmp/ccaYgU51.debug.temp.o
LOAD /tmp/cc3TIUFT.debug.temp.o
LOAD /tmp/ccvddoGL.debug.temp.o
LOAD /tmp/cc3A926P.debug.temp.o
LOAD /tmp/ccLuaWQy.debug.temp.o
LOAD /tmp/cc1yDf0B.debug.temp.o
LOAD /tmp/ccP5rh20.debug.temp.o
LOAD /tmp/ccV7tnsX.debug.temp.o
LOAD /tmp/ccIvLOg0.debug.temp.o
LOAD /tmp/cc3VdJ0s.debug.temp.o
LOAD /tmp/cc5Q8muw.debug.temp.o
LOAD /tmp/cccKLdLa.debug.temp.o
LOAD /tmp/ccBOyL97.debug.temp.o
LOAD /tmp/ccUG1rKi.debug.temp.o
LOAD /tmp/ccYgalSW.debug.temp.o
LOAD /tmp/ccoImdLd.debug.temp.o
LOAD /tmp/cchfD4Iv.debug.temp.o
LOAD /tmp/ccHEIdcY.debug.temp.o
LOAD /tmp/ccz44sVf.debug.temp.o
LOAD /tmp/cccrRwjs.debug.temp.o
LOAD /tmp/cc4Yv8rP.debug.temp.o
LOAD /tmp/cciC2fpG.debug.temp.o
LOAD /tmp/cc4tteyD.debug.temp.o
LOAD /tmp/ccKawFzP.debug.temp.o
LOAD /tmp/ccPZl2Ey.debug.temp.o
LOAD /tmp/ccL6mt0O.debug.temp.o
LOAD /tmp/cclNdP01.debug.temp.o
LOAD /tmp/ccc8VhKi.debug.temp.o
LOAD /tmp/ccZhmVsM.debug.temp.o
LOAD /tmp/ccJ6zZFL.debug.temp.o
LOAD /home/daijh/sdk/rk3588/uefi/Build/RK3588/DEBUG_GCC5/AARCH64/Silicon/Rockchip/Drivers/Vop2Dxe/Vop2Dxe/OUTPUT/Vop2Dxe.lib
LOAD /home/daijh/sdk/rk3588/uefi/Build/RK3588/DEBUG_GCC5/AARCH64/MdePkg/Library/DxePcdLib/DxePcdLib/OUTPUT/DxePcdLib.lib
LOAD /home/daijh/sdk/rk3588/uefi/Build/RK3588/DEBUG_GCC5/AARCH64/MdePkg/Library/BaseMemoryLibOptDxe/BaseMemoryLibOptDxe/OUTPUT/BaseMemoryLibOptDxe.lib
LOAD /home/daijh/sdk/rk3588/uefi/Build/RK3588/DEBUG_GCC5/AARCH64/MdePkg/Library/BaseLib/BaseLib/OUTPUT/BaseLib.lib
LOAD /home/daijh/sdk/rk3588/uefi/Build/RK3588/DEBUG_GCC5/AARCH64/MdePkg/Library/RegisterFilterLibNull/RegisterFilterLibNull/OUTPUT/FilterLibNull.lib
LOAD /home/daijh/sdk/rk3588/uefi/Build/RK3588/DEBUG_GCC5/AARCH64/MdePkg/Library/BaseIoLibIntrinsic/BaseIoLibIntrinsic/OUTPUT/BaseIoLibIntrinsic.lib
LOAD /home/daijh/sdk/rk3588/uefi/Build/RK3588/DEBUG_GCC5/AARCH64/Silicon/Rockchip/Library/SerialPortLib/UartLib/OUTPUT/UartLib.lib
LOAD /home/daijh/sdk/rk3588/uefi/Build/RK3588/DEBUG_GCC5/AARCH64/MdePkg/Library/BaseDebugPrintErrorLevelLib/BaseDebugPrintErrorLevelLib/OUTPUT/BaseDebugPrintErrorLevelLib.lib
LOAD /home/daijh/sdk/rk3588/uefi/Build/RK3588/DEBUG_GCC5/AARCH64/MdePkg/Library/BasePrintLib/BasePrintLib/OUTPUT/BasePrintLib.lib
LOAD /home/daijh/sdk/rk3588/uefi/Build/RK3588/DEBUG_GCC5/AARCH64/Silicon/Rockchip/Library/SerialPortLib/SerialPortLib/OUTPUT/SerialPortLib.lib
LOAD /home/daijh/sdk/rk3588/uefi/Build/RK3588/DEBUG_GCC5/AARCH64/MdePkg/Library/BaseDebugLibSerialPort/BaseDebugLibSerialPort/OUTPUT/BaseDebugLibSerialPort.lib
LOAD /home/daijh/sdk/rk3588/uefi/Build/RK3588/DEBUG_GCC5/AARCH64/MdePkg/Library/UefiBootServicesTableLib/UefiBootServicesTableLib/OUTPUT/UefiBootServicesTableLib.lib
LOAD /home/daijh/sdk/rk3588/uefi/Build/RK3588/DEBUG_GCC5/AARCH64/ArmPkg/Library/ArmLib/ArmBaseLib/OUTPUT/ArmBaseLib.lib
LOAD /home/daijh/sdk/rk3588/uefi/Build/RK3588/DEBUG_GCC5/AARCH64/ArmPkg/Library/ArmGenericTimerPhyCounterLib/ArmGenericTimerPhyCounterLib/OUTPUT/ArmGenericTimerPhyCounterLib.lib
LOAD /home/daijh/sdk/rk3588/uefi/Build/RK3588/DEBUG_GCC5/AARCH64/MdePkg/Library/UefiMemoryAllocationLib/UefiMemoryAllocationLib/OUTPUT/UefiMemoryAllocationLib.lib
LOAD /home/daijh/sdk/rk3588/uefi/Build/RK3588/DEBUG_GCC5/AARCH64/ArmPkg/Library/ArmArchTimerLib/ArmArchTimerLib/OUTPUT/ArmArchTimerLib.lib
LOAD /home/daijh/sdk/rk3588/uefi/Build/RK3588/DEBUG_GCC5/AARCH64/Silicon/Rockchip/Library/DisplayLib/RockchipDisplayLib/OUTPUT/RockchipDisplayLib.lib
LOAD /home/daijh/sdk/rk3588/uefi/Build/RK3588/DEBUG_GCC5/AARCH64/MdePkg/Library/UefiDriverEntryPoint/UefiDriverEntryPoint/OUTPUT/UefiDriverEntryPoint.lib
LOAD /home/daijh/sdk/rk3588/uefi/Build/RK3588/DEBUG_GCC5/AARCH64/ArmPkg/Library/CompilerIntrinsicsLib/CompilerIntrinsicsLib/OUTPUT/CompilerIntrinsicsLib.lib
LOAD /home/daijh/sdk/rk3588/uefi/Build/RK3588/DEBUG_GCC5/AARCH64/MdePkg/Library/BaseStackCheckLib/BaseStackCheckLib/OUTPUT/BaseStackCheckLib.lib
END GROUP
                0x0000000000000228                . = PECOFF_HEADER_SIZE

.text           0x0000000000001000     0x3f32
 *(.text .text.* .stub .gnu.linkonce.t.*)
 .text.DebugPrintLevelEnabled
                0x0000000000001000        0x8 /tmp/Vop2Dxe.dll.uSJ9BL.ltrans0.ltrans.o
 .text.LogCalculate
                0x0000000000001008       0x1c /tmp/Vop2Dxe.dll.uSJ9BL.ltrans0.ltrans.o
 .text.IsYUVOutput
                0x0000000000001024       0x38 /tmp/Vop2Dxe.dll.uSJ9BL.ltrans0.ltrans.o
 .text.FixpSin32
                0x000000000000105c       0x58 /tmp/Vop2Dxe.dll.uSJ9BL.ltrans0.ltrans.o
 .text.Vop2GetVps
                0x00000000000010b4       0x1c /tmp/Vop2Dxe.dll.uSJ9BL.ltrans0.ltrans.o
 .text.DebugAssertEnabled
                0x00000000000010d0        0x8 /tmp/Vop2Dxe.dll.uSJ9BL.ltrans0.ltrans.o
 .text.DebugPrintEnabled
                0x00000000000010d8        0x8 /tmp/Vop2Dxe.dll.uSJ9BL.ltrans0.ltrans.o
 .text.AsciiStrnLenS
                0x00000000000010e0       0x3c /tmp/Vop2Dxe.dll.uSJ9BL.ltrans0.ltrans.o
 .text.BasePrintLibFillBuffer
                0x000000000000111c       0x34 /tmp/Vop2Dxe.dll.uSJ9BL.ltrans0.ltrans.o
 .text.Vop2FindWinByPhysID.isra.0
                0x0000000000001150       0x38 /tmp/Vop2Dxe.dll.uSJ9BL.ltrans0.ltrans.o
 .text.BasePrintLibSPrintMarker.constprop.0
                0x0000000000001188      0xbbc /tmp/Vop2Dxe.dll.uSJ9BL.ltrans0.ltrans.o
 .text.AsciiSPrint.constprop.0
                0x0000000000001d44       0x64 /tmp/Vop2Dxe.dll.uSJ9BL.ltrans0.ltrans.o
 .text.DebugAssert
                0x0000000000001da8       0x4c /tmp/Vop2Dxe.dll.uSJ9BL.ltrans0.ltrans.o
 .text.MmioRead32
                0x0000000000001df4       0x40 /tmp/Vop2Dxe.dll.uSJ9BL.ltrans0.ltrans.o
 .text.AsciiStrLen
                0x0000000000001e34       0x74 /tmp/Vop2Dxe.dll.uSJ9BL.ltrans0.ltrans.o
 .text.ReadUnaligned16
                0x0000000000001ea8       0x5c /tmp/Vop2Dxe.dll.uSJ9BL.ltrans0.ltrans.o
 .text.MmioWrite32.isra.0
                0x0000000000001f04       0x44 /tmp/Vop2Dxe.dll.uSJ9BL.ltrans0.ltrans.o
 .text.Vop2Writel
                0x0000000000001f48       0x3c /tmp/Vop2Dxe.dll.uSJ9BL.ltrans0.ltrans.o
 .text.BaseDebugLibSerialPortConstructor
                0x0000000000001f84       0xdc /tmp/Vop2Dxe.dll.uSJ9BL.ltrans0.ltrans.o
 .text.Vop2MaskWrite.part.0.constprop.0
                0x0000000000002060       0x34 /tmp/Vop2Dxe.dll.uSJ9BL.ltrans0.ltrans.o
 .text.Vop2Enable
                0x0000000000002094       0x5c /tmp/Vop2Dxe.dll.uSJ9BL.ltrans0.ltrans.o
 .text.Vop2Disable
                0x00000000000020f0       0x5c /tmp/Vop2Dxe.dll.uSJ9BL.ltrans0.ltrans.o
 .text.UartWrite.constprop.0.isra.0
                0x000000000000214c       0x54 /tmp/Vop2Dxe.dll.uSJ9BL.ltrans0.ltrans.o
 .text.DebugPrint
                0x00000000000021a0       0x94 /tmp/Vop2Dxe.dll.uSJ9BL.ltrans0.ltrans.o
 .text.Vop2Init
                0x0000000000002234      0xcf0 /tmp/Vop2Dxe.dll.uSJ9BL.ltrans0.ltrans.o
 .text.Vop2ScaleFactor.part.0
                0x0000000000002f24      0x114 /tmp/Vop2Dxe.dll.uSJ9BL.ltrans0.ltrans.o
 .text.Vop2SetupScale
                0x0000000000003038      0x2c4 /tmp/Vop2Dxe.dll.uSJ9BL.ltrans0.ltrans.o
 .text.Vop2SetPlane
                0x00000000000032fc      0x508 /tmp/Vop2Dxe.dll.uSJ9BL.ltrans0.ltrans.o
 .text.BasePrintLibSPrint.constprop.0
                0x0000000000003804       0x54 /tmp/Vop2Dxe.dll.uSJ9BL.ltrans0.ltrans.o
 .text.TimerConstructor
                0x0000000000003858       0x68 /tmp/Vop2Dxe.dll.uSJ9BL.ltrans0.ltrans.o
 .text.MicroSecondDelay.constprop.0.isra.0
                0x00000000000038c0       0x4c /tmp/Vop2Dxe.dll.uSJ9BL.ltrans0.ltrans.o
 .text.Vop2PreInit
                0x000000000000390c      0x528 /tmp/Vop2Dxe.dll.uSJ9BL.ltrans0.ltrans.o
 .text._ModuleEntryPoint
                0x0000000000003e34      0x1d4 /tmp/Vop2Dxe.dll.uSJ9BL.ltrans0.ltrans.o
                0x0000000000003e34                _ModuleEntryPoint
 .text.ArmIsArchTimerImplemented
                0x0000000000004008        0x8 /home/daijh/sdk/rk3588/uefi/Build/RK3588/DEBUG_GCC5/AARCH64/ArmPkg/Library/ArmLib/ArmBaseLib/OUTPUT/ArmBaseLib.lib(AArch64Support.obj)
                0x0000000000004008                ArmIsArchTimerImplemented
 .text.ArmReadCntFrq
                0x0000000000004010        0x8 /home/daijh/sdk/rk3588/uefi/Build/RK3588/DEBUG_GCC5/AARCH64/ArmPkg/Library/ArmLib/ArmBaseLib/OUTPUT/ArmBaseLib.lib(AArch64ArchTimerSupport.obj)
                0x0000000000004010                ArmReadCntFrq
 .text.ArmReadCntPct
                0x0000000000004018        0x8 /home/daijh/sdk/rk3588/uefi/Build/RK3588/DEBUG_GCC5/AARCH64/ArmPkg/Library/ArmLib/ArmBaseLib/OUTPUT/ArmBaseLib.lib(AArch64ArchTimerSupport.obj)
                0x0000000000004018                ArmReadCntPct
 *(.rodata .rodata.* .gnu.linkonce.r.*)
 .rodata.BasePrintLibSPrintMarker.constprop.0.str1.1
                0x0000000000004020      0x197 /tmp/Vop2Dxe.dll.uSJ9BL.ltrans0.ltrans.o
 *fill*         0x00000000000041b7        0x1 
 .rodata.BasePrintLibSPrintMarker.constprop.0
                0x00000000000041b8       0x5e /tmp/Vop2Dxe.dll.uSJ9BL.ltrans0.ltrans.o
 .rodata.AsciiSPrint.constprop.0.str1.1
                0x0000000000004216       0x18 /tmp/Vop2Dxe.dll.uSJ9BL.ltrans0.ltrans.o
 .rodata.DebugAssert.str1.1
                0x000000000000422e        0x8 /tmp/Vop2Dxe.dll.uSJ9BL.ltrans0.ltrans.o
 .rodata.MmioRead32.str1.1
                0x0000000000004236       0x62 /tmp/Vop2Dxe.dll.uSJ9BL.ltrans0.ltrans.o
 .rodata.AsciiStrLen.str1.1
                0x0000000000004298       0x79 /tmp/Vop2Dxe.dll.uSJ9BL.ltrans0.ltrans.o
 .rodata.ReadUnaligned16.str1.1
                0x0000000000004311       0x48 /tmp/Vop2Dxe.dll.uSJ9BL.ltrans0.ltrans.o
 .rodata.Vop2Init.str1.1
                0x0000000000004359      0x143 /tmp/Vop2Dxe.dll.uSJ9BL.ltrans0.ltrans.o
 .rodata.Vop2Init
                0x000000000000449c       0x18 /tmp/Vop2Dxe.dll.uSJ9BL.ltrans0.ltrans.o
 .rodata.Vop2ScaleFactor.part.0.str1.1
                0x00000000000044b4       0x51 /tmp/Vop2Dxe.dll.uSJ9BL.ltrans0.ltrans.o
 .rodata.Vop2SetupScale.str1.1
                0x0000000000004505       0x27 /tmp/Vop2Dxe.dll.uSJ9BL.ltrans0.ltrans.o
 .rodata.Vop2SetPlane.str1.1
                0x000000000000452c       0xe9 /tmp/Vop2Dxe.dll.uSJ9BL.ltrans0.ltrans.o
 .rodata.TimerConstructor.str1.1
                0x0000000000004615       0xcf /tmp/Vop2Dxe.dll.uSJ9BL.ltrans0.ltrans.o
                                         0xd1 (size before relaxing)
 .rodata.Vop2PreInit.str1.1
                0x00000000000046e4       0x31 /tmp/Vop2Dxe.dll.uSJ9BL.ltrans0.ltrans.o
 .rodata._ModuleEntryPoint.str1.1
                0x0000000000004715      0x1e4 /tmp/Vop2Dxe.dll.uSJ9BL.ltrans0.ltrans.o
 .rodata.str1.1
                0x00000000000048f9       0xa1 /tmp/Vop2Dxe.dll.uSJ9BL.ltrans0.ltrans.o
 *fill*         0x000000000000499a        0x6 
 .rodata.CSWTCH.53
                0x00000000000049a0       0x50 /tmp/Vop2Dxe.dll.uSJ9BL.ltrans0.ltrans.o
 .rodata.CSWTCH.59
                0x00000000000049f0        0xb /tmp/Vop2Dxe.dll.uSJ9BL.ltrans0.ltrans.o
 *fill*         0x00000000000049fb        0x5 
 .rodata.mDisplayIfName
                0x0000000000004a00       0x68 /tmp/Vop2Dxe.dll.uSJ9BL.ltrans0.ltrans.o
 .rodata.mErrorString
                0x0000000000004a68      0x2b5 /tmp/Vop2Dxe.dll.uSJ9BL.ltrans0.ltrans.o
 .rodata.mHexStr
                0x0000000000004d1d       0x10 /tmp/Vop2Dxe.dll.uSJ9BL.ltrans0.ltrans.o
 *fill*         0x0000000000004d2d        0x3 
 .rodata.mSinTable
                0x0000000000004d30      0x16c /tmp/Vop2Dxe.dll.uSJ9BL.ltrans0.ltrans.o
 .rodata.mWarningString
                0x0000000000004e9c       0x96 /tmp/Vop2Dxe.dll.uSJ9BL.ltrans0.ltrans.o
 *(.got .got.*)
 *:AutoGen.obj(.data.g*Guid)

.iplt           0x0000000000004f34        0x0
 .iplt          0x0000000000004f34        0x0 /tmp/Vop2Dxe.dll.uSJ9BL.ltrans0.ltrans.o

.data           0x0000000000005000     0x7fd0
 *(.data .data.* .gnu.linkonce.d.*)
 .data.RK3568Vop2VpPrimaryPlaneOrder
                0x0000000000005000        0x4 /tmp/Vop2Dxe.dll.uSJ9BL.ltrans0.ltrans.o
 .data.RK3588Vop2VpPrimaryPlaneOrder
                0x0000000000005004        0x4 /tmp/Vop2Dxe.dll.uSJ9BL.ltrans0.ltrans.o
 .data.gRockchipCrtcProtocolGuid
                0x0000000000005008       0x10 /tmp/Vop2Dxe.dll.uSJ9BL.ltrans0.ltrans.o
 .data.mCluster0PdDataRK3588
                0x0000000000005018        0x6 /tmp/Vop2Dxe.dll.uSJ9BL.ltrans0.ltrans.o
 .data.mCluster1PdDataRK3588
                0x000000000000501e        0x6 /tmp/Vop2Dxe.dll.uSJ9BL.ltrans0.ltrans.o
 .data.mCluster2PdDataRK3588
                0x0000000000005024        0x6 /tmp/Vop2Dxe.dll.uSJ9BL.ltrans0.ltrans.o
 .data.mCluster3PdDataRK3588
                0x000000000000502a        0x6 /tmp/Vop2Dxe.dll.uSJ9BL.ltrans0.ltrans.o
 .data.mEsmartPdDataRK3588
                0x0000000000005030        0x6 /tmp/Vop2Dxe.dll.uSJ9BL.ltrans0.ltrans.o
 *fill*         0x0000000000005036        0x2 
 .data.mVop2    0x0000000000005038       0xd8 /tmp/Vop2Dxe.dll.uSJ9BL.ltrans0.ltrans.o
 .data.mVop2RK3588
                0x0000000000005110       0x30 /tmp/Vop2Dxe.dll.uSJ9BL.ltrans0.ltrans.o
 .data.mVpDataRK3588
                0x0000000000005140       0x50 /tmp/Vop2Dxe.dll.uSJ9BL.ltrans0.ltrans.o
 .data.mVpPlaneMaskRK3588
                0x0000000000005190      0x140 /tmp/Vop2Dxe.dll.uSJ9BL.ltrans0.ltrans.o
 .data.mVpsConfigs
                0x00000000000052d0       0xa0 /tmp/Vop2Dxe.dll.uSJ9BL.ltrans0.ltrans.o
 .data.mWinDataRK3588
                0x0000000000005370      0x100 /tmp/Vop2Dxe.dll.uSJ9BL.ltrans0.ltrans.o
 *(.bss .bss.*)
 .bss.RockchipVop2
                0x0000000000005470        0x8 /tmp/Vop2Dxe.dll.uSJ9BL.ltrans0.ltrans.o
 .bss.gBS       0x0000000000005478        0x8 /tmp/Vop2Dxe.dll.uSJ9BL.ltrans0.ltrans.o
 .bss.gImageHandle
                0x0000000000005480        0x8 /tmp/Vop2Dxe.dll.uSJ9BL.ltrans0.ltrans.o
 .bss.gST       0x0000000000005488        0x8 /tmp/Vop2Dxe.dll.uSJ9BL.ltrans0.ltrans.o
 .bss.mRegsBackup
                0x0000000000005490     0x7b40 /tmp/Vop2Dxe.dll.uSJ9BL.ltrans0.ltrans.o

.igot.plt       0x000000000000cfd0        0x0
 .igot.plt      0x000000000000cfd0        0x0 /tmp/Vop2Dxe.dll.uSJ9BL.ltrans0.ltrans.o

.eh_frame
 *(.eh_frame)

.rela           0x000000000000cfd0        0x0
 *(.rela .rela.*)
 .rela.iplt     0x000000000000cfd0        0x0 /tmp/Vop2Dxe.dll.uSJ9BL.ltrans0.ltrans.o

.hii
 *(.hii)

.build-id
 *(.note.gnu.build-id)

/DISCARD/
 *(.note.GNU-stack)
 *(.gnu_debuglink)
 *(.interp)
 *(.dynsym)
 *(.dynstr)
 *(.dynamic)
 *(.hash .gnu.hash)
 *(.comment)
                0x0000000000000228                PECOFF_HEADER_SIZE = 0x228
OUTPUT(/home/daijh/sdk/rk3588/uefi/Build/RK3588/DEBUG_GCC5/AARCH64/Silicon/Rockchip/Drivers/Vop2Dxe/Vop2Dxe/DEBUG/Vop2Dxe.dll elf64-littleaarch64)
LOAD linker stubs

.debug_info     0x0000000000000000    0x131a5
 .debug_info    0x0000000000000000     0x5ecc /tmp/Vop2Dxe.dll.uSJ9BL.ltrans0.ltrans.o
 .debug_info    0x0000000000005ecc     0x191f /tmp/ccgE8xT3.debug.temp.o
                0x0000000000005ecc                DriverEntryPoint.c.6ad2c6b6
 .debug_info    0x00000000000077eb      0x100 /tmp/ccVfLZdn.debug.temp.o
                0x00000000000077eb                memcpy.c.124218b3
 .debug_info    0x00000000000078eb       0xb1 /tmp/cc5Svm7y.debug.temp.o
                0x00000000000078eb                memset.c.fe78e419
 .debug_info    0x000000000000799c       0xb0 /tmp/ccSGzucw.debug.temp.o
                0x000000000000799c                BaseStackCheckGcc.c.4b3a57a0
 .debug_info    0x0000000000007a4c     0x1af0 /tmp/cc81V24s.debug.temp.o
                0x0000000000007a4c                AutoGen.c.7235d667
 .debug_info    0x000000000000953c     0x359f /tmp/cciaY3c7.debug.temp.o
                0x000000000000953c                Vop2Dxe.c.69a54239
 .debug_info    0x000000000000cadb      0x4eb /tmp/cc3TIUFT.debug.temp.o
                0x000000000000cadb                IoLibNoIo.c.373e17b9
 .debug_info    0x000000000000cfc6      0x32b /tmp/ccvddoGL.debug.temp.o
                0x000000000000cfc6                DebugLib.c.b228dbcd
 .debug_info    0x000000000000d2f1     0x17cd /tmp/cc3A926P.debug.temp.o
                0x000000000000d2f1                UefiBootServicesTableLib.c.40f3e47d
 .debug_info    0x000000000000eabe     0x13a8 /tmp/ccLuaWQy.debug.temp.o
                0x000000000000eabe                MemoryAllocationLib.c.3e4a7161
 .debug_info    0x000000000000fe66      0x1b8 /tmp/cc1yDf0B.debug.temp.o
                0x000000000000fe66                ArmArchTimerLib.c.169fc7a3
 .debug_info    0x000000000001001e       0xa1 /tmp/cc5Q8muw.debug.temp.o
                0x000000000001001e                MultU64x64.c.e790b77c
 .debug_info    0x00000000000100bf       0xc3 /tmp/cccKLdLa.debug.temp.o
                0x00000000000100bf                DivU64x32Remainder.c.99a75392
 .debug_info    0x0000000000010182       0xad /tmp/ccBOyL97.debug.temp.o
                0x0000000000010182                DivU64x32.c.e876f75d
 .debug_info    0x000000000001022f      0x711 /tmp/ccUG1rKi.debug.temp.o
                0x000000000001022f                String.c.8e83c025
 .debug_info    0x0000000000010940      0x30e /tmp/ccYgalSW.debug.temp.o
                0x0000000000010940                Math64.c.df2e98ae
 .debug_info    0x0000000000010c4e      0xf83 /tmp/ccHEIdcY.debug.temp.o
                0x0000000000010c4e                SafeString.c.1b674302
 .debug_info    0x0000000000011bd1      0x5ad /tmp/ccKawFzP.debug.temp.o
                0x0000000000011bd1                PrintLib.c.b75a7535
 .debug_info    0x000000000001217e      0x753 /tmp/ccPZl2Ey.debug.temp.o
                0x000000000001217e                PrintLibInternal.c.b254bcc3
 .debug_info    0x00000000000128d1      0x277 /tmp/ccL6mt0O.debug.temp.o
                0x00000000000128d1                SerialPortLib.c.bf19079b
 .debug_info    0x0000000000012b48      0x152 /tmp/cclNdP01.debug.temp.o
                0x0000000000012b48                ArmGenericTimerPhyCounterLib.c.deb3eedf
 .debug_info    0x0000000000012c9a      0x238 /tmp/ccZhmVsM.debug.temp.o
                0x0000000000012c9a                Unaligned.c.a40271e9
 .debug_info    0x0000000000012ed2      0x2d3 /tmp/ccJ6zZFL.debug.temp.o
                0x0000000000012ed2                UartLib.c.db43ab4c

.debug_abbrev   0x0000000000000000     0x1a4e
 .debug_abbrev  0x0000000000000000      0x256 /tmp/Vop2Dxe.dll.uSJ9BL.ltrans0.ltrans.o
 .debug_abbrev  0x0000000000000256      0x1d1 /tmp/ccgE8xT3.debug.temp.o
 .debug_abbrev  0x0000000000000427       0xa4 /tmp/ccVfLZdn.debug.temp.o
 .debug_abbrev  0x00000000000004cb       0x76 /tmp/cc5Svm7y.debug.temp.o
 .debug_abbrev  0x0000000000000541       0x87 /tmp/ccSGzucw.debug.temp.o
 .debug_abbrev  0x00000000000005c8      0x230 /tmp/cc81V24s.debug.temp.o
 .debug_abbrev  0x00000000000007f8      0x29a /tmp/cciaY3c7.debug.temp.o
 .debug_abbrev  0x0000000000000a92       0xe8 /tmp/cc3TIUFT.debug.temp.o
 .debug_abbrev  0x0000000000000b7a      0x12d /tmp/ccvddoGL.debug.temp.o
 .debug_abbrev  0x0000000000000ca7      0x1c5 /tmp/cc3A926P.debug.temp.o
 .debug_abbrev  0x0000000000000e6c      0x1e4 /tmp/ccLuaWQy.debug.temp.o
 .debug_abbrev  0x0000000000001050       0xcd /tmp/cc1yDf0B.debug.temp.o
 .debug_abbrev  0x000000000000111d       0x66 /tmp/cc5Q8muw.debug.temp.o
 .debug_abbrev  0x0000000000001183       0x62 /tmp/cccKLdLa.debug.temp.o
 .debug_abbrev  0x00000000000011e5       0x57 /tmp/ccBOyL97.debug.temp.o
 .debug_abbrev  0x000000000000123c      0x101 /tmp/ccUG1rKi.debug.temp.o
 .debug_abbrev  0x000000000000133d       0xa8 /tmp/ccYgalSW.debug.temp.o
 .debug_abbrev  0x00000000000013e5      0x133 /tmp/ccHEIdcY.debug.temp.o
 .debug_abbrev  0x0000000000001518      0x106 /tmp/ccKawFzP.debug.temp.o
 .debug_abbrev  0x000000000000161e      0x15c /tmp/ccPZl2Ey.debug.temp.o
 .debug_abbrev  0x000000000000177a       0xc2 /tmp/ccL6mt0O.debug.temp.o
 .debug_abbrev  0x000000000000183c       0x9b /tmp/cclNdP01.debug.temp.o
 .debug_abbrev  0x00000000000018d7       0x7f /tmp/ccZhmVsM.debug.temp.o
 .debug_abbrev  0x0000000000001956       0xf8 /tmp/ccJ6zZFL.debug.temp.o

.debug_loc      0x0000000000000000     0xcd91
 .debug_loc     0x0000000000000000     0xcd91 /tmp/Vop2Dxe.dll.uSJ9BL.ltrans0.ltrans.o

.debug_aranges  0x0000000000000000      0x270
 .debug_aranges
                0x0000000000000000      0x270 /tmp/Vop2Dxe.dll.uSJ9BL.ltrans0.ltrans.o

.debug_ranges   0x0000000000000000     0x1080
 .debug_ranges  0x0000000000000000     0x1080 /tmp/Vop2Dxe.dll.uSJ9BL.ltrans0.ltrans.o

.debug_line     0x0000000000000000     0x4bce
 .debug_line    0x0000000000000000     0x2bdc /tmp/Vop2Dxe.dll.uSJ9BL.ltrans0.ltrans.o
 .debug_line    0x0000000000002bdc      0x2de /tmp/ccgE8xT3.debug.temp.o
 .debug_line    0x0000000000002eba       0x70 /tmp/ccVfLZdn.debug.temp.o
 .debug_line    0x0000000000002f2a       0x70 /tmp/cc5Svm7y.debug.temp.o
 .debug_line    0x0000000000002f9a      0x144 /tmp/ccSGzucw.debug.temp.o
 .debug_line    0x00000000000030de      0x26f /tmp/cc81V24s.debug.temp.o
 .debug_line    0x000000000000334d      0x387 /tmp/cciaY3c7.debug.temp.o
 .debug_line    0x00000000000036d4      0x10a /tmp/cc3TIUFT.debug.temp.o
 .debug_line    0x00000000000037de      0x192 /tmp/ccvddoGL.debug.temp.o
 .debug_line    0x0000000000003970      0x237 /tmp/cc3A926P.debug.temp.o
 .debug_line    0x0000000000003ba7      0x20c /tmp/ccLuaWQy.debug.temp.o
 .debug_line    0x0000000000003db3      0x176 /tmp/cc1yDf0B.debug.temp.o
 .debug_line    0x0000000000003f29       0xb1 /tmp/cc5Q8muw.debug.temp.o
 .debug_line    0x0000000000003fda       0xb9 /tmp/cccKLdLa.debug.temp.o
 .debug_line    0x0000000000004093       0xb0 /tmp/ccBOyL97.debug.temp.o
 .debug_line    0x0000000000004143      0x155 /tmp/ccUG1rKi.debug.temp.o
 .debug_line    0x0000000000004298       0xad /tmp/ccYgalSW.debug.temp.o
 .debug_line    0x0000000000004345      0x159 /tmp/ccHEIdcY.debug.temp.o
 .debug_line    0x000000000000449e       0xfc /tmp/ccKawFzP.debug.temp.o
 .debug_line    0x000000000000459a      0x192 /tmp/ccPZl2Ey.debug.temp.o
 .debug_line    0x000000000000472c      0x14f /tmp/ccL6mt0O.debug.temp.o
 .debug_line    0x000000000000487b       0xd8 /tmp/cclNdP01.debug.temp.o
 .debug_line    0x0000000000004953       0xb4 /tmp/ccZhmVsM.debug.temp.o
 .debug_line    0x0000000000004a07      0x1c7 /tmp/ccJ6zZFL.debug.temp.o

.debug_str      0x0000000000000000     0x4c16
 .debug_str     0x0000000000000000      0x24a /tmp/Vop2Dxe.dll.uSJ9BL.ltrans0.ltrans.o
                                        0x269 (size before relaxing)
 .debug_str     0x000000000000024a     0x1334 /tmp/ccgE8xT3.debug.temp.o
                                       0x1464 (size before relaxing)
 .debug_str     0x000000000000157e      0x21d /tmp/ccVfLZdn.debug.temp.o
                                        0x2a4 (size before relaxing)
 .debug_str     0x000000000000179b       0x58 /tmp/cc5Svm7y.debug.temp.o
                                        0x298 (size before relaxing)
 .debug_str     0x00000000000017f3      0x110 /tmp/ccSGzucw.debug.temp.o
                                        0x2f2 (size before relaxing)
 .debug_str     0x0000000000001903      0x569 /tmp/cc81V24s.debug.temp.o
                                       0x18c2 (size before relaxing)
 .debug_str     0x0000000000001e6c     0x1056 /tmp/cciaY3c7.debug.temp.o
                                       0x24c5 (size before relaxing)
 .debug_str     0x0000000000002ec2      0x1ea /tmp/cc3TIUFT.debug.temp.o
                                        0x3fa (size before relaxing)
 .debug_str     0x00000000000030ac      0x235 /tmp/ccvddoGL.debug.temp.o
                                        0x4eb (size before relaxing)
 .debug_str     0x00000000000032e1      0x105 /tmp/cc3A926P.debug.temp.o
                                       0x1382 (size before relaxing)
 .debug_str     0x00000000000033e6      0x312 /tmp/ccLuaWQy.debug.temp.o
                                        0xf74 (size before relaxing)
 .debug_str     0x00000000000036f8      0x19f /tmp/cc1yDf0B.debug.temp.o
                                        0x3ca (size before relaxing)
 .debug_str     0x0000000000003897       0xbf /tmp/cc5Q8muw.debug.temp.o
                                        0x293 (size before relaxing)
 .debug_str     0x0000000000003956       0x71 /tmp/cccKLdLa.debug.temp.o
                                        0x2ae (size before relaxing)
 .debug_str     0x00000000000039c7       0x44 /tmp/ccBOyL97.debug.temp.o
                                        0x292 (size before relaxing)
 .debug_str     0x0000000000003a0b      0x2fd /tmp/ccUG1rKi.debug.temp.o
                                        0x67e (size before relaxing)
 .debug_str     0x0000000000003d08      0x192 /tmp/ccYgalSW.debug.temp.o
                                        0x407 (size before relaxing)
 .debug_str     0x0000000000003e9a      0x2ed /tmp/ccHEIdcY.debug.temp.o
                                        0x6ed (size before relaxing)
 .debug_str     0x0000000000004187      0x21f /tmp/ccKawFzP.debug.temp.o
                                        0x48c (size before relaxing)
 .debug_str     0x00000000000043a6      0x225 /tmp/ccPZl2Ey.debug.temp.o
                                        0x687 (size before relaxing)
 .debug_str     0x00000000000045cb      0x1fe /tmp/ccL6mt0O.debug.temp.o
                                        0x43f (size before relaxing)
 .debug_str     0x00000000000047c9      0x249 /tmp/cclNdP01.debug.temp.o
                                        0x434 (size before relaxing)
 .debug_str     0x0000000000004a12       0xe1 /tmp/ccZhmVsM.debug.temp.o
                                        0x345 (size before relaxing)
 .debug_str     0x0000000000004af3      0x123 /tmp/ccJ6zZFL.debug.temp.o
                                        0x438 (size before relaxing)

.debug_frame    0x0000000000000000      0x640
 .debug_frame   0x0000000000000000      0x640 /tmp/Vop2Dxe.dll.uSJ9BL.ltrans0.ltrans.o
