Archive member included to satisfy reference by file (symbol)

/home/daijh/sdk/rk3588/uefi/Build/RK3588/DEBUG_GCC5/AARCH64/MdePkg/Library/UefiApplicationEntryPoint/UefiApplicationEntryPoint/OUTPUT/UefiApplicationEntryPoint.lib(ApplicationEntryPoint.obj)
                              (_ModuleEntryPoint)
/home/daijh/sdk/rk3588/uefi/Build/RK3588/DEBUG_GCC5/AARCH64/ArmPkg/Library/CompilerIntrinsicsLib/CompilerIntrinsicsLib/OUTPUT/CompilerIntrinsicsLib.lib(memcpy.obj)
                              /home/daijh/sdk/rk3588/uefi/edk2/ArmPkg/Library/GccLto/liblto-aarch64.a (memcpy)
/home/daijh/sdk/rk3588/uefi/Build/RK3588/DEBUG_GCC5/AARCH64/ArmPkg/Library/CompilerIntrinsicsLib/CompilerIntrinsicsLib/OUTPUT/CompilerIntrinsicsLib.lib(memset.obj)
                              /home/daijh/sdk/rk3588/uefi/edk2/ArmPkg/Library/GccLto/liblto-aarch64.a (memset)
/home/daijh/sdk/rk3588/uefi/Build/RK3588/DEBUG_GCC5/AARCH64/MdePkg/Library/BaseStackCheckLib/BaseStackCheckLib/OUTPUT/BaseStackCheckLib.lib(BaseStackCheckGcc.obj)
                              /home/daijh/sdk/rk3588/uefi/edk2/ArmPkg/Library/GccLto/liblto-aarch64.a (__stack_chk_fail)
/home/daijh/sdk/rk3588/uefi/Build/RK3588/DEBUG_GCC5/AARCH64/MdeModulePkg/Application/UiApp/UiApp/OUTPUT/UiApp.lib(AutoGen.obj)
                              ApplicationEntryPoint.obj (symbol from plugin) (ProcessLibraryConstructorList)
/home/daijh/sdk/rk3588/uefi/Build/RK3588/DEBUG_GCC5/AARCH64/MdeModulePkg/Application/UiApp/UiApp/OUTPUT/UiApp.lib(FrontPage.obj)
                              AutoGen.obj (symbol from plugin) (InitializeUserInterface)
/home/daijh/sdk/rk3588/uefi/Build/RK3588/DEBUG_GCC5/AARCH64/MdeModulePkg/Application/UiApp/UiApp/OUTPUT/UiApp.lib(String.obj)
                              FrontPage.obj (symbol from plugin) (InitializeStringSupport)
/home/daijh/sdk/rk3588/uefi/Build/RK3588/DEBUG_GCC5/AARCH64/MdeModulePkg/Application/UiApp/UiApp/OUTPUT/UiApp.lib(FrontPageCustomizedUi.obj)
                              FrontPage.obj (symbol from plugin) (UiCustomizeFrontPage)
/home/daijh/sdk/rk3588/uefi/Build/RK3588/DEBUG_GCC5/AARCH64/MdeModulePkg/Application/UiApp/UiApp/OUTPUT/UiApp.lib(FrontPageCustomizedUiSupport.obj)
                              FrontPageCustomizedUi.obj (symbol from plugin) (UiSupportLibCallbackHandler)
/home/daijh/sdk/rk3588/uefi/Build/RK3588/DEBUG_GCC5/AARCH64/MdeModulePkg/Application/UiApp/UiApp/OUTPUT/UiApp.lib(FrontPageVfr.obj)
                              FrontPage.obj (symbol from plugin) (FrontPageVfrBin)
/home/daijh/sdk/rk3588/uefi/Build/RK3588/DEBUG_GCC5/AARCH64/MdePkg/Library/DxePcdLib/DxePcdLib/OUTPUT/DxePcdLib.lib(DxePcdLib.obj)
                              FrontPageCustomizedUi.obj (symbol from plugin) (LibPcdGetBool)
/home/daijh/sdk/rk3588/uefi/Build/RK3588/DEBUG_GCC5/AARCH64/MdePkg/Library/BaseMemoryLibOptDxe/BaseMemoryLibOptDxe/OUTPUT/BaseMemoryLibOptDxe.lib(MemLibGuid.obj)
                              FrontPageCustomizedUiSupport.obj (symbol from plugin) (CompareGuid)
/home/daijh/sdk/rk3588/uefi/Build/RK3588/DEBUG_GCC5/AARCH64/MdePkg/Library/BaseMemoryLibOptDxe/BaseMemoryLibOptDxe/OUTPUT/BaseMemoryLibOptDxe.lib(CopyMemWrapper.obj)
                              FrontPageCustomizedUiSupport.obj (symbol from plugin) (CopyMem)
/home/daijh/sdk/rk3588/uefi/Build/RK3588/DEBUG_GCC5/AARCH64/MdePkg/Library/BaseMemoryLibOptDxe/BaseMemoryLibOptDxe/OUTPUT/BaseMemoryLibOptDxe.lib(CopyMem.obj)
                              MemLibGuid.obj (symbol from plugin) (InternalMemCopyMem)
/home/daijh/sdk/rk3588/uefi/Build/RK3588/DEBUG_GCC5/AARCH64/MdePkg/Library/BaseMemoryLibOptDxe/BaseMemoryLibOptDxe/OUTPUT/BaseMemoryLibOptDxe.lib(CompareGuid.obj)
                              MemLibGuid.obj (symbol from plugin) (InternalMemCompareGuid)
/home/daijh/sdk/rk3588/uefi/Build/RK3588/DEBUG_GCC5/AARCH64/MdePkg/Library/BaseLib/BaseLib/OUTPUT/BaseLib.lib(RShiftU64.obj)
                              FrontPage.obj (symbol from plugin) (RShiftU64)
/home/daijh/sdk/rk3588/uefi/Build/RK3588/DEBUG_GCC5/AARCH64/MdePkg/Library/BaseLib/BaseLib/OUTPUT/BaseLib.lib(CpuDeadLoop.obj)
                              BaseStackCheckGcc.obj (symbol from plugin) (CpuDeadLoop)
/home/daijh/sdk/rk3588/uefi/Build/RK3588/DEBUG_GCC5/AARCH64/MdePkg/Library/BaseLib/BaseLib/OUTPUT/BaseLib.lib(SafeString.obj)
                              FrontPage.obj (symbol from plugin) (StrnLenS)
/home/daijh/sdk/rk3588/uefi/Build/RK3588/DEBUG_GCC5/AARCH64/MdePkg/Library/BaseLib/BaseLib/OUTPUT/BaseLib.lib(String.obj)
                              SafeString.obj (symbol from plugin) (InternalIsDecimalDigitCharacter)
/home/daijh/sdk/rk3588/uefi/Build/RK3588/DEBUG_GCC5/AARCH64/MdePkg/Library/BaseLib/BaseLib/OUTPUT/BaseLib.lib(Math64.obj)
                              RShiftU64.obj (symbol from plugin) (InternalMathRShiftU64)
/home/daijh/sdk/rk3588/uefi/Build/RK3588/DEBUG_GCC5/AARCH64/MdePkg/Library/BaseLib/BaseLib/OUTPUT/BaseLib.lib(SwitchStack.obj)
[...]
Memory Configuration

Name             Origin             Length             Attributes
*default*        0x0000000000000000 0xffffffffffffffff

Linker script and memory map

LOAD /home/daijh/sdk/rk3588/uefi/edk2/ArmPkg/Library/GccLto/liblto-aarch64.a
START GROUP
LOAD /tmp/UiApp.dll.bU1GdB.ltrans0.ltrans.o
LOAD /tmp/UiApp.dll.bU1GdB.ltrans1.ltrans.o
LOAD /tmp/UiApp.dll.bU1GdB.ltrans2.ltrans.o
LOAD /tmp/cc7eFldt.debug.temp.o
LOAD /tmp/ccigY8u1.debug.temp.o
LOAD /tmp/ccefNXg6.debug.temp.o
LOAD /tmp/ccTfkHM6.debug.temp.o
LOAD /tmp/ccvLL6RW.debug.temp.o
LOAD /tmp/ccQoiVy0.debug.temp.o
LOAD /tmp/ccRtLCOo.debug.temp.o
LOAD /tmp/ccV6wCok.debug.temp.o
LOAD /tmp/ccgwhUNI.debug.temp.o
LOAD /tmp/ccWVvjO5.debug.temp.o
LOAD /tmp/ccvIvSVt.debug.temp.o
LOAD /tmp/cccOUH2X.debug.temp.o
LOAD /tmp/ccqqzF2y.debug.temp.o
LOAD /tmp/ccvuUWCy.debug.temp.o
LOAD /tmp/ccZ75e7e.debug.temp.o
LOAD /tmp/ccaiohsr.debug.temp.o
LOAD /tmp/ccHhn3U2.debug.temp.o
LOAD /tmp/ccaraJTD.debug.temp.o
LOAD /tmp/ccRteHGw.debug.temp.o
LOAD /tmp/ccIOROTb.debug.temp.o
LOAD /tmp/ccKGubOC.debug.temp.o
LOAD /tmp/ccKdz5Mj.debug.temp.o
LOAD /tmp/cczNbHvq.debug.temp.o
LOAD /tmp/ccFslHJw.debug.temp.o
LOAD /tmp/ccVzxxsS.debug.temp.o
LOAD /tmp/ccQ6ekQn.debug.temp.o
LOAD /tmp/cceRC4bI.debug.temp.o
LOAD /tmp/ccNEggl2.debug.temp.o
LOAD /tmp/ccKJysj1.debug.temp.o
LOAD /tmp/cctwgZ52.debug.temp.o
LOAD /tmp/cc1w3vBx.debug.temp.o
LOAD /tmp/ccHtVExu.debug.temp.o
LOAD /tmp/cckjsQ99.debug.temp.o
LOAD /tmp/ccQPWOD8.debug.temp.o
LOAD /tmp/ccaiMdkO.debug.temp.o
LOAD /tmp/cc5kXWmC.debug.temp.o
LOAD /tmp/cc9Ou25I.debug.temp.o
LOAD /tmp/ccv1bRMn.debug.temp.o
LOAD /tmp/ccvGuhah.debug.temp.o
LOAD /tmp/ccsP92oy.debug.temp.o
LOAD /tmp/cctCr9Wp.debug.temp.o
LOAD /tmp/ccqv4aRk.debug.temp.o
LOAD /tmp/cc34vy0T.debug.temp.o
LOAD /tmp/ccQWYr2G.debug.temp.o
LOAD /tmp/ccbKENtT.debug.temp.o
LOAD /tmp/ccmOe4xJ.debug.temp.o
LOAD /tmp/ccM75D4k.debug.temp.o
LOAD /tmp/cc2I1tBO.debug.temp.o
LOAD /tmp/ccRbK1CI.debug.temp.o
LOAD /tmp/cc82S0C9.debug.temp.o
LOAD /tmp/ccJL7mdk.debug.temp.o
LOAD /tmp/cctunfTI.debug.temp.o
LOAD /tmp/ccC0aqNV.debug.temp.o
LOAD /tmp/ccGu6ArN.debug.temp.o
LOAD /tmp/ccKQ60Wl.debug.temp.o
LOAD /tmp/ccoD5g2F.debug.temp.o
LOAD /tmp/ccRBhbXO.debug.temp.o
LOAD /tmp/cckxwP5l.debug.temp.o
LOAD /tmp/ccvzKkbX.debug.temp.o
LOAD /tmp/ccbNZJvO.debug.temp.o
LOAD /tmp/cckD63vI.debug.temp.o
LOAD /tmp/ccvEJE8S.debug.temp.o
LOAD /tmp/ccbtxaS3.debug.temp.o
LOAD /tmp/ccmOK7A2.debug.temp.o
LOAD /tmp/ccniK73x.debug.temp.o
LOAD /tmp/ccOLX70X.debug.temp.o
LOAD /tmp/cc8xQtiO.debug.temp.o
LOAD /tmp/ccGCnMii.debug.temp.o
LOAD /tmp/ccz6i0HG.debug.temp.o
LOAD /tmp/ccNoue8q.debug.temp.o
LOAD /tmp/ccd9WPK1.debug.temp.o
LOAD /tmp/ccqnfT47.debug.temp.o
LOAD /tmp/ccPhSeNA.debug.temp.o
LOAD /tmp/ccqH89eY.debug.temp.o
LOAD /tmp/ccaBrCXF.debug.temp.o
LOAD /tmp/ccSHkLVb.debug.temp.o
LOAD /tmp/ccIH3UsH.debug.temp.o
LOAD /tmp/ccGrWb3x.debug.temp.o
LOAD /tmp/ccqUPpmK.debug.temp.o
LOAD /tmp/ccn6HCln.debug.temp.o
LOAD /tmp/ccoylvgp.debug.temp.o
LOAD /tmp/cc8pUeTD.debug.temp.o
LOAD /tmp/cclVPJ6y.debug.temp.o
LOAD /tmp/ccsX4F6X.debug.temp.o
LOAD /tmp/cc2GlwOU.debug.temp.o
LOAD /tmp/ccHhDVsr.debug.temp.o
LOAD /tmp/ccm8g00W.debug.temp.o
LOAD /tmp/cc5sW5Zo.debug.temp.o
LOAD /tmp/cc6goNUb.debug.temp.o
LOAD /tmp/ccMjrYTY.debug.temp.o
LOAD /tmp/cci1cmAK.debug.temp.o
LOAD /tmp/cc7nTS3M.debug.temp.o
LOAD /tmp/cccYV3g6.debug.temp.o
LOAD /tmp/ccVD15cu.debug.temp.o
LOAD /home/daijh/sdk/rk3588/uefi/Build/RK3588/DEBUG_GCC5/AARCH64/MdeModulePkg/Application/UiApp/UiApp/OUTPUT/UiApp.lib
LOAD /home/daijh/sdk/rk3588/uefi/Build/RK3588/DEBUG_GCC5/AARCH64/MdePkg/Library/DxePcdLib/DxePcdLib/OUTPUT/DxePcdLib.lib
LOAD /home/daijh/sdk/rk3588/uefi/Build/RK3588/DEBUG_GCC5/AARCH64/MdePkg/Library/BaseMemoryLibOptDxe/BaseMemoryLibOptDxe/OUTPUT/BaseMemoryLibOptDxe.lib
LOAD /home/daijh/sdk/rk3588/uefi/Build/RK3588/DEBUG_GCC5/AARCH64/MdePkg/Library/BaseLib/BaseLib/OUTPUT/BaseLib.lib
LOAD /home/daijh/sdk/rk3588/uefi/Build/RK3588/DEBUG_GCC5/AARCH64/MdePkg/Library/RegisterFilterLibNull/RegisterFilterLibNull/OUTPUT/FilterLibNull.lib
LOAD /home/daijh/sdk/rk3588/uefi/Build/RK3588/DEBUG_GCC5/AARCH64/MdePkg/Library/BaseIoLibIntrinsic/BaseIoLibIntrinsic/OUTPUT/BaseIoLibIntrinsic.lib
LOAD /home/daijh/sdk/rk3588/uefi/Build/RK3588/DEBUG_GCC5/AARCH64/Silicon/Rockchip/Library/SerialPortLib/UartLib/OUTPUT/UartLib.lib
LOAD /home/daijh/sdk/rk3588/uefi/Build/RK3588/DEBUG_GCC5/AARCH64/MdePkg/Library/BaseDebugPrintErrorLevelLib/BaseDebugPrintErrorLevelLib/OUTPUT/BaseDebugPrintErrorLevelLib.lib
LOAD /home/daijh/sdk/rk3588/uefi/Build/RK3588/DEBUG_GCC5/AARCH64/Silicon/Rockchip/Library/SerialPortLib/SerialPortLib/OUTPUT/SerialPortLib.lib
LOAD /home/daijh/sdk/rk3588/uefi/Build/RK3588/DEBUG_GCC5/AARCH64/MdePkg/Library/BasePrintLib/BasePrintLib/OUTPUT/BasePrintLib.lib
LOAD /home/daijh/sdk/rk3588/uefi/Build/RK3588/DEBUG_GCC5/AARCH64/MdePkg/Library/BaseDebugLibSerialPort/BaseDebugLibSerialPort/OUTPUT/BaseDebugLibSerialPort.lib
LOAD /home/daijh/sdk/rk3588/uefi/Build/RK3588/DEBUG_GCC5/AARCH64/MdePkg/Library/UefiBootServicesTableLib/UefiBootServicesTableLib/OUTPUT/UefiBootServicesTableLib.lib
LOAD /home/daijh/sdk/rk3588/uefi/Build/RK3588/DEBUG_GCC5/AARCH64/MdePkg/Library/UefiMemoryAllocationLib/UefiMemoryAllocationLib/OUTPUT/UefiMemoryAllocationLib.lib
LOAD /home/daijh/sdk/rk3588/uefi/Build/RK3588/DEBUG_GCC5/AARCH64/MdePkg/Library/UefiRuntimeServicesTableLib/UefiRuntimeServicesTableLib/OUTPUT/UefiRuntimeServicesTableLib.lib
LOAD /home/daijh/sdk/rk3588/uefi/Build/RK3588/DEBUG_GCC5/AARCH64/MdePkg/Library/UefiDevicePathLib/UefiDevicePathLib/OUTPUT/UefiDevicePathLib.lib
LOAD /home/daijh/sdk/rk3588/uefi/Build/RK3588/DEBUG_GCC5/AARCH64/MdePkg/Library/UefiLib/UefiLib/OUTPUT/UefiLib.lib
LOAD /home/daijh/sdk/rk3588/uefi/Build/RK3588/DEBUG_GCC5/AARCH64/MdeModulePkg/Library/UefiHiiServicesLib/UefiHiiServicesLib/OUTPUT/UefiHiiServicesLib.lib
LOAD /home/daijh/sdk/rk3588/uefi/Build/RK3588/DEBUG_GCC5/AARCH64/MdeModulePkg/Library/UefiSortLib/UefiSortLib/OUTPUT/UefiSortLib.lib
LOAD /home/daijh/sdk/rk3588/uefi/Build/RK3588/DEBUG_GCC5/AARCH64/MdePkg/Library/DxeServicesLib/DxeServicesLib/OUTPUT/DxeServicesLib.lib
LOAD /home/daijh/sdk/rk3588/uefi/Build/RK3588/DEBUG_GCC5/AARCH64/MdePkg/Library/DxeServicesTableLib/DxeServicesTableLib/OUTPUT/DxeServicesTableLib.lib
LOAD /home/daijh/sdk/rk3588/uefi/Build/RK3588/DEBUG_GCC5/AARCH64/MdePkg/Library/BasePeCoffGetEntryPointLib/BasePeCoffGetEntryPointLib/OUTPUT/BasePeCoffGetEntryPointLib.lib
LOAD /home/daijh/sdk/rk3588/uefi/Build/RK3588/DEBUG_GCC5/AARCH64/MdeModulePkg/Library/DxePerformanceLib/DxePerformanceLib/OUTPUT/DxePerformanceLib.lib
LOAD /home/daijh/sdk/rk3588/uefi/Build/RK3588/DEBUG_GCC5/AARCH64/MdePkg/Library/DxeHobLib/DxeHobLib/OUTPUT/DxeHobLib.lib
LOAD /home/daijh/sdk/rk3588/uefi/Build/RK3588/DEBUG_GCC5/AARCH64/MdeModulePkg/Library/UefiHiiLib/UefiHiiLib/OUTPUT/UefiHiiLib.lib
LOAD /home/daijh/sdk/rk3588/uefi/Build/RK3588/DEBUG_GCC5/AARCH64/MdeModulePkg/Library/DxeReportStatusCodeLib/DxeReportStatusCodeLib/OUTPUT/DxeReportStatusCodeLib.lib
LOAD /home/daijh/sdk/rk3588/uefi/Build/RK3588/DEBUG_GCC5/AARCH64/MdeModulePkg/Library/UefiBootManagerLib/UefiBootManagerLib/OUTPUT/UefiBootManagerLib.lib
LOAD /home/daijh/sdk/rk3588/uefi/Build/RK3588/DEBUG_GCC5/AARCH64/MdeModulePkg/Library/FileExplorerLib/FileExplorerLib/OUTPUT/FileExplorerLib.lib
LOAD /home/daijh/sdk/rk3588/uefi/Build/RK3588/DEBUG_GCC5/AARCH64/MdePkg/Library/UefiApplicationEntryPoint/UefiApplicationEntryPoint/OUTPUT/UefiApplicationEntryPoint.lib
LOAD /home/daijh/sdk/rk3588/uefi/Build/RK3588/DEBUG_GCC5/AARCH64/ArmPkg/Library/CompilerIntrinsicsLib/CompilerIntrinsicsLib/OUTPUT/CompilerIntrinsicsLib.lib
LOAD /home/daijh/sdk/rk3588/uefi/Build/RK3588/DEBUG_GCC5/AARCH64/MdePkg/Library/BaseStackCheckLib/BaseStackCheckLib/OUTPUT/BaseStackCheckLib.lib
LOAD /home/daijh/sdk/rk3588/uefi/Build/RK3588/DEBUG_GCC5/AARCH64/MdeModulePkg/Library/DeviceManagerUiLib/DeviceManagerUiLib/OUTPUT/DeviceManagerUiLib.lib
LOAD /home/daijh/sdk/rk3588/uefi/Build/RK3588/DEBUG_GCC5/AARCH64/MdeModulePkg/Library/BootManagerUiLib/BootManagerUiLib/OUTPUT/BootManagerUiLib.lib
LOAD /home/daijh/sdk/rk3588/uefi/Build/RK3588/DEBUG_GCC5/AARCH64/MdeModulePkg/Library/BootMaintenanceManagerUiLib/BootMaintenanceManagerUiLib/OUTPUT/BootMaintenanceManagerUiLib.lib
END GROUP
                0x0000000000000228                . = PECOFF_HEADER_SIZE

.text           0x0000000000001000    0x1fcae
 *(.text .text.* .stub .gnu.linkonce.t.*)
 .text.FakeExtractConfig
                0x0000000000001000       0x24 /tmp/UiApp.dll.bU1GdB.ltrans0.ltrans.o
                0x0000000000001000                FakeExtractConfig
 .text.FakeRouteConfig
                0x0000000000001024       0x24 /tmp/UiApp.dll.bU1GdB.ltrans0.ltrans.o
                0x0000000000001024                FakeRouteConfig
 .text.EfiEventEmptyFunction
                0x0000000000001048        0x4 /tmp/UiApp.dll.bU1GdB.ltrans0.ltrans.o
 .text.BaseDebugLibSerialPortConstructor
                0x000000000000104c       0xdc /tmp/UiApp.dll.bU1GdB.ltrans0.ltrans.o
 .text.BmEndOfBdsPerfCode
                0x0000000000001128       0x30 /tmp/UiApp.dll.bU1GdB.ltrans0.ltrans.o
 .text.memcpy   0x0000000000001158       0x20 /tmp/UiApp.dll.bU1GdB.ltrans0.ltrans.o
                0x0000000000001158                memcpy
 .text.DebugPrintLevelEnabled
                0x0000000000001178        0x8 /tmp/UiApp.dll.bU1GdB.ltrans0.ltrans.o
                0x0000000000001178                DebugPrintLevelEnabled
 .text.DebugAssertEnabled
                0x0000000000001180        0x8 /tmp/UiApp.dll.bU1GdB.ltrans0.ltrans.o
                0x0000000000001180                DebugAssertEnabled
 .text.InternalSafeStringIsOverlap
                0x0000000000001188       0x3c /tmp/UiApp.dll.bU1GdB.ltrans0.ltrans.o
                0x0000000000001188                InternalSafeStringIsOverlap
 .text.AsciiStrnLenS
                0x00000000000011c4       0x3c /tmp/UiApp.dll.bU1GdB.ltrans0.ltrans.o
                0x00000000000011c4                AsciiStrnLenS
 .text.BasePrintLibFillBuffer
                0x0000000000001200       0x34 /tmp/UiApp.dll.bU1GdB.ltrans0.ltrans.o
                0x0000000000001200                BasePrintLibFillBuffer
 .text.DebugAssert
                0x0000000000001234       0x4c /tmp/UiApp.dll.bU1GdB.ltrans0.ltrans.o
                0x0000000000001234                DebugAssert
 .text.CopyGuid
                0x0000000000001280       0x64 /tmp/UiApp.dll.bU1GdB.ltrans0.ltrans.o
                0x0000000000001280                CopyGuid
 .text.CompareGuid
                0x00000000000012e4       0x60 /tmp/UiApp.dll.bU1GdB.ltrans0.ltrans.o
                0x00000000000012e4                CompareGuid
 .text.CopyMem  0x0000000000001344       0xa4 /tmp/UiApp.dll.bU1GdB.ltrans0.ltrans.o
                0x0000000000001344                CopyMem
 .text.GetNextLanguage
                0x00000000000013e8       0xcc /tmp/UiApp.dll.bU1GdB.ltrans0.ltrans.o
 .text.RShiftU64
                0x00000000000014b4        0x8 /tmp/UiApp.dll.bU1GdB.ltrans0.ltrans.o
 .text.StrnLenS
                0x00000000000014bc       0x70 /tmp/UiApp.dll.bU1GdB.ltrans0.ltrans.o
                0x00000000000014bc                StrnLenS
 .text.StrLen   0x000000000000152c       0xa4 /tmp/UiApp.dll.bU1GdB.ltrans0.ltrans.o
                0x000000000000152c                StrLen
 .text.StrSize  0x00000000000015d0       0x1c /tmp/UiApp.dll.bU1GdB.ltrans0.ltrans.o
                0x00000000000015d0                StrSize
 .text.StrCmp   0x00000000000015ec       0x88 /tmp/UiApp.dll.bU1GdB.ltrans0.ltrans.o
                0x00000000000015ec                StrCmp
 .text.StrnCmp  0x0000000000001674       0xd4 /tmp/UiApp.dll.bU1GdB.ltrans0.ltrans.o
                0x0000000000001674                StrnCmp
 .text.StrStr   0x0000000000001748       0xa8 /tmp/UiApp.dll.bU1GdB.ltrans0.ltrans.o
                0x0000000000001748                StrStr
 .text.AsciiStrLen
                0x00000000000017f0       0x90 /tmp/UiApp.dll.bU1GdB.ltrans0.ltrans.o
                0x00000000000017f0                AsciiStrLen
 .text.AsciiStrSize
                0x0000000000001880       0x18 /tmp/UiApp.dll.bU1GdB.ltrans0.ltrans.o
                0x0000000000001880                AsciiStrSize
 .text.AsciiStrCmp
                0x0000000000001898       0x88 /tmp/UiApp.dll.bU1GdB.ltrans0.ltrans.o
 .text.AsciiStrnCmp
                0x0000000000001920       0xd4 /tmp/UiApp.dll.bU1GdB.ltrans0.ltrans.o
                0x0000000000001920                AsciiStrnCmp
 .text.UnicodeVSPrint
                0x00000000000019f4       0x74 /tmp/UiApp.dll.bU1GdB.ltrans0.ltrans.o
                0x00000000000019f4                UnicodeVSPrint
 .text.UnicodeSPrint
                0x0000000000001a68       0x50 /tmp/UiApp.dll.bU1GdB.ltrans0.ltrans.o
                0x0000000000001a68                UnicodeSPrint
 .text.SPrintLength
                0x0000000000001ab8       0x40 /tmp/UiApp.dll.bU1GdB.ltrans0.ltrans.o
 .text.BasePrintLibValueToString
                0x0000000000001af8       0x2c /tmp/UiApp.dll.bU1GdB.ltrans0.ltrans.o
                0x0000000000001af8                BasePrintLibValueToString
 .text.DebugPrint
                0x0000000000001b24       0x98 /tmp/UiApp.dll.bU1GdB.ltrans0.ltrans.o
                0x0000000000001b24                DebugPrint
 .text.SetDevicePathEndNode
                0x0000000000001bbc       0x54 /tmp/UiApp.dll.bU1GdB.ltrans0.ltrans.o
 .text.EfiGetSystemConfigurationTable
                0x0000000000001c10       0x94 /tmp/UiApp.dll.bU1GdB.ltrans0.ltrans.o
 .text.DebugPrintEnabled
                0x0000000000001ca4        0x8 /tmp/UiApp.dll.bU1GdB.ltrans0.ltrans.o
                0x0000000000001ca4                DebugPrintEnabled
 .text.GetPcdProtocol
                0x0000000000001cac       0xc0 /tmp/UiApp.dll.bU1GdB.ltrans0.ltrans.o
 .text.LibPcdSet32S
                0x0000000000001d6c       0x34 /tmp/UiApp.dll.bU1GdB.ltrans0.ltrans.o
                0x0000000000001d6c                LibPcdSet32S
 .text.StrnCpyS
                0x0000000000001da0      0x290 /tmp/UiApp.dll.bU1GdB.ltrans0.ltrans.o
                0x0000000000001da0                StrnCpyS
 .text.StrCatS  0x0000000000002030      0x2a0 /tmp/UiApp.dll.bU1GdB.ltrans0.ltrans.o
                0x0000000000002030                StrCatS
 .text.FreePages
                0x00000000000022d0       0xc4 /tmp/UiApp.dll.bU1GdB.ltrans0.ltrans.o
 .text.GetHobList
                0x0000000000002394       0xb4 /tmp/UiApp.dll.bU1GdB.ltrans0.ltrans.o
 .text.HiiRemovePackages
                0x0000000000002448       0xb0 /tmp/UiApp.dll.bU1GdB.ltrans0.ltrans.o
 .text.DebugCodeEnabled
                0x00000000000024f8        0x8 /tmp/UiApp.dll.bU1GdB.ltrans0.ltrans.o
                0x00000000000024f8                DebugCodeEnabled
 .text.AllocatePool
                0x0000000000002500        0x4 /tmp/UiApp.dll.bU1GdB.ltrans0.ltrans.o
                0x0000000000002500                AllocatePool
 .text.AllocateZeroPool
                0x0000000000002504       0x34 /tmp/UiApp.dll.bU1GdB.ltrans0.ltrans.o
                0x0000000000002504                AllocateZeroPool
 .text.AllocateCopyPool
                0x0000000000002538       0x8c /tmp/UiApp.dll.bU1GdB.ltrans0.ltrans.o
                0x0000000000002538                AllocateCopyPool
 .text.FreePool
                0x00000000000025c4       0x7c /tmp/UiApp.dll.bU1GdB.ltrans0.ltrans.o
                0x00000000000025c4                FreePool
 .text.FrontPageCallback
                0x0000000000002640      0x1cc /tmp/UiApp.dll.bU1GdB.ltrans0.ltrans.o
 .text.UiCustomizeFrontPageBanner
                0x000000000000280c       0x64 /tmp/UiApp.dll.bU1GdB.ltrans0.ltrans.o
 .text.ReallocatePool
                0x0000000000002870       0x70 /tmp/UiApp.dll.bU1GdB.ltrans0.ltrans.o
                0x0000000000002870                ReallocatePool
 .text.HiiAddPackages
                0x00000000000028e0      0x194 /tmp/UiApp.dll.bU1GdB.ltrans0.ltrans.o
 .text.EfiBootManagerConnectAll
                0x0000000000002a74       0x9c /tmp/UiApp.dll.bU1GdB.ltrans0.ltrans.o
 .text.DevicePathFromHandle
                0x0000000000002b10       0x38 /tmp/UiApp.dll.bU1GdB.ltrans0.ltrans.o
                0x0000000000002b10                DevicePathFromHandle
 .text.DevicePathType
                0x0000000000002b48       0x48 /tmp/UiApp.dll.bU1GdB.ltrans0.ltrans.o
                0x0000000000002b48                DevicePathType
 .text.DevicePathSubType
                0x0000000000002b90       0x48 /tmp/UiApp.dll.bU1GdB.ltrans0.ltrans.o
                0x0000000000002b90                DevicePathSubType
 .text.BmConnectUsbShortFormDevicePath
                0x0000000000002bd8      0x170 /tmp/UiApp.dll.bU1GdB.ltrans0.ltrans.o
 .text.BmDestroyRamDisk
                0x0000000000002d48      0x238 /tmp/UiApp.dll.bU1GdB.ltrans0.ltrans.o
 .text.DevicePathNodeLength
                0x0000000000002f80       0x50 /tmp/UiApp.dll.bU1GdB.ltrans0.ltrans.o
                0x0000000000002f80                DevicePathNodeLength
 .text.NextDevicePathNode
                0x0000000000002fd0       0x50 /tmp/UiApp.dll.bU1GdB.ltrans0.ltrans.o
                0x0000000000002fd0                NextDevicePathNode
 .text.IsDevicePathEndType
                0x0000000000003020       0x58 /tmp/UiApp.dll.bU1GdB.ltrans0.ltrans.o
                0x0000000000003020                IsDevicePathEndType
 .text.IsDevicePathEnd
                0x0000000000003078       0x70 /tmp/UiApp.dll.bU1GdB.ltrans0.ltrans.o
                0x0000000000003078                IsDevicePathEnd
 .text.IsDevicePathValid
                0x00000000000030e8       0xe0 /tmp/UiApp.dll.bU1GdB.ltrans0.ltrans.o
 .text.EfiBootManagerConnectDevicePath
                0x00000000000031c8      0x160 /tmp/UiApp.dll.bU1GdB.ltrans0.ltrans.o
 .text.UefiDevicePathLibGetDevicePathSize
                0x0000000000003328       0x70 /tmp/UiApp.dll.bU1GdB.ltrans0.ltrans.o
                0x0000000000003328                UefiDevicePathLibGetDevicePathSize
 .text.UefiDevicePathLibDuplicateDevicePath
                0x0000000000003398       0x34 /tmp/UiApp.dll.bU1GdB.ltrans0.ltrans.o
                0x0000000000003398                UefiDevicePathLibDuplicateDevicePath
 .text.UefiDevicePathLibAppendDevicePath
                0x00000000000033cc       0xcc /tmp/UiApp.dll.bU1GdB.ltrans0.ltrans.o
 .text.BmGetRamDiskDevicePath
                0x0000000000003498       0xc8 /tmp/UiApp.dll.bU1GdB.ltrans0.ltrans.o
 .text.UefiDevicePathLibAppendDevicePathNode
                0x0000000000003560       0x9c /tmp/UiApp.dll.bU1GdB.ltrans0.ltrans.o
                0x0000000000003560                UefiDevicePathLibAppendDevicePathNode
 .text.BmAdjustFvFilePath
                0x00000000000035fc      0x170 /tmp/UiApp.dll.bU1GdB.ltrans0.ltrans.o
 .text.UefiDevicePathLibAppendDevicePathInstance
                0x000000000000376c       0xec /tmp/UiApp.dll.bU1GdB.ltrans0.ltrans.o
                0x000000000000376c                UefiDevicePathLibAppendDevicePathInstance
 .text.UefiDevicePathLibGetNextDevicePathInstance
                0x0000000000003858       0xd0 /tmp/UiApp.dll.bU1GdB.ltrans0.ltrans.o
                0x0000000000003858                UefiDevicePathLibGetNextDevicePathInstance
 .text.FileDevicePath
                0x0000000000003928       0xa0 /tmp/UiApp.dll.bU1GdB.ltrans0.ltrans.o
                0x0000000000003928                FileDevicePath
 .text.BmExpandMediaDevicePath
                0x00000000000039c8      0x2d4 /tmp/UiApp.dll.bU1GdB.ltrans0.ltrans.o
 .text.BmExpandLoadFile
                0x0000000000003c9c      0x30c /tmp/UiApp.dll.bU1GdB.ltrans0.ltrans.o
 .text.UefiDevicePathLibCatPrint
                0x0000000000003fa8      0x150 /tmp/UiApp.dll.bU1GdB.ltrans0.ltrans.o
                0x0000000000003fa8                UefiDevicePathLibCatPrint
 .text.DevPathToTextPci
                0x00000000000040f8       0x14 /tmp/UiApp.dll.bU1GdB.ltrans0.ltrans.o
                0x00000000000040f8                DevPathToTextPci
 .text.DevPathToTextPccard
                0x000000000000410c       0x10 /tmp/UiApp.dll.bU1GdB.ltrans0.ltrans.o
                0x000000000000410c                DevPathToTextPccard
 .text.DevPathToTextMemMap
                0x000000000000411c       0x14 /tmp/UiApp.dll.bU1GdB.ltrans0.ltrans.o
                0x000000000000411c                DevPathToTextMemMap
 .text.DevPathToTextVendor
                0x0000000000004130      0x354 /tmp/UiApp.dll.bU1GdB.ltrans0.ltrans.o
                0x0000000000004130                DevPathToTextVendor
 .text.DevPathToTextController
                0x0000000000004484       0x10 /tmp/UiApp.dll.bU1GdB.ltrans0.ltrans.o
                0x0000000000004484                DevPathToTextController
 .text.DevPathToTextBmc
                0x0000000000004494       0x3c /tmp/UiApp.dll.bU1GdB.ltrans0.ltrans.o
                0x0000000000004494                DevPathToTextBmc
 .text.DevPathToTextAcpi
                0x00000000000044d0       0xc0 /tmp/UiApp.dll.bU1GdB.ltrans0.ltrans.o
                0x00000000000044d0                DevPathToTextAcpi
 .text.DevPathToTextAcpiEx
                0x0000000000004590      0x298 /tmp/UiApp.dll.bU1GdB.ltrans0.ltrans.o
                0x0000000000004590                DevPathToTextAcpiEx
 .text.DevPathToTextAcpiAdr
                0x0000000000004828       0x9c /tmp/UiApp.dll.bU1GdB.ltrans0.ltrans.o
                0x0000000000004828                DevPathToTextAcpiAdr
 .text.DevPathToTextAtapi
                0x00000000000048c4       0x60 /tmp/UiApp.dll.bU1GdB.ltrans0.ltrans.o
                0x00000000000048c4                DevPathToTextAtapi
 .text.DevPathToTextScsi
                0x0000000000004924       0x14 /tmp/UiApp.dll.bU1GdB.ltrans0.ltrans.o
                0x0000000000004924                DevPathToTextScsi
 .text.DevPathToTextFibre
                0x0000000000004938       0x10 /tmp/UiApp.dll.bU1GdB.ltrans0.ltrans.o
                0x0000000000004938                DevPathToTextFibre
 .text.DevPathToTextFibreEx
                0x0000000000004948       0xa8 /tmp/UiApp.dll.bU1GdB.ltrans0.ltrans.o
                0x0000000000004948                DevPathToTextFibreEx
 .text.DevPathToTextSasEx
                0x00000000000049f0      0x18c /tmp/UiApp.dll.bU1GdB.ltrans0.ltrans.o
                0x00000000000049f0                DevPathToTextSasEx
 .text.DevPathToTextNVMe
                0x0000000000004b7c       0x54 /tmp/UiApp.dll.bU1GdB.ltrans0.ltrans.o
                0x0000000000004b7c                DevPathToTextNVMe
 .text.DevPathToTextUfs
                0x0000000000004bd0       0x14 /tmp/UiApp.dll.bU1GdB.ltrans0.ltrans.o
                0x0000000000004bd0                DevPathToTextUfs
 .text.DevPathToTextSd
                0x0000000000004be4       0x10 /tmp/UiApp.dll.bU1GdB.ltrans0.ltrans.o
                0x0000000000004be4                DevPathToTextSd
 .text.DevPathToTextEmmc
                0x0000000000004bf4       0x10 /tmp/UiApp.dll.bU1GdB.ltrans0.ltrans.o
                0x0000000000004bf4                DevPathToTextEmmc
 .text.DevPathToText1394
                0x0000000000004c04       0x10 /tmp/UiApp.dll.bU1GdB.ltrans0.ltrans.o
                0x0000000000004c04                DevPathToText1394
 .text.DevPathToTextUsb
                0x0000000000004c14       0x14 /tmp/UiApp.dll.bU1GdB.ltrans0.ltrans.o
                0x0000000000004c14                DevPathToTextUsb
 .text.DevPathToTextUsbWWID
                0x0000000000004c28       0xb4 /tmp/UiApp.dll.bU1GdB.ltrans0.ltrans.o
                0x0000000000004c28                DevPathToTextUsbWWID
 .text.DevPathToTextLogicalUnit
                0x0000000000004cdc       0x10 /tmp/UiApp.dll.bU1GdB.ltrans0.ltrans.o
                0x0000000000004cdc                DevPathToTextLogicalUnit
 .text.DevPathToTextUsbClass
                0x0000000000004cec      0x194 /tmp/UiApp.dll.bU1GdB.ltrans0.ltrans.o
                0x0000000000004cec                DevPathToTextUsbClass
 .text.DevPathToTextSata
                0x0000000000004e80       0x18 /tmp/UiApp.dll.bU1GdB.ltrans0.ltrans.o
                0x0000000000004e80                DevPathToTextSata
 .text.DevPathToTextI2O
                0x0000000000004e98       0x10 /tmp/UiApp.dll.bU1GdB.ltrans0.ltrans.o
                0x0000000000004e98                DevPathToTextI2O
 .text.DevPathToTextMacAddr
                0x0000000000004ea8       0x8c /tmp/UiApp.dll.bU1GdB.ltrans0.ltrans.o
                0x0000000000004ea8                DevPathToTextMacAddr
 .text.CatNetworkProtocol
                0x0000000000004f34       0x38 /tmp/UiApp.dll.bU1GdB.ltrans0.ltrans.o
 .text.CatIPv6Address
                0x0000000000004f6c       0x8c /tmp/UiApp.dll.bU1GdB.ltrans0.ltrans.o
 .text.DevPathToTextIPv4
                0x0000000000004ff8      0x120 /tmp/UiApp.dll.bU1GdB.ltrans0.ltrans.o
                0x0000000000004ff8                DevPathToTextIPv4
 .text.DevPathToTextIPv6
                0x0000000000005118       0xe8 /tmp/UiApp.dll.bU1GdB.ltrans0.ltrans.o
                0x0000000000005118                DevPathToTextIPv6
 .text.DevPathToTextInfiniBand
                0x0000000000005200       0x1c /tmp/UiApp.dll.bU1GdB.ltrans0.ltrans.o
                0x0000000000005200                DevPathToTextInfiniBand
 .text.DevPathToTextUart
                0x000000000000521c      0x118 /tmp/UiApp.dll.bU1GdB.ltrans0.ltrans.o
                0x000000000000521c                DevPathToTextUart
 .text.DevPathToTextiSCSI
                0x0000000000005334      0x10c /tmp/UiApp.dll.bU1GdB.ltrans0.ltrans.o
                0x0000000000005334                DevPathToTextiSCSI
 .text.DevPathToTextVlan
                0x0000000000005440       0x10 /tmp/UiApp.dll.bU1GdB.ltrans0.ltrans.o
                0x0000000000005440                DevPathToTextVlan
 .text.DevPathToTextBluetooth
                0x0000000000005450       0x24 /tmp/UiApp.dll.bU1GdB.ltrans0.ltrans.o
                0x0000000000005450                DevPathToTextBluetooth
 .text.DevPathToTextWiFi
                0x0000000000005474       0x44 /tmp/UiApp.dll.bU1GdB.ltrans0.ltrans.o
                0x0000000000005474                DevPathToTextWiFi
 .text.DevPathToTextBluetoothLE
                0x00000000000054b8       0x44 /tmp/UiApp.dll.bU1GdB.ltrans0.ltrans.o
                0x00000000000054b8                DevPathToTextBluetoothLE
 .text.DevPathToTextDns
                0x00000000000054fc       0xd0 /tmp/UiApp.dll.bU1GdB.ltrans0.ltrans.o
                0x00000000000054fc                DevPathToTextDns
 .text.DevPathToTextUri
                0x00000000000055cc       0x94 /tmp/UiApp.dll.bU1GdB.ltrans0.ltrans.o
                0x00000000000055cc                DevPathToTextUri
 .text.DevPathToTextHardDrive
                0x0000000000005660       0x8c /tmp/UiApp.dll.bU1GdB.ltrans0.ltrans.o
                0x0000000000005660                DevPathToTextHardDrive
 .text.DevPathToTextCDROM
                0x00000000000056ec       0x30 /tmp/UiApp.dll.bU1GdB.ltrans0.ltrans.o
                0x00000000000056ec                DevPathToTextCDROM
 .text.DevPathToTextFilePath
                0x000000000000571c       0x10 /tmp/UiApp.dll.bU1GdB.ltrans0.ltrans.o
                0x000000000000571c                DevPathToTextFilePath
 .text.DevPathToTextMediaProtocol
                0x000000000000572c       0x10 /tmp/UiApp.dll.bU1GdB.ltrans0.ltrans.o
                0x000000000000572c                DevPathToTextMediaProtocol
 .text.DevPathToTextFv
                0x000000000000573c       0x10 /tmp/UiApp.dll.bU1GdB.ltrans0.ltrans.o
                0x000000000000573c                DevPathToTextFv
 .text.DevPathToTextFvFile
                0x000000000000574c       0x10 /tmp/UiApp.dll.bU1GdB.ltrans0.ltrans.o
                0x000000000000574c                DevPathToTextFvFile
 .text.DevPathRelativeOffsetRange
                0x000000000000575c       0x10 /tmp/UiApp.dll.bU1GdB.ltrans0.ltrans.o
                0x000000000000575c                DevPathRelativeOffsetRange
 .text.DevPathToTextRamDisk
                0x000000000000576c      0x1a8 /tmp/UiApp.dll.bU1GdB.ltrans0.ltrans.o
                0x000000000000576c                DevPathToTextRamDisk
 .text.DevPathToTextBBS
                0x0000000000005914       0xa0 /tmp/UiApp.dll.bU1GdB.ltrans0.ltrans.o
                0x0000000000005914                DevPathToTextBBS
 .text.DevPathToTextEndInstance
                0x00000000000059b4        0xc /tmp/UiApp.dll.bU1GdB.ltrans0.ltrans.o
                0x00000000000059b4                DevPathToTextEndInstance
 .text.DevPathToTextNodeGeneric
                0x00000000000059c0       0xfc /tmp/UiApp.dll.bU1GdB.ltrans0.ltrans.o
                0x00000000000059c0                DevPathToTextNodeGeneric
 .text.UefiLibGetStringWidth
                0x0000000000005abc       0x98 /tmp/UiApp.dll.bU1GdB.ltrans0.ltrans.o
                0x0000000000005abc                UefiLibGetStringWidth
 .text.GetBestLanguage
                0x0000000000005b54      0x1ac /tmp/UiApp.dll.bU1GdB.ltrans0.ltrans.o
                0x0000000000005b54                GetBestLanguage
 .text.HiiGetFormSetFromHiiHandle
                0x0000000000005d00      0x218 /tmp/UiApp.dll.bU1GdB.ltrans0.ltrans.o
                0x0000000000005d00                HiiGetFormSetFromHiiHandle
 .text.RequiredDriver
                0x0000000000005f18      0x104 /tmp/UiApp.dll.bU1GdB.ltrans0.ltrans.o
                0x0000000000005f18                IsRequiredDriver
                0x0000000000005f18                RequiredDriver
 .text.InternalHiiCompareSubString
                0x000000000000601c       0xf8 /tmp/UiApp.dll.bU1GdB.ltrans0.ltrans.o
                0x000000000000601c                InternalHiiCompareSubString
 .text.HiiAllocateOpCodeHandle
                0x0000000000006114       0x54 /tmp/UiApp.dll.bU1GdB.ltrans0.ltrans.o
                0x0000000000006114                HiiAllocateOpCodeHandle
 .text.HiiFreeOpCodeHandle
                0x0000000000006168       0x54 /tmp/UiApp.dll.bU1GdB.ltrans0.ltrans.o
                0x0000000000006168                HiiFreeOpCodeHandle
 .text.InternalHiiGrowOpCodeHandle
                0x00000000000061bc       0xbc /tmp/UiApp.dll.bU1GdB.ltrans0.ltrans.o
                0x00000000000061bc                InternalHiiGrowOpCodeHandle
 .text.InternalHiiCreateOpCodeExtended
                0x0000000000006278       0xa4 /tmp/UiApp.dll.bU1GdB.ltrans0.ltrans.o
                0x0000000000006278                InternalHiiCreateOpCodeExtended
 .text.HiiGetSupportedLanguages
                0x000000000000631c       0xbc /tmp/UiApp.dll.bU1GdB.ltrans0.ltrans.o
                0x000000000000631c                HiiGetSupportedLanguages
 .text.ReportErrorCodeEnabled
                0x00000000000063d8        0x8 /tmp/UiApp.dll.bU1GdB.ltrans0.ltrans.o
                0x00000000000063d8                ReportErrorCodeEnabled
 .text.ReportDebugCodeEnabled
                0x00000000000063e0        0x8 /tmp/UiApp.dll.bU1GdB.ltrans0.ltrans.o
                0x00000000000063e0                ReportDebugCodeEnabled
 .text.BmReportLoadFailure
                0x00000000000063e8       0x5c /tmp/UiApp.dll.bU1GdB.ltrans0.ltrans.o
 .text.BmUpdateSystemTableConsole
                0x0000000000006444      0x18c /tmp/UiApp.dll.bU1GdB.ltrans0.ltrans.o
                0x0000000000006444                BmUpdateSystemTableConsole
 .text.EfiBootManagerConnectConsoleVariable.part.0
                0x00000000000065d0      0x2b4 /tmp/UiApp.dll.bU1GdB.ltrans0.ltrans.o
                0x00000000000065d0                EfiBootManagerConnectConsoleVariable.part.0
 .text.BmIsBootManagerMenuFilePath
                0x0000000000006884       0x5c /tmp/UiApp.dll.bU1GdB.ltrans0.ltrans.o
                0x0000000000006884                BmIsBootManagerMenuFilePath
 .text.ProcessLibraryConstructorList
                0x00000000000068e0     0x1550 /tmp/UiApp.dll.bU1GdB.ltrans0.ltrans.o
 .text._ModuleEntryPoint
                0x0000000000007e30     0x157c /tmp/UiApp.dll.bU1GdB.ltrans0.ltrans.o
                0x0000000000007e30                _ModuleEntryPoint
 .text.BmCachePartitionDevicePath
                0x00000000000093ac       0xcc /tmp/UiApp.dll.bU1GdB.ltrans0.ltrans.o
 .text.BmGetNextLoadOptionDevicePath
                0x0000000000009478      0xd44 /tmp/UiApp.dll.bU1GdB.ltrans0.ltrans.o
 .text.EfiBootManagerBoot
                0x000000000000a1bc     0x1200 /tmp/UiApp.dll.bU1GdB.ltrans0.ltrans.o
                0x000000000000a1bc                EfiBootManagerBoot
 .text.BmEliminateExtraSpaces
                0x000000000000b3bc       0x44 /tmp/UiApp.dll.bU1GdB.ltrans1.ltrans.o
 .text.LibExtractConfig
                0x000000000000b400       0x24 /tmp/UiApp.dll.bU1GdB.ltrans1.ltrans.o
                0x000000000000b400                LibExtractConfig
 .text.DeviceManagerExtractConfig
                0x000000000000b424       0x24 /tmp/UiApp.dll.bU1GdB.ltrans1.ltrans.o
                0x000000000000b424                DeviceManagerExtractConfig
 .text.BootManagerExtractConfig
                0x000000000000b448       0x24 /tmp/UiApp.dll.bU1GdB.ltrans1.ltrans.o
                0x000000000000b448                BootManagerExtractConfig
 .text.CleanUselessBeforeSubmit
                0x000000000000b46c       0xa0 /tmp/UiApp.dll.bU1GdB.ltrans1.ltrans.o
 .text.LibGetMenuEntry
                0x000000000000b50c       0xb0 /tmp/UiApp.dll.bU1GdB.ltrans1.ltrans.o
 .text.BmGetSingleControllerHealthStatus
                0x000000000000b5bc      0x29c /tmp/UiApp.dll.bU1GdB.ltrans1.ltrans.o
 .text.EfiBootManagerGetDriverHealthInfo
                0x000000000000b858      0x268 /tmp/UiApp.dll.bU1GdB.ltrans1.ltrans.o
 .text.BmGetNetworkDescription
                0x000000000000bac0      0x324 /tmp/UiApp.dll.bU1GdB.ltrans1.ltrans.o
 .text.BmGetLoadFileDescription
                0x000000000000bde4       0xb4 /tmp/UiApp.dll.bU1GdB.ltrans1.ltrans.o
 .text.BmGetDescriptionFromDiskInfo
                0x000000000000be98      0x2b0 /tmp/UiApp.dll.bU1GdB.ltrans1.ltrans.o
 .text.BmGetUsbDescription
                0x000000000000c148      0x1d4 /tmp/UiApp.dll.bU1GdB.ltrans1.ltrans.o
 .text.BmGetMiscDescription
                0x000000000000c31c      0x274 /tmp/UiApp.dll.bU1GdB.ltrans1.ltrans.o
 .text.BOpt_GetOptionNumber
                0x000000000000c590      0x110 /tmp/UiApp.dll.bU1GdB.ltrans1.ltrans.o
 .text.LibGetDevicePath
                0x000000000000c6a0       0x58 /tmp/UiApp.dll.bU1GdB.ltrans1.ltrans.o
 .text.EfiBootManagerIsValidLoadOptionVariableName.part.0
                0x000000000000c6f8      0x10c /tmp/UiApp.dll.bU1GdB.ltrans1.ltrans.o
 .text.BmGetControllerName
                0x000000000000c804      0x124 /tmp/UiApp.dll.bU1GdB.ltrans1.ltrans.o
 .text.DmExtractDevicePathFromHiiHandle
                0x000000000000c928       0x84 /tmp/UiApp.dll.bU1GdB.ltrans1.ltrans.o
 .text.BmRepairNotify
                0x000000000000c9ac       0x6c /tmp/UiApp.dll.bU1GdB.ltrans1.ltrans.o
 .text.BmDisplayMessages
                0x000000000000ca18      0x128 /tmp/UiApp.dll.bU1GdB.ltrans1.ltrans.o
 .text.LibRouteConfig
                0x000000000000cb40        0x4 /tmp/UiApp.dll.bU1GdB.ltrans1.ltrans.o
                0x000000000000cb40                LibRouteConfig
 .text.DeviceManagerRouteConfig
                0x000000000000cb44        0x4 /tmp/UiApp.dll.bU1GdB.ltrans1.ltrans.o
                0x000000000000cb44                DeviceManagerRouteConfig
 .text.BootManagerRouteConfig
                0x000000000000cb48        0x4 /tmp/UiApp.dll.bU1GdB.ltrans1.ltrans.o
                0x000000000000cb48                BootManagerRouteConfig
 .text.RefreshUpdateData
                0x000000000000cb4c       0x44 /tmp/UiApp.dll.bU1GdB.ltrans1.ltrans.o
 .text.UpdatePageStart
                0x000000000000cb90       0x60 /tmp/UiApp.dll.bU1GdB.ltrans1.ltrans.o
 .text.CleanUpPage
                0x000000000000cbf0       0x50 /tmp/UiApp.dll.bU1GdB.ltrans1.ltrans.o
 .text.IsMacAddressDevicePath
                0x000000000000cc40      0x330 /tmp/UiApp.dll.bU1GdB.ltrans1.ltrans.o
 .text.UpdatePageEnd
                0x000000000000cf70       0x7c /tmp/UiApp.dll.bU1GdB.ltrans1.ltrans.o
 .text.BootMaintExtractConfig
                0x000000000000cfec      0x1b4 /tmp/UiApp.dll.bU1GdB.ltrans1.ltrans.o
                0x000000000000cfec                BootMaintExtractConfig
 .text.BmGetFreeOptionNumber
                0x000000000000d1a0      0x178 /tmp/UiApp.dll.bU1GdB.ltrans1.ltrans.o
                0x000000000000d1a0                BmGetFreeOptionNumber
 .text.EfiBootManagerLoadOptionToVariable
                0x000000000000d318      0x244 /tmp/UiApp.dll.bU1GdB.ltrans1.ltrans.o
                0x000000000000d318                EfiBootManagerLoadOptionToVariable
 .text.EfiBootManagerDeleteLoadOptionVariable
                0x000000000000d55c      0x15c /tmp/UiApp.dll.bU1GdB.ltrans1.ltrans.o
                0x000000000000d55c                EfiBootManagerDeleteLoadOptionVariable
 .text.BmRepairAllControllers
                0x000000000000d6b8      0x3d8 /tmp/UiApp.dll.bU1GdB.ltrans1.ltrans.o
                0x000000000000d6b8                BmRepairAllControllers
 .text.BmSetVariableAndReportStatusCodeOnError
                0x000000000000da90       0xf8 /tmp/UiApp.dll.bU1GdB.ltrans1.ltrans.o
                0x000000000000da90                BmSetVariableAndReportStatusCodeOnError
 .text.BmPrintDp
                0x000000000000db88       0x64 /tmp/UiApp.dll.bU1GdB.ltrans1.ltrans.o
                0x000000000000db88                BmPrintDp
 .text.LibCreateMenuEntry
                0x000000000000dbec       0x58 /tmp/UiApp.dll.bU1GdB.ltrans1.ltrans.o
                0x000000000000dbec                LibCreateMenuEntry
 .text.LibDestroyMenuEntry
                0x000000000000dc44       0x78 /tmp/UiApp.dll.bU1GdB.ltrans1.ltrans.o
                0x000000000000dc44                LibDestroyMenuEntry
 .text.LibStrDuplicate
                0x000000000000dcbc       0x78 /tmp/UiApp.dll.bU1GdB.ltrans1.ltrans.o
                0x000000000000dcbc                LibStrDuplicate
 .text.LibToLowerString
                0x000000000000dd34       0x2c /tmp/UiApp.dll.bU1GdB.ltrans1.ltrans.o
                0x000000000000dd34                LibToLowerString
 .text.LibAppendFileName
                0x000000000000dd60      0x1c8 /tmp/UiApp.dll.bU1GdB.ltrans1.ltrans.o
                0x000000000000dd60                LibAppendFileName
 .text.CreateDeviceManagerForm
                0x000000000000df28      0x5f0 /tmp/UiApp.dll.bU1GdB.ltrans1.ltrans.o
                0x000000000000df28                CreateDeviceManagerForm
 .text.DeviceManagerCallback
                0x000000000000e518       0xd8 /tmp/UiApp.dll.bU1GdB.ltrans1.ltrans.o
                0x000000000000e518                DeviceManagerCallback
 .text.UiDevicePathToStr
                0x000000000000e5f0       0xe4 /tmp/UiApp.dll.bU1GdB.ltrans1.ltrans.o
                0x000000000000e5f0                UiDevicePathToStr
 .text.ExtractFileNameFromDevicePath
                0x000000000000e6d4       0xb4 /tmp/UiApp.dll.bU1GdB.ltrans1.ltrans.o
 .text.BOpt_CreateMenuEntry
                0x000000000000e788       0xac /tmp/UiApp.dll.bU1GdB.ltrans1.ltrans.o
                0x000000000000e788                BOpt_CreateMenuEntry
 .text.BOpt_DestroyMenuEntry
                0x000000000000e834       0xd4 /tmp/UiApp.dll.bU1GdB.ltrans1.ltrans.o
                0x000000000000e834                BOpt_DestroyMenuEntry
 .text.BOpt_GetMenuEntry
                0x000000000000e908       0xb0 /tmp/UiApp.dll.bU1GdB.ltrans1.ltrans.o
                0x000000000000e908                BOpt_GetMenuEntry
 .text.UpdateConsoleContent
                0x000000000000e9b8      0x360 /tmp/UiApp.dll.bU1GdB.ltrans1.ltrans.o
 .text.Var_UpdateConsoleOption
                0x000000000000ed18      0x200 /tmp/UiApp.dll.bU1GdB.ltrans1.ltrans.o
 .text.UpdateConsolePage
                0x000000000000ef18      0x24c /tmp/UiApp.dll.bU1GdB.ltrans1.ltrans.o
 .text.IsIsaSerialNode
                0x000000000000f164       0x60 /tmp/UiApp.dll.bU1GdB.ltrans1.ltrans.o
                0x000000000000f164                IsIsaSerialNode
 .text.RetrieveUartUid
                0x000000000000f1c4       0xc0 /tmp/UiApp.dll.bU1GdB.ltrans1.ltrans.o
                0x000000000000f1c4                RetrieveUartUid
 .text.GetConsoleOutMode
                0x000000000000f284       0xa4 /tmp/UiApp.dll.bU1GdB.ltrans1.ltrans.o
                0x000000000000f284                GetConsoleOutMode
 .text.ZeroMem  0x000000000000f328       0x74 /tmp/UiApp.dll.bU1GdB.ltrans1.ltrans.o
                0x000000000000f328                ZeroMem
 .text.BmGetNvmeDescription
                0x000000000000f39c      0x21c /tmp/UiApp.dll.bU1GdB.ltrans1.ltrans.o
 .text.EfiBootManagerInitializeLoadOption
                0x000000000000f5b8       0xe4 /tmp/UiApp.dll.bU1GdB.ltrans1.ltrans.o
 .text.EfiBootManagerVariableToLoadOptionEx.part.0
                0x000000000000f69c      0x234 /tmp/UiApp.dll.bU1GdB.ltrans1.ltrans.o
                0x000000000000f69c                EfiBootManagerVariableToLoadOptionEx.part.0
 .text.BootFromFile
                0x000000000000f8d0      0x1a8 /tmp/UiApp.dll.bU1GdB.ltrans1.ltrans.o
 .text.LibUpdateFileExplorePage
                0x000000000000fa78      0x1d0 /tmp/UiApp.dll.bU1GdB.ltrans1.ltrans.o
                0x000000000000fa78                LibUpdateFileExplorePage
 .text.GetBootOrder
                0x000000000000fc48       0xdc /tmp/UiApp.dll.bU1GdB.ltrans1.ltrans.o
                0x000000000000fc48                GetBootOrder
 .text.GetDriverOrder
                0x000000000000fd24       0xdc /tmp/UiApp.dll.bU1GdB.ltrans1.ltrans.o
                0x000000000000fd24                GetDriverOrder
 .text.ReSendForm
                0x000000000000fe00      0x1c4 /tmp/UiApp.dll.bU1GdB.ltrans1.ltrans.o
 .text.CreateBootOptionFromFile
                0x000000000000ffc4        0x8 /tmp/UiApp.dll.bU1GdB.ltrans1.ltrans.o
 .text.CreateDriverOptionFromFile
                0x000000000000ffcc        0x8 /tmp/UiApp.dll.bU1GdB.ltrans1.ltrans.o
 .text.CompareMem
                0x000000000000ffd4       0xd0 /tmp/UiApp.dll.bU1GdB.ltrans1.ltrans.o
                0x000000000000ffd4                CompareMem
 .text.BmMatchPartitionDevicePathNode.part.0
                0x00000000000100a4       0xc4 /tmp/UiApp.dll.bU1GdB.ltrans1.ltrans.o
                0x00000000000100a4                BmMatchPartitionDevicePathNode.part.0
 .text.EfiBootManagerFindLoadOption
                0x0000000000010168       0xc0 /tmp/UiApp.dll.bU1GdB.ltrans1.ltrans.o
                0x0000000000010168                EfiBootManagerFindLoadOption
 .text.BmDelPartMatchInstance
                0x0000000000010228       0xe4 /tmp/UiApp.dll.bU1GdB.ltrans1.ltrans.o
                0x0000000000010228                BmDelPartMatchInstance
 .text.BmMatchDevicePaths
                0x000000000001030c       0x7c /tmp/UiApp.dll.bU1GdB.ltrans1.ltrans.o
                0x000000000001030c                BmMatchDevicePaths
                0x000000000001030c                MatchDevicePaths
 .text.UpdateOrderPage
                0x0000000000010388      0x238 /tmp/UiApp.dll.bU1GdB.ltrans1.ltrans.o
 .text.UpdatePageBody
                0x00000000000105c0       0xb4 /tmp/UiApp.dll.bU1GdB.ltrans1.ltrans.o
 .text.SetMem16
                0x0000000000010674       0xa0 /tmp/UiApp.dll.bU1GdB.ltrans1.ltrans.o
                0x0000000000010674                SetMem16
 .text.InternalBaseLibIsListValid
                0x0000000000010714       0xb0 /tmp/UiApp.dll.bU1GdB.ltrans1.ltrans.o
                0x0000000000010714                InternalBaseLibIsListValid
 .text.IsListEmpty
                0x00000000000107c4       0x4c /tmp/UiApp.dll.bU1GdB.ltrans1.ltrans.o
 .text.GetNextNode
                0x0000000000010810       0x44 /tmp/UiApp.dll.bU1GdB.ltrans1.ltrans.o
 .text.GetFirstNode
                0x0000000000010854       0x44 /tmp/UiApp.dll.bU1GdB.ltrans1.ltrans.o
                0x0000000000010854                GetFirstNode
 .text.IsNull   0x0000000000010898       0x4c /tmp/UiApp.dll.bU1GdB.ltrans1.ltrans.o
                0x0000000000010898                IsNull
 .text.BmGetBootDescription
                0x00000000000108e4      0x1b8 /tmp/UiApp.dll.bU1GdB.ltrans1.ltrans.o
 .text.EfiBootManagerRefreshAllBootOption
                0x0000000000010a9c      0x790 /tmp/UiApp.dll.bU1GdB.ltrans1.ltrans.o
                0x0000000000010a9c                EfiBootManagerRefreshAllBootOption
 .text.BootManagerCallback
                0x000000000001122c      0x7f8 /tmp/UiApp.dll.bU1GdB.ltrans1.ltrans.o
                0x000000000001122c                BootManagerCallback
 .text.BootMaintCallback
                0x0000000000011a24     0x17d8 /tmp/UiApp.dll.bU1GdB.ltrans1.ltrans.o
                0x0000000000011a24                BootMaintCallback
 .text.BmHotkeyCallback
                0x00000000000131fc      0x290 /tmp/UiApp.dll.bU1GdB.ltrans1.ltrans.o
                0x00000000000131fc                BmHotkeyCallback
 .text.RemoveEntryList
                0x000000000001348c       0x50 /tmp/UiApp.dll.bU1GdB.ltrans1.ltrans.o
                0x000000000001348c                RemoveEntryList
 .text.LibFreeMenu
                0x00000000000134dc       0xa0 /tmp/UiApp.dll.bU1GdB.ltrans1.ltrans.o
                0x00000000000134dc                LibFreeMenu
 .text.LibCallback
                0x000000000001357c      0x4e8 /tmp/UiApp.dll.bU1GdB.ltrans1.ltrans.o
                0x000000000001357c                LibCallback
 .text.BOpt_FreeMenu
                0x0000000000013a64       0xa0 /tmp/UiApp.dll.bU1GdB.ltrans1.ltrans.o
                0x0000000000013a64                BOpt_FreeMenu
 .text.BootMaintRouteConfig
                0x0000000000013b04     0x10bc /tmp/UiApp.dll.bU1GdB.ltrans1.ltrans.o
                0x0000000000013b04                BootMaintRouteConfig
 .text.InternalReportStatusCode.constprop.0.isra.0
                0x0000000000014bc0       0xe0 /tmp/UiApp.dll.bU1GdB.ltrans2.ltrans.o
 .text.ReadUnaligned16
                0x0000000000014ca0       0x5c /tmp/UiApp.dll.bU1GdB.ltrans2.ltrans.o
                0x0000000000014ca0                ReadUnaligned16
 .text.ReadUnaligned32
                0x0000000000014cfc       0x50 /tmp/UiApp.dll.bU1GdB.ltrans2.ltrans.o
                0x0000000000014cfc                ReadUnaligned32
 .text.Print    0x0000000000014d4c      0x140 /tmp/UiApp.dll.bU1GdB.ltrans2.ltrans.o
                0x0000000000014d4c                Print
 .text.EfiGetNameGuidFromFwVolDevicePathNode
                0x0000000000014e8c       0x78 /tmp/UiApp.dll.bU1GdB.ltrans2.ltrans.o
                0x0000000000014e8c                EfiGetNameGuidFromFwVolDevicePathNode
 .text.GetPerformanceMeasurementProtocol
                0x0000000000014f04       0x94 /tmp/UiApp.dll.bU1GdB.ltrans2.ltrans.o
                0x0000000000014f04                GetPerformanceMeasurementProtocol
 .text.MmioRead32
                0x0000000000014f98        0x8 /tmp/UiApp.dll.bU1GdB.ltrans2.ltrans.o
                0x0000000000014f98                MmioRead32
 .text.IsZeroBuffer.constprop.0
                0x0000000000014fa0       0x60 /tmp/UiApp.dll.bU1GdB.ltrans2.ltrans.o
                0x0000000000014fa0                IsZeroBuffer.constprop.0
 .text.InternalHiiBrowserCallback.constprop.0
                0x0000000000015000      0x110 /tmp/UiApp.dll.bU1GdB.ltrans2.ltrans.o
                0x0000000000015000                InternalHiiBrowserCallback.constprop.0
 .text.EfiReleaseLock.constprop.0
                0x0000000000015110       0x6c /tmp/UiApp.dll.bU1GdB.ltrans2.ltrans.o
                0x0000000000015110                EfiReleaseLock.constprop.0
 .text.EfiAcquireLock.constprop.0
                0x000000000001517c       0x70 /tmp/UiApp.dll.bU1GdB.ltrans2.ltrans.o
                0x000000000001517c                EfiAcquireLock.constprop.0
 .text.LShiftU64.constprop.0
                0x00000000000151ec        0x8 /tmp/UiApp.dll.bU1GdB.ltrans2.ltrans.o
                0x00000000000151ec                LShiftU64.constprop.0
 .text.ReadUnaligned64
                0x00000000000151f4       0x38 /tmp/UiApp.dll.bU1GdB.ltrans2.ltrans.o
                0x00000000000151f4                ReadUnaligned64
 .text.MultU64x32.constprop.0
                0x000000000001522c        0xc /tmp/UiApp.dll.bU1GdB.ltrans2.ltrans.o
                0x000000000001522c                MultU64x32.constprop.0
 .text.IsZeroGuid.constprop.0
                0x0000000000015238       0x10 /tmp/UiApp.dll.bU1GdB.ltrans2.ltrans.o
                0x0000000000015238                IsZeroGuid.constprop.0
 .text.LogPerformanceMeasurementEnabled.constprop.0
                0x0000000000015248        0x8 /tmp/UiApp.dll.bU1GdB.ltrans2.ltrans.o
                0x0000000000015248                LogPerformanceMeasurementEnabled.constprop.0
 .text.HiiCreateGuidOpCode.constprop.0
                0x0000000000015250       0x54 /tmp/UiApp.dll.bU1GdB.ltrans2.ltrans.o
                0x0000000000015250                HiiCreateGuidOpCode.constprop.0
 .text.HiiGetHiiHandles.constprop.0
                0x00000000000152a4       0x94 /tmp/UiApp.dll.bU1GdB.ltrans2.ltrans.o
                0x00000000000152a4                HiiGetHiiHandles.constprop.0
 .text.UefiDevicePathLibConvertDevicePathToText.constprop.0
                0x0000000000015338      0x12c /tmp/UiApp.dll.bU1GdB.ltrans2.ltrans.o
                0x0000000000015338                UefiDevicePathLibConvertDevicePathToText.constprop.0
 .text.HiiSetString.constprop.0
                0x0000000000015464      0x160 /tmp/UiApp.dll.bU1GdB.ltrans2.ltrans.o
                0x0000000000015464                HiiSetString.constprop.0
 .text.CreatePopUp.constprop.0
                0x00000000000155c4      0x4f0 /tmp/UiApp.dll.bU1GdB.ltrans2.ltrans.o
                0x00000000000155c4                CreatePopUp.constprop.0
 .text.InternalAllocatePool.constprop.0
                0x0000000000015ab4       0x38 /tmp/UiApp.dll.bU1GdB.ltrans2.ltrans.o
                0x0000000000015ab4                InternalAllocatePool.constprop.0
 .text.BasePrintLibSPrintMarker.constprop.0
                0x0000000000015aec      0xfc4 /tmp/UiApp.dll.bU1GdB.ltrans2.ltrans.o
                0x0000000000015aec                BasePrintLibSPrintMarker.constprop.0
 .text.AsciiSPrint.constprop.0
                0x0000000000016ab0       0x68 /tmp/UiApp.dll.bU1GdB.ltrans2.ltrans.o
                0x0000000000016ab0                AsciiSPrint.constprop.0
 .text.BasePrintLibSPrint.constprop.0
                0x0000000000016b18       0x54 /tmp/UiApp.dll.bU1GdB.ltrans2.ltrans.o
 .text.HiiCreateSubTitleOpCode.constprop.0.isra.0
                0x0000000000016b6c       0x60 /tmp/UiApp.dll.bU1GdB.ltrans2.ltrans.o
                0x0000000000016b6c                HiiCreateSubTitleOpCode.constprop.0.isra.0
 .text.LogPerformanceMeasurement.constprop.0.isra.0
                0x0000000000016bcc       0x94 /tmp/UiApp.dll.bU1GdB.ltrans2.ltrans.o
                0x0000000000016bcc                LogPerformanceMeasurement.constprop.0.isra.0
 .text.StrnCatS.constprop.0.isra.0
                0x0000000000016c60      0x1a8 /tmp/UiApp.dll.bU1GdB.ltrans2.ltrans.o
                0x0000000000016c60                StrnCatS.constprop.0.isra.0
 .text.ReportStatusCodeEx.constprop.0.isra.0
                0x0000000000016e08      0x198 /tmp/UiApp.dll.bU1GdB.ltrans2.ltrans.o
                0x0000000000016e08                ReportStatusCodeEx.constprop.0.isra.0
 .text.EndPerformanceMeasurementEx.constprop.0.isra.0
                0x0000000000016fa0       0x94 /tmp/UiApp.dll.bU1GdB.ltrans2.ltrans.o
                0x0000000000016fa0                EndPerformanceMeasurementEx.constprop.0.isra.0
 .text.SetMem.constprop.0.isra.0
                0x0000000000017034       0x48 /tmp/UiApp.dll.bU1GdB.ltrans2.ltrans.o
                0x0000000000017034                SetMem.constprop.0.isra.0
 .text.EfiLibDeleteVariable.constprop.0.isra.0
                0x000000000001707c       0x28 /tmp/UiApp.dll.bU1GdB.ltrans2.ltrans.o
                0x000000000001707c                EfiLibDeleteVariable.constprop.0.isra.0
 .text.MmioWrite32.isra.0
                0x00000000000170a4        0x8 /tmp/UiApp.dll.bU1GdB.ltrans2.ltrans.o
                0x00000000000170a4                MmioWrite32.isra.0
 .text.UartWrite.constprop.0.isra.0
                0x00000000000170ac       0x4c /tmp/UiApp.dll.bU1GdB.ltrans2.ltrans.o
                0x00000000000170ac                UartWrite.constprop.0.isra.0
 .text.WriteUnaligned16.isra.0
                0x00000000000170f8       0x4c /tmp/UiApp.dll.bU1GdB.ltrans2.ltrans.o
                0x00000000000170f8                WriteUnaligned16.isra.0
 .text.WriteUnaligned32.isra.0
                0x0000000000017144       0x50 /tmp/UiApp.dll.bU1GdB.ltrans2.ltrans.o
                0x0000000000017144                WriteUnaligned32.isra.0
 .text.InsertTailList.isra.0
                0x0000000000017194       0x58 /tmp/UiApp.dll.bU1GdB.ltrans2.ltrans.o
                0x0000000000017194                InsertTailList.isra.0
 .text.ChooseFile.constprop.0.isra.0
                0x00000000000171ec      0x3f8 /tmp/UiApp.dll.bU1GdB.ltrans2.ltrans.o
                0x00000000000171ec                ChooseFile.constprop.0.isra.0
 .text.InitializeListHead.isra.0
                0x00000000000175e4        0x8 /tmp/UiApp.dll.bU1GdB.ltrans2.ltrans.o
                0x00000000000175e4                InitializeListHead.isra.0
 .text.UpdateComAttributeFromVariable.isra.0
                0x00000000000175ec      0x1a8 /tmp/UiApp.dll.bU1GdB.ltrans2.ltrans.o
                0x00000000000175ec                UpdateComAttributeFromVariable.isra.0
 .text.ChangeTerminalDevicePath.isra.0
                0x0000000000017794      0x198 /tmp/UiApp.dll.bU1GdB.ltrans2.ltrans.o
                0x0000000000017794                ChangeTerminalDevicePath.isra.0
 .text.BmmSetConsoleMode.isra.0
                0x000000000001792c      0x5e8 /tmp/UiApp.dll.bU1GdB.ltrans2.ltrans.o
                0x000000000001792c                BmmSetConsoleMode.isra.0
 .text.BmSetConsoleMode.isra.0
                0x0000000000017f14      0x5e8 /tmp/UiApp.dll.bU1GdB.ltrans2.ltrans.o
                0x0000000000017f14                BmSetConsoleMode.isra.0
 .text.LibCreateNewFile.isra.0
                0x00000000000184fc      0x280 /tmp/UiApp.dll.bU1GdB.ltrans2.ltrans.o
                0x00000000000184fc                LibCreateNewFile.isra.0
 .text.EfiBootManagerFreeDriverHealthInfo.isra.0
                0x000000000001877c       0x70 /tmp/UiApp.dll.bU1GdB.ltrans2.ltrans.o
                0x000000000001877c                EfiBootManagerFreeDriverHealthInfo.isra.0
 .text.EfiBootManagerFreeLoadOption.isra.0
                0x00000000000187ec       0x50 /tmp/UiApp.dll.bU1GdB.ltrans2.ltrans.o
                0x00000000000187ec                EfiBootManagerFreeLoadOption.isra.0
 .text.EfiBootManagerFreeLoadOptions.isra.0
                0x000000000001883c       0x54 /tmp/UiApp.dll.bU1GdB.ltrans2.ltrans.o
                0x000000000001883c                EfiBootManagerFreeLoadOptions.isra.0
 .text.EfiBootManagerConnectAllDefaultConsoles.isra.0
                0x0000000000018890      0x130 /tmp/UiApp.dll.bU1GdB.ltrans2.ltrans.o
                0x0000000000018890                EfiBootManagerConnectAllDefaultConsoles.isra.0
 .text.HiiUpdateForm.isra.0
                0x00000000000189c0      0x4a8 /tmp/UiApp.dll.bU1GdB.ltrans2.ltrans.o
                0x00000000000189c0                HiiUpdateForm.isra.0
 .text.InternalHiiAppendOpCodes.isra.0
                0x0000000000018e68       0x8c /tmp/UiApp.dll.bU1GdB.ltrans2.ltrans.o
                0x0000000000018e68                InternalHiiAppendOpCodes.isra.0
 .text.InternalHiiCreateOpCode.isra.0
                0x0000000000018ef4        0xc /tmp/UiApp.dll.bU1GdB.ltrans2.ltrans.o
                0x0000000000018ef4                InternalHiiCreateOpCode.isra.0
 .text.HiiCreateActionOpCode.constprop.0.isra.0
                0x0000000000018f00       0x68 /tmp/UiApp.dll.bU1GdB.ltrans2.ltrans.o
                0x0000000000018f00                HiiCreateActionOpCode.constprop.0.isra.0
 .text.HiiCreateGotoExOpCode.constprop.0.isra.0
                0x0000000000018f68       0x94 /tmp/UiApp.dll.bU1GdB.ltrans2.ltrans.o
                0x0000000000018f68                HiiCreateGotoExOpCode.constprop.0.isra.0
 .text.HiiCreateCheckBoxOpCode.constprop.0.isra.0
                0x0000000000018ffc       0x8c /tmp/UiApp.dll.bU1GdB.ltrans2.ltrans.o
                0x0000000000018ffc                HiiCreateCheckBoxOpCode.constprop.0.isra.0
 .text.HiiCreateGotoOpCode.isra.0
                0x0000000000019088       0x74 /tmp/UiApp.dll.bU1GdB.ltrans2.ltrans.o
                0x0000000000019088                HiiCreateGotoOpCode.isra.0
 .text.HiiCreateOneOfOptionOpCode.isra.0
                0x00000000000190fc       0x7c /tmp/UiApp.dll.bU1GdB.ltrans2.ltrans.o
                0x00000000000190fc                HiiCreateOneOfOptionOpCode.isra.0
 .text.HiiCreateEndOpCode.isra.0
                0x0000000000019178       0x20 /tmp/UiApp.dll.bU1GdB.ltrans2.ltrans.o
                0x0000000000019178                HiiCreateEndOpCode.isra.0
 .text.HiiCreateOneOfOpCode.constprop.0.isra.0
                0x0000000000019198       0xe8 /tmp/UiApp.dll.bU1GdB.ltrans2.ltrans.o
                0x0000000000019198                HiiCreateOneOfOpCode.constprop.0.isra.0
 .text.GetVariable2.isra.0
                0x0000000000019280      0x118 /tmp/UiApp.dll.bU1GdB.ltrans2.ltrans.o
                0x0000000000019280                GetVariable2.isra.0
 .text.GetEfiGlobalVariable2.isra.0
                0x0000000000019398       0x14 /tmp/UiApp.dll.bU1GdB.ltrans2.ltrans.o
                0x0000000000019398                GetEfiGlobalVariable2.isra.0
 .text.EfiBootManagerGetLoadOptions.constprop.0
                0x00000000000193ac      0x1d0 /tmp/UiApp.dll.bU1GdB.ltrans2.ltrans.o
                0x00000000000193ac                EfiBootManagerGetLoadOptions.constprop.0
 .text.EfiBootManagerAddLoadOptionVariable.constprop.0
                0x000000000001957c      0x1d8 /tmp/UiApp.dll.bU1GdB.ltrans2.ltrans.o
                0x000000000001957c                EfiBootManagerAddLoadOptionVariable.constprop.0
 .text.HiiGetString.constprop.0
                0x0000000000019754      0x17c /tmp/UiApp.dll.bU1GdB.ltrans2.ltrans.o
                0x0000000000019754                HiiGetString.constprop.0
 .text.BOpt_GetDriverOptions.isra.0
                0x00000000000198d0      0x268 /tmp/UiApp.dll.bU1GdB.ltrans2.ltrans.o
                0x00000000000198d0                BOpt_GetDriverOptions.isra.0
 .text.CatIPv4Address.isra.0
                0x0000000000019b38       0x1c /tmp/UiApp.dll.bU1GdB.ltrans2.ltrans.o
                0x0000000000019b38                CatIPv4Address.isra.0
 .text.SetDevicePathNodeLength.isra.0
                0x0000000000019b54       0x60 /tmp/UiApp.dll.bU1GdB.ltrans2.ltrans.o
                0x0000000000019b54                SetDevicePathNodeLength.isra.0
 .text.UnicodeValueToStringS.isra.0
                0x0000000000019bb4      0x210 /tmp/UiApp.dll.bU1GdB.ltrans2.ltrans.o
                0x0000000000019bb4                UnicodeValueToStringS.isra.0
 .text.AsciiStrToUnicodeStrS.isra.0
                0x0000000000019dc4      0x1cc /tmp/UiApp.dll.bU1GdB.ltrans2.ltrans.o
                0x0000000000019dc4                AsciiStrToUnicodeStrS.isra.0
 .text.StrCpyS.isra.0
                0x0000000000019f90      0x1f4 /tmp/UiApp.dll.bU1GdB.ltrans2.ltrans.o
                0x0000000000019f90                StrCpyS.isra.0
 .text.HiiConstructConfigHdr.constprop.0
                0x000000000001a184      0x214 /tmp/UiApp.dll.bU1GdB.ltrans2.ltrans.o
                0x000000000001a184                HiiConstructConfigHdr.constprop.0
 .text.HiiIsConfigHdrMatch.constprop.0
                0x000000000001a398       0xb4 /tmp/UiApp.dll.bU1GdB.ltrans2.ltrans.o
                0x000000000001a398                HiiIsConfigHdrMatch.constprop.0
 .text.BOpt_GetBootOptions.isra.0
                0x000000000001a44c      0x3b4 /tmp/UiApp.dll.bU1GdB.ltrans2.ltrans.o
                0x000000000001a44c                BOpt_GetBootOptions.isra.0
 .text.UiSetConsoleMode.isra.0
                0x000000000001a800      0x5e8 /tmp/UiApp.dll.bU1GdB.ltrans2.ltrans.o
                0x000000000001a800                UiSetConsoleMode.isra.0
 .text.GetOptionalStringByIndex.isra.0
                0x000000000001ade8       0xac /tmp/UiApp.dll.bU1GdB.ltrans2.ltrans.o
                0x000000000001ade8                GetOptionalStringByIndex.isra.0
 .text.GetConsoleMenu.isra.0
                0x000000000001ae94      0x334 /tmp/UiApp.dll.bU1GdB.ltrans2.ltrans.o
                0x000000000001ae94                GetConsoleMenu.isra.0
 *fill*         0x000000000001b1c8        0x8 
 .text          0x000000000001b1d0      0x218 /home/daijh/sdk/rk3588/uefi/Build/RK3588/DEBUG_GCC5/AARCH64/MdePkg/Library/BaseMemoryLibOptDxe/BaseMemoryLibOptDxe/OUTPUT/BaseMemoryLibOptDxe.lib(CopyMem.obj)
                0x000000000001b33c                InternalMemCopyMem
 *fill*         0x000000000001b3e8       0x18 
 .text          0x000000000001b400       0x20 /home/daijh/sdk/rk3588/uefi/Build/RK3588/DEBUG_GCC5/AARCH64/MdePkg/Library/BaseMemoryLibOptDxe/BaseMemoryLibOptDxe/OUTPUT/BaseMemoryLibOptDxe.lib(CompareGuid.obj)
                0x000000000001b400                InternalMemCompareGuid
 .text          0x000000000001b420      0x200 /home/daijh/sdk/rk3588/uefi/Build/RK3588/DEBUG_GCC5/AARCH64/MdePkg/Library/BaseMemoryLibOptDxe/BaseMemoryLibOptDxe/OUTPUT/BaseMemoryLibOptDxe.lib(SetMem.obj)
                0x000000000001b420                InternalMemSetMem16
                0x000000000001b42c                InternalMemSetMem32
                0x000000000001b438                InternalMemSetMem64
                0x000000000001b444                InternalMemZeroMem
                0x000000000001b44c                InternalMemSetMem
 *fill*         0x000000000001b620       0x20 
 .text          0x000000000001b640       0xe0 /home/daijh/sdk/rk3588/uefi/Build/RK3588/DEBUG_GCC5/AARCH64/MdePkg/Library/BaseMemoryLibOptDxe/BaseMemoryLibOptDxe/OUTPUT/BaseMemoryLibOptDxe.lib(CompareMem.obj)
                0x000000000001b640                InternalMemCompareMem
 *(.rodata .rodata.* .gnu.linkonce.r.*)
 .rodata.BmEndOfBdsPerfCode.str1.1
                0x000000000001b720        0x4 /tmp/UiApp.dll.bU1GdB.ltrans0.ltrans.o
 .rodata.DebugAssert.str1.1
                0x000000000001b724       0x1e /tmp/UiApp.dll.bU1GdB.ltrans0.ltrans.o
 .rodata.CopyGuid.str1.1
                0x000000000001b742       0x90 /tmp/UiApp.dll.bU1GdB.ltrans0.ltrans.o
 .rodata.CompareGuid.str1.1
                0x000000000001b7d2       0x2c /tmp/UiApp.dll.bU1GdB.ltrans0.ltrans.o
 .rodata.CopyMem.str1.1
                0x000000000001b7fe       0xd6 /tmp/UiApp.dll.bU1GdB.ltrans0.ltrans.o
 .rodata.GetNextLanguage.str1.1
                0x000000000001b8d4       0x8e /tmp/UiApp.dll.bU1GdB.ltrans0.ltrans.o
 .rodata.StrnLenS.str1.1
                0x000000000001b962       0x68 /tmp/UiApp.dll.bU1GdB.ltrans0.ltrans.o
 .rodata.StrLen.str1.1
                0x000000000001b9ca       0x7b /tmp/UiApp.dll.bU1GdB.ltrans0.ltrans.o
                                         0x92 (size before relaxing)
 .rodata.StrCmp.str1.1
                0x000000000001ba45       0x37 /tmp/UiApp.dll.bU1GdB.ltrans0.ltrans.o
 .rodata.StrnCmp.str1.1
                0x000000000001ba7c       0x3b /tmp/UiApp.dll.bU1GdB.ltrans0.ltrans.o
 .rodata.StrStr.str1.1
                0x000000000001bab7       0x32 /tmp/UiApp.dll.bU1GdB.ltrans0.ltrans.o
 .rodata.AsciiStrLen.str1.1
                0x000000000001bae9       0x38 /tmp/UiApp.dll.bU1GdB.ltrans0.ltrans.o
 .rodata.AsciiStrCmp.str1.1
                0x000000000001bb21       0x37 /tmp/UiApp.dll.bU1GdB.ltrans0.ltrans.o
 .rodata.AsciiStrnCmp.str1.1
                0x000000000001bb58       0x39 /tmp/UiApp.dll.bU1GdB.ltrans0.ltrans.o
 .rodata.UnicodeVSPrint.str1.1
                0x000000000001bb91       0x70 /tmp/UiApp.dll.bU1GdB.ltrans0.ltrans.o
 .rodata.SetDevicePathEndNode.str1.1
                0x000000000001bc01       0x58 /tmp/UiApp.dll.bU1GdB.ltrans0.ltrans.o
                                         0x6d (size before relaxing)
 .rodata.GetPcdProtocol.str1.1
                0x000000000001bc59       0x90 /tmp/UiApp.dll.bU1GdB.ltrans0.ltrans.o
 .rodata.StrnCpyS.str1.1
                0x000000000001bce9      0x15b /tmp/UiApp.dll.bU1GdB.ltrans0.ltrans.o
 .rodata.StrCatS.str1.1
                0x000000000001be44       0x25 /tmp/UiApp.dll.bU1GdB.ltrans0.ltrans.o
 .rodata.FreePages.str1.1
                0x000000000001be69       0x69 /tmp/UiApp.dll.bU1GdB.ltrans0.ltrans.o
 .rodata.GetHobList.str1.1
                0x000000000001bed2       0x5c /tmp/UiApp.dll.bU1GdB.ltrans0.ltrans.o
 .rodata.HiiRemovePackages.str1.1
                0x000000000001bf2e       0x4a /tmp/UiApp.dll.bU1GdB.ltrans0.ltrans.o
                                         0x64 (size before relaxing)
 .rodata.AllocateCopyPool.str1.1
                0x000000000001bf78       0x3f /tmp/UiApp.dll.bU1GdB.ltrans0.ltrans.o
                                         0x56 (size before relaxing)
 *fill*         0x000000000001bfb7        0x1 
 .rodata.FrontPageCallback.str2.2
                0x000000000001bfb8       0x1a /tmp/UiApp.dll.bU1GdB.ltrans0.ltrans.o
 .rodata.FrontPageCallback.str1.1
                0x000000000001bfd2       0x12 /tmp/UiApp.dll.bU1GdB.ltrans0.ltrans.o
 .rodata.BmDestroyRamDisk.str1.1
                0x000000000001bfe4       0xd4 /tmp/UiApp.dll.bU1GdB.ltrans0.ltrans.o
 .rodata.EfiBootManagerConnectDevicePath.str1.1
                0x000000000001c0b8       0xa4 /tmp/UiApp.dll.bU1GdB.ltrans0.ltrans.o
 .rodata.BmExpandMediaDevicePath.str1.1
                0x000000000001c15c       0x21 /tmp/UiApp.dll.bU1GdB.ltrans0.ltrans.o
 *fill*         0x000000000001c17d        0x1 
 .rodata.BmExpandMediaDevicePath.str2.2
                0x000000000001c17e       0x2e /tmp/UiApp.dll.bU1GdB.ltrans0.ltrans.o
 .rodata.BmExpandLoadFile.str1.1
                0x000000000001c1ac       0x56 /tmp/UiApp.dll.bU1GdB.ltrans0.ltrans.o
 .rodata.UefiDevicePathLibCatPrint.str1.1
                0x000000000001c202       0x6e /tmp/UiApp.dll.bU1GdB.ltrans0.ltrans.o
 .rodata.DevPathToTextPci.str2.2
                0x000000000001c270       0x1e /tmp/UiApp.dll.bU1GdB.ltrans0.ltrans.o
 .rodata.DevPathToTextPccard.str2.2
                0x000000000001c28e       0x1a /tmp/UiApp.dll.bU1GdB.ltrans0.ltrans.o
 .rodata.DevPathToTextMemMap.str2.2
                0x000000000001c2a8       0x3e /tmp/UiApp.dll.bU1GdB.ltrans0.ltrans.o
 .rodata.DevPathToTextVendor.str2.2
                0x000000000001c2e6      0x1c8 /tmp/UiApp.dll.bU1GdB.ltrans0.ltrans.o
                                        0x1f8 (size before relaxing)
 .rodata.DevPathToTextController.str2.2
                0x000000000001c4ae       0x16 /tmp/UiApp.dll.bU1GdB.ltrans0.ltrans.o
 .rodata.DevPathToTextBmc.str2.2
                0x000000000001c4c4       0x20 /tmp/UiApp.dll.bU1GdB.ltrans0.ltrans.o
 .rodata.DevPathToTextAcpi.str2.2
                0x000000000001c4e4       0xfc /tmp/UiApp.dll.bU1GdB.ltrans0.ltrans.o
 .rodata.DevPathToTextAcpiEx.str2.2
                0x000000000001c5e0       0xf2 /tmp/UiApp.dll.bU1GdB.ltrans0.ltrans.o
                                        0x10a (size before relaxing)
 .rodata.DevPathToTextAcpiAdr.str2.2
                0x000000000001c6d2       0x26 /tmp/UiApp.dll.bU1GdB.ltrans0.ltrans.o
 .rodata.DevPathToTextAtapi.str2.2
                0x000000000001c6f8       0x72 /tmp/UiApp.dll.bU1GdB.ltrans0.ltrans.o
 .rodata.DevPathToTextScsi.str2.2
                0x000000000001c76a       0x20 /tmp/UiApp.dll.bU1GdB.ltrans0.ltrans.o
 .rodata.DevPathToTextFibre.str2.2
                0x000000000001c78a       0x26 /tmp/UiApp.dll.bU1GdB.ltrans0.ltrans.o
 .rodata.DevPathToTextFibreEx.str2.2
                0x000000000001c7b0       0x16 /tmp/UiApp.dll.bU1GdB.ltrans0.ltrans.o
                                         0x1e (size before relaxing)
 .rodata.DevPathToTextSasEx.str2.2
                0x000000000001c7c6       0x4a /tmp/UiApp.dll.bU1GdB.ltrans0.ltrans.o
                                         0x66 (size before relaxing)
 .rodata.DevPathToTextNVMe.str2.2
                0x000000000001c810       0x66 /tmp/UiApp.dll.bU1GdB.ltrans0.ltrans.o
 .rodata.DevPathToTextUfs.str2.2
                0x000000000001c876       0x1e /tmp/UiApp.dll.bU1GdB.ltrans0.ltrans.o
 .rodata.DevPathToTextSd.str2.2
                0x000000000001c894       0x12 /tmp/UiApp.dll.bU1GdB.ltrans0.ltrans.o
 .rodata.DevPathToTextEmmc.str2.2
                0x000000000001c8a6       0x16 /tmp/UiApp.dll.bU1GdB.ltrans0.ltrans.o
 .rodata.DevPathToText1394.str2.2
                0x000000000001c8bc       0x1c /tmp/UiApp.dll.bU1GdB.ltrans0.ltrans.o
 .rodata.DevPathToTextUsb.str2.2
                0x000000000001c8d8       0x1e /tmp/UiApp.dll.bU1GdB.ltrans0.ltrans.o
 .rodata.DevPathToTextUsbWWID.str1.1
                0x000000000001c8f6       0x17 /tmp/UiApp.dll.bU1GdB.ltrans0.ltrans.o
 *fill*         0x000000000001c90d        0x1 
 .rodata.DevPathToTextUsbWWID.str2.2
                0x000000000001c90e       0x3a /tmp/UiApp.dll.bU1GdB.ltrans0.ltrans.o
 .rodata.DevPathToTextLogicalUnit.str2.2
                0x000000000001c948       0x16 /tmp/UiApp.dll.bU1GdB.ltrans0.ltrans.o
 .rodata.DevPathToTextUsbClass.str2.2
                0x000000000001c95e      0x250 /tmp/UiApp.dll.bU1GdB.ltrans0.ltrans.o
 *fill*         0x000000000001cbae        0x2 
 .rodata.DevPathToTextUsbClass
                0x000000000001cbb0        0xe /tmp/UiApp.dll.bU1GdB.ltrans0.ltrans.o
 .rodata.DevPathToTextSata.str2.2
                0x000000000001cbbe       0x2a /tmp/UiApp.dll.bU1GdB.ltrans0.ltrans.o
 .rodata.DevPathToTextI2O.str2.2
                0x000000000001cbe8       0x14 /tmp/UiApp.dll.bU1GdB.ltrans0.ltrans.o
 .rodata.DevPathToTextMacAddr.str2.2
                0x000000000001cbfc        0xa /tmp/UiApp.dll.bU1GdB.ltrans0.ltrans.o
                                         0x18 (size before relaxing)
 .rodata.CatNetworkProtocol.str2.2
                0x000000000001cc06       0x10 /tmp/UiApp.dll.bU1GdB.ltrans0.ltrans.o
 .rodata.CatIPv6Address.str2.2
                0x000000000001cc16       0x90 /tmp/UiApp.dll.bU1GdB.ltrans0.ltrans.o
 .rodata.DevPathToTextIPv4.str2.2
                0x000000000001cca6       0x24 /tmp/UiApp.dll.bU1GdB.ltrans0.ltrans.o
                                         0x2e (size before relaxing)
 .rodata.DevPathToTextIPv6.str2.2
                0x000000000001ccca       0x80 /tmp/UiApp.dll.bU1GdB.ltrans0.ltrans.o
 .rodata.DevPathToTextInfiniBand.str2.2
                0x000000000001cd4a       0x4c /tmp/UiApp.dll.bU1GdB.ltrans0.ltrans.o
 .rodata.DevPathToTextUart.str2.2
                0x000000000001cd96       0x5c /tmp/UiApp.dll.bU1GdB.ltrans0.ltrans.o
                                         0x74 (size before relaxing)
 *fill*         0x000000000001cdf2        0x2 
 .rodata.DevPathToTextUart
                0x000000000001cdf4        0x4 /tmp/UiApp.dll.bU1GdB.ltrans0.ltrans.o
 .rodata.DevPathToTextiSCSI.str2.2
                0x000000000001cdf8       0x64 /tmp/UiApp.dll.bU1GdB.ltrans0.ltrans.o
                                         0x6c (size before relaxing)
 .rodata.DevPathToTextVlan.str2.2
                0x000000000001ce5c       0x12 /tmp/UiApp.dll.bU1GdB.ltrans0.ltrans.o
 .rodata.DevPathToTextBluetooth.str2.2
                0x000000000001ce6e       0x48 /tmp/UiApp.dll.bU1GdB.ltrans0.ltrans.o
 .rodata.DevPathToTextWiFi.str2.2
                0x000000000001ceb6       0x14 /tmp/UiApp.dll.bU1GdB.ltrans0.ltrans.o
 .rodata.DevPathToTextBluetoothLE.str2.2
                0x000000000001ceca       0x5a /tmp/UiApp.dll.bU1GdB.ltrans0.ltrans.o
 .rodata.DevPathToTextDns.str2.2
                0x000000000001cf24        0xa /tmp/UiApp.dll.bU1GdB.ltrans0.ltrans.o
 .rodata.DevPathToTextUri.str1.1
                0x000000000001cf2e       0x17 /tmp/UiApp.dll.bU1GdB.ltrans0.ltrans.o
 *fill*         0x000000000001cf45        0x1 
 .rodata.DevPathToTextUri.str2.2
                0x000000000001cf46       0x10 /tmp/UiApp.dll.bU1GdB.ltrans0.ltrans.o
 .rodata.DevPathToTextHardDrive.str2.2
                0x000000000001cf56       0x64 /tmp/UiApp.dll.bU1GdB.ltrans0.ltrans.o
                                         0x7e (size before relaxing)
 .rodata.DevPathToTextCDROM.str2.2
                0x000000000001cfba       0x48 /tmp/UiApp.dll.bU1GdB.ltrans0.ltrans.o
 .rodata.DevPathToTextFilePath.str2.2
                0x000000000001d002       0x48 /tmp/UiApp.dll.bU1GdB.ltrans0.ltrans.o
                                          0x6 (size before relaxing)
 .rodata.DevPathToTextMediaProtocol.str2.2
                0x000000000001d002       0x14 /tmp/UiApp.dll.bU1GdB.ltrans0.ltrans.o
 .rodata.DevPathToTextFv.str2.2
                0x000000000001d016        0xe /tmp/UiApp.dll.bU1GdB.ltrans0.ltrans.o
 .rodata.DevPathToTextFvFile.str2.2
                0x000000000001d024       0x16 /tmp/UiApp.dll.bU1GdB.ltrans0.ltrans.o
 .rodata.DevPathRelativeOffsetRange.str2.2
                0x000000000001d03a       0x28 /tmp/UiApp.dll.bU1GdB.ltrans0.ltrans.o
 .rodata.DevPathToTextRamDisk.str2.2
                0x000000000001d062       0xca /tmp/UiApp.dll.bU1GdB.ltrans0.ltrans.o
                                        0x136 (size before relaxing)
 .rodata.DevPathToTextBBS.str2.2
                0x000000000001d12c       0x2c /tmp/UiApp.dll.bU1GdB.ltrans0.ltrans.o
 .rodata.DevPathToTextNodeGeneric.str2.2
                0x000000000001d158       0x22 /tmp/UiApp.dll.bU1GdB.ltrans0.ltrans.o
 .rodata.GetBestLanguage.str1.1
                0x000000000001d17a       0x65 /tmp/UiApp.dll.bU1GdB.ltrans0.ltrans.o
 .rodata.InternalHiiCompareSubString.str1.1
                0x000000000001d1df       0x39 /tmp/UiApp.dll.bU1GdB.ltrans0.ltrans.o
 .rodata.HiiFreeOpCodeHandle.str1.1
                0x000000000001d218       0x39 /tmp/UiApp.dll.bU1GdB.ltrans0.ltrans.o
                                         0x1d (size before relaxing)
 .rodata.InternalHiiCreateOpCodeExtended.str1.1
                0x000000000001d218       0x25 /tmp/UiApp.dll.bU1GdB.ltrans0.ltrans.o
 .rodata.HiiGetSupportedLanguages.str1.1
                0x000000000001d23d       0x4f /tmp/UiApp.dll.bU1GdB.ltrans0.ltrans.o
 .rodata.BmUpdateSystemTableConsole.str1.1
                0x000000000001d28c       0x32 /tmp/UiApp.dll.bU1GdB.ltrans0.ltrans.o
 .rodata.ProcessLibraryConstructorList.str1.1
                0x000000000001d2be      0x666 /tmp/UiApp.dll.bU1GdB.ltrans0.ltrans.o
                                        0x67a (size before relaxing)
 .rodata.ProcessLibraryConstructorList.str2.2
                0x000000000001d924       0x28 /tmp/UiApp.dll.bU1GdB.ltrans0.ltrans.o
 .rodata._ModuleEntryPoint.str1.1
                0x000000000001d94c      0x1f7 /tmp/UiApp.dll.bU1GdB.ltrans0.ltrans.o
                                        0x250 (size before relaxing)
 *fill*         0x000000000001db43        0x1 
 .rodata._ModuleEntryPoint.str2.2
                0x000000000001db44       0xc4 /tmp/UiApp.dll.bU1GdB.ltrans0.ltrans.o
                                         0xc8 (size before relaxing)
 .rodata.BmGetNextLoadOptionDevicePath.str1.1
                0x000000000001dc08       0x19 /tmp/UiApp.dll.bU1GdB.ltrans0.ltrans.o
 *fill*         0x000000000001dc21        0x1 
 .rodata.BmGetNextLoadOptionDevicePath.str2.2
                0x000000000001dc22        0xa /tmp/UiApp.dll.bU1GdB.ltrans0.ltrans.o
 .rodata.EfiBootManagerBoot.str2.2
                0x000000000001dc2c       0x5c /tmp/UiApp.dll.bU1GdB.ltrans0.ltrans.o
 .rodata.EfiBootManagerBoot.str1.1
                0x000000000001dc88      0x3d7 /tmp/UiApp.dll.bU1GdB.ltrans0.ltrans.o
                                        0x3d9 (size before relaxing)
 *fill*         0x000000000001e05f        0x1 
 .rodata.str2.2
                0x000000000001e060       0xd0 /tmp/UiApp.dll.bU1GdB.ltrans0.ltrans.o
                                        0x110 (size before relaxing)
 .rodata.BaudRateList
                0x000000000001e130      0x130 /tmp/UiApp.dll.bU1GdB.ltrans0.ltrans.o
                0x000000000001e130                BaudRateList
 .rodata.CSWTCH.42
                0x000000000001e260        0x6 /tmp/UiApp.dll.bU1GdB.ltrans0.ltrans.o
 *fill*         0x000000000001e266        0x2 
 .rodata.CSWTCH.58
                0x000000000001e268       0x30 /tmp/UiApp.dll.bU1GdB.ltrans0.ltrans.o
 .rodata.DataBitsList
                0x000000000001e298       0x40 /tmp/UiApp.dll.bU1GdB.ltrans0.ltrans.o
                0x000000000001e298                DataBitsList
 .rodata.ParityList
                0x000000000001e2d8       0x50 /tmp/UiApp.dll.bU1GdB.ltrans0.ltrans.o
                0x000000000001e2d8                ParityList
 .rodata.StopBitsList
                0x000000000001e328       0x30 /tmp/UiApp.dll.bU1GdB.ltrans0.ltrans.o
                0x000000000001e328                StopBitsList
 .rodata.__FUNCTION__.0
                0x000000000001e358       0x11 /tmp/UiApp.dll.bU1GdB.ltrans0.ltrans.o
 .rodata.__FUNCTION__.25
                0x000000000001e369        0x8 /tmp/UiApp.dll.bU1GdB.ltrans0.ltrans.o
 .rodata.__FUNCTION__.26
                0x000000000001e371        0x9 /tmp/UiApp.dll.bU1GdB.ltrans0.ltrans.o
 .rodata._gPcd_FixedAtBuild_PcdBootManagerMenuFile
                0x000000000001e37a       0x10 /tmp/UiApp.dll.bU1GdB.ltrans0.ltrans.o
 .rodata._gPcd_FixedAtBuild_PcdFirmwareVersionString
                0x000000000001e38a        0xc /tmp/UiApp.dll.bU1GdB.ltrans0.ltrans.o
 .rodata._gPcd_FixedAtBuild_PcdUefiVariableDefaultPlatformLangCodes
                0x000000000001e396       0x12 /tmp/UiApp.dll.bU1GdB.ltrans0.ltrans.o
 .rodata.mBmLoadOptionName
                0x000000000001e3a8       0x20 /tmp/UiApp.dll.bU1GdB.ltrans0.ltrans.o
                0x000000000001e3a8                mBmLoadOptionName
 .rodata.mConVarName
                0x000000000001e3c8       0x30 /tmp/UiApp.dll.bU1GdB.ltrans0.ltrans.o
 .rodata.mEndOfPakageList
                0x000000000001e3f8        0x4 /tmp/UiApp.dll.bU1GdB.ltrans0.ltrans.o
 .rodata.mHexStr
                0x000000000001e3fc       0x10 /tmp/UiApp.dll.bU1GdB.ltrans0.ltrans.o
 .rodata.mUefiDevicePathLibEndDevicePath
                0x000000000001e40c        0x4 /tmp/UiApp.dll.bU1GdB.ltrans0.ltrans.o
 .rodata.mUefiDevicePathLibToTextTableGeneric
                0x000000000001e410       0x60 /tmp/UiApp.dll.bU1GdB.ltrans0.ltrans.o
 .rodata.LibGetMenuEntry.str1.1
                0x000000000001e470       0x24 /tmp/UiApp.dll.bU1GdB.ltrans1.ltrans.o
                                         0x8e (size before relaxing)
 .rodata.BmGetSingleControllerHealthStatus.str1.1
                0x000000000001e494       0x9f /tmp/UiApp.dll.bU1GdB.ltrans1.ltrans.o
                                         0xd4 (size before relaxing)
 .rodata.EfiBootManagerGetDriverHealthInfo.str1.1
                0x000000000001e533       0x24 /tmp/UiApp.dll.bU1GdB.ltrans1.ltrans.o
 *fill*         0x000000000001e557        0x1 
 .rodata.BmGetNetworkDescription.str2.2
                0x000000000001e558       0xb4 /tmp/UiApp.dll.bU1GdB.ltrans1.ltrans.o
 .rodata.BmGetNetworkDescription.str1.1
                0x000000000001e60c       0x5d /tmp/UiApp.dll.bU1GdB.ltrans1.ltrans.o
                                         0x79 (size before relaxing)
 *fill*         0x000000000001e669        0x1 
 .rodata.BmGetDescriptionFromDiskInfo.str2.2
                0x000000000001e66a       0x2c /tmp/UiApp.dll.bU1GdB.ltrans1.ltrans.o
 .rodata.BmGetUsbDescription.str2.2
                0x000000000001e696       0x2c /tmp/UiApp.dll.bU1GdB.ltrans1.ltrans.o
                                          0x4 (size before relaxing)
 .rodata.BmGetMiscDescription.str2.2
                0x000000000001e696       0xa4 /tmp/UiApp.dll.bU1GdB.ltrans1.ltrans.o
                                         0xc8 (size before relaxing)
 .rodata.BmGetMiscDescription.str1.1
                0x000000000001e73a       0x5d /tmp/UiApp.dll.bU1GdB.ltrans1.ltrans.o
                                         0x1b (size before relaxing)
 .rodata.BOpt_GetOptionNumber.str2.2
                0x000000000001e73a       0x10 /tmp/UiApp.dll.bU1GdB.ltrans1.ltrans.o
                                         0x1e (size before relaxing)
 .rodata.BOpt_GetOptionNumber.str1.1
                0x000000000001e74a        0xd /tmp/UiApp.dll.bU1GdB.ltrans1.ltrans.o
 .rodata.BmGetControllerName.str2.2
                0x000000000001e757       0x10 /tmp/UiApp.dll.bU1GdB.ltrans1.ltrans.o
                                         0x24 (size before relaxing)
 .rodata.BmGetControllerName.str1.1
                0x000000000001e757        0xa /tmp/UiApp.dll.bU1GdB.ltrans1.ltrans.o
                                          0xb (size before relaxing)
 .rodata.DmExtractDevicePathFromHiiHandle.str1.1
                0x000000000001e761       0x70 /tmp/UiApp.dll.bU1GdB.ltrans1.ltrans.o
 .rodata.BmRepairNotify.str1.1
                0x000000000001e761       0x1a /tmp/UiApp.dll.bU1GdB.ltrans1.ltrans.o
 *fill*         0x000000000001e77b        0x1 
 .rodata.BmRepairNotify.str2.2
                0x000000000001e77c       0x34 /tmp/UiApp.dll.bU1GdB.ltrans1.ltrans.o
 .rodata.BmDisplayMessages.str1.1
                0x000000000001e7b0       0x16 /tmp/UiApp.dll.bU1GdB.ltrans1.ltrans.o
 .rodata.BmDisplayMessages.str2.2
                0x000000000001e7c6       0x2c /tmp/UiApp.dll.bU1GdB.ltrans1.ltrans.o
 .rodata.IsMacAddressDevicePath.str1.1
                0x000000000001e7f2       0x1f /tmp/UiApp.dll.bU1GdB.ltrans1.ltrans.o
                                         0x34 (size before relaxing)
 *fill*         0x000000000001e811        0x1 
 .rodata.IsMacAddressDevicePath.str2.2
                0x000000000001e812        0xa /tmp/UiApp.dll.bU1GdB.ltrans1.ltrans.o
 .rodata.BootMaintExtractConfig.str1.1
                0x000000000001e81c       0x1e /tmp/UiApp.dll.bU1GdB.ltrans1.ltrans.o
                                         0x82 (size before relaxing)
 .rodata.BootMaintExtractConfig.str2.2
                0x000000000001e83a       0x40 /tmp/UiApp.dll.bU1GdB.ltrans1.ltrans.o
 .rodata.BmGetFreeOptionNumber.str1.1
                0x000000000001e87a      0x159 /tmp/UiApp.dll.bU1GdB.ltrans1.ltrans.o
 *fill*         0x000000000001e9d3        0x1 
 .rodata.BmGetFreeOptionNumber.str2.2
                0x000000000001e9d4       0x12 /tmp/UiApp.dll.bU1GdB.ltrans1.ltrans.o
 .rodata.EfiBootManagerLoadOptionToVariable.str1.1
                0x000000000001e9e6       0x19 /tmp/UiApp.dll.bU1GdB.ltrans1.ltrans.o
 .rodata.BmRepairAllControllers.str1.1
                0x000000000001e9ff       0x76 /tmp/UiApp.dll.bU1GdB.ltrans1.ltrans.o
 .rodata.BmPrintDp.str1.1
                0x000000000001ea75        0x3 /tmp/UiApp.dll.bU1GdB.ltrans1.ltrans.o
 .rodata.LibStrDuplicate.str1.1
                0x000000000001ea78       0x15 /tmp/UiApp.dll.bU1GdB.ltrans1.ltrans.o
 .rodata.LibAppendFileName.str1.1
                0x000000000001ea8d       0x17 /tmp/UiApp.dll.bU1GdB.ltrans1.ltrans.o
                                         0x2b (size before relaxing)
 .rodata.LibAppendFileName.str2.2
                0x000000000001eaa4        0x4 /tmp/UiApp.dll.bU1GdB.ltrans1.ltrans.o
 .rodata.CreateDeviceManagerForm.str2.2
                0x000000000001eaa8        0xc /tmp/UiApp.dll.bU1GdB.ltrans1.ltrans.o
 .rodata.CreateDeviceManagerForm.str1.1
                0x000000000001eab4       0x74 /tmp/UiApp.dll.bU1GdB.ltrans1.ltrans.o
 .rodata.UiDevicePathToStr.str1.1
                0x000000000001eab4       0x17 /tmp/UiApp.dll.bU1GdB.ltrans1.ltrans.o
 *fill*         0x000000000001eacb        0x1 
 .rodata.BOpt_CreateMenuEntry
                0x000000000001eacc        0x6 /tmp/UiApp.dll.bU1GdB.ltrans1.ltrans.o
 *fill*         0x000000000001ead2        0x2 
 .rodata.BOpt_DestroyMenuEntry
                0x000000000001ead4        0x6 /tmp/UiApp.dll.bU1GdB.ltrans1.ltrans.o
 .rodata.BOpt_GetMenuEntry.str1.1
                0x000000000001eada       0x5f /tmp/UiApp.dll.bU1GdB.ltrans1.ltrans.o
 .rodata.UpdateConsoleContent.str2.2
                0x000000000001eb39       0x28 /tmp/UiApp.dll.bU1GdB.ltrans1.ltrans.o
 .rodata.UpdateConsoleContent.str1.1
                0x000000000001eb39        0xc /tmp/UiApp.dll.bU1GdB.ltrans1.ltrans.o
                                         0x84 (size before relaxing)
 .rodata.Var_UpdateConsoleOption.str1.1
                0x000000000001eb45       0xe2 /tmp/UiApp.dll.bU1GdB.ltrans1.ltrans.o
 .rodata.UpdateConsolePage.str1.1
                0x000000000001ec27       0x1d /tmp/UiApp.dll.bU1GdB.ltrans1.ltrans.o
                                         0x7c (size before relaxing)
 .rodata.ZeroMem.str1.1
                0x000000000001ec44       0x8b /tmp/UiApp.dll.bU1GdB.ltrans1.ltrans.o
                                         0xa2 (size before relaxing)
 .rodata.EfiBootManagerVariableToLoadOptionEx.part.0.str1.1
                0x000000000001eccf       0x23 /tmp/UiApp.dll.bU1GdB.ltrans1.ltrans.o
 .rodata.BootFromFile.str1.1
                0x000000000001eccf       0x3c /tmp/UiApp.dll.bU1GdB.ltrans1.ltrans.o
 .rodata.BootFromFile.str2.2
                0x000000000001eccf       0x86 /tmp/UiApp.dll.bU1GdB.ltrans1.ltrans.o
 .rodata.GetBootOrder.str1.1
                0x000000000001eccf       0x1d /tmp/UiApp.dll.bU1GdB.ltrans1.ltrans.o
 .rodata.CompareMem.str1.1
                0x000000000001ecec       0x97 /tmp/UiApp.dll.bU1GdB.ltrans1.ltrans.o
                                        0x118 (size before relaxing)
 .rodata.UpdateOrderPage.str1.1
                0x000000000001ed83       0x97 /tmp/UiApp.dll.bU1GdB.ltrans1.ltrans.o
                                         0x8a (size before relaxing)
 *fill*         0x000000000001ed83        0x1 
 .rodata.UpdatePageBody
                0x000000000001ed84        0x8 /tmp/UiApp.dll.bU1GdB.ltrans1.ltrans.o
 .rodata.SetMem16.str1.1
                0x000000000001ed8c       0xbc /tmp/UiApp.dll.bU1GdB.ltrans1.ltrans.o
 .rodata.InternalBaseLibIsListValid.str1.1
                0x000000000001ee48       0x86 /tmp/UiApp.dll.bU1GdB.ltrans1.ltrans.o
                                         0x9b (size before relaxing)
 .rodata.IsListEmpty.str1.1
                0x000000000001eece       0x26 /tmp/UiApp.dll.bU1GdB.ltrans1.ltrans.o
 .rodata.GetNextNode.str1.1
                0x000000000001eef4       0x22 /tmp/UiApp.dll.bU1GdB.ltrans1.ltrans.o
 .rodata.BmGetBootDescription.str1.1
                0x000000000001ef16       0x38 /tmp/UiApp.dll.bU1GdB.ltrans1.ltrans.o
 .rodata.EfiBootManagerRefreshAllBootOption.str1.1
                0x000000000001ef4e       0x34 /tmp/UiApp.dll.bU1GdB.ltrans1.ltrans.o
                                         0x86 (size before relaxing)
 .rodata.EfiBootManagerRefreshAllBootOption.str2.2
                0x000000000001ef82        0xc /tmp/UiApp.dll.bU1GdB.ltrans1.ltrans.o
 .rodata.BootManagerCallback.str2.2
                0x000000000001ef8e       0x44 /tmp/UiApp.dll.bU1GdB.ltrans1.ltrans.o
 .rodata.BootManagerCallback.str1.1
                0x000000000001efd2      0x104 /tmp/UiApp.dll.bU1GdB.ltrans1.ltrans.o
                                        0x159 (size before relaxing)
 .rodata.BootMaintCallback.str1.1
                0x000000000001f0d6      0x40f /tmp/UiApp.dll.bU1GdB.ltrans1.ltrans.o
                                        0x44c (size before relaxing)
 *fill*         0x000000000001f4e5        0x1 
 .rodata.BootMaintCallback.str2.2
                0x000000000001f4e6       0x14 /tmp/UiApp.dll.bU1GdB.ltrans1.ltrans.o
 *fill*         0x000000000001f4fa        0x2 
 .rodata.BootMaintCallback
                0x000000000001f4fc       0x50 /tmp/UiApp.dll.bU1GdB.ltrans1.ltrans.o
 .rodata.BmHotkeyCallback.str1.1
                0x000000000001f54c       0xad /tmp/UiApp.dll.bU1GdB.ltrans1.ltrans.o
                                        0x101 (size before relaxing)
 .rodata.BmHotkeyCallback.str2.2
                0x000000000001f5f9        0xa /tmp/UiApp.dll.bU1GdB.ltrans1.ltrans.o
 .rodata.RemoveEntryList.str1.1
                0x000000000001f5f9       0x15 /tmp/UiApp.dll.bU1GdB.ltrans1.ltrans.o
 .rodata.LibCallback.str2.2
                0x000000000001f60e        0xa /tmp/UiApp.dll.bU1GdB.ltrans1.ltrans.o
 .rodata.BootMaintRouteConfig.str1.1
                0x000000000001f618      0x1c5 /tmp/UiApp.dll.bU1GdB.ltrans1.ltrans.o
 *fill*         0x000000000001f7dd        0x1 
 .rodata.BootMaintRouteConfig.str2.2
                0x000000000001f7de       0x6a /tmp/UiApp.dll.bU1GdB.ltrans1.ltrans.o
                                         0x78 (size before relaxing)
 .rodata.str2.2
                0x000000000001f848      0x1cc /tmp/UiApp.dll.bU1GdB.ltrans1.ltrans.o
 .rodata.TerminalType
                0x000000000001fa14       0x12 /tmp/UiApp.dll.bU1GdB.ltrans1.ltrans.o
 .rodata.__FUNCTION__.0
                0x000000000001fa26       0x17 /tmp/UiApp.dll.bU1GdB.ltrans1.ltrans.o
 .rodata._gPcd_FixedAtBuild_PcdDriverHealthConfigureForm
                0x000000000001fa3d       0x10 /tmp/UiApp.dll.bU1GdB.ltrans1.ltrans.o
                0x000000000001fa3d                _gPcd_FixedAtBuild_PcdDriverHealthConfigureForm
 *fill*         0x000000000001fa4d        0x3 
 .rodata.mBmBootDescriptionHandlers
                0x000000000001fa50       0x30 /tmp/UiApp.dll.bU1GdB.ltrans1.ltrans.o
 .rodata.mBmHealthStatusText
                0x000000000001fa80       0x30 /tmp/UiApp.dll.bU1GdB.ltrans1.ltrans.o
 .rodata.mBmLoadOptionOrderName
                0x000000000001fab0       0x20 /tmp/UiApp.dll.bU1GdB.ltrans1.ltrans.o
                0x000000000001fab0                mBmLoadOptionOrderName
 .rodata.mConfigHdrTemplate
                0x000000000001fad0       0x70 /tmp/UiApp.dll.bU1GdB.ltrans1.ltrans.o
 .rodata.mDeviceTypeStr
                0x000000000001fb40       0x40 /tmp/UiApp.dll.bU1GdB.ltrans1.ltrans.o
 .rodata.ReadUnaligned16.str1.1
                0x000000000001fb80       0x48 /tmp/UiApp.dll.bU1GdB.ltrans2.ltrans.o
                                         0x5f (size before relaxing)
 .rodata.Print.str1.1
                0x000000000001fbc8       0x5f /tmp/UiApp.dll.bU1GdB.ltrans2.ltrans.o
 .rodata.EfiGetNameGuidFromFwVolDevicePathNode.str1.1
                0x000000000001fc27       0x21 /tmp/UiApp.dll.bU1GdB.ltrans2.ltrans.o
                                         0x68 (size before relaxing)
 .rodata.GetPerformanceMeasurementProtocol.str1.1
                0x000000000001fc48       0x27 /tmp/UiApp.dll.bU1GdB.ltrans2.ltrans.o
                                         0x83 (size before relaxing)
 .rodata.IsZeroBuffer.constprop.0.str1.1
                0x000000000001fc6f       0x5a /tmp/UiApp.dll.bU1GdB.ltrans2.ltrans.o
                                         0x92 (size before relaxing)
 .rodata.EfiReleaseLock.constprop.0.str1.1
                0x000000000001fcc9       0x1e /tmp/UiApp.dll.bU1GdB.ltrans2.ltrans.o
                                         0x60 (size before relaxing)
 .rodata.EfiAcquireLock.constprop.0.str1.1
                0x000000000001fce7       0x1e /tmp/UiApp.dll.bU1GdB.ltrans2.ltrans.o
 *fill*         0x000000000001fd05        0x1 
 .rodata.UefiDevicePathLibConvertDevicePathToText.constprop.0.str2.2
                0x000000000001fd06        0x4 /tmp/UiApp.dll.bU1GdB.ltrans2.ltrans.o
 .rodata.HiiSetString.constprop.0.str1.1
                0x000000000001fd0a       0x54 /tmp/UiApp.dll.bU1GdB.ltrans2.ltrans.o
                                         0x85 (size before relaxing)
 .rodata.CreatePopUp.constprop.0.str1.1
                0x000000000001fd5e       0x93 /tmp/UiApp.dll.bU1GdB.ltrans2.ltrans.o
 *fill*         0x000000000001fdf1        0x1 
 .rodata.CreatePopUp.constprop.0.str2.2
                0x000000000001fdf2        0x8 /tmp/UiApp.dll.bU1GdB.ltrans2.ltrans.o
 .rodata.BasePrintLibSPrintMarker.constprop.0.str1.1
                0x000000000001fdfa      0x290 /tmp/UiApp.dll.bU1GdB.ltrans2.ltrans.o
 *fill*         0x000000000002008a        0x2 
 .rodata.BasePrintLibSPrintMarker.constprop.0
                0x000000000002008c       0x5e /tmp/UiApp.dll.bU1GdB.ltrans2.ltrans.o
 .rodata.AsciiSPrint.constprop.0.str1.1
                0x00000000000200ea       0x18 /tmp/UiApp.dll.bU1GdB.ltrans2.ltrans.o
 .rodata.LogPerformanceMeasurement.constprop.0.isra.0.str1.1
                0x00000000000200ea       0x12 /tmp/UiApp.dll.bU1GdB.ltrans2.ltrans.o
 .rodata.StrnCatS.constprop.0.isra.0.str2.2
                0x00000000000200ea        0x8 /tmp/UiApp.dll.bU1GdB.ltrans2.ltrans.o
 .rodata.StrnCatS.constprop.0.isra.0.str1.1
                0x00000000000200ea      0x117 /tmp/UiApp.dll.bU1GdB.ltrans2.ltrans.o
 .rodata.ReportStatusCodeEx.constprop.0.isra.0.str1.1
                0x00000000000200ea       0xdd /tmp/UiApp.dll.bU1GdB.ltrans2.ltrans.o
 .rodata.EndPerformanceMeasurementEx.constprop.0.isra.0.str1.1
                0x00000000000201c7        0xb /tmp/UiApp.dll.bU1GdB.ltrans2.ltrans.o
 .rodata.SetMem.constprop.0.isra.0.str1.1
                0x00000000000201c7       0x54 /tmp/UiApp.dll.bU1GdB.ltrans2.ltrans.o
 .rodata.InsertTailList.isra.0.str1.1
                0x000000000002021b       0x6b /tmp/UiApp.dll.bU1GdB.ltrans2.ltrans.o
 *fill*         0x000000000002021b        0x1 
 .rodata.ChooseFile.constprop.0.isra.0.str2.2
                0x000000000002021c       0x64 /tmp/UiApp.dll.bU1GdB.ltrans2.ltrans.o
                                         0x68 (size before relaxing)
 .rodata.ChooseFile.constprop.0.isra.0.str1.1
                0x0000000000020280       0x57 /tmp/UiApp.dll.bU1GdB.ltrans2.ltrans.o
                                         0xf8 (size before relaxing)
 .rodata.BmmSetConsoleMode.isra.0.str1.1
                0x00000000000202d7       0x64 /tmp/UiApp.dll.bU1GdB.ltrans2.ltrans.o
 .rodata.BmSetConsoleMode.isra.0.str1.1
                0x00000000000202d7       0x55 /tmp/UiApp.dll.bU1GdB.ltrans2.ltrans.o
 .rodata.EfiBootManagerConnectAllDefaultConsoles.isra.0.str1.1
                0x00000000000202d7       0x23 /tmp/UiApp.dll.bU1GdB.ltrans2.ltrans.o
 .rodata.EfiBootManagerConnectAllDefaultConsoles.isra.0.str2.2
                0x00000000000202fa       0x28 /tmp/UiApp.dll.bU1GdB.ltrans2.ltrans.o
 .rodata.HiiUpdateForm.isra.0.str1.1
                0x00000000000202fa       0x6c /tmp/UiApp.dll.bU1GdB.ltrans2.ltrans.o
 .rodata.InternalHiiAppendOpCodes.isra.0.str1.1
                0x00000000000202fa       0x3a /tmp/UiApp.dll.bU1GdB.ltrans2.ltrans.o
 .rodata.HiiCreateOneOfOpCode.constprop.0.isra.0.str1.1
                0x0000000000020334       0x24 /tmp/UiApp.dll.bU1GdB.ltrans2.ltrans.o
 .rodata.GetVariable2.isra.0.str1.1
                0x0000000000020334       0x5d /tmp/UiApp.dll.bU1GdB.ltrans2.ltrans.o
 .rodata.EfiBootManagerGetLoadOptions.constprop.0.str2.2