Archive member included to satisfy reference by file (symbol)

/home/daijh/sdk/rk3588/uefi/Build/RK3588/DEBUG_GCC5/AARCH64/MdePkg/Library/UefiDriverEntryPoint/UefiDriverEntryPoint/OUTPUT/UefiDriverEntryPoint.lib(DriverEntryPoint.obj)
                              (_ModuleEntryPoint)
/home/daijh/sdk/rk3588/uefi/Build/RK3588/DEBUG_GCC5/AARCH64/ArmPkg/Library/CompilerIntrinsicsLib/CompilerIntrinsicsLib/OUTPUT/CompilerIntrinsicsLib.lib(memcpy.obj)
                              /home/daijh/sdk/rk3588/uefi/edk2/ArmPkg/Library/GccLto/liblto-aarch64.a (memcpy)
/home/daijh/sdk/rk3588/uefi/Build/RK3588/DEBUG_GCC5/AARCH64/ArmPkg/Library/CompilerIntrinsicsLib/CompilerIntrinsicsLib/OUTPUT/CompilerIntrinsicsLib.lib(memset.obj)
                              /home/daijh/sdk/rk3588/uefi/edk2/ArmPkg/Library/GccLto/liblto-aarch64.a (memset)
/home/daijh/sdk/rk3588/uefi/Build/RK3588/DEBUG_GCC5/AARCH64/MdePkg/Library/BaseStackCheckLib/BaseStackCheckLib/OUTPUT/BaseStackCheckLib.lib(BaseStackCheckGcc.obj)
                              /home/daijh/sdk/rk3588/uefi/edk2/ArmPkg/Library/GccLto/liblto-aarch64.a (__stack_chk_fail)
/home/daijh/sdk/rk3588/uefi/Build/RK3588/DEBUG_GCC5/AARCH64/NetworkPkg/UefiPxeBcDxe/UefiPxeBcDxe/OUTPUT/UefiPxeBcDxe.lib(AutoGen.obj)
                              DriverEntryPoint.obj (symbol from plugin) (ProcessLibraryConstructorList)
/home/daijh/sdk/rk3588/uefi/Build/RK3588/DEBUG_GCC5/AARCH64/NetworkPkg/UefiPxeBcDxe/UefiPxeBcDxe/OUTPUT/UefiPxeBcDxe.lib(PxeBcDriver.obj)
                              AutoGen.obj (symbol from plugin) (PxeBcDriverEntryPoint)
/home/daijh/sdk/rk3588/uefi/Build/RK3588/DEBUG_GCC5/AARCH64/NetworkPkg/UefiPxeBcDxe/UefiPxeBcDxe/OUTPUT/UefiPxeBcDxe.lib(PxeBcImpl.obj)
                              PxeBcDriver.obj (symbol from plugin) (gLoadFileProtocolTemplate)
/home/daijh/sdk/rk3588/uefi/Build/RK3588/DEBUG_GCC5/AARCH64/NetworkPkg/UefiPxeBcDxe/UefiPxeBcDxe/OUTPUT/UefiPxeBcDxe.lib(PxeBcBoot.obj)
                              PxeBcImpl.obj (symbol from plugin) (PxeBcExtractDiscoverInfo)
/home/daijh/sdk/rk3588/uefi/Build/RK3588/DEBUG_GCC5/AARCH64/NetworkPkg/UefiPxeBcDxe/UefiPxeBcDxe/OUTPUT/UefiPxeBcDxe.lib(PxeBcDhcp6.obj)
                              PxeBcBoot.obj (symbol from plugin) (PxeBcExtractBootFileUrl)
/home/daijh/sdk/rk3588/uefi/Build/RK3588/DEBUG_GCC5/AARCH64/NetworkPkg/UefiPxeBcDxe/UefiPxeBcDxe/OUTPUT/UefiPxeBcDxe.lib(PxeBcDhcp4.obj)
                              PxeBcImpl.obj (symbol from plugin) (PxeBcSeedDhcp4Packet)
/home/daijh/sdk/rk3588/uefi/Build/RK3588/DEBUG_GCC5/AARCH64/NetworkPkg/UefiPxeBcDxe/UefiPxeBcDxe/OUTPUT/UefiPxeBcDxe.lib(PxeBcMtftp.obj)
                              PxeBcImpl.obj (symbol from plugin) (PxeBcTftpGetFileSize)
/home/daijh/sdk/rk3588/uefi/Build/RK3588/DEBUG_GCC5/AARCH64/NetworkPkg/UefiPxeBcDxe/UefiPxeBcDxe/OUTPUT/UefiPxeBcDxe.lib(PxeBcSupport.obj)
                              PxeBcImpl.obj (symbol from plugin) (PxeBcCommonNotify)
/home/daijh/sdk/rk3588/uefi/Build/RK3588/DEBUG_GCC5/AARCH64/NetworkPkg/UefiPxeBcDxe/UefiPxeBcDxe/OUTPUT/UefiPxeBcDxe.lib(ComponentName.obj)
                              PxeBcDriver.obj (symbol from plugin) (gPxeBcComponentName)
/home/daijh/sdk/rk3588/uefi/Build/RK3588/DEBUG_GCC5/AARCH64/MdePkg/Library/BaseMemoryLibOptDxe/BaseMemoryLibOptDxe/OUTPUT/BaseMemoryLibOptDxe.lib(MemLibGuid.obj)
                              PxeBcDriver.obj (symbol from plugin) (CompareGuid)
/home/daijh/sdk/rk3588/uefi/Build/RK3588/DEBUG_GCC5/AARCH64/MdePkg/Library/BaseMemoryLibOptDxe/BaseMemoryLibOptDxe/OUTPUT/BaseMemoryLibOptDxe.lib(ZeroMemWrapper.obj)
                              PxeBcDriver.obj (symbol from plugin) (ZeroMem)
/home/daijh/sdk/rk3588/uefi/Build/RK3588/DEBUG_GCC5/AARCH64/MdePkg/Library/BaseMemoryLibOptDxe/BaseMemoryLibOptDxe/OUTPUT/BaseMemoryLibOptDxe.lib(CompareMemWrapper.obj)
                              PxeBcImpl.obj (symbol from plugin) (CompareMem)
/home/daijh/sdk/rk3588/uefi/Build/RK3588/DEBUG_GCC5/AARCH64/MdePkg/Library/BaseMemoryLibOptDxe/BaseMemoryLibOptDxe/OUTPUT/BaseMemoryLibOptDxe.lib(SetMemWrapper.obj)
                              PxeBcBoot.obj (symbol from plugin) (SetMem)
/home/daijh/sdk/rk3588/uefi/Build/RK3588/DEBUG_GCC5/AARCH64/MdePkg/Library/BaseMemoryLibOptDxe/BaseMemoryLibOptDxe/OUTPUT/BaseMemoryLibOptDxe.lib(CopyMemWrapper.obj)
                              PxeBcDriver.obj (symbol from plugin) (CopyMem)
/home/daijh/sdk/rk3588/uefi/Build/RK3588/DEBUG_GCC5/AARCH64/MdePkg/Library/BaseMemoryLibOptDxe/BaseMemoryLibOptDxe/OUTPUT/BaseMemoryLibOptDxe.lib(SetMem.obj)
                              ZeroMemWrapper.obj (symbol from plugin) (InternalMemZeroMem)
/home/daijh/sdk/rk3588/uefi/Build/RK3588/DEBUG_GCC5/AARCH64/MdePkg/Library/BaseMemoryLibOptDxe/BaseMemoryLibOptDxe/OUTPUT/BaseMemoryLibOptDxe.lib(CopyMem.obj)
                              MemLibGuid.obj (symbol from plugin) (InternalMemCopyMem)
[...]
Memory Configuration

Name             Origin             Length             Attributes
*default*        0x0000000000000000 0xffffffffffffffff

Linker script and memory map

LOAD /home/daijh/sdk/rk3588/uefi/edk2/ArmPkg/Library/GccLto/liblto-aarch64.a
START GROUP
LOAD /tmp/UefiPxeBcDxe.dll.k7Hz1f.ltrans0.ltrans.o
LOAD /tmp/UefiPxeBcDxe.dll.k7Hz1f.ltrans1.ltrans.o
LOAD /tmp/cc8ahPxn.debug.temp.o
LOAD /tmp/ccZjhHvB.debug.temp.o
LOAD /tmp/cc0hFpna.debug.temp.o
LOAD /tmp/ccawMCLz.debug.temp.o
LOAD /tmp/ccUOMolc.debug.temp.o
LOAD /tmp/cctRKruD.debug.temp.o
LOAD /tmp/ccFwKWXw.debug.temp.o
LOAD /tmp/ccQY2gnx.debug.temp.o
LOAD /tmp/cc4TPMPG.debug.temp.o
LOAD /tmp/ccXCUWxz.debug.temp.o
LOAD /tmp/cc4Nh9v4.debug.temp.o
LOAD /tmp/ccEDdpv6.debug.temp.o
LOAD /tmp/cc2LpzJi.debug.temp.o
LOAD /tmp/ccncsrS1.debug.temp.o
LOAD /tmp/ccOQIT3d.debug.temp.o
LOAD /tmp/cclohhC1.debug.temp.o
LOAD /tmp/ccRTWBqg.debug.temp.o
LOAD /tmp/ccpJ9OFV.debug.temp.o
LOAD /tmp/ccflH4el.debug.temp.o
LOAD /tmp/cc0QeXvq.debug.temp.o
LOAD /tmp/ccKL7yO1.debug.temp.o
LOAD /tmp/ccnk4pLP.debug.temp.o
LOAD /tmp/ccqFKeH2.debug.temp.o
LOAD /tmp/cc5NFvTF.debug.temp.o
LOAD /tmp/ccoIgJgI.debug.temp.o
LOAD /tmp/ccmWPHdQ.debug.temp.o
LOAD /tmp/ccPUQyDP.debug.temp.o
LOAD /tmp/ccMKzm2w.debug.temp.o
LOAD /tmp/ccUhwZVk.debug.temp.o
LOAD /tmp/cckRF2LN.debug.temp.o
LOAD /tmp/cc1Ih0n9.debug.temp.o
LOAD /tmp/cch4lg2c.debug.temp.o
LOAD /tmp/ccDcqvRo.debug.temp.o
LOAD /tmp/ccqphcgN.debug.temp.o
LOAD /tmp/ccCay150.debug.temp.o
LOAD /tmp/cch5snBk.debug.temp.o
LOAD /tmp/ccxqukmk.debug.temp.o
LOAD /tmp/ccHxjYsI.debug.temp.o
LOAD /tmp/ccu9AZtC.debug.temp.o
LOAD /tmp/ccxtqlSD.debug.temp.o
LOAD /tmp/cca6YEe9.debug.temp.o
LOAD /tmp/ccwD6PxN.debug.temp.o
LOAD /tmp/ccxIgvVC.debug.temp.o
LOAD /tmp/ccnt4lpM.debug.temp.o
LOAD /tmp/ccfSoNec.debug.temp.o
LOAD /tmp/ccS6519C.debug.temp.o
LOAD /tmp/ccJEQe7c.debug.temp.o
LOAD /tmp/ccV4l4l8.debug.temp.o
LOAD /tmp/ccA9Agcy.debug.temp.o
LOAD /tmp/ccwJpz6v.debug.temp.o
LOAD /tmp/ccK11JOF.debug.temp.o
LOAD /tmp/ccDsvc8s.debug.temp.o
LOAD /tmp/cc30b091.debug.temp.o
LOAD /tmp/ccHCsPNA.debug.temp.o
LOAD /tmp/ccH5tAHe.debug.temp.o
LOAD /home/daijh/sdk/rk3588/uefi/Build/RK3588/DEBUG_GCC5/AARCH64/NetworkPkg/UefiPxeBcDxe/UefiPxeBcDxe/OUTPUT/UefiPxeBcDxe.lib
LOAD /home/daijh/sdk/rk3588/uefi/Build/RK3588/DEBUG_GCC5/AARCH64/MdePkg/Library/DxePcdLib/DxePcdLib/OUTPUT/DxePcdLib.lib
LOAD /home/daijh/sdk/rk3588/uefi/Build/RK3588/DEBUG_GCC5/AARCH64/MdePkg/Library/BaseMemoryLibOptDxe/BaseMemoryLibOptDxe/OUTPUT/BaseMemoryLibOptDxe.lib
LOAD /home/daijh/sdk/rk3588/uefi/Build/RK3588/DEBUG_GCC5/AARCH64/MdePkg/Library/BaseLib/BaseLib/OUTPUT/BaseLib.lib
LOAD /home/daijh/sdk/rk3588/uefi/Build/RK3588/DEBUG_GCC5/AARCH64/MdePkg/Library/RegisterFilterLibNull/RegisterFilterLibNull/OUTPUT/FilterLibNull.lib
LOAD /home/daijh/sdk/rk3588/uefi/Build/RK3588/DEBUG_GCC5/AARCH64/MdePkg/Library/BaseIoLibIntrinsic/BaseIoLibIntrinsic/OUTPUT/BaseIoLibIntrinsic.lib
LOAD /home/daijh/sdk/rk3588/uefi/Build/RK3588/DEBUG_GCC5/AARCH64/Silicon/Rockchip/Library/SerialPortLib/UartLib/OUTPUT/UartLib.lib
LOAD /home/daijh/sdk/rk3588/uefi/Build/RK3588/DEBUG_GCC5/AARCH64/MdePkg/Library/BaseDebugPrintErrorLevelLib/BaseDebugPrintErrorLevelLib/OUTPUT/BaseDebugPrintErrorLevelLib.lib
LOAD /home/daijh/sdk/rk3588/uefi/Build/RK3588/DEBUG_GCC5/AARCH64/Silicon/Rockchip/Library/SerialPortLib/SerialPortLib/OUTPUT/SerialPortLib.lib
LOAD /home/daijh/sdk/rk3588/uefi/Build/RK3588/DEBUG_GCC5/AARCH64/MdePkg/Library/BasePrintLib/BasePrintLib/OUTPUT/BasePrintLib.lib
LOAD /home/daijh/sdk/rk3588/uefi/Build/RK3588/DEBUG_GCC5/AARCH64/MdePkg/Library/BaseDebugLibSerialPort/BaseDebugLibSerialPort/OUTPUT/BaseDebugLibSerialPort.lib
LOAD /home/daijh/sdk/rk3588/uefi/Build/RK3588/DEBUG_GCC5/AARCH64/MdePkg/Library/UefiBootServicesTableLib/UefiBootServicesTableLib/OUTPUT/UefiBootServicesTableLib.lib
LOAD /home/daijh/sdk/rk3588/uefi/Build/RK3588/DEBUG_GCC5/AARCH64/MdePkg/Library/UefiMemoryAllocationLib/UefiMemoryAllocationLib/OUTPUT/UefiMemoryAllocationLib.lib
LOAD /home/daijh/sdk/rk3588/uefi/Build/RK3588/DEBUG_GCC5/AARCH64/MdePkg/Library/UefiRuntimeServicesTableLib/UefiRuntimeServicesTableLib/OUTPUT/UefiRuntimeServicesTableLib.lib
LOAD /home/daijh/sdk/rk3588/uefi/Build/RK3588/DEBUG_GCC5/AARCH64/MdePkg/Library/UefiDevicePathLib/UefiDevicePathLib/OUTPUT/UefiDevicePathLib.lib
LOAD /home/daijh/sdk/rk3588/uefi/Build/RK3588/DEBUG_GCC5/AARCH64/MdePkg/Library/UefiLib/UefiLib/OUTPUT/UefiLib.lib
LOAD /home/daijh/sdk/rk3588/uefi/Build/RK3588/DEBUG_GCC5/AARCH64/MdePkg/Library/UefiDriverEntryPoint/UefiDriverEntryPoint/OUTPUT/UefiDriverEntryPoint.lib
LOAD /home/daijh/sdk/rk3588/uefi/Build/RK3588/DEBUG_GCC5/AARCH64/NetworkPkg/Library/DxeNetLib/DxeNetLib/OUTPUT/DxeNetLib.lib
LOAD /home/daijh/sdk/rk3588/uefi/Build/RK3588/DEBUG_GCC5/AARCH64/NetworkPkg/Library/DxeDpcLib/DxeDpcLib/OUTPUT/DxeDpcLib.lib
LOAD /home/daijh/sdk/rk3588/uefi/Build/RK3588/DEBUG_GCC5/AARCH64/ArmPkg/Library/CompilerIntrinsicsLib/CompilerIntrinsicsLib/OUTPUT/CompilerIntrinsicsLib.lib
LOAD /home/daijh/sdk/rk3588/uefi/Build/RK3588/DEBUG_GCC5/AARCH64/MdePkg/Library/BaseStackCheckLib/BaseStackCheckLib/OUTPUT/BaseStackCheckLib.lib
END GROUP
                0x0000000000000228                . = PECOFF_HEADER_SIZE

.text           0x0000000000001000     0xfb01
 *(.text .text.* .stub .gnu.linkonce.t.*)
 .text._DriverUnloadHandler
                0x0000000000001000      0x18c /tmp/UefiPxeBcDxe.dll.k7Hz1f.ltrans0.ltrans.o
 .text.PxeBcCommonNotify
                0x000000000000118c        0xc /tmp/UefiPxeBcDxe.dll.k7Hz1f.ltrans0.ltrans.o
 .text.PxeBcReadBootFileList
                0x0000000000001198       0x60 /tmp/UefiPxeBcDxe.dll.k7Hz1f.ltrans0.ltrans.o
 .text.PxeBcParseDhcp4Options
                0x00000000000011f8       0x50 /tmp/UefiPxeBcDxe.dll.k7Hz1f.ltrans0.ltrans.o
 .text.PxeBcIcmp6ErrorUpdate
                0x0000000000001248       0x24 /tmp/UefiPxeBcDxe.dll.k7Hz1f.ltrans0.ltrans.o
 .text.PxeBcIcmpErrorUpdate
                0x000000000000126c       0x24 /tmp/UefiPxeBcDxe.dll.k7Hz1f.ltrans0.ltrans.o
 .text.PxeBcUintnToAscDecWithFormat
                0x0000000000001290       0x2c /tmp/UefiPxeBcDxe.dll.k7Hz1f.ltrans0.ltrans.o
 .text.SwapBytes16
                0x00000000000012bc        0x8 /tmp/UefiPxeBcDxe.dll.k7Hz1f.ltrans0.ltrans.o
 .text.MultU64x32
                0x00000000000012c4        0xc /tmp/UefiPxeBcDxe.dll.k7Hz1f.ltrans0.ltrans.o
 .text.PxeBcIp4DriverBindingSupported
                0x00000000000012d0        0x8 /tmp/UefiPxeBcDxe.dll.k7Hz1f.ltrans0.ltrans.o
 .text.PxeBcIp6DriverBindingSupported
                0x00000000000012d8        0x8 /tmp/UefiPxeBcDxe.dll.k7Hz1f.ltrans0.ltrans.o
 .text.PxeBcIp4DriverBindingStart
                0x00000000000012e0        0x8 /tmp/UefiPxeBcDxe.dll.k7Hz1f.ltrans0.ltrans.o
 .text.PxeBcIp6DriverBindingStart
                0x00000000000012e8        0x8 /tmp/UefiPxeBcDxe.dll.k7Hz1f.ltrans0.ltrans.o
 .text.PxeBcIp4DriverBindingStop
                0x00000000000012f0        0x8 /tmp/UefiPxeBcDxe.dll.k7Hz1f.ltrans0.ltrans.o
 .text.PxeBcIp6DriverBindingStop
                0x00000000000012f8        0x8 /tmp/UefiPxeBcDxe.dll.k7Hz1f.ltrans0.ltrans.o
 .text.EfiPxeLoadFileCallback
                0x0000000000001300       0xbc /tmp/UefiPxeBcDxe.dll.k7Hz1f.ltrans0.ltrans.o
 .text.PxeBcDisplayBootItem
                0x00000000000013bc       0x54 /tmp/UefiPxeBcDxe.dll.k7Hz1f.ltrans0.ltrans.o
 .text.PxeBcShowIp4Addr
                0x0000000000001410       0x60 /tmp/UefiPxeBcDxe.dll.k7Hz1f.ltrans0.ltrans.o
 .text.PxeBcShowIp6Addr
                0x0000000000001470       0xa0 /tmp/UefiPxeBcDxe.dll.k7Hz1f.ltrans0.ltrans.o
 .text.PxeBcMtftp4CheckPacket
                0x0000000000001510       0xa4 /tmp/UefiPxeBcDxe.dll.k7Hz1f.ltrans0.ltrans.o
 .text.PxeBcMtftp6CheckPacket
                0x00000000000015b4       0xa4 /tmp/UefiPxeBcDxe.dll.k7Hz1f.ltrans0.ltrans.o
 .text.BaseDebugLibSerialPortConstructor
                0x0000000000001658       0xdc /tmp/UefiPxeBcDxe.dll.k7Hz1f.ltrans0.ltrans.o
 .text.memcpy   0x0000000000001734       0x20 /tmp/UefiPxeBcDxe.dll.k7Hz1f.ltrans0.ltrans.o
                0x0000000000001734                memcpy
 .text.DebugPrintLevelEnabled
                0x0000000000001754        0x8 /tmp/UefiPxeBcDxe.dll.k7Hz1f.ltrans0.ltrans.o
                0x0000000000001754                DebugPrintLevelEnabled
 .text.PxeBcGetNicByIp4Children
                0x000000000000175c       0x80 /tmp/UefiPxeBcDxe.dll.k7Hz1f.ltrans0.ltrans.o
                0x000000000000175c                PxeBcGetNicByIp4Children
 .text.PxeBcGetNicByIp6Children
                0x00000000000017dc       0x6c /tmp/UefiPxeBcDxe.dll.k7Hz1f.ltrans0.ltrans.o
                0x00000000000017dc                PxeBcGetNicByIp6Children
 .text.DebugAssertEnabled
                0x0000000000001848        0x8 /tmp/UefiPxeBcDxe.dll.k7Hz1f.ltrans0.ltrans.o
                0x0000000000001848                DebugAssertEnabled
 .text.SwapBytes32
                0x0000000000001850        0x8 /tmp/UefiPxeBcDxe.dll.k7Hz1f.ltrans0.ltrans.o
                0x0000000000001850                SwapBytes32
 .text.AsciiStrnLenS
                0x0000000000001858       0x3c /tmp/UefiPxeBcDxe.dll.k7Hz1f.ltrans0.ltrans.o
                0x0000000000001858                AsciiStrnLenS
 .text.InternalAsciiIsHexaDecimalDigitCharacter
                0x0000000000001894       0x34 /tmp/UefiPxeBcDxe.dll.k7Hz1f.ltrans0.ltrans.o
                0x0000000000001894                InternalAsciiIsHexaDecimalDigitCharacter
 .text.DebugAssert
                0x00000000000018c8       0x4c /tmp/UefiPxeBcDxe.dll.k7Hz1f.ltrans0.ltrans.o
                0x00000000000018c8                DebugAssert
 .text.CompareGuid
                0x0000000000001914       0x60 /tmp/UefiPxeBcDxe.dll.k7Hz1f.ltrans0.ltrans.o
                0x0000000000001914                CompareGuid
 .text.ZeroMem  0x0000000000001974       0x74 /tmp/UefiPxeBcDxe.dll.k7Hz1f.ltrans0.ltrans.o
                0x0000000000001974                ZeroMem
 .text.CompareMem
                0x00000000000019e8       0xd0 /tmp/UefiPxeBcDxe.dll.k7Hz1f.ltrans0.ltrans.o
 .text.PxeBcParseDhcp6Packet
                0x0000000000001ab8      0x1a8 /tmp/UefiPxeBcDxe.dll.k7Hz1f.ltrans0.ltrans.o
 .text.CopyMem  0x0000000000001c60       0xa4 /tmp/UefiPxeBcDxe.dll.k7Hz1f.ltrans0.ltrans.o
                0x0000000000001c60                CopyMem
 .text.PxeBcArpCacheUpdate
                0x0000000000001d04      0x108 /tmp/UefiPxeBcDxe.dll.k7Hz1f.ltrans0.ltrans.o
 .text.EfiPxeBcSetIpFilter
                0x0000000000001e0c      0x36c /tmp/UefiPxeBcDxe.dll.k7Hz1f.ltrans0.ltrans.o
                0x0000000000001e0c                EfiPxeBcSetIpFilter
 .text.EfiPxeBcArp
                0x0000000000002178      0x25c /tmp/UefiPxeBcDxe.dll.k7Hz1f.ltrans0.ltrans.o
                0x0000000000002178                EfiPxeBcArp
 .text.EfiPxeBcSetPackets
                0x00000000000023d4      0x1a0 /tmp/UefiPxeBcDxe.dll.k7Hz1f.ltrans0.ltrans.o
                0x00000000000023d4                EfiPxeBcSetPackets
 .text.PxeBcSelectBootMenu
                0x0000000000002574      0x53c /tmp/UefiPxeBcDxe.dll.k7Hz1f.ltrans0.ltrans.o
 .text.PxeBcCacheDhcp6Packet
                0x0000000000002ab0       0x58 /tmp/UefiPxeBcDxe.dll.k7Hz1f.ltrans0.ltrans.o
 .text.PxeBcSeedDhcp4Packet
                0x0000000000002b08       0x98 /tmp/UefiPxeBcDxe.dll.k7Hz1f.ltrans0.ltrans.o
 .text.EfiPxeBcStart
                0x0000000000002ba0      0x42c /tmp/UefiPxeBcDxe.dll.k7Hz1f.ltrans0.ltrans.o
                0x0000000000002ba0                EfiPxeBcStart
 .text.PxeBcCacheDhcp4Packet
                0x0000000000002fcc       0x58 /tmp/UefiPxeBcDxe.dll.k7Hz1f.ltrans0.ltrans.o
 .text.PxeBcParseDhcp4Packet
                0x0000000000003024      0x3c8 /tmp/UefiPxeBcDxe.dll.k7Hz1f.ltrans0.ltrans.o
 .text.PxeBcFlushStationIp
                0x00000000000033ec      0x1cc /tmp/UefiPxeBcDxe.dll.k7Hz1f.ltrans0.ltrans.o
 .text.PxeBcIcmpErrorDpcHandle
                0x00000000000035b8      0x1e8 /tmp/UefiPxeBcDxe.dll.k7Hz1f.ltrans0.ltrans.o
 .text.PxeBcIcmp6ErrorDpcHandle
                0x00000000000037a0      0x1c0 /tmp/UefiPxeBcDxe.dll.k7Hz1f.ltrans0.ltrans.o
 .text.PxeBcCheckByDestIp
                0x0000000000003960       0xd8 /tmp/UefiPxeBcDxe.dll.k7Hz1f.ltrans0.ltrans.o
 .text.PxeBcFilterBySrcIp
                0x0000000000003a38       0x98 /tmp/UefiPxeBcDxe.dll.k7Hz1f.ltrans0.ltrans.o
 .text.PxeBcCheckByIpFilter.part.0
                0x0000000000003ad0      0x1e4 /tmp/UefiPxeBcDxe.dll.k7Hz1f.ltrans0.ltrans.o
 .text.EfiPxeBcUdpRead
                0x0000000000003cb4      0x858 /tmp/UefiPxeBcDxe.dll.k7Hz1f.ltrans0.ltrans.o
                0x0000000000003cb4                EfiPxeBcUdpRead
 .text.DivU64x32
                0x000000000000450c        0xc /tmp/UefiPxeBcDxe.dll.k7Hz1f.ltrans0.ltrans.o
 .text.CalcElapsedTime
                0x0000000000004518       0xcc /tmp/UefiPxeBcDxe.dll.k7Hz1f.ltrans0.ltrans.o
 .text.AsciiStrLen
                0x00000000000045e4       0x90 /tmp/UefiPxeBcDxe.dll.k7Hz1f.ltrans0.ltrans.o
                0x00000000000045e4                AsciiStrLen
 .text.AsciiStrSize
                0x0000000000004674       0x18 /tmp/UefiPxeBcDxe.dll.k7Hz1f.ltrans0.ltrans.o
 .text.AsciiStrnCmp
                0x000000000000468c       0xd4 /tmp/UefiPxeBcDxe.dll.k7Hz1f.ltrans0.ltrans.o
                0x000000000000468c                AsciiStrnCmp
 .text.AsciiStrStr
                0x0000000000004760       0xa8 /tmp/UefiPxeBcDxe.dll.k7Hz1f.ltrans0.ltrans.o
 .text.ReadUnaligned16
                0x0000000000004808       0x5c /tmp/UefiPxeBcDxe.dll.k7Hz1f.ltrans0.ltrans.o
                0x0000000000004808                ReadUnaligned16
 .text.PxeBcDhcp6SeekOption
                0x0000000000004864       0x74 /tmp/UefiPxeBcDxe.dll.k7Hz1f.ltrans0.ltrans.o
 .text.DebugPrint
                0x00000000000048d8       0x98 /tmp/UefiPxeBcDxe.dll.k7Hz1f.ltrans0.ltrans.o
                0x00000000000048d8                DebugPrint
 .text.DebugPrintEnabled
                0x0000000000004970        0x8 /tmp/UefiPxeBcDxe.dll.k7Hz1f.ltrans0.ltrans.o
                0x0000000000004970                DebugPrintEnabled
 .text._ModuleEntryPoint
                0x0000000000004978      0x31c /tmp/UefiPxeBcDxe.dll.k7Hz1f.ltrans0.ltrans.o
                0x0000000000004978                _ModuleEntryPoint
 .text.EfiPxeBcSetParameters
                0x0000000000004c94      0x190 /tmp/UefiPxeBcDxe.dll.k7Hz1f.ltrans0.ltrans.o
                0x0000000000004c94                EfiPxeBcSetParameters
 .text.PxeBcBuildDhcp4Options
                0x0000000000004e24      0x328 /tmp/UefiPxeBcDxe.dll.k7Hz1f.ltrans0.ltrans.o
 .text.PxeBcDhcp4CallBack
                0x000000000000514c      0x56c /tmp/UefiPxeBcDxe.dll.k7Hz1f.ltrans0.ltrans.o
 .text.AsciiStrHexToUintnS
                0x00000000000056b8      0x1b8 /tmp/UefiPxeBcDxe.dll.k7Hz1f.ltrans0.ltrans.o
                0x00000000000056b8                AsciiStrHexToUintnS
 .text.AsciiStrHexToUintn
                0x0000000000005870       0x20 /tmp/UefiPxeBcDxe.dll.k7Hz1f.ltrans0.ltrans.o
 .text.AsciiStrDecimalToUint64
                0x0000000000005890      0x11c /tmp/UefiPxeBcDxe.dll.k7Hz1f.ltrans0.ltrans.o
 .text.AllocateZeroPool
                0x00000000000059ac       0x34 /tmp/UefiPxeBcDxe.dll.k7Hz1f.ltrans0.ltrans.o
                0x00000000000059ac                AllocateZeroPool
 .text.FreePool
                0x00000000000059e0       0x7c /tmp/UefiPxeBcDxe.dll.k7Hz1f.ltrans0.ltrans.o
                0x00000000000059e0                FreePool
 .text.PxeBcDestroyIp4Children
                0x0000000000005a5c      0x2a4 /tmp/UefiPxeBcDxe.dll.k7Hz1f.ltrans0.ltrans.o
                0x0000000000005a5c                PxeBcDestroyIp4Children
 .text.PxeBcDestroyIp6Children
                0x0000000000005d00      0x26c /tmp/UefiPxeBcDxe.dll.k7Hz1f.ltrans0.ltrans.o
                0x0000000000005d00                PxeBcDestroyIp6Children
 .text.EfiPxeBcStop
                0x0000000000005f6c      0x2dc /tmp/UefiPxeBcDxe.dll.k7Hz1f.ltrans0.ltrans.o
                0x0000000000005f6c                EfiPxeBcStop
 .text.EfiPxeBcMtftp
                0x0000000000006248      0xb94 /tmp/UefiPxeBcDxe.dll.k7Hz1f.ltrans0.ltrans.o
                0x0000000000006248                EfiPxeBcMtftp
 .text.EfiPxeBcUdpWrite
                0x0000000000006ddc      0x6cc /tmp/UefiPxeBcDxe.dll.k7Hz1f.ltrans0.ltrans.o
                0x0000000000006ddc                EfiPxeBcUdpWrite
 .text.PxeBcExtractBootFileUrl
                0x00000000000074a8      0x468 /tmp/UefiPxeBcDxe.dll.k7Hz1f.ltrans0.ltrans.o
 .text.PxeBcRetryDhcp6Binl
                0x0000000000007910      0x3d8 /tmp/UefiPxeBcDxe.dll.k7Hz1f.ltrans0.ltrans.o
 .text.PxeBcRegisterIp6Address
                0x0000000000007ce8      0x500 /tmp/UefiPxeBcDxe.dll.k7Hz1f.ltrans0.ltrans.o
 .text.EfiPxeBcSetStationIP
                0x00000000000081e8      0x1cc /tmp/UefiPxeBcDxe.dll.k7Hz1f.ltrans0.ltrans.o
                0x00000000000081e8                EfiPxeBcSetStationIP
 .text.EfiPxeLoadFile
                0x00000000000083b4      0xe5c /tmp/UefiPxeBcDxe.dll.k7Hz1f.ltrans0.ltrans.o
                0x00000000000083b4                EfiPxeLoadFile
 .text.PxeBcDhcp6CallBack
                0x0000000000009210      0x4ec /tmp/UefiPxeBcDxe.dll.k7Hz1f.ltrans0.ltrans.o
 .text.PxeBcDhcp4Discover
                0x00000000000096fc      0x414 /tmp/UefiPxeBcDxe.dll.k7Hz1f.ltrans0.ltrans.o
 .text.PxeBcDiscoverBootServer
                0x0000000000009b10      0x27c /tmp/UefiPxeBcDxe.dll.k7Hz1f.ltrans0.ltrans.o
 .text.EfiPxeBcDiscover
                0x0000000000009d8c      0x60c /tmp/UefiPxeBcDxe.dll.k7Hz1f.ltrans0.ltrans.o
                0x0000000000009d8c                EfiPxeBcDiscover
 .text.PxeBcRetryBinlOffer
                0x000000000000a398      0x154 /tmp/UefiPxeBcDxe.dll.k7Hz1f.ltrans0.ltrans.o
 .text.EfiPxeBcDhcp
                0x000000000000a4ec      0xf30 /tmp/UefiPxeBcDxe.dll.k7Hz1f.ltrans0.ltrans.o
                0x000000000000a4ec                EfiPxeBcDhcp
 .text.BasePrintLibFillBuffer
                0x000000000000b41c       0x34 /tmp/UefiPxeBcDxe.dll.k7Hz1f.ltrans1.ltrans.o
 .text.DevicePathType
                0x000000000000b450       0x48 /tmp/UefiPxeBcDxe.dll.k7Hz1f.ltrans1.ltrans.o
 .text.DevicePathSubType
                0x000000000000b498       0x48 /tmp/UefiPxeBcDxe.dll.k7Hz1f.ltrans1.ltrans.o
 .text.DevicePathNodeLength
                0x000000000000b4e0       0x50 /tmp/UefiPxeBcDxe.dll.k7Hz1f.ltrans1.ltrans.o
 .text.NextDevicePathNode
                0x000000000000b530       0x50 /tmp/UefiPxeBcDxe.dll.k7Hz1f.ltrans1.ltrans.o
 .text.EfiGetSystemConfigurationTable
                0x000000000000b580       0x94 /tmp/UefiPxeBcDxe.dll.k7Hz1f.ltrans1.ltrans.o
 .text.AsciiStrCpyS.isra.0
                0x000000000000b614      0x19c /tmp/UefiPxeBcDxe.dll.k7Hz1f.ltrans1.ltrans.o
 .text.IsDevicePathEnd
                0x000000000000b7b0       0x94 /tmp/UefiPxeBcDxe.dll.k7Hz1f.ltrans1.ltrans.o
                0x000000000000b7b0                IsDevicePathEnd
 .text.IsDevicePathValid.constprop.0
                0x000000000000b844       0xc8 /tmp/UefiPxeBcDxe.dll.k7Hz1f.ltrans1.ltrans.o
 .text.UefiDevicePathLibGetDevicePathSize
                0x000000000000b90c       0x6c /tmp/UefiPxeBcDxe.dll.k7Hz1f.ltrans1.ltrans.o
 .text.NetIp4IsUnicast
                0x000000000000b978       0xa8 /tmp/UefiPxeBcDxe.dll.k7Hz1f.ltrans1.ltrans.o
                0x000000000000b978                NetIp4IsUnicast
 .text.NetIp6IsValidUnicast
                0x000000000000ba20       0x84 /tmp/UefiPxeBcDxe.dll.k7Hz1f.ltrans1.ltrans.o
                0x000000000000ba20                NetIp6IsValidUnicast
 .text.NetIp6IsUnspecifiedAddr
                0x000000000000baa4       0x28 /tmp/UefiPxeBcDxe.dll.k7Hz1f.ltrans1.ltrans.o
                0x000000000000baa4                NetIp6IsUnspecifiedAddr
 .text.NetRandomInitSeed
                0x000000000000bacc       0x7c /tmp/UefiPxeBcDxe.dll.k7Hz1f.ltrans1.ltrans.o
                0x000000000000bacc                NetRandomInitSeed
 .text.NetLibCreateServiceChild
                0x000000000000bb48       0x94 /tmp/UefiPxeBcDxe.dll.k7Hz1f.ltrans1.ltrans.o
                0x000000000000bb48                NetLibCreateServiceChild
 .text.NetLibGetSnpHandle
                0x000000000000bbdc       0xe4 /tmp/UefiPxeBcDxe.dll.k7Hz1f.ltrans1.ltrans.o
                0x000000000000bbdc                NetLibGetSnpHandle
 .text.NetLibGetNicHandle
                0x000000000000bcc0       0x84 /tmp/UefiPxeBcDxe.dll.k7Hz1f.ltrans1.ltrans.o
                0x000000000000bcc0                NetLibGetNicHandle
 .text.NetLibGetSystemGuid
                0x000000000000bd44       0xfc /tmp/UefiPxeBcDxe.dll.k7Hz1f.ltrans1.ltrans.o
                0x000000000000bd44                NetLibGetSystemGuid
 .text.SwapBytes64
                0x000000000000be40       0x34 /tmp/UefiPxeBcDxe.dll.k7Hz1f.ltrans1.ltrans.o
                0x000000000000be40                SwapBytes64
 .text.MmioRead32
                0x000000000000be74        0x8 /tmp/UefiPxeBcDxe.dll.k7Hz1f.ltrans1.ltrans.o
                0x000000000000be74                MmioRead32
 .text.AsciiStrToIpv6Address.constprop.0
                0x000000000000be7c      0x2d8 /tmp/UefiPxeBcDxe.dll.k7Hz1f.ltrans1.ltrans.o
                0x000000000000be7c                AsciiStrToIpv6Address.constprop.0
 .text.PxeBcStop.constprop.0
                0x000000000000c154      0x210 /tmp/UefiPxeBcDxe.dll.k7Hz1f.ltrans1.ltrans.o
                0x000000000000c154                PxeBcStop.constprop.0
 .text.PxeBcSupported.constprop.0
                0x000000000000c364       0xb4 /tmp/UefiPxeBcDxe.dll.k7Hz1f.ltrans1.ltrans.o
                0x000000000000c364                PxeBcSupported.constprop.0
 .text.InternalAllocatePool.constprop.0
                0x000000000000c418       0x38 /tmp/UefiPxeBcDxe.dll.k7Hz1f.ltrans1.ltrans.o
                0x000000000000c418                InternalAllocatePool.constprop.0
 .text.InternalAllocateCopyPool.constprop.0
                0x000000000000c450       0x8c /tmp/UefiPxeBcDxe.dll.k7Hz1f.ltrans1.ltrans.o
 .text.NetLibDetectMedia.constprop.0
                0x000000000000c4dc      0x214 /tmp/UefiPxeBcDxe.dll.k7Hz1f.ltrans1.ltrans.o
                0x000000000000c4dc                NetLibDetectMedia.constprop.0
 .text.UefiDevicePathLibDuplicateDevicePath
                0x000000000000c6f0       0x34 /tmp/UefiPxeBcDxe.dll.k7Hz1f.ltrans1.ltrans.o
 .text.UefiDevicePathLibAppendDevicePathNode
                0x000000000000c724      0x144 /tmp/UefiPxeBcDxe.dll.k7Hz1f.ltrans1.ltrans.o
 .text.EfiLibInstallDriverBindingComponentName2.constprop.0
                0x000000000000c868       0xb8 /tmp/UefiPxeBcDxe.dll.k7Hz1f.ltrans1.ltrans.o
                0x000000000000c868                EfiLibInstallDriverBindingComponentName2.constprop.0
 .text.BasePrintLibSPrintMarker.constprop.0
                0x000000000000c920      0xc3c /tmp/UefiPxeBcDxe.dll.k7Hz1f.ltrans1.ltrans.o
                0x000000000000c920                BasePrintLibSPrintMarker.constprop.0
 .text.UnicodeVSPrintAsciiFormat
                0x000000000000d55c       0x74 /tmp/UefiPxeBcDxe.dll.k7Hz1f.ltrans1.ltrans.o
 .text.AsciiPrint
                0x000000000000d5d0      0x138 /tmp/UefiPxeBcDxe.dll.k7Hz1f.ltrans1.ltrans.o
                0x000000000000d5d0                AsciiPrint
 .text.AsciiSPrint.constprop.0
                0x000000000000d708       0x68 /tmp/UefiPxeBcDxe.dll.k7Hz1f.ltrans1.ltrans.o
                0x000000000000d708                AsciiSPrint.constprop.0
 .text.BasePrintLibSPrint.constprop.0
                0x000000000000d770       0x54 /tmp/UefiPxeBcDxe.dll.k7Hz1f.ltrans1.ltrans.o
 .text.AsciiStrnCpyS.constprop.0.isra.0
                0x000000000000d7c4       0xd4 /tmp/UefiPxeBcDxe.dll.k7Hz1f.ltrans1.ltrans.o
                0x000000000000d7c4                AsciiStrnCpyS.constprop.0.isra.0
 .text.MmioWrite32.isra.0
                0x000000000000d898        0x8 /tmp/UefiPxeBcDxe.dll.k7Hz1f.ltrans1.ltrans.o
                0x000000000000d898                MmioWrite32.isra.0
 .text.UartWrite.constprop.0.isra.0
                0x000000000000d8a0       0x4c /tmp/UefiPxeBcDxe.dll.k7Hz1f.ltrans1.ltrans.o
                0x000000000000d8a0                UartWrite.constprop.0.isra.0
 .text.NetLibDestroyServiceChild.isra.0
                0x000000000000d8ec       0x58 /tmp/UefiPxeBcDxe.dll.k7Hz1f.ltrans1.ltrans.o
                0x000000000000d8ec                NetLibDestroyServiceChild.isra.0
 .text.WriteUnaligned16.isra.0
                0x000000000000d944       0x14 /tmp/UefiPxeBcDxe.dll.k7Hz1f.ltrans1.ltrans.o
                0x000000000000d944                WriteUnaligned16.isra.0
 .text.PxeBcStart.constprop.0
                0x000000000000d958      0xbcc /tmp/UefiPxeBcDxe.dll.k7Hz1f.ltrans1.ltrans.o
                0x000000000000d958                PxeBcStart.constprop.0
 .text.AsciiStrToUnicodeStrS.isra.0
                0x000000000000e524      0x1dc /tmp/UefiPxeBcDxe.dll.k7Hz1f.ltrans1.ltrans.o
                0x000000000000e524                AsciiStrToUnicodeStrS.isra.0
 .text.SetMem.isra.0
                0x000000000000e700       0x60 /tmp/UefiPxeBcDxe.dll.k7Hz1f.ltrans1.ltrans.o
                0x000000000000e700                SetMem.isra.0
 .text.PxeBcUintnToAscDec.isra.0
                0x000000000000e760       0x6c /tmp/UefiPxeBcDxe.dll.k7Hz1f.ltrans1.ltrans.o
                0x000000000000e760                PxeBcUintnToAscDec.isra.0
 *fill*         0x000000000000e7cc        0x4 
 .text          0x000000000000e7d0      0x200 /home/daijh/sdk/rk3588/uefi/Build/RK3588/DEBUG_GCC5/AARCH64/MdePkg/Library/BaseMemoryLibOptDxe/BaseMemoryLibOptDxe/OUTPUT/BaseMemoryLibOptDxe.lib(SetMem.obj)
                0x000000000000e7d0                InternalMemSetMem16
                0x000000000000e7dc                InternalMemSetMem32
                0x000000000000e7e8                InternalMemSetMem64
                0x000000000000e7f4                InternalMemZeroMem
                0x000000000000e7fc                InternalMemSetMem
 .text          0x000000000000e9d0      0x218 /home/daijh/sdk/rk3588/uefi/Build/RK3588/DEBUG_GCC5/AARCH64/MdePkg/Library/BaseMemoryLibOptDxe/BaseMemoryLibOptDxe/OUTPUT/BaseMemoryLibOptDxe.lib(CopyMem.obj)
                0x000000000000eb3c                InternalMemCopyMem
 *fill*         0x000000000000ebe8       0x18 
 .text          0x000000000000ec00       0xe0 /home/daijh/sdk/rk3588/uefi/Build/RK3588/DEBUG_GCC5/AARCH64/MdePkg/Library/BaseMemoryLibOptDxe/BaseMemoryLibOptDxe/OUTPUT/BaseMemoryLibOptDxe.lib(CompareMem.obj)
                0x000000000000ec00                InternalMemCompareMem
 .text          0x000000000000ece0       0x20 /home/daijh/sdk/rk3588/uefi/Build/RK3588/DEBUG_GCC5/AARCH64/MdePkg/Library/BaseMemoryLibOptDxe/BaseMemoryLibOptDxe/OUTPUT/BaseMemoryLibOptDxe.lib(CompareGuid.obj)
                0x000000000000ece0                InternalMemCompareGuid
 *(.rodata .rodata.* .gnu.linkonce.r.*)
 .rodata.EfiPxeLoadFileCallback.str1.1
                0x000000000000ed00        0x2 /tmp/UefiPxeBcDxe.dll.k7Hz1f.ltrans0.ltrans.o
 .rodata.PxeBcDisplayBootItem.str1.1
                0x000000000000ed02        0x5 /tmp/UefiPxeBcDxe.dll.k7Hz1f.ltrans0.ltrans.o
 .rodata.PxeBcShowIp4Addr.str1.1
                0x000000000000ed07        0x3 /tmp/UefiPxeBcDxe.dll.k7Hz1f.ltrans0.ltrans.o
 .rodata.PxeBcShowIp6Addr.str1.1
                0x000000000000ed0a        0x5 /tmp/UefiPxeBcDxe.dll.k7Hz1f.ltrans0.ltrans.o
                                          0x7 (size before relaxing)
 .rodata.DebugAssert.str1.1
                0x000000000000ed0f       0x25 /tmp/UefiPxeBcDxe.dll.k7Hz1f.ltrans0.ltrans.o
 .rodata.CompareGuid.str1.1
                0x000000000000ed34       0x81 /tmp/UefiPxeBcDxe.dll.k7Hz1f.ltrans0.ltrans.o
 .rodata.ZeroMem.str1.1
                0x000000000000edb5       0x8b /tmp/UefiPxeBcDxe.dll.k7Hz1f.ltrans0.ltrans.o
                                         0xa2 (size before relaxing)
 .rodata.CompareMem.str1.1
                0x000000000000ee40      0x118 /tmp/UefiPxeBcDxe.dll.k7Hz1f.ltrans0.ltrans.o
 .rodata.PxeBcParseDhcp6Packet.str1.1
                0x000000000000ef58       0x21 /tmp/UefiPxeBcDxe.dll.k7Hz1f.ltrans0.ltrans.o
 .rodata.CopyMem.str1.1
                0x000000000000ef79       0x55 /tmp/UefiPxeBcDxe.dll.k7Hz1f.ltrans0.ltrans.o
 .rodata.PxeBcArpCacheUpdate.str1.1
                0x000000000000efce       0x59 /tmp/UefiPxeBcDxe.dll.k7Hz1f.ltrans0.ltrans.o
 .rodata.EfiPxeBcSetIpFilter.str1.1
                0x000000000000f027       0x64 /tmp/UefiPxeBcDxe.dll.k7Hz1f.ltrans0.ltrans.o
 .rodata.PxeBcSelectBootMenu.str1.1
                0x000000000000f08b      0x11c /tmp/UefiPxeBcDxe.dll.k7Hz1f.ltrans0.ltrans.o
                                        0x128 (size before relaxing)
 *fill*         0x000000000000f1a7        0x1 
 .rodata.PxeBcSelectBootMenu
                0x000000000000f1a8       0x23 /tmp/UefiPxeBcDxe.dll.k7Hz1f.ltrans0.ltrans.o
 .rodata.EfiPxeBcStart.str1.1
                0x000000000000f1cb       0x2e /tmp/UefiPxeBcDxe.dll.k7Hz1f.ltrans0.ltrans.o
 *fill*         0x000000000000f1f9        0x3 
 .rodata.PxeBcParseDhcp4Packet
                0x000000000000f1fc        0xb /tmp/UefiPxeBcDxe.dll.k7Hz1f.ltrans0.ltrans.o
 .rodata.PxeBcIcmpErrorDpcHandle.str1.1
                0x000000000000f207       0x21 /tmp/UefiPxeBcDxe.dll.k7Hz1f.ltrans0.ltrans.o
 .rodata.PxeBcIcmp6ErrorDpcHandle.str1.1
                0x000000000000f228       0x21 /tmp/UefiPxeBcDxe.dll.k7Hz1f.ltrans0.ltrans.o
                                         0x31 (size before relaxing)
 .rodata.EfiPxeBcUdpRead.str1.1
                0x000000000000f249       0x2e /tmp/UefiPxeBcDxe.dll.k7Hz1f.ltrans0.ltrans.o
 .rodata.StrnLenS.str1.1
                0x000000000000f277       0x68 /tmp/UefiPxeBcDxe.dll.k7Hz1f.ltrans0.ltrans.o
 .rodata.AsciiStrLen.str1.1
                0x000000000000f2df       0x90 /tmp/UefiPxeBcDxe.dll.k7Hz1f.ltrans0.ltrans.o
 .rodata.AsciiStrnCmp.str1.1
                0x000000000000f36f       0x70 /tmp/UefiPxeBcDxe.dll.k7Hz1f.ltrans0.ltrans.o
 .rodata.AsciiStrStr.str1.1
                0x000000000000f3df       0x3c /tmp/UefiPxeBcDxe.dll.k7Hz1f.ltrans0.ltrans.o
 .rodata.ReadUnaligned16.str1.1
                0x000000000000f41b       0x48 /tmp/UefiPxeBcDxe.dll.k7Hz1f.ltrans0.ltrans.o
 .rodata._ModuleEntryPoint.str1.1
                0x000000000000f463      0x2f1 /tmp/UefiPxeBcDxe.dll.k7Hz1f.ltrans0.ltrans.o
 .rodata.EfiPxeBcSetParameters.str1.1
                0x000000000000f754       0x38 /tmp/UefiPxeBcDxe.dll.k7Hz1f.ltrans0.ltrans.o
 .rodata.PxeBcDhcp4CallBack.str1.1
                0x000000000000f78c       0xa0 /tmp/UefiPxeBcDxe.dll.k7Hz1f.ltrans0.ltrans.o
                                         0xd1 (size before relaxing)
 .rodata.PxeBcDhcp4CallBack
                0x000000000000f82c        0xa /tmp/UefiPxeBcDxe.dll.k7Hz1f.ltrans0.ltrans.o
 .rodata.AsciiStrHexToUintnS.str1.1
                0x000000000000f836       0x81 /tmp/UefiPxeBcDxe.dll.k7Hz1f.ltrans0.ltrans.o
 .rodata.AsciiStrDecimalToUint64.str1.1
                0x000000000000f8b7       0x11 /tmp/UefiPxeBcDxe.dll.k7Hz1f.ltrans0.ltrans.o
 .rodata.FreePool.str1.1
                0x000000000000f8c8       0x5e /tmp/UefiPxeBcDxe.dll.k7Hz1f.ltrans0.ltrans.o
 .rodata.PxeBcDestroyIp4Children.str1.1
                0x000000000000f926       0x5f /tmp/UefiPxeBcDxe.dll.k7Hz1f.ltrans0.ltrans.o
 .rodata.EfiPxeBcMtftp.str1.1
                0x000000000000f985       0x19 /tmp/UefiPxeBcDxe.dll.k7Hz1f.ltrans0.ltrans.o
 *fill*         0x000000000000f99e        0x2 
 .rodata.EfiPxeBcMtftp
                0x000000000000f9a0        0xe /tmp/UefiPxeBcDxe.dll.k7Hz1f.ltrans0.ltrans.o
 .rodata.PxeBcExtractBootFileUrl.str1.1
                0x000000000000f9ae       0x1b /tmp/UefiPxeBcDxe.dll.k7Hz1f.ltrans0.ltrans.o
 .rodata.PxeBcRetryDhcp6Binl.str1.1
                0x000000000000f9c9       0xd2 /tmp/UefiPxeBcDxe.dll.k7Hz1f.ltrans0.ltrans.o
                                         0xdd (size before relaxing)
 .rodata.PxeBcRegisterIp6Address.str1.1
                0x000000000000fa9b       0x9b /tmp/UefiPxeBcDxe.dll.k7Hz1f.ltrans0.ltrans.o
 .rodata.EfiPxeLoadFile.str1.1
                0x000000000000fb36      0x294 /tmp/UefiPxeBcDxe.dll.k7Hz1f.ltrans0.ltrans.o
 .rodata.PxeBcDhcp6CallBack.str1.1
                0x000000000000fdca       0x1b /tmp/UefiPxeBcDxe.dll.k7Hz1f.ltrans0.ltrans.o
 *fill*         0x000000000000fde5        0x3 
 .rodata.PxeBcDhcp6CallBack
                0x000000000000fde8        0x8 /tmp/UefiPxeBcDxe.dll.k7Hz1f.ltrans0.ltrans.o
 .rodata.EfiPxeBcDiscover.str1.1
                0x000000000000fdf0       0x1f /tmp/UefiPxeBcDxe.dll.k7Hz1f.ltrans0.ltrans.o
 .rodata.PxeBcRetryBinlOffer.str1.1
                0x000000000000fe0f       0x8c /tmp/UefiPxeBcDxe.dll.k7Hz1f.ltrans0.ltrans.o
 .rodata.EfiPxeBcDhcp.str1.1
                0x000000000000fe9b      0x150 /tmp/UefiPxeBcDxe.dll.k7Hz1f.ltrans0.ltrans.o
                                        0x152 (size before relaxing)
 .rodata.__FUNCTION__.10
                0x000000000000ffeb       0x19 /tmp/UefiPxeBcDxe.dll.k7Hz1f.ltrans0.ltrans.o
 .rodata.__FUNCTION__.9
                0x0000000000010004       0x14 /tmp/UefiPxeBcDxe.dll.k7Hz1f.ltrans0.ltrans.o
 .rodata.gIp4AllMasks
                0x0000000000010018       0x84 /tmp/UefiPxeBcDxe.dll.k7Hz1f.ltrans0.ltrans.o
                0x0000000000010018                gIp4AllMasks
 .rodata.mInterestedDhcp4Tags
                0x000000000001009c        0x7 /tmp/UefiPxeBcDxe.dll.k7Hz1f.ltrans0.ltrans.o
 .rodata.DevicePathType.str1.1
                0x00000000000100a3       0x6d /tmp/UefiPxeBcDxe.dll.k7Hz1f.ltrans1.ltrans.o
 .rodata.AsciiStrCpyS.isra.0.str1.1
                0x0000000000010110       0xb3 /tmp/UefiPxeBcDxe.dll.k7Hz1f.ltrans1.ltrans.o
                                        0x138 (size before relaxing)
 .rodata.NetIp4IsUnicast.str1.1
                0x00000000000101c3        0xd /tmp/UefiPxeBcDxe.dll.k7Hz1f.ltrans1.ltrans.o
                                         0x57 (size before relaxing)
 .rodata.NetIp6IsValidUnicast.str1.1
                0x00000000000101d0       0x14 /tmp/UefiPxeBcDxe.dll.k7Hz1f.ltrans1.ltrans.o
 .rodata.NetLibCreateServiceChild.str1.1
                0x00000000000101e4       0x46 /tmp/UefiPxeBcDxe.dll.k7Hz1f.ltrans1.ltrans.o
 .rodata.NetLibGetSystemGuid.str1.1
                0x000000000001022a       0x1b /tmp/UefiPxeBcDxe.dll.k7Hz1f.ltrans1.ltrans.o
 .rodata.AsciiStrToIpv6Address.constprop.0.str1.1
                0x0000000000010245       0x4a /tmp/UefiPxeBcDxe.dll.k7Hz1f.ltrans1.ltrans.o
                                         0x8b (size before relaxing)
 .rodata.PxeBcStop.constprop.0.str1.1
                0x000000000001028f       0x5c /tmp/UefiPxeBcDxe.dll.k7Hz1f.ltrans1.ltrans.o
 .rodata.InternalAllocateCopyPool.constprop.0.str1.1
                0x000000000001028f       0x3f /tmp/UefiPxeBcDxe.dll.k7Hz1f.ltrans1.ltrans.o
                                         0xb4 (size before relaxing)
 .rodata.NetLibDetectMedia.constprop.0.str1.1
                0x00000000000102ce       0x1c /tmp/UefiPxeBcDxe.dll.k7Hz1f.ltrans1.ltrans.o
 .rodata.EfiLibInstallDriverBindingComponentName2.constprop.0.str1.1
                0x00000000000102ea       0x7f /tmp/UefiPxeBcDxe.dll.k7Hz1f.ltrans1.ltrans.o
 .rodata.BasePrintLibSPrintMarker.constprop.0.str1.1
                0x00000000000102ea      0x202 /tmp/UefiPxeBcDxe.dll.k7Hz1f.ltrans1.ltrans.o
                                        0x204 (size before relaxing)
 .rodata.BasePrintLibSPrintMarker.constprop.0
                0x00000000000104ec       0x5e /tmp/UefiPxeBcDxe.dll.k7Hz1f.ltrans1.ltrans.o
 .rodata.UnicodeVSPrintAsciiFormat.str1.1
                0x000000000001054a       0x70 /tmp/UefiPxeBcDxe.dll.k7Hz1f.ltrans1.ltrans.o
 .rodata.AsciiPrint.str1.1
                0x00000000000105ba       0x5f /tmp/UefiPxeBcDxe.dll.k7Hz1f.ltrans1.ltrans.o
 .rodata.AsciiSPrint.constprop.0.str1.1
                0x0000000000010619       0x18 /tmp/UefiPxeBcDxe.dll.k7Hz1f.ltrans1.ltrans.o
 .rodata.AsciiStrToUnicodeStrS.isra.0.str1.1
                0x0000000000010619       0xb4 /tmp/UefiPxeBcDxe.dll.k7Hz1f.ltrans1.ltrans.o
 .rodata.SetMem.isra.0.str1.1
                0x00000000000106cd       0x8c /tmp/UefiPxeBcDxe.dll.k7Hz1f.ltrans1.ltrans.o
 .rodata.__FUNCTION__.11
                0x0000000000010759       0x18 /tmp/UefiPxeBcDxe.dll.k7Hz1f.ltrans1.ltrans.o
 .rodata.__FUNCTION__.14
                0x0000000000010771        0xe /tmp/UefiPxeBcDxe.dll.k7Hz1f.ltrans1.ltrans.o
 .rodata.__FUNCTION__.15
                0x000000000001077f        0xd /tmp/UefiPxeBcDxe.dll.k7Hz1f.ltrans1.ltrans.o
 .rodata.__FUNCTION__.5
                0x000000000001078c       0x16 /tmp/UefiPxeBcDxe.dll.k7Hz1f.ltrans1.ltrans.o
 .rodata.mErrorString
                0x00000000000107a2      0x2b5 /tmp/UefiPxeBcDxe.dll.k7Hz1f.ltrans1.ltrans.o
 .rodata.mHexStr
                0x0000000000010a57       0x10 /tmp/UefiPxeBcDxe.dll.k7Hz1f.ltrans1.ltrans.o
 .rodata.mUefiDevicePathLibEndDevicePath
                0x0000000000010a67        0x4 /tmp/UefiPxeBcDxe.dll.k7Hz1f.ltrans1.ltrans.o
 .rodata.mWarningString
                0x0000000000010a6b       0x96 /tmp/UefiPxeBcDxe.dll.k7Hz1f.ltrans1.ltrans.o
 *(.got .got.*)
 *:AutoGen.obj(.data.g*Guid)

.iplt           0x0000000000010b04        0x0
 .iplt          0x0000000000010b04        0x0 /tmp/UefiPxeBcDxe.dll.k7Hz1f.ltrans0.ltrans.o

.data           0x0000000000011000      0x3a4
 *(.data .data.* .gnu.linkonce.d.*)
 .data.gEfiAdapterInfoMediaStateGuid
                0x0000000000011000       0x10 /tmp/UefiPxeBcDxe.dll.k7Hz1f.ltrans0.ltrans.o
 .data.gEfiAdapterInformationProtocolGuid
                0x0000000000011010       0x10 /tmp/UefiPxeBcDxe.dll.k7Hz1f.ltrans0.ltrans.o
                0x0000000000011010                gEfiAdapterInformationProtocolGuid
 .data.gEfiArpProtocolGuid
                0x0000000000011020       0x10 /tmp/UefiPxeBcDxe.dll.k7Hz1f.ltrans0.ltrans.o
                0x0000000000011020                gEfiArpProtocolGuid
 .data.gEfiArpServiceBindingProtocolGuid
                0x0000000000011030       0x10 /tmp/UefiPxeBcDxe.dll.k7Hz1f.ltrans0.ltrans.o
                0x0000000000011030                gEfiArpServiceBindingProtocolGuid
 .data.gEfiCallerIdGuid
                0x0000000000011040       0x10 /tmp/UefiPxeBcDxe.dll.k7Hz1f.ltrans0.ltrans.o
                0x0000000000011040                gEfiCallerIdGuid
 .data.gEfiComponentName2ProtocolGuid
                0x0000000000011050       0x10 /tmp/UefiPxeBcDxe.dll.k7Hz1f.ltrans0.ltrans.o
                0x0000000000011050                gEfiComponentName2ProtocolGuid
 .data.gEfiComponentNameProtocolGuid
                0x0000000000011060       0x10 /tmp/UefiPxeBcDxe.dll.k7Hz1f.ltrans0.ltrans.o
                0x0000000000011060                gEfiComponentNameProtocolGuid
 .data.gEfiDevicePathProtocolGuid
                0x0000000000011070       0x10 /tmp/UefiPxeBcDxe.dll.k7Hz1f.ltrans0.ltrans.o
                0x0000000000011070                gEfiDevicePathProtocolGuid
 .data.gEfiDhcp4ProtocolGuid
                0x0000000000011080       0x10 /tmp/UefiPxeBcDxe.dll.k7Hz1f.ltrans0.ltrans.o
                0x0000000000011080                gEfiDhcp4ProtocolGuid
 .data.gEfiDhcp4ServiceBindingProtocolGuid
                0x0000000000011090       0x10 /tmp/UefiPxeBcDxe.dll.k7Hz1f.ltrans0.ltrans.o
                0x0000000000011090                gEfiDhcp4ServiceBindingProtocolGuid
 .data.gEfiDhcp6ProtocolGuid
                0x00000000000110a0       0x10 /tmp/UefiPxeBcDxe.dll.k7Hz1f.ltrans0.ltrans.o
                0x00000000000110a0                gEfiDhcp6ProtocolGuid
 .data.gEfiDhcp6ServiceBindingProtocolGuid
                0x00000000000110b0       0x10 /tmp/UefiPxeBcDxe.dll.k7Hz1f.ltrans0.ltrans.o
                0x00000000000110b0                gEfiDhcp6ServiceBindingProtocolGuid
 .data.gEfiDns6ProtocolGuid
                0x00000000000110c0       0x10 /tmp/UefiPxeBcDxe.dll.k7Hz1f.ltrans0.ltrans.o
 .data.gEfiDns6ServiceBindingProtocolGuid
                0x00000000000110d0       0x10 /tmp/UefiPxeBcDxe.dll.k7Hz1f.ltrans0.ltrans.o
 .data.gEfiDpcProtocolGuid
                0x00000000000110e0       0x10 /tmp/UefiPxeBcDxe.dll.k7Hz1f.ltrans0.ltrans.o
 .data.gEfiDriverBindingProtocolGuid
                0x00000000000110f0       0x10 /tmp/UefiPxeBcDxe.dll.k7Hz1f.ltrans0.ltrans.o
                0x00000000000110f0                gEfiDriverBindingProtocolGuid
 .data.gEfiIp4ProtocolGuid
                0x0000000000011100       0x10 /tmp/UefiPxeBcDxe.dll.k7Hz1f.ltrans0.ltrans.o
                0x0000000000011100                gEfiIp4ProtocolGuid
 .data.gEfiIp4ServiceBindingProtocolGuid
                0x0000000000011110       0x10 /tmp/UefiPxeBcDxe.dll.k7Hz1f.ltrans0.ltrans.o
                0x0000000000011110                gEfiIp4ServiceBindingProtocolGuid
 .data.gEfiIp6ProtocolGuid
                0x0000000000011120       0x10 /tmp/UefiPxeBcDxe.dll.k7Hz1f.ltrans0.ltrans.o
                0x0000000000011120                gEfiIp6ProtocolGuid
 .data.gEfiIp6ServiceBindingProtocolGuid
                0x0000000000011130       0x10 /tmp/UefiPxeBcDxe.dll.k7Hz1f.ltrans0.ltrans.o
                0x0000000000011130                gEfiIp6ServiceBindingProtocolGuid
 .data.gEfiLoadFileProtocolGuid
                0x0000000000011140       0x10 /tmp/UefiPxeBcDxe.dll.k7Hz1f.ltrans0.ltrans.o
                0x0000000000011140                gEfiLoadFileProtocolGuid
 .data.gEfiLoadedImageProtocolGuid
                0x0000000000011150       0x10 /tmp/UefiPxeBcDxe.dll.k7Hz1f.ltrans0.ltrans.o
 .data.gEfiMtftp4ProtocolGuid
                0x0000000000011160       0x10 /tmp/UefiPxeBcDxe.dll.k7Hz1f.ltrans0.ltrans.o
                0x0000000000011160                gEfiMtftp4ProtocolGuid
 .data.gEfiMtftp4ServiceBindingProtocolGuid
                0x0000000000011170       0x10 /tmp/UefiPxeBcDxe.dll.k7Hz1f.ltrans0.ltrans.o
                0x0000000000011170                gEfiMtftp4ServiceBindingProtocolGuid
 .data.gEfiMtftp6ProtocolGuid
                0x0000000000011180       0x10 /tmp/UefiPxeBcDxe.dll.k7Hz1f.ltrans0.ltrans.o
                0x0000000000011180                gEfiMtftp6ProtocolGuid
 .data.gEfiMtftp6ServiceBindingProtocolGuid
                0x0000000000011190       0x10 /tmp/UefiPxeBcDxe.dll.k7Hz1f.ltrans0.ltrans.o
                0x0000000000011190                gEfiMtftp6ServiceBindingProtocolGuid
 .data.gEfiPxeBaseCodeCallbackProtocolGuid
                0x00000000000111a0       0x10 /tmp/UefiPxeBcDxe.dll.k7Hz1f.ltrans0.ltrans.o
 .data.gEfiPxeBaseCodeProtocolGuid
                0x00000000000111b0       0x10 /tmp/UefiPxeBcDxe.dll.k7Hz1f.ltrans0.ltrans.o
                0x00000000000111b0                gEfiPxeBaseCodeProtocolGuid
 .data.gEfiSimpleNetworkProtocolGuid
                0x00000000000111c0       0x10 /tmp/UefiPxeBcDxe.dll.k7Hz1f.ltrans0.ltrans.o
                0x00000000000111c0                gEfiSimpleNetworkProtocolGuid
 .data.gEfiUdp4ProtocolGuid
                0x00000000000111d0       0x10 /tmp/UefiPxeBcDxe.dll.k7Hz1f.ltrans0.ltrans.o
                0x00000000000111d0                gEfiUdp4ProtocolGuid
 .data.gEfiUdp4ServiceBindingProtocolGuid
                0x00000000000111e0       0x10 /tmp/UefiPxeBcDxe.dll.k7Hz1f.ltrans0.ltrans.o
                0x00000000000111e0                gEfiUdp4ServiceBindingProtocolGuid
 .data.gEfiUdp6ProtocolGuid
                0x00000000000111f0       0x10 /tmp/UefiPxeBcDxe.dll.k7Hz1f.ltrans0.ltrans.o
                0x00000000000111f0                gEfiUdp6ProtocolGuid
 .data.gEfiUdp6ServiceBindingProtocolGuid
                0x0000000000011200       0x10 /tmp/UefiPxeBcDxe.dll.k7Hz1f.ltrans0.ltrans.o
                0x0000000000011200                gEfiUdp6ServiceBindingProtocolGuid
 .data.gPxeBcCallBackTemplate
                0x0000000000011210       0x10 /tmp/UefiPxeBcDxe.dll.k7Hz1f.ltrans0.ltrans.o
 .data.gPxeBcIp4DriverBinding
                0x0000000000011220       0x30 /tmp/UefiPxeBcDxe.dll.k7Hz1f.ltrans0.ltrans.o
 .data.gPxeBcIp6DriverBinding
                0x0000000000011250       0x30 /tmp/UefiPxeBcDxe.dll.k7Hz1f.ltrans0.ltrans.o
 .data.mAllDhcpRelayAndServersAddress
                0x0000000000011280       0x10 /tmp/UefiPxeBcDxe.dll.k7Hz1f.ltrans0.ltrans.o
 .data.mPxeDhcpTimeout
                0x0000000000011290       0x10 /tmp/UefiPxeBcDxe.dll.k7Hz1f.ltrans0.ltrans.o
 .data.gEfiAdapterInfoUndiIpv6SupportGuid
                0x00000000000112a0       0x10 /tmp/UefiPxeBcDxe.dll.k7Hz1f.ltrans1.ltrans.o
 .data.gEfiIp4Config2ProtocolGuid
                0x00000000000112b0       0x10 /tmp/UefiPxeBcDxe.dll.k7Hz1f.ltrans1.ltrans.o
 .data.gEfiIp6ConfigProtocolGuid
                0x00000000000112c0       0x10 /tmp/UefiPxeBcDxe.dll.k7Hz1f.ltrans1.ltrans.o
 .data.gEfiNetworkInterfaceIdentifierProtocolGuid_31
                0x00000000000112d0       0x10 /tmp/UefiPxeBcDxe.dll.k7Hz1f.ltrans1.ltrans.o
 .data.gEfiSmbios3TableGuid
                0x00000000000112e0       0x10 /tmp/UefiPxeBcDxe.dll.k7Hz1f.ltrans1.ltrans.o
 .data.gEfiSmbiosTableGuid
                0x00000000000112f0       0x10 /tmp/UefiPxeBcDxe.dll.k7Hz1f.ltrans1.ltrans.o
 .data.gLoadFileProtocolTemplate
                0x0000000000011300        0x8 /tmp/UefiPxeBcDxe.dll.k7Hz1f.ltrans1.ltrans.o
 .data.gPxeBcProtocolTemplate
                0x0000000000011308       0x70 /tmp/UefiPxeBcDxe.dll.k7Hz1f.ltrans1.ltrans.o
 *(.bss .bss.*)
 .bss.gBS       0x0000000000011378        0x8 /tmp/UefiPxeBcDxe.dll.k7Hz1f.ltrans0.ltrans.o
                0x0000000000011378                gBS
 .bss.gImageHandle
                0x0000000000011380        0x8 /tmp/UefiPxeBcDxe.dll.k7Hz1f.ltrans0.ltrans.o
 .bss.gRT       0x0000000000011388        0x8 /tmp/UefiPxeBcDxe.dll.k7Hz1f.ltrans0.ltrans.o
                0x0000000000011388                gRT
 .bss.gST       0x0000000000011390        0x8 /tmp/UefiPxeBcDxe.dll.k7Hz1f.ltrans0.ltrans.o
                0x0000000000011390                gST
 .bss.mDpc      0x0000000000011398        0x8 /tmp/UefiPxeBcDxe.dll.k7Hz1f.ltrans0.ltrans.o
 .bss.mZeroIp4Addr
                0x00000000000113a0        0x4 /tmp/UefiPxeBcDxe.dll.k7Hz1f.ltrans0.ltrans.o

.igot.plt       0x00000000000113a8        0x0
 .igot.plt      0x00000000000113a8        0x0 /tmp/UefiPxeBcDxe.dll.k7Hz1f.ltrans0.ltrans.o

.eh_frame
 *(.eh_frame)

.rela           0x00000000000113a8        0x0
 *(.rela .rela.*)
 .rela.iplt     0x00000000000113a8        0x0 /tmp/UefiPxeBcDxe.dll.k7Hz1f.ltrans0.ltrans.o

.hii
 *(.hii)

.build-id
 *(.note.gnu.build-id)

/DISCARD/
 *(.note.GNU-stack)
 *(.gnu_debuglink)
 *(.interp)
 *(.dynsym)
 *(.dynstr)
 *(.dynamic)
 *(.hash .gnu.hash)
 *(.comment)
                0x0000000000000228                PECOFF_HEADER_SIZE = 0x228
OUTPUT(/home/daijh/sdk/rk3588/uefi/Build/RK3588/DEBUG_GCC5/AARCH64/NetworkPkg/UefiPxeBcDxe/UefiPxeBcDxe/DEBUG/UefiPxeBcDxe.dll elf64-littleaarch64)
LOAD linker stubs

.debug_info     0x0000000000000000    0x5f71f
 .debug_info    0x0000000000000000     0xc8ea /tmp/UefiPxeBcDxe.dll.k7Hz1f.ltrans0.ltrans.o
 .debug_info    0x000000000000c8ea     0x3e0e /tmp/UefiPxeBcDxe.dll.k7Hz1f.ltrans1.ltrans.o
 .debug_info    0x00000000000106f8     0x191f /tmp/cc8ahPxn.debug.temp.o
                0x00000000000106f8                DriverEntryPoint.c.6ad2c6b6
 .debug_info    0x0000000000012017      0x100 /tmp/ccZjhHvB.debug.temp.o
                0x0000000000012017                memcpy.c.124218b3
 .debug_info    0x0000000000012117       0xb1 /tmp/cc0hFpna.debug.temp.o
                0x0000000000012117                memset.c.fe78e419
 .debug_info    0x00000000000121c8       0xb0 /tmp/ccawMCLz.debug.temp.o
                0x00000000000121c8                BaseStackCheckGcc.c.4b3a57a0
 .debug_info    0x0000000000012278     0x206e /tmp/ccUOMolc.debug.temp.o
                0x0000000000012278                AutoGen.c.e746beef
 .debug_info    0x00000000000142e6     0x7a99 /tmp/cctRKruD.debug.temp.o
                0x00000000000142e6                PxeBcDriver.c.0cb50d8d
 .debug_info    0x000000000001bd7f     0x78a7 /tmp/ccFwKWXw.debug.temp.o
                0x000000000001bd7f                PxeBcImpl.c.fb5ebca4
 .debug_info    0x0000000000023626     0x750b /tmp/ccQY2gnx.debug.temp.o
                0x0000000000023626                PxeBcBoot.c.120b052e
 .debug_info    0x000000000002ab31     0x74cb /tmp/cc4TPMPG.debug.temp.o
                0x000000000002ab31                PxeBcDhcp6.c.ca75fae1
 .debug_info    0x0000000000031ffc     0x643b /tmp/ccXCUWxz.debug.temp.o
                0x0000000000031ffc                PxeBcDhcp4.c.0d0add52
 .debug_info    0x0000000000038437     0x62f0 /tmp/cc4Nh9v4.debug.temp.o
                0x0000000000038437                PxeBcMtftp.c.d7e60d91
 .debug_info    0x000000000003e727     0x74a4 /tmp/ccEDdpv6.debug.temp.o
                0x000000000003e727                PxeBcSupport.c.27f2330d
 .debug_info    0x0000000000045bcb     0x118d /tmp/cc2LpzJi.debug.temp.o
                0x0000000000045bcb                ComponentName.c.eb33ff7a
 .debug_info    0x0000000000046d58      0x1d0 /tmp/ccncsrS1.debug.temp.o
                0x0000000000046d58                MemLibGuid.c.0abd8b36
 .debug_info    0x0000000000046f28       0xaf /tmp/ccOQIT3d.debug.temp.o
                0x0000000000046f28                ZeroMemWrapper.c.0fd9aaec
 .debug_info    0x0000000000046fd7       0xdc /tmp/cclohhC1.debug.temp.o
                0x0000000000046fd7                CompareMemWrapper.c.32802e29
 .debug_info    0x00000000000470b3      0x108 /tmp/ccRTWBqg.debug.temp.o
                0x00000000000470b3                SetMemWrapper.c.78af0a5b
 .debug_info    0x00000000000471bb       0xc6 /tmp/ccpJ9OFV.debug.temp.o
                0x00000000000471bb                CopyMemWrapper.c.5220106c
 .debug_info    0x0000000000047281       0xad /tmp/cc0QeXvq.debug.temp.o
                0x0000000000047281                SwapBytes32.c.82c5a0d5
 .debug_info    0x000000000004732e       0x89 /tmp/ccKL7yO1.debug.temp.o
                0x000000000004732e                SwapBytes16.c.ef30b2de
 .debug_info    0x00000000000473b7       0xad /tmp/ccnk4pLP.debug.temp.o
                0x00000000000473b7                MultU64x32.c.35a86048
 .debug_info    0x0000000000047464       0xad /tmp/ccqFKeH2.debug.temp.o
                0x0000000000047464                DivU64x32.c.e876f75d
 .debug_info    0x0000000000047511      0xf83 /tmp/ccoIgJgI.debug.temp.o
                0x0000000000047511                SafeString.c.1b674302
 .debug_info    0x0000000000048494      0x711 /tmp/ccmWPHdQ.debug.temp.o
                0x0000000000048494                String.c.8e83c025
 .debug_info    0x0000000000048ba5      0x238 /tmp/ccPUQyDP.debug.temp.o
                0x0000000000048ba5                Unaligned.c.a40271e9
 .debug_info    0x0000000000048ddd      0x30e /tmp/ccMKzm2w.debug.temp.o
                0x0000000000048ddd                Math64.c.df2e98ae
 .debug_info    0x00000000000490eb      0x32b /tmp/cc1Ih0n9.debug.temp.o
                0x00000000000490eb                DebugLib.c.b228dbcd
 .debug_info    0x0000000000049416     0x17cd /tmp/cch4lg2c.debug.temp.o
                0x0000000000049416                UefiBootServicesTableLib.c.40f3e47d
 .debug_info    0x000000000004abe3     0x13a8 /tmp/ccDcqvRo.debug.temp.o
                0x000000000004abe3                MemoryAllocationLib.c.3e4a7161
 .debug_info    0x000000000004bf8b     0x179e /tmp/ccqphcgN.debug.temp.o
                0x000000000004bf8b                UefiRuntimeServicesTableLib.c.90bd0d28
 .debug_info    0x000000000004d729      0x5bc /tmp/ccCay150.debug.temp.o
                0x000000000004d729                DevicePathUtilities.c.b90c247c
 .debug_info    0x000000000004dce5      0xec3 /tmp/cch5snBk.debug.temp.o
                0x000000000004dce5                DevicePathUtilitiesDxeSmm.c.1206e153
 .debug_info    0x000000000004eba8      0x305 /tmp/ccxqukmk.debug.temp.o
                0x000000000004eba8                UefiDevicePathLib.c.bbabffea
 .debug_info    0x000000000004eead     0x2509 /tmp/ccxtqlSD.debug.temp.o
                0x000000000004eead                UefiLibPrint.c.728e56a7
 .debug_info    0x00000000000513b6     0x20e5 /tmp/cca6YEe9.debug.temp.o
                0x00000000000513b6                UefiDriverModel.c.d7d7932b
 .debug_info    0x000000000005349b     0x2543 /tmp/ccwD6PxN.debug.temp.o
                0x000000000005349b                UefiLib.c.33a327e5
 .debug_info    0x00000000000559de     0x6bfd /tmp/ccxIgvVC.debug.temp.o
                0x00000000000559de                DxeNetLib.c.81ec3bb6
 .debug_info    0x000000000005c5db     0x18c3 /tmp/ccfSoNec.debug.temp.o
                0x000000000005c5db                DpcLib.c.c21122a7
 .debug_info    0x000000000005de9e       0x89 /tmp/ccS6519C.debug.temp.o
                0x000000000005de9e                SwapBytes64.c.dde2b40b
 .debug_info    0x000000000005df27      0x277 /tmp/ccA9Agcy.debug.temp.o
                0x000000000005df27                SerialPortLib.c.bf19079b
 .debug_info    0x000000000005e19e      0x5ad /tmp/ccwJpz6v.debug.temp.o
                0x000000000005e19e                PrintLib.c.b75a7535
 .debug_info    0x000000000005e74b      0x753 /tmp/ccK11JOF.debug.temp.o
                0x000000000005e74b                PrintLibInternal.c.b254bcc3
 .debug_info    0x000000000005ee9e       0xc3 /tmp/ccDsvc8s.debug.temp.o
                0x000000000005ee9e                DivU64x32Remainder.c.99a75392
 .debug_info    0x000000000005ef61      0x2d3 /tmp/cc30b091.debug.temp.o
                0x000000000005ef61                UartLib.c.db43ab4c
 .debug_info    0x000000000005f234      0x4eb /tmp/ccHCsPNA.debug.temp.o
                0x000000000005f234                IoLibNoIo.c.373e17b9

.debug_abbrev   0x0000000000000000     0x4624
 .debug_abbrev  0x0000000000000000      0x233 /tmp/UefiPxeBcDxe.dll.k7Hz1f.ltrans0.ltrans.o
 .debug_abbrev  0x0000000000000233      0x2a1 /tmp/UefiPxeBcDxe.dll.k7Hz1f.ltrans1.ltrans.o
 .debug_abbrev  0x00000000000004d4      0x1d1 /tmp/cc8ahPxn.debug.temp.o
 .debug_abbrev  0x00000000000006a5       0xa4 /tmp/ccZjhHvB.debug.temp.o
 .debug_abbrev  0x0000000000000749       0x76 /tmp/cc0hFpna.debug.temp.o
 .debug_abbrev  0x00000000000007bf       0x87 /tmp/ccawMCLz.debug.temp.o
 .debug_abbrev  0x0000000000000846      0x245 /tmp/ccUOMolc.debug.temp.o
 .debug_abbrev  0x0000000000000a8b      0x35b /tmp/cctRKruD.debug.temp.o
 .debug_abbrev  0x0000000000000de6      0x316 /tmp/ccFwKWXw.debug.temp.o
 .debug_abbrev  0x00000000000010fc      0x33e /tmp/ccQY2gnx.debug.temp.o
 .debug_abbrev  0x000000000000143a      0x353 /tmp/cc4TPMPG.debug.temp.o
 .debug_abbrev  0x000000000000178d      0x31e /tmp/ccXCUWxz.debug.temp.o
 .debug_abbrev  0x0000000000001aab      0x2d4 /tmp/cc4Nh9v4.debug.temp.o
 .debug_abbrev  0x0000000000001d7f      0x362 /tmp/ccEDdpv6.debug.temp.o
 .debug_abbrev  0x00000000000020e1      0x1eb /tmp/cc2LpzJi.debug.temp.o
 .debug_abbrev  0x00000000000022cc       0xb6 /tmp/ccncsrS1.debug.temp.o
 .debug_abbrev  0x0000000000002382       0x5e /tmp/ccOQIT3d.debug.temp.o
 .debug_abbrev  0x00000000000023e0       0x67 /tmp/cclohhC1.debug.temp.o
 .debug_abbrev  0x0000000000002447       0x73 /tmp/ccRTWBqg.debug.temp.o
 .debug_abbrev  0x00000000000024ba       0x6e /tmp/ccpJ9OFV.debug.temp.o
 .debug_abbrev  0x0000000000002528       0x66 /tmp/cc0QeXvq.debug.temp.o
 .debug_abbrev  0x000000000000258e       0x57 /tmp/ccKL7yO1.debug.temp.o
 .debug_abbrev  0x00000000000025e5       0x66 /tmp/ccnk4pLP.debug.temp.o
 .debug_abbrev  0x000000000000264b       0x57 /tmp/ccqFKeH2.debug.temp.o
 .debug_abbrev  0x00000000000026a2      0x133 /tmp/ccoIgJgI.debug.temp.o
 .debug_abbrev  0x00000000000027d5      0x101 /tmp/ccmWPHdQ.debug.temp.o
 .debug_abbrev  0x00000000000028d6       0x7f /tmp/ccPUQyDP.debug.temp.o
 .debug_abbrev  0x0000000000002955       0xa8 /tmp/ccMKzm2w.debug.temp.o
 .debug_abbrev  0x00000000000029fd      0x12d /tmp/cc1Ih0n9.debug.temp.o
 .debug_abbrev  0x0000000000002b2a      0x1c5 /tmp/cch4lg2c.debug.temp.o
 .debug_abbrev  0x0000000000002cef      0x1e4 /tmp/ccDcqvRo.debug.temp.o
 .debug_abbrev  0x0000000000002ed3      0x198 /tmp/ccqphcgN.debug.temp.o
 .debug_abbrev  0x000000000000306b      0x162 /tmp/ccCay150.debug.temp.o
 .debug_abbrev  0x00000000000031cd      0x189 /tmp/cch5snBk.debug.temp.o
 .debug_abbrev  0x0000000000003356       0xd2 /tmp/ccxqukmk.debug.temp.o
 .debug_abbrev  0x0000000000003428      0x27e /tmp/ccxtqlSD.debug.temp.o
 .debug_abbrev  0x00000000000036a6      0x204 /tmp/cca6YEe9.debug.temp.o
 .debug_abbrev  0x00000000000038aa      0x24f /tmp/ccwD6PxN.debug.temp.o
 .debug_abbrev  0x0000000000003af9      0x379 /tmp/ccxIgvVC.debug.temp.o
 .debug_abbrev  0x0000000000003e72      0x1f5 /tmp/ccfSoNec.debug.temp.o
 .debug_abbrev  0x0000000000004067       0x57 /tmp/ccS6519C.debug.temp.o
 .debug_abbrev  0x00000000000040be       0xc2 /tmp/ccA9Agcy.debug.temp.o
 .debug_abbrev  0x0000000000004180      0x106 /tmp/ccwJpz6v.debug.temp.o
 .debug_abbrev  0x0000000000004286      0x15c /tmp/ccK11JOF.debug.temp.o
 .debug_abbrev  0x00000000000043e2       0x62 /tmp/ccDsvc8s.debug.temp.o
 .debug_abbrev  0x0000000000004444       0xf8 /tmp/cc30b091.debug.temp.o
 .debug_abbrev  0x000000000000453c       0xe8 /tmp/ccHCsPNA.debug.temp.o

.debug_loc      0x0000000000000000    0x21672
 .debug_loc     0x0000000000000000    0x19b9a /tmp/UefiPxeBcDxe.dll.k7Hz1f.ltrans0.ltrans.o
 .debug_loc     0x0000000000019b9a     0x7ad8 /tmp/UefiPxeBcDxe.dll.k7Hz1f.ltrans1.ltrans.o

.debug_aranges  0x0000000000000000      0x8e0
 .debug_aranges
                0x0000000000000000      0x600 /tmp/UefiPxeBcDxe.dll.k7Hz1f.ltrans0.ltrans.o
 .debug_aranges
                0x0000000000000600      0x2e0 /tmp/UefiPxeBcDxe.dll.k7Hz1f.ltrans1.ltrans.o

.debug_ranges   0x0000000000000000     0x2630
 .debug_ranges  0x0000000000000000     0x1ed0 /tmp/UefiPxeBcDxe.dll.k7Hz1f.ltrans0.ltrans.o
 .debug_ranges  0x0000000000001ed0      0x760 /tmp/UefiPxeBcDxe.dll.k7Hz1f.ltrans1.ltrans.o

.debug_line     0x0000000000000000    0x10205
 .debug_line    0x0000000000000000     0x8a85 /tmp/UefiPxeBcDxe.dll.k7Hz1f.ltrans0.ltrans.o
 .debug_line    0x0000000000008a85     0x2511 /tmp/UefiPxeBcDxe.dll.k7Hz1f.ltrans1.ltrans.o
 .debug_line    0x000000000000af96      0x2de /tmp/cc8ahPxn.debug.temp.o
 .debug_line    0x000000000000b274       0x70 /tmp/ccZjhHvB.debug.temp.o
 .debug_line    0x000000000000b2e4       0x70 /tmp/cc0hFpna.debug.temp.o
 .debug_line    0x000000000000b354      0x144 /tmp/ccawMCLz.debug.temp.o
 .debug_line    0x000000000000b498      0x2ac /tmp/ccUOMolc.debug.temp.o
 .debug_line    0x000000000000b744      0x425 /tmp/cctRKruD.debug.temp.o
 .debug_line    0x000000000000bb69      0x408 /tmp/ccFwKWXw.debug.temp.o
 .debug_line    0x000000000000bf71      0x3c0 /tmp/ccQY2gnx.debug.temp.o
 .debug_line    0x000000000000c331      0x39c /tmp/cc4TPMPG.debug.temp.o
 .debug_line    0x000000000000c6cd      0x2f8 /tmp/ccXCUWxz.debug.temp.o
 .debug_line    0x000000000000c9c5      0x2b0 /tmp/cc4Nh9v4.debug.temp.o
 .debug_line    0x000000000000cc75      0x393 /tmp/ccEDdpv6.debug.temp.o
 .debug_line    0x000000000000d008      0x2cf /tmp/cc2LpzJi.debug.temp.o
 .debug_line    0x000000000000d2d7       0xfb /tmp/ccncsrS1.debug.temp.o
 .debug_line    0x000000000000d3d2       0xc1 /tmp/ccOQIT3d.debug.temp.o
 .debug_line    0x000000000000d493       0xc4 /tmp/cclohhC1.debug.temp.o
 .debug_line    0x000000000000d557       0xc0 /tmp/ccRTWBqg.debug.temp.o
 .debug_line    0x000000000000d617       0xc1 /tmp/ccpJ9OFV.debug.temp.o
 .debug_line    0x000000000000d6d8       0xb2 /tmp/cc0QeXvq.debug.temp.o
 .debug_line    0x000000000000d78a       0xb2 /tmp/ccKL7yO1.debug.temp.o
 .debug_line    0x000000000000d83c       0xb1 /tmp/ccnk4pLP.debug.temp.o
 .debug_line    0x000000000000d8ed       0xb0 /tmp/ccqFKeH2.debug.temp.o
 .debug_line    0x000000000000d99d      0x159 /tmp/ccoIgJgI.debug.temp.o
 .debug_line    0x000000000000daf6      0x155 /tmp/ccmWPHdQ.debug.temp.o
 .debug_line    0x000000000000dc4b       0xb4 /tmp/ccPUQyDP.debug.temp.o
 .debug_line    0x000000000000dcff       0xad /tmp/ccMKzm2w.debug.temp.o
 .debug_line    0x000000000000ddac      0x192 /tmp/cc1Ih0n9.debug.temp.o
 .debug_line    0x000000000000df3e      0x237 /tmp/cch4lg2c.debug.temp.o
 .debug_line    0x000000000000e175      0x20c /tmp/ccDcqvRo.debug.temp.o
 .debug_line    0x000000000000e381      0x1e7 /tmp/ccqphcgN.debug.temp.o
 .debug_line    0x000000000000e568      0x1d6 /tmp/ccCay150.debug.temp.o
 .debug_line    0x000000000000e73e      0x20c /tmp/cch5snBk.debug.temp.o
 .debug_line    0x000000000000e94a      0x10b /tmp/ccxqukmk.debug.temp.o
 .debug_line    0x000000000000ea55      0x2f6 /tmp/ccxtqlSD.debug.temp.o
 .debug_line    0x000000000000ed4b      0x327 /tmp/cca6YEe9.debug.temp.o
 .debug_line    0x000000000000f072      0x2d5 /tmp/ccwD6PxN.debug.temp.o
 .debug_line    0x000000000000f347      0x3cf /tmp/ccxIgvVC.debug.temp.o
 .debug_line    0x000000000000f716      0x2d6 /tmp/ccfSoNec.debug.temp.o
 .debug_line    0x000000000000f9ec       0xb2 /tmp/ccS6519C.debug.temp.o
 .debug_line    0x000000000000fa9e      0x14f /tmp/ccA9Agcy.debug.temp.o
 .debug_line    0x000000000000fbed       0xfc /tmp/ccwJpz6v.debug.temp.o
 .debug_line    0x000000000000fce9      0x192 /tmp/ccK11JOF.debug.temp.o
 .debug_line    0x000000000000fe7b       0xb9 /tmp/ccDsvc8s.debug.temp.o
 .debug_line    0x000000000000ff34      0x1c7 /tmp/cc30b091.debug.temp.o
 .debug_line    0x00000000000100fb      0x10a /tmp/ccHCsPNA.debug.temp.o

.debug_str      0x0000000000000000     0xdcbf
 .debug_str     0x0000000000000000      0x5f7 /tmp/UefiPxeBcDxe.dll.k7Hz1f.ltrans0.ltrans.o
                                        0x604 (size before relaxing)
 .debug_str     0x00000000000005f7       0x31 /tmp/UefiPxeBcDxe.dll.k7Hz1f.ltrans1.ltrans.o
                                        0x436 (size before relaxing)
 .debug_str     0x0000000000000628     0x12cb /tmp/cc8ahPxn.debug.temp.o
                                       0x1464 (size before relaxing)
 .debug_str     0x00000000000018f3      0x21d /tmp/ccZjhHvB.debug.temp.o
                                        0x2a4 (size before relaxing)
 .debug_str     0x0000000000001b10       0x58 /tmp/cc0hFpna.debug.temp.o
                                        0x298 (size before relaxing)
 .debug_str     0x0000000000001b68      0x110 /tmp/ccawMCLz.debug.temp.o
                                        0x2f2 (size before relaxing)
 .debug_str     0x0000000000001c78      0xd8b /tmp/ccUOMolc.debug.temp.o
                                       0x20e0 (size before relaxing)
 .debug_str     0x0000000000002a03     0x37c1 /tmp/cctRKruD.debug.temp.o
                                       0x5565 (size before relaxing)
 .debug_str     0x00000000000061c4      0x413 /tmp/ccFwKWXw.debug.temp.o
                                       0x5067 (size before relaxing)
 .debug_str     0x00000000000065d7      0x203 /tmp/ccQY2gnx.debug.temp.o
                                       0x4dcb (size before relaxing)
 .debug_str     0x00000000000067da      0x5e0 /tmp/cc4TPMPG.debug.temp.o
                                       0x4c0a (size before relaxing)
 .debug_str     0x0000000000006dba      0x3e5 /tmp/ccXCUWxz.debug.temp.o
                                       0x40cb (size before relaxing)
 .debug_str     0x000000000000719f      0x1cf /tmp/cc4Nh9v4.debug.temp.o
                                       0x3d82 (size before relaxing)
 .debug_str     0x000000000000736e      0x2bf /tmp/ccEDdpv6.debug.temp.o
                                       0x4b7e (size before relaxing)
 .debug_str     0x000000000000762d       0xd6 /tmp/cc2LpzJi.debug.temp.o
                                        0xfea (size before relaxing)
 .debug_str     0x0000000000007703      0x114 /tmp/ccncsrS1.debug.temp.o
                                        0x33b (size before relaxing)
 .debug_str     0x0000000000007817       0x55 /tmp/ccOQIT3d.debug.temp.o
                                        0x2b5 (size before relaxing)
 .debug_str     0x000000000000786c       0x77 /tmp/cclohhC1.debug.temp.o
                                        0x2de (size before relaxing)
 .debug_str     0x00000000000078e3       0x5c /tmp/ccRTWBqg.debug.temp.o
                                        0x2ce (size before relaxing)
 .debug_str     0x000000000000793f       0x55 /tmp/ccpJ9OFV.debug.temp.o
                                        0x2cd (size before relaxing)
 .debug_str     0x0000000000007994       0xc4 /tmp/cc0QeXvq.debug.temp.o
                                        0x29a (size before relaxing)
 .debug_str     0x0000000000007a58       0x52 /tmp/ccKL7yO1.debug.temp.o
                                        0x27c (size before relaxing)
 .debug_str     0x0000000000007aaa       0x59 /tmp/ccnk4pLP.debug.temp.o
                                        0x29a (size before relaxing)
 .debug_str     0x0000000000007b03       0x55 /tmp/ccqFKeH2.debug.temp.o
                                        0x292 (size before relaxing)
 .debug_str     0x0000000000007b58      0x2cf /tmp/ccoIgJgI.debug.temp.o
                                        0x6ed (size before relaxing)
 .debug_str     0x0000000000007e27      0x2dd /tmp/ccmWPHdQ.debug.temp.o
                                        0x67e (size before relaxing)
 .debug_str     0x0000000000008104       0xe1 /tmp/ccPUQyDP.debug.temp.o
                                        0x345 (size before relaxing)
 .debug_str     0x00000000000081e5      0x17b /tmp/ccMKzm2w.debug.temp.o
                                        0x407 (size before relaxing)
 .debug_str     0x0000000000008360      0x22c /tmp/cc1Ih0n9.debug.temp.o
                                        0x4eb (size before relaxing)
 .debug_str     0x000000000000858c      0x105 /tmp/cch4lg2c.debug.temp.o
                                       0x1382 (size before relaxing)
 .debug_str     0x0000000000008691      0x312 /tmp/ccDcqvRo.debug.temp.o
                                        0xf74 (size before relaxing)
 .debug_str     0x00000000000089a3      0x114 /tmp/ccqphcgN.debug.temp.o
                                       0x1384 (size before relaxing)
 .debug_str     0x0000000000008ab7      0x382 /tmp/ccCay150.debug.temp.o
                                        0x660 (size before relaxing)
 .debug_str     0x0000000000008e39       0x73 /tmp/cch5snBk.debug.temp.o
                                        0xd0c (size before relaxing)
 .debug_str     0x0000000000008eac       0xef /tmp/ccxqukmk.debug.temp.o
                                        0x47b (size before relaxing)
 .debug_str     0x0000000000008f9b      0x7d9 /tmp/ccxtqlSD.debug.temp.o
                                       0x1c5a (size before relaxing)
 .debug_str     0x0000000000009774      0x553 /tmp/cca6YEe9.debug.temp.o
                                       0x1c7b (size before relaxing)
 .debug_str     0x0000000000009cc7      0x600 /tmp/ccwD6PxN.debug.temp.o
                                       0x1b28 (size before relaxing)
 .debug_str     0x000000000000a2c7     0x2ed8 /tmp/ccxIgvVC.debug.temp.o
                                       0x5157 (size before relaxing)
 .debug_str     0x000000000000d19f      0x140 /tmp/ccfSoNec.debug.temp.o
                                       0x13e7 (size before relaxing)
 .debug_str     0x000000000000d2df       0x46 /tmp/ccS6519C.debug.temp.o
                                        0x27c (size before relaxing)
 .debug_str     0x000000000000d325      0x1f6 /tmp/ccA9Agcy.debug.temp.o
                                        0x43f (size before relaxing)
 .debug_str     0x000000000000d51b      0x212 /tmp/ccwJpz6v.debug.temp.o
                                        0x48c (size before relaxing)
 .debug_str     0x000000000000d72d      0x225 /tmp/ccK11JOF.debug.temp.o
                                        0x687 (size before relaxing)
 .debug_str     0x000000000000d952       0x60 /tmp/ccDsvc8s.debug.temp.o
                                        0x2ae (size before relaxing)
 .debug_str     0x000000000000d9b2      0x123 /tmp/cc30b091.debug.temp.o
                                        0x438 (size before relaxing)
 .debug_str     0x000000000000dad5      0x1ea /tmp/ccHCsPNA.debug.temp.o
                                        0x3fa (size before relaxing)

.debug_frame    0x0000000000000000     0x1b80
 .debug_frame   0x0000000000000000     0x12c0 /tmp/UefiPxeBcDxe.dll.k7Hz1f.ltrans0.ltrans.o
 .debug_frame   0x00000000000012c0      0x8c0 /tmp/UefiPxeBcDxe.dll.k7Hz1f.ltrans1.ltrans.o
