Archive member included to satisfy reference by file (symbol)

/home/daijh/sdk/rk3588/uefi/Build/RK3588/DEBUG_GCC5/AARCH64/MdePkg/Library/UefiDriverEntryPoint/UefiDriverEntryPoint/OUTPUT/UefiDriverEntryPoint.lib(DriverEntryPoint.obj)
                              (_ModuleEntryPoint)
/home/daijh/sdk/rk3588/uefi/Build/RK3588/DEBUG_GCC5/AARCH64/ArmPkg/Library/CompilerIntrinsicsLib/CompilerIntrinsicsLib/OUTPUT/CompilerIntrinsicsLib.lib(memcpy.obj)
                              /home/daijh/sdk/rk3588/uefi/edk2/ArmPkg/Library/GccLto/liblto-aarch64.a (memcpy)
/home/daijh/sdk/rk3588/uefi/Build/RK3588/DEBUG_GCC5/AARCH64/ArmPkg/Library/CompilerIntrinsicsLib/CompilerIntrinsicsLib/OUTPUT/CompilerIntrinsicsLib.lib(memset.obj)
                              /home/daijh/sdk/rk3588/uefi/edk2/ArmPkg/Library/GccLto/liblto-aarch64.a (memset)
/home/daijh/sdk/rk3588/uefi/Build/RK3588/DEBUG_GCC5/AARCH64/MdePkg/Library/BaseStackCheckLib/BaseStackCheckLib/OUTPUT/BaseStackCheckLib.lib(BaseStackCheckGcc.obj)
                              /home/daijh/sdk/rk3588/uefi/edk2/ArmPkg/Library/GccLto/liblto-aarch64.a (__stack_chk_fail)
/home/daijh/sdk/rk3588/uefi/Build/RK3588/DEBUG_GCC5/AARCH64/Platform/Rockchip/RK3588/BootGraphicsResourceTableDxe/BootGraphicsResourceTableDxe/OUTPUT/BootGraphicsResourceTableDxe.lib(AutoGen.obj)
                              DriverEntryPoint.obj (symbol from plugin) (ProcessLibraryConstructorList)
/home/daijh/sdk/rk3588/uefi/Build/RK3588/DEBUG_GCC5/AARCH64/Platform/Rockchip/RK3588/BootGraphicsResourceTableDxe/BootGraphicsResourceTableDxe/OUTPUT/BootGraphicsResourceTableDxe.lib(BootGraphicsResourceTableDxe.obj)
                              AutoGen.obj (symbol from plugin) (BootGraphicsDxeEntryPoint)
/home/daijh/sdk/rk3588/uefi/Build/RK3588/DEBUG_GCC5/AARCH64/MdePkg/Library/BaseMemoryLibOptDxe/BaseMemoryLibOptDxe/OUTPUT/BaseMemoryLibOptDxe.lib(ZeroMemWrapper.obj)
                              BootGraphicsResourceTableDxe.obj (symbol from plugin) (ZeroMem)
/home/daijh/sdk/rk3588/uefi/Build/RK3588/DEBUG_GCC5/AARCH64/MdePkg/Library/BaseMemoryLibOptDxe/BaseMemoryLibOptDxe/OUTPUT/BaseMemoryLibOptDxe.lib(CopyMemWrapper.obj)
                              BootGraphicsResourceTableDxe.obj (symbol from plugin) (CopyMem)
/home/daijh/sdk/rk3588/uefi/Build/RK3588/DEBUG_GCC5/AARCH64/MdePkg/Library/BaseMemoryLibOptDxe/BaseMemoryLibOptDxe/OUTPUT/BaseMemoryLibOptDxe.lib(SetMem.obj)
                              ZeroMemWrapper.obj (symbol from plugin) (InternalMemZeroMem)
/home/daijh/sdk/rk3588/uefi/Build/RK3588/DEBUG_GCC5/AARCH64/MdePkg/Library/BaseMemoryLibOptDxe/BaseMemoryLibOptDxe/OUTPUT/BaseMemoryLibOptDxe.lib(CopyMem.obj)
                              CopyMemWrapper.obj (symbol from plugin) (InternalMemCopyMem)
/home/daijh/sdk/rk3588/uefi/Build/RK3588/DEBUG_GCC5/AARCH64/MdePkg/Library/BaseLib/BaseLib/OUTPUT/BaseLib.lib(CheckSum.obj)
                              BootGraphicsResourceTableDxe.obj (symbol from plugin) (CalculateCheckSum8)
/home/daijh/sdk/rk3588/uefi/Build/RK3588/DEBUG_GCC5/AARCH64/MdePkg/Library/BaseLib/BaseLib/OUTPUT/BaseLib.lib(CpuDeadLoop.obj)
                              BaseStackCheckGcc.obj (symbol from plugin) (CpuDeadLoop)
/home/daijh/sdk/rk3588/uefi/Build/RK3588/DEBUG_GCC5/AARCH64/MdePkg/Library/BaseLib/BaseLib/OUTPUT/BaseLib.lib(Unaligned.obj)
                              BootGraphicsResourceTableDxe.obj (symbol from plugin) (WriteUnaligned64)
/home/daijh/sdk/rk3588/uefi/Build/RK3588/DEBUG_GCC5/AARCH64/MdePkg/Library/BaseLib/BaseLib/OUTPUT/BaseLib.lib(SwitchStack.obj)
                              CpuDeadLoop.obj (symbol from plugin) (CpuPause)
/home/daijh/sdk/rk3588/uefi/Build/RK3588/DEBUG_GCC5/AARCH64/MdePkg/Library/BaseLib/BaseLib/OUTPUT/BaseLib.lib(CpuBreakpoint.obj)
                              BaseStackCheckGcc.obj (symbol from plugin) (CpuBreakpoint)
/home/daijh/sdk/rk3588/uefi/Build/RK3588/DEBUG_GCC5/AARCH64/MdePkg/Library/BaseLib/BaseLib/OUTPUT/BaseLib.lib(RShiftU64.obj)
                              Unaligned.obj (symbol from plugin) (RShiftU64)
/home/daijh/sdk/rk3588/uefi/Build/RK3588/DEBUG_GCC5/AARCH64/MdePkg/Library/BaseLib/BaseLib/OUTPUT/BaseLib.lib(LShiftU64.obj)
                              Unaligned.obj (symbol from plugin) (LShiftU64)
/home/daijh/sdk/rk3588/uefi/Build/RK3588/DEBUG_GCC5/AARCH64/MdePkg/Library/BaseLib/BaseLib/OUTPUT/BaseLib.lib(Math64.obj)
                              LShiftU64.obj (symbol from plugin) (InternalMathLShiftU64)
/home/daijh/sdk/rk3588/uefi/Build/RK3588/DEBUG_GCC5/AARCH64/MdePkg/Library/BaseLib/BaseLib/OUTPUT/BaseLib.lib(SwapBytes32.obj)
                              Math64.obj (symbol from plugin) (SwapBytes32)
/home/daijh/sdk/rk3588/uefi/Build/RK3588/DEBUG_GCC5/AARCH64/MdePkg/Library/BaseLib/BaseLib/OUTPUT/BaseLib.lib(SwapBytes16.obj)
                              SwapBytes32.obj (symbol from plugin) (SwapBytes16)
/home/daijh/sdk/rk3588/uefi/Build/RK3588/DEBUG_GCC5/AARCH64/MdePkg/Library/BaseDebugLibSerialPort/BaseDebugLibSerialPort/OUTPUT/BaseDebugLibSerialPort.lib(DebugLib.obj)
                              AutoGen.obj (symbol from plugin) (BaseDebugLibSerialPortConstructor)
/home/daijh/sdk/rk3588/uefi/Build/RK3588/DEBUG_GCC5/AARCH64/MdePkg/Library/UefiBootServicesTableLib/UefiBootServicesTableLib/OUTPUT/UefiBootServicesTableLib.lib(UefiBootServicesTableLib.obj)
                              AutoGen.obj (symbol from plugin) (UefiBootServicesTableLibConstructor)
/home/daijh/sdk/rk3588/uefi/Build/RK3588/DEBUG_GCC5/AARCH64/MdePkg/Library/UefiMemoryAllocationLib/UefiMemoryAllocationLib/OUTPUT/UefiMemoryAllocationLib.lib(MemoryAllocationLib.obj)
                              BootGraphicsResourceTableDxe.obj (symbol from plugin) (AllocateCopyPool)
/home/daijh/sdk/rk3588/uefi/Build/RK3588/DEBUG_GCC5/AARCH64/MdePkg/Library/UefiRuntimeServicesTableLib/UefiRuntimeServicesTableLib/OUTPUT/UefiRuntimeServicesTableLib.lib(UefiRuntimeServicesTableLib.obj)
                              AutoGen.obj (symbol from plugin) (UefiRuntimeServicesTableLibConstructor)
/home/daijh/sdk/rk3588/uefi/Build/RK3588/DEBUG_GCC5/AARCH64/MdePkg/Library/BaseSafeIntLib/BaseSafeIntLib/OUTPUT/BaseSafeIntLib.lib(SafeIntLib64.obj)
                              BootGraphicsResourceTableDxe.obj (symbol from plugin) (SafeUintnToUint32)
/home/daijh/sdk/rk3588/uefi/Build/RK3588/DEBUG_GCC5/AARCH64/MdePkg/Library/BaseSafeIntLib/BaseSafeIntLib/OUTPUT/BaseSafeIntLib.lib(SafeIntLib.obj)
                              SafeIntLib64.obj (symbol from plugin) (SafeInt32ToUint64)
/home/daijh/sdk/rk3588/uefi/Build/RK3588/DEBUG_GCC5/AARCH64/MdePkg/Library/UefiLib/UefiLib/OUTPUT/UefiLib.lib(UefiLib.obj)
                              AutoGen.obj (symbol from plugin) (UefiLibConstructor)
/home/daijh/sdk/rk3588/uefi/Build/RK3588/DEBUG_GCC5/AARCH64/MdeModulePkg/Library/BaseBmpSupportLib/BaseBmpSupportLib/OUTPUT/BaseBmpSupportLib.lib(BmpSupportLib.obj)
                              BootGraphicsResourceTableDxe.obj (symbol from plugin) (TranslateGopBltToBmp)
/home/daijh/sdk/rk3588/uefi/Build/RK3588/DEBUG_GCC5/AARCH64/MdePkg/Library/BaseMemoryLibOptDxe/BaseMemoryLibOptDxe/OUTPUT/BaseMemoryLibOptDxe.lib(MemLibGuid.obj)
                              UefiLib.obj (symbol from plugin) (CompareGuid)
/home/daijh/sdk/rk3588/uefi/Build/RK3588/DEBUG_GCC5/AARCH64/MdePkg/Library/BaseMemoryLibOptDxe/BaseMemoryLibOptDxe/OUTPUT/BaseMemoryLibOptDxe.lib(SetMemWrapper.obj)
                              DebugLib.obj (symbol from plugin) (SetMem)
/home/daijh/sdk/rk3588/uefi/Build/RK3588/DEBUG_GCC5/AARCH64/MdePkg/Library/BaseMemoryLibOptDxe/BaseMemoryLibOptDxe/OUTPUT/BaseMemoryLibOptDxe.lib(CompareGuid.obj)
                              MemLibGuid.obj (symbol from plugin) (InternalMemCompareGuid)
/home/daijh/sdk/rk3588/uefi/Build/RK3588/DEBUG_GCC5/AARCH64/MdePkg/Library/BaseMemoryLibOptDxe/BaseMemoryLibOptDxe/OUTPUT/BaseMemoryLibOptDxe.lib(SetMem64Wrapper.obj)
                              SetMemWrapper.obj (symbol from plugin) (SetMem64)
/home/daijh/sdk/rk3588/uefi/Build/RK3588/DEBUG_GCC5/AARCH64/MdePkg/Library/BaseLib/BaseLib/OUTPUT/BaseLib.lib(MultU64x64.obj)
                              SafeIntLib.obj (symbol from plugin) (MultU64x64)
/home/daijh/sdk/rk3588/uefi/Build/RK3588/DEBUG_GCC5/AARCH64/MdePkg/Library/BaseLib/BaseLib/OUTPUT/BaseLib.lib(MultS64x64.obj)
                              SafeIntLib.obj (symbol from plugin) (MultS64x64)
/home/daijh/sdk/rk3588/uefi/Build/RK3588/DEBUG_GCC5/AARCH64/MdePkg/Library/BaseLib/BaseLib/OUTPUT/BaseLib.lib(String.obj)
                              UefiLib.obj (symbol from plugin) (StrSize)
/home/daijh/sdk/rk3588/uefi/Build/RK3588/DEBUG_GCC5/AARCH64/MdePkg/Library/BaseLib/BaseLib/OUTPUT/BaseLib.lib(SafeString.obj)
                              String.obj (symbol from plugin) (StrDecimalToUintnS)
/home/daijh/sdk/rk3588/uefi/Build/RK3588/DEBUG_GCC5/AARCH64/MdePkg/Library/BaseLib/BaseLib/OUTPUT/BaseLib.lib(MultU64x32.obj)
                              SafeString.obj (symbol from plugin) (MultU64x32)
/home/daijh/sdk/rk3588/uefi/Build/RK3588/DEBUG_GCC5/AARCH64/MdePkg/Library/BaseLib/BaseLib/OUTPUT/BaseLib.lib(DivU64x32.obj)
                              SafeString.obj (symbol from plugin) (DivU64x32)
/home/daijh/sdk/rk3588/uefi/Build/RK3588/DEBUG_GCC5/AARCH64/MdePkg/Library/BaseDebugPrintErrorLevelLib/BaseDebugPrintErrorLevelLib/OUTPUT/BaseDebugPrintErrorLevelLib.lib(BaseDebugPrintErrorLevelLib.obj)
                              DebugLib.obj (symbol from plugin) (GetDebugPrintErrorLevel)
/home/daijh/sdk/rk3588/uefi/Build/RK3588/DEBUG_GCC5/AARCH64/MdePkg/Library/BasePrintLib/BasePrintLib/OUTPUT/BasePrintLib.lib(PrintLib.obj)
                              DebugLib.obj (symbol from plugin) (AsciiVSPrint)
/home/daijh/sdk/rk3588/uefi/Build/RK3588/DEBUG_GCC5/AARCH64/MdePkg/Library/BasePrintLib/BasePrintLib/OUTPUT/BasePrintLib.lib(PrintLibInternal.obj)
                              PrintLib.obj (symbol from plugin) (BasePrintLibConvertValueToStringS)
/home/daijh/sdk/rk3588/uefi/Build/RK3588/DEBUG_GCC5/AARCH64/Silicon/Rockchip/Library/SerialPortLib/SerialPortLib/OUTPUT/SerialPortLib.lib(SerialPortLib.obj)
                              DebugLib.obj (symbol from plugin) (SerialPortInitialize)
/home/daijh/sdk/rk3588/uefi/Build/RK3588/DEBUG_GCC5/AARCH64/MdePkg/Library/UefiDevicePathLib/UefiDevicePathLib/OUTPUT/UefiDevicePathLib.lib(DevicePathUtilities.obj)
                              UefiLib.obj (symbol from plugin) (DevicePathType)
/home/daijh/sdk/rk3588/uefi/Build/RK3588/DEBUG_GCC5/AARCH64/MdePkg/Library/UefiDevicePathLib/UefiDevicePathLib/OUTPUT/UefiDevicePathLib.lib(DevicePathUtilitiesDxeSmm.obj)
                              DevicePathUtilities.obj (symbol from plugin) (DevicePathFromHandle)
/home/daijh/sdk/rk3588/uefi/Build/RK3588/DEBUG_GCC5/AARCH64/MdePkg/Library/UefiDevicePathLib/UefiDevicePathLib/OUTPUT/UefiDevicePathLib.lib(UefiDevicePathLib.obj)
                              DevicePathUtilities.obj (symbol from plugin) (GetDevicePathSize)
/home/daijh/sdk/rk3588/uefi/Build/RK3588/DEBUG_GCC5/AARCH64/MdePkg/Library/UefiDevicePathLib/UefiDevicePathLib/OUTPUT/UefiDevicePathLib.lib(DevicePathToText.obj)
                              UefiDevicePathLib.obj (symbol from plugin) (UefiDevicePathLibConvertDeviceNodeToText)
/home/daijh/sdk/rk3588/uefi/Build/RK3588/DEBUG_GCC5/AARCH64/MdePkg/Library/UefiDevicePathLib/UefiDevicePathLib/OUTPUT/UefiDevicePathLib.lib(DevicePathFromText.obj)
                              UefiDevicePathLib.obj (symbol from plugin) (UefiDevicePathLibConvertTextToDeviceNode)
/home/daijh/sdk/rk3588/uefi/Build/RK3588/DEBUG_GCC5/AARCH64/MdePkg/Library/BaseLib/BaseLib/OUTPUT/BaseLib.lib(SwapBytes64.obj)
                              DevicePathFromText.obj (symbol from plugin) (SwapBytes64)
/home/daijh/sdk/rk3588/uefi/Build/RK3588/DEBUG_GCC5/AARCH64/MdePkg/Library/BaseLib/BaseLib/OUTPUT/BaseLib.lib(DivU64x32Remainder.obj)
                              PrintLibInternal.obj (symbol from plugin) (DivU64x32Remainder)
/home/daijh/sdk/rk3588/uefi/Build/RK3588/DEBUG_GCC5/AARCH64/Silicon/Rockchip/Library/SerialPortLib/UartLib/OUTPUT/UartLib.lib(UartLib.obj)
                              SerialPortLib.obj (symbol from plugin) (UartInitializePort)
/home/daijh/sdk/rk3588/uefi/Build/RK3588/DEBUG_GCC5/AARCH64/MdePkg/Library/BaseIoLibIntrinsic/BaseIoLibIntrinsic/OUTPUT/BaseIoLibIntrinsic.lib(IoLibNoIo.obj)
                              UartLib.obj (symbol from plugin) (MmioRead32)
/home/daijh/sdk/rk3588/uefi/Build/RK3588/DEBUG_GCC5/AARCH64/MdePkg/Library/RegisterFilterLibNull/RegisterFilterLibNull/OUTPUT/FilterLibNull.lib(RegisterFilterLibNull.obj)
                              IoLibNoIo.obj (symbol from plugin) (FilterBeforeMmIoRead)

Discarded input sections

 .text          0x0000000000000000       0x10 /home/daijh/sdk/rk3588/uefi/edk2/ArmPkg/Library/GccLto/liblto-aarch64.a
 .data          0x0000000000000000        0x0 /home/daijh/sdk/rk3588/uefi/edk2/ArmPkg/Library/GccLto/liblto-aarch64.a
 .bss           0x0000000000000000        0x0 /home/daijh/sdk/rk3588/uefi/edk2/ArmPkg/Library/GccLto/liblto-aarch64.a
 .text          0x0000000000000000        0x0 /tmp/BootGraphicsResourceTableDxe.dll.u7zily.ltrans0.ltrans.o
 .data          0x0000000000000000        0x0 /tmp/BootGraphicsResourceTableDxe.dll.u7zily.ltrans0.ltrans.o
 .bss           0x0000000000000000        0x0 /tmp/BootGraphicsResourceTableDxe.dll.u7zily.ltrans0.ltrans.o
 .text._DriverUnloadHandler
                0x0000000000000000        0x8 /tmp/BootGraphicsResourceTableDxe.dll.u7zily.ltrans0.ltrans.o
 .text.memcpy   0x0000000000000000       0x20 /tmp/BootGraphicsResourceTableDxe.dll.u7zily.ltrans0.ltrans.o
 .text.__memset
                0x0000000000000000       0x1c /tmp/BootGraphicsResourceTableDxe.dll.u7zily.ltrans0.ltrans.o
 .rodata.__stack_chk_fail.str1.1
                0x0000000000000000       0x2e /tmp/BootGraphicsResourceTableDxe.dll.u7zily.ltrans0.ltrans.o
 .text.__stack_chk_fail
                0x0000000000000000       0x40 /tmp/BootGraphicsResourceTableDxe.dll.u7zily.ltrans0.ltrans.o
 .data.__stack_chk_guard
                0x0000000000000000        0x8 /tmp/BootGraphicsResourceTableDxe.dll.u7zily.ltrans0.ltrans.o
 .comment       0x0000000000000000       0x5e /tmp/BootGraphicsResourceTableDxe.dll.u7zily.ltrans0.ltrans.o
 .note.GNU-stack
                0x0000000000000000        0x0 /tmp/BootGraphicsResourceTableDxe.dll.u7zily.ltrans0.ltrans.o
 .comment       0x0000000000000000       0x5e /tmp/ccJ1NuQz.debug.temp.o
 .note.GNU-stack
                0x0000000000000000        0x0 /tmp/ccJ1NuQz.debug.temp.o
 .comment       0x0000000000000000       0x5e /tmp/ccZKR88N.debug.temp.o
 .note.GNU-stack
                0x0000000000000000        0x0 /tmp/ccZKR88N.debug.temp.o
 .comment       0x0000000000000000       0x5e /tmp/ccebp1cw.debug.temp.o
 .note.GNU-stack
                0x0000000000000000        0x0 /tmp/ccebp1cw.debug.temp.o
 .comment       0x0000000000000000       0x5e /tmp/ccQij8sq.debug.temp.o
 .note.GNU-stack
                0x0000000000000000        0x0 /tmp/ccQij8sq.debug.temp.o
 .comment       0x0000000000000000       0x5e /tmp/ccoTKmwP.debug.temp.o
 .note.GNU-stack
                0x0000000000000000        0x0 /tmp/ccoTKmwP.debug.temp.o
 .comment       0x0000000000000000       0x5e /tmp/ccRWP4jI.debug.temp.o
 .note.GNU-stack
                0x0000000000000000        0x0 /tmp/ccRWP4jI.debug.temp.o
 .comment       0x0000000000000000       0x5e /tmp/cctY6USR.debug.temp.o
 .note.GNU-stack
                0x0000000000000000        0x0 /tmp/cctY6USR.debug.temp.o
 .comment       0x0000000000000000       0x5e /tmp/ccQyiyFR.debug.temp.o
 .note.GNU-stack
                0x0000000000000000        0x0 /tmp/ccQyiyFR.debug.temp.o
 .comment       0x0000000000000000       0x5e /tmp/cc54Novs.debug.temp.o
 .note.GNU-stack
                0x0000000000000000        0x0 /tmp/cc54Novs.debug.temp.o
 .debug_info    0x0000000000000000       0x96 /tmp/ccHoo9Qq.debug.temp.o
 .debug_abbrev  0x0000000000000000       0x5c /tmp/ccHoo9Qq.debug.temp.o
 .debug_line    0x0000000000000000       0xb2 /tmp/ccHoo9Qq.debug.temp.o
 .debug_str     0x0000000000000000      0x282 /tmp/ccHoo9Qq.debug.temp.o
 .comment       0x0000000000000000       0x5e /tmp/ccHoo9Qq.debug.temp.o
 .note.GNU-stack
                0x0000000000000000        0x0 /tmp/ccHoo9Qq.debug.temp.o
 .comment       0x0000000000000000       0x5e /tmp/ccg8rHsv.debug.temp.o
 .note.GNU-stack
                0x0000000000000000        0x0 /tmp/ccg8rHsv.debug.temp.o
 .comment       0x0000000000000000       0x5e /tmp/cc98jh0Y.debug.temp.o
 .note.GNU-stack
                0x0000000000000000        0x0 /tmp/cc98jh0Y.debug.temp.o
 .comment       0x0000000000000000       0x5e /tmp/ccqGVzBL.debug.temp.o
 .note.GNU-stack
                0x0000000000000000        0x0 /tmp/ccqGVzBL.debug.temp.o
 .comment       0x0000000000000000       0x5e /tmp/ccuqKhbF.debug.temp.o
 .note.GNU-stack
                0x0000000000000000        0x0 /tmp/ccuqKhbF.debug.temp.o
 .debug_info    0x0000000000000000       0xad /tmp/cczWTevz.debug.temp.o
 .debug_abbrev  0x0000000000000000       0x66 /tmp/cczWTevz.debug.temp.o
 .debug_line    0x0000000000000000       0xb2 /tmp/cczWTevz.debug.temp.o
 .debug_str     0x0000000000000000      0x29a /tmp/cczWTevz.debug.temp.o
 .comment       0x0000000000000000       0x5e /tmp/cczWTevz.debug.temp.o
 .note.GNU-stack
                0x0000000000000000        0x0 /tmp/cczWTevz.debug.temp.o
 .debug_info    0x0000000000000000       0x89 /tmp/ccM22EFU.debug.temp.o
 .debug_abbrev  0x0000000000000000       0x57 /tmp/ccM22EFU.debug.temp.o
 .debug_line    0x0000000000000000       0xb2 /tmp/ccM22EFU.debug.temp.o
 .debug_str     0x0000000000000000      0x27c /tmp/ccM22EFU.debug.temp.o
 .comment       0x0000000000000000       0x5e /tmp/ccM22EFU.debug.temp.o
 .note.GNU-stack
                0x0000000000000000        0x0 /tmp/ccM22EFU.debug.temp.o
 .comment       0x0000000000000000       0x5e /tmp/ccydIKPW.debug.temp.o
 .note.GNU-stack
                0x0000000000000000        0x0 /tmp/ccydIKPW.debug.temp.o
 .comment       0x0000000000000000       0x5e /tmp/cc7z9iNw.debug.temp.o
 .note.GNU-stack
                0x0000000000000000        0x0 /tmp/cc7z9iNw.debug.temp.o
 .comment       0x0000000000000000       0x5e /tmp/cc0hXLs8.debug.temp.o
 .note.GNU-stack
                0x0000000000000000        0x0 /tmp/cc0hXLs8.debug.temp.o
 .comment       0x0000000000000000       0x5e /tmp/ccGnjFbc.debug.temp.o
 .note.GNU-stack
                0x0000000000000000        0x0 /tmp/ccGnjFbc.debug.temp.o
 .comment       0x0000000000000000       0x5e /tmp/ccmcqbWz.debug.temp.o
 .note.GNU-stack
                0x0000000000000000        0x0 /tmp/ccmcqbWz.debug.temp.o
 .comment       0x0000000000000000       0x5e /tmp/ccYOlcsP.debug.temp.o
 .note.GNU-stack
                0x0000000000000000        0x0 /tmp/ccYOlcsP.debug.temp.o
 .debug_info    0x0000000000000000     0x2543 /tmp/ccsnDqyC.debug.temp.o
 .debug_abbrev  0x0000000000000000      0x24f /tmp/ccsnDqyC.debug.temp.o
 .debug_line    0x0000000000000000      0x2d5 /tmp/ccsnDqyC.debug.temp.o
 .debug_str     0x0000000000000000     0x1b28 /tmp/ccsnDqyC.debug.temp.o
 .comment       0x0000000000000000       0x5e /tmp/ccsnDqyC.debug.temp.o
 .note.GNU-stack
                0x0000000000000000        0x0 /tmp/ccsnDqyC.debug.temp.o
 .comment       0x0000000000000000       0x5e /tmp/ccL8Hzga.debug.temp.o
 .note.GNU-stack
                0x0000000000000000        0x0 /tmp/ccL8Hzga.debug.temp.o
 .debug_info    0x0000000000000000      0x1d0 /tmp/ccGehqFF.debug.temp.o
 .debug_abbrev  0x0000000000000000       0xb6 /tmp/ccGehqFF.debug.temp.o
 .debug_line    0x0000000000000000       0xfb /tmp/ccGehqFF.debug.temp.o
 .debug_str     0x0000000000000000      0x33b /tmp/ccGehqFF.debug.temp.o
 .comment       0x0000000000000000       0x5e /tmp/ccGehqFF.debug.temp.o
 .note.GNU-stack
                0x0000000000000000        0x0 /tmp/ccGehqFF.debug.temp.o
 .debug_info    0x0000000000000000      0x108 /tmp/ccklVxqp.debug.temp.o
 .debug_abbrev  0x0000000000000000       0x73 /tmp/ccklVxqp.debug.temp.o
 .debug_line    0x0000000000000000       0xc0 /tmp/ccklVxqp.debug.temp.o
 .debug_str     0x0000000000000000      0x2ce /tmp/ccklVxqp.debug.temp.o
 .comment       0x0000000000000000       0x5e /tmp/ccklVxqp.debug.temp.o
 .note.GNU-stack
                0x0000000000000000        0x0 /tmp/ccklVxqp.debug.temp.o
 .debug_info    0x0000000000000000       0xbb /tmp/ccSo2u5Q.debug.temp.o
 .debug_abbrev  0x0000000000000000       0x5e /tmp/ccSo2u5Q.debug.temp.o
 .debug_line    0x0000000000000000       0xc2 /tmp/ccSo2u5Q.debug.temp.o
 .debug_str     0x0000000000000000      0x2bd /tmp/ccSo2u5Q.debug.temp.o
 .comment       0x0000000000000000       0x5e /tmp/ccSo2u5Q.debug.temp.o
 .note.GNU-stack
                0x0000000000000000        0x0 /tmp/ccSo2u5Q.debug.temp.o
 .comment       0x0000000000000000       0x5e /tmp/ccmdZ7ta.debug.temp.o
 .note.GNU-stack
                0x0000000000000000        0x0 /tmp/ccmdZ7ta.debug.temp.o
 .debug_info    0x0000000000000000       0xa1 /tmp/ccv8DoDN.debug.temp.o
 .debug_abbrev  0x0000000000000000       0x57 /tmp/ccv8DoDN.debug.temp.o
 .debug_line    0x0000000000000000       0xb1 /tmp/ccv8DoDN.debug.temp.o
 .debug_str     0x0000000000000000      0x292 /tmp/ccv8DoDN.debug.temp.o
 .comment       0x0000000000000000       0x5e /tmp/ccv8DoDN.debug.temp.o
 .note.GNU-stack
                0x0000000000000000        0x0 /tmp/ccv8DoDN.debug.temp.o
 .comment       0x0000000000000000       0x5e /tmp/ccwF0c6S.debug.temp.o
 .note.GNU-stack
                0x0000000000000000        0x0 /tmp/ccwF0c6S.debug.temp.o
 .comment       0x0000000000000000       0x5e /tmp/ccgyADae.debug.temp.o
 .note.GNU-stack
                0x0000000000000000        0x0 /tmp/ccgyADae.debug.temp.o
 .debug_info    0x0000000000000000       0xad /tmp/ccOrOVRa.debug.temp.o
 .debug_abbrev  0x0000000000000000       0x66 /tmp/ccOrOVRa.debug.temp.o
 .debug_line    0x0000000000000000       0xb1 /tmp/ccOrOVRa.debug.temp.o
 .debug_str     0x0000000000000000      0x29a /tmp/ccOrOVRa.debug.temp.o
 .comment       0x0000000000000000       0x5e /tmp/ccOrOVRa.debug.temp.o
 .note.GNU-stack
                0x0000000000000000        0x0 /tmp/ccOrOVRa.debug.temp.o
 .debug_info    0x0000000000000000       0xad /tmp/ccM2WNDY.debug.temp.o
 .debug_abbrev  0x0000000000000000       0x57 /tmp/ccM2WNDY.debug.temp.o
 .debug_line    0x0000000000000000       0xb0 /tmp/ccM2WNDY.debug.temp.o
 .debug_str     0x0000000000000000      0x292 /tmp/ccM2WNDY.debug.temp.o
 .comment       0x0000000000000000       0x5e /tmp/ccM2WNDY.debug.temp.o
 .note.GNU-stack
                0x0000000000000000        0x0 /tmp/ccM2WNDY.debug.temp.o
 .debug_info    0x0000000000000000       0xb6 /tmp/ccV7vW92.debug.temp.o
 .debug_abbrev  0x0000000000000000       0x86 /tmp/ccV7vW92.debug.temp.o
 .debug_line    0x0000000000000000      0x16c /tmp/ccV7vW92.debug.temp.o
 .debug_str     0x0000000000000000      0x324 /tmp/ccV7vW92.debug.temp.o
 .comment       0x0000000000000000       0x5e /tmp/ccV7vW92.debug.temp.o
 .note.GNU-stack
                0x0000000000000000        0x0 /tmp/ccV7vW92.debug.temp.o
 .comment       0x0000000000000000       0x5e /tmp/ccjPPUnm.debug.temp.o
 .note.GNU-stack
                0x0000000000000000        0x0 /tmp/ccjPPUnm.debug.temp.o
 .comment       0x0000000000000000       0x5e /tmp/ccOnn4qd.debug.temp.o
 .note.GNU-stack
                0x0000000000000000        0x0 /tmp/ccOnn4qd.debug.temp.o
 .comment       0x0000000000000000       0x5e /tmp/ccqjzT1s.debug.temp.o
 .note.GNU-stack
                0x0000000000000000        0x0 /tmp/ccqjzT1s.debug.temp.o
 .debug_info    0x0000000000000000      0x5bc /tmp/cckXwEw2.debug.temp.o
 .debug_abbrev  0x0000000000000000      0x162 /tmp/cckXwEw2.debug.temp.o
 .debug_line    0x0000000000000000      0x1d6 /tmp/cckXwEw2.debug.temp.o
 .debug_str     0x0000000000000000      0x660 /tmp/cckXwEw2.debug.temp.o
 .comment       0x0000000000000000       0x5e /tmp/cckXwEw2.debug.temp.o
 .note.GNU-stack
                0x0000000000000000        0x0 /tmp/cckXwEw2.debug.temp.o
 .debug_info    0x0000000000000000      0xec3 /tmp/ccw0v68P.debug.temp.o
 .debug_abbrev  0x0000000000000000      0x189 /tmp/ccw0v68P.debug.temp.o
 .debug_line    0x0000000000000000      0x20c /tmp/ccw0v68P.debug.temp.o
 .debug_str     0x0000000000000000      0xd0c /tmp/ccw0v68P.debug.temp.o
 .comment       0x0000000000000000       0x5e /tmp/ccw0v68P.debug.temp.o
 .note.GNU-stack
                0x0000000000000000        0x0 /tmp/ccw0v68P.debug.temp.o
 .debug_info    0x0000000000000000      0x305 /tmp/cc404lYq.debug.temp.o
 .debug_abbrev  0x0000000000000000       0xd2 /tmp/cc404lYq.debug.temp.o
 .debug_line    0x0000000000000000      0x10b /tmp/cc404lYq.debug.temp.o
 .debug_str     0x0000000000000000      0x47b /tmp/cc404lYq.debug.temp.o
 .comment       0x0000000000000000       0x5e /tmp/cc404lYq.debug.temp.o
 .note.GNU-stack
                0x0000000000000000        0x0 /tmp/cc404lYq.debug.temp.o
 .debug_info    0x0000000000000000     0x2675 /tmp/ccyvjXBp.debug.temp.o
 .debug_abbrev  0x0000000000000000      0x231 /tmp/ccyvjXBp.debug.temp.o
 .debug_line    0x0000000000000000      0x2c3 /tmp/ccyvjXBp.debug.temp.o
 .debug_str     0x0000000000000000     0x13cf /tmp/ccyvjXBp.debug.temp.o
 .comment       0x0000000000000000       0x5e /tmp/ccyvjXBp.debug.temp.o
 .note.GNU-stack
                0x0000000000000000        0x0 /tmp/ccyvjXBp.debug.temp.o
 .debug_info    0x0000000000000000     0x2ef9 /tmp/ccOYjuwZ.debug.temp.o
 .debug_abbrev  0x0000000000000000      0x20d /tmp/ccOYjuwZ.debug.temp.o
 .debug_line    0x0000000000000000      0x2b7 /tmp/ccOYjuwZ.debug.temp.o
 .debug_str     0x0000000000000000     0x1cf4 /tmp/ccOYjuwZ.debug.temp.o
 .comment       0x0000000000000000       0x5e /tmp/ccOYjuwZ.debug.temp.o
 .note.GNU-stack
                0x0000000000000000        0x0 /tmp/ccOYjuwZ.debug.temp.o
 .debug_info    0x0000000000000000       0x89 /tmp/ccnUzwKA.debug.temp.o
 .debug_abbrev  0x0000000000000000       0x57 /tmp/ccnUzwKA.debug.temp.o
 .debug_line    0x0000000000000000       0xb2 /tmp/ccnUzwKA.debug.temp.o
 .debug_str     0x0000000000000000      0x27c /tmp/ccnUzwKA.debug.temp.o
 .comment       0x0000000000000000       0x5e /tmp/ccnUzwKA.debug.temp.o
 .note.GNU-stack
                0x0000000000000000        0x0 /tmp/ccnUzwKA.debug.temp.o
 .comment       0x0000000000000000       0x5e /tmp/cc51PkmZ.debug.temp.o
 .note.GNU-stack
                0x0000000000000000        0x0 /tmp/cc51PkmZ.debug.temp.o
 .comment       0x0000000000000000       0x5e /tmp/cciEFzVH.debug.temp.o
 .note.GNU-stack
                0x0000000000000000        0x0 /tmp/cciEFzVH.debug.temp.o
 .comment       0x0000000000000000       0x5e /tmp/ccpwqUn3.debug.temp.o
 .note.GNU-stack
                0x0000000000000000        0x0 /tmp/ccpwqUn3.debug.temp.o
 .debug_info    0x0000000000000000      0x302 /tmp/ccZUfmT8.debug.temp.o
 .debug_abbrev  0x0000000000000000       0xcd /tmp/ccZUfmT8.debug.temp.o
 .debug_line    0x0000000000000000      0x119 /tmp/ccZUfmT8.debug.temp.o
 .debug_str     0x0000000000000000      0x40b /tmp/ccZUfmT8.debug.temp.o
 .comment       0x0000000000000000       0x5e /tmp/ccZUfmT8.debug.temp.o
 .note.GNU-stack
                0x0000000000000000        0x0 /tmp/ccZUfmT8.debug.temp.o
 .data          0x0000000000000000        0x0 /home/daijh/sdk/rk3588/uefi/Build/RK3588/DEBUG_GCC5/AARCH64/MdePkg/Library/BaseMemoryLibOptDxe/BaseMemoryLibOptDxe/OUTPUT/BaseMemoryLibOptDxe.lib(SetMem.obj)
 .bss           0x0000000000000000        0x0 /home/daijh/sdk/rk3588/uefi/Build/RK3588/DEBUG_GCC5/AARCH64/MdePkg/Library/BaseMemoryLibOptDxe/BaseMemoryLibOptDxe/OUTPUT/BaseMemoryLibOptDxe.lib(SetMem.obj)
 .data          0x0000000000000000        0x0 /home/daijh/sdk/rk3588/uefi/Build/RK3588/DEBUG_GCC5/AARCH64/MdePkg/Library/BaseMemoryLibOptDxe/BaseMemoryLibOptDxe/OUTPUT/BaseMemoryLibOptDxe.lib(CopyMem.obj)
 .bss           0x0000000000000000        0x0 /home/daijh/sdk/rk3588/uefi/Build/RK3588/DEBUG_GCC5/AARCH64/MdePkg/Library/BaseMemoryLibOptDxe/BaseMemoryLibOptDxe/OUTPUT/BaseMemoryLibOptDxe.lib(CopyMem.obj)
 .text          0x0000000000000000       0x30 /home/daijh/sdk/rk3588/uefi/Build/RK3588/DEBUG_GCC5/AARCH64/MdePkg/Library/BaseLib/BaseLib/OUTPUT/BaseLib.lib(SwitchStack.obj)
 .data          0x0000000000000000        0x0 /home/daijh/sdk/rk3588/uefi/Build/RK3588/DEBUG_GCC5/AARCH64/MdePkg/Library/BaseLib/BaseLib/OUTPUT/BaseLib.lib(SwitchStack.obj)
 .bss           0x0000000000000000        0x0 /home/daijh/sdk/rk3588/uefi/Build/RK3588/DEBUG_GCC5/AARCH64/MdePkg/Library/BaseLib/BaseLib/OUTPUT/BaseLib.lib(SwitchStack.obj)
 .text          0x0000000000000000        0x8 /home/daijh/sdk/rk3588/uefi/Build/RK3588/DEBUG_GCC5/AARCH64/MdePkg/Library/BaseLib/BaseLib/OUTPUT/BaseLib.lib(CpuBreakpoint.obj)
 .data          0x0000000000000000        0x0 /home/daijh/sdk/rk3588/uefi/Build/RK3588/DEBUG_GCC5/AARCH64/MdePkg/Library/BaseLib/BaseLib/OUTPUT/BaseLib.lib(CpuBreakpoint.obj)
 .bss           0x0000000000000000        0x0 /home/daijh/sdk/rk3588/uefi/Build/RK3588/DEBUG_GCC5/AARCH64/MdePkg/Library/BaseLib/BaseLib/OUTPUT/BaseLib.lib(CpuBreakpoint.obj)
 .text          0x0000000000000000       0x20 /home/daijh/sdk/rk3588/uefi/Build/RK3588/DEBUG_GCC5/AARCH64/MdePkg/Library/BaseMemoryLibOptDxe/BaseMemoryLibOptDxe/OUTPUT/BaseMemoryLibOptDxe.lib(CompareGuid.obj)
 .data          0x0000000000000000        0x0 /home/daijh/sdk/rk3588/uefi/Build/RK3588/DEBUG_GCC5/AARCH64/MdePkg/Library/BaseMemoryLibOptDxe/BaseMemoryLibOptDxe/OUTPUT/BaseMemoryLibOptDxe.lib(CompareGuid.obj)
 .bss           0x0000000000000000        0x0 /home/daijh/sdk/rk3588/uefi/Build/RK3588/DEBUG_GCC5/AARCH64/MdePkg/Library/BaseMemoryLibOptDxe/BaseMemoryLibOptDxe/OUTPUT/BaseMemoryLibOptDxe.lib(CompareGuid.obj)

Memory Configuration

Name             Origin             Length             Attributes
*default*        0x0000000000000000 0xffffffffffffffff

Linker script and memory map

LOAD /home/daijh/sdk/rk3588/uefi/edk2/ArmPkg/Library/GccLto/liblto-aarch64.a
START GROUP
LOAD /tmp/BootGraphicsResourceTableDxe.dll.u7zily.ltrans0.ltrans.o
LOAD /tmp/ccJ1NuQz.debug.temp.o
LOAD /tmp/ccZKR88N.debug.temp.o
LOAD /tmp/ccebp1cw.debug.temp.o
LOAD /tmp/ccQij8sq.debug.temp.o
LOAD /tmp/ccoTKmwP.debug.temp.o
LOAD /tmp/ccRWP4jI.debug.temp.o
LOAD /tmp/cctY6USR.debug.temp.o
LOAD /tmp/ccQyiyFR.debug.temp.o
LOAD /tmp/cc54Novs.debug.temp.o
LOAD /tmp/ccHoo9Qq.debug.temp.o
LOAD /tmp/ccg8rHsv.debug.temp.o
LOAD /tmp/cc98jh0Y.debug.temp.o
LOAD /tmp/ccqGVzBL.debug.temp.o
LOAD /tmp/ccuqKhbF.debug.temp.o
LOAD /tmp/cczWTevz.debug.temp.o
LOAD /tmp/ccM22EFU.debug.temp.o
LOAD /tmp/ccydIKPW.debug.temp.o
LOAD /tmp/cc7z9iNw.debug.temp.o
LOAD /tmp/cc0hXLs8.debug.temp.o
LOAD /tmp/ccGnjFbc.debug.temp.o
LOAD /tmp/ccmcqbWz.debug.temp.o
LOAD /tmp/ccYOlcsP.debug.temp.o
LOAD /tmp/ccsnDqyC.debug.temp.o
LOAD /tmp/ccL8Hzga.debug.temp.o
LOAD /tmp/ccGehqFF.debug.temp.o
LOAD /tmp/ccklVxqp.debug.temp.o
LOAD /tmp/ccSo2u5Q.debug.temp.o
LOAD /tmp/ccmdZ7ta.debug.temp.o
LOAD /tmp/ccv8DoDN.debug.temp.o
LOAD /tmp/ccwF0c6S.debug.temp.o
LOAD /tmp/ccgyADae.debug.temp.o
LOAD /tmp/ccOrOVRa.debug.temp.o
LOAD /tmp/ccM2WNDY.debug.temp.o
LOAD /tmp/ccV7vW92.debug.temp.o
LOAD /tmp/ccjPPUnm.debug.temp.o
LOAD /tmp/ccOnn4qd.debug.temp.o
LOAD /tmp/ccqjzT1s.debug.temp.o
LOAD /tmp/cckXwEw2.debug.temp.o
LOAD /tmp/ccw0v68P.debug.temp.o
LOAD /tmp/cc404lYq.debug.temp.o
LOAD /tmp/ccyvjXBp.debug.temp.o
LOAD /tmp/ccOYjuwZ.debug.temp.o
LOAD /tmp/ccnUzwKA.debug.temp.o
LOAD /tmp/cc51PkmZ.debug.temp.o
LOAD /tmp/cciEFzVH.debug.temp.o
LOAD /tmp/ccpwqUn3.debug.temp.o
LOAD /tmp/ccZUfmT8.debug.temp.o
LOAD /home/daijh/sdk/rk3588/uefi/Build/RK3588/DEBUG_GCC5/AARCH64/Platform/Rockchip/RK3588/BootGraphicsResourceTableDxe/BootGraphicsResourceTableDxe/OUTPUT/BootGraphicsResourceTableDxe.lib
LOAD /home/daijh/sdk/rk3588/uefi/Build/RK3588/DEBUG_GCC5/AARCH64/MdePkg/Library/DxePcdLib/DxePcdLib/OUTPUT/DxePcdLib.lib
LOAD /home/daijh/sdk/rk3588/uefi/Build/RK3588/DEBUG_GCC5/AARCH64/MdePkg/Library/BaseMemoryLibOptDxe/BaseMemoryLibOptDxe/OUTPUT/BaseMemoryLibOptDxe.lib
LOAD /home/daijh/sdk/rk3588/uefi/Build/RK3588/DEBUG_GCC5/AARCH64/MdePkg/Library/BaseLib/BaseLib/OUTPUT/BaseLib.lib
LOAD /home/daijh/sdk/rk3588/uefi/Build/RK3588/DEBUG_GCC5/AARCH64/MdePkg/Library/RegisterFilterLibNull/RegisterFilterLibNull/OUTPUT/FilterLibNull.lib
LOAD /home/daijh/sdk/rk3588/uefi/Build/RK3588/DEBUG_GCC5/AARCH64/MdePkg/Library/BaseIoLibIntrinsic/BaseIoLibIntrinsic/OUTPUT/BaseIoLibIntrinsic.lib
LOAD /home/daijh/sdk/rk3588/uefi/Build/RK3588/DEBUG_GCC5/AARCH64/Silicon/Rockchip/Library/SerialPortLib/UartLib/OUTPUT/UartLib.lib
LOAD /home/daijh/sdk/rk3588/uefi/Build/RK3588/DEBUG_GCC5/AARCH64/MdePkg/Library/BaseDebugPrintErrorLevelLib/BaseDebugPrintErrorLevelLib/OUTPUT/BaseDebugPrintErrorLevelLib.lib
LOAD /home/daijh/sdk/rk3588/uefi/Build/RK3588/DEBUG_GCC5/AARCH64/MdePkg/Library/BasePrintLib/BasePrintLib/OUTPUT/BasePrintLib.lib
LOAD /home/daijh/sdk/rk3588/uefi/Build/RK3588/DEBUG_GCC5/AARCH64/Silicon/Rockchip/Library/SerialPortLib/SerialPortLib/OUTPUT/SerialPortLib.lib
LOAD /home/daijh/sdk/rk3588/uefi/Build/RK3588/DEBUG_GCC5/AARCH64/MdePkg/Library/BaseDebugLibSerialPort/BaseDebugLibSerialPort/OUTPUT/BaseDebugLibSerialPort.lib
LOAD /home/daijh/sdk/rk3588/uefi/Build/RK3588/DEBUG_GCC5/AARCH64/MdePkg/Library/UefiBootServicesTableLib/UefiBootServicesTableLib/OUTPUT/UefiBootServicesTableLib.lib
LOAD /home/daijh/sdk/rk3588/uefi/Build/RK3588/DEBUG_GCC5/AARCH64/MdePkg/Library/UefiMemoryAllocationLib/UefiMemoryAllocationLib/OUTPUT/UefiMemoryAllocationLib.lib
LOAD /home/daijh/sdk/rk3588/uefi/Build/RK3588/DEBUG_GCC5/AARCH64/MdePkg/Library/UefiRuntimeServicesTableLib/UefiRuntimeServicesTableLib/OUTPUT/UefiRuntimeServicesTableLib.lib
LOAD /home/daijh/sdk/rk3588/uefi/Build/RK3588/DEBUG_GCC5/AARCH64/MdePkg/Library/UefiDevicePathLib/UefiDevicePathLib/OUTPUT/UefiDevicePathLib.lib
LOAD /home/daijh/sdk/rk3588/uefi/Build/RK3588/DEBUG_GCC5/AARCH64/MdePkg/Library/BaseSafeIntLib/BaseSafeIntLib/OUTPUT/BaseSafeIntLib.lib
LOAD /home/daijh/sdk/rk3588/uefi/Build/RK3588/DEBUG_GCC5/AARCH64/MdePkg/Library/UefiDriverEntryPoint/UefiDriverEntryPoint/OUTPUT/UefiDriverEntryPoint.lib
LOAD /home/daijh/sdk/rk3588/uefi/Build/RK3588/DEBUG_GCC5/AARCH64/MdePkg/Library/UefiLib/UefiLib/OUTPUT/UefiLib.lib
LOAD /home/daijh/sdk/rk3588/uefi/Build/RK3588/DEBUG_GCC5/AARCH64/MdeModulePkg/Library/BaseBmpSupportLib/BaseBmpSupportLib/OUTPUT/BaseBmpSupportLib.lib
LOAD /home/daijh/sdk/rk3588/uefi/Build/RK3588/DEBUG_GCC5/AARCH64/ArmPkg/Library/CompilerIntrinsicsLib/CompilerIntrinsicsLib/OUTPUT/CompilerIntrinsicsLib.lib
LOAD /home/daijh/sdk/rk3588/uefi/Build/RK3588/DEBUG_GCC5/AARCH64/MdePkg/Library/BaseStackCheckLib/BaseStackCheckLib/OUTPUT/BaseStackCheckLib.lib
END GROUP
                0x0000000000000228                . = PECOFF_HEADER_SIZE

.text           0x0000000000001000     0x2bcb
 *(.text .text.* .stub .gnu.linkonce.t.*)
 .text.DebugPrintLevelEnabled.constprop.0
                0x0000000000001000        0x8 /tmp/BootGraphicsResourceTableDxe.dll.u7zily.ltrans0.ltrans.o
 .text.DebugAssertEnabled
                0x0000000000001008        0x8 /tmp/BootGraphicsResourceTableDxe.dll.u7zily.ltrans0.ltrans.o
 .text.DebugPrintEnabled
                0x0000000000001010        0x8 /tmp/BootGraphicsResourceTableDxe.dll.u7zily.ltrans0.ltrans.o
 .text.SafeUintnToUint32
                0x0000000000001018       0x20 /tmp/BootGraphicsResourceTableDxe.dll.u7zily.ltrans0.ltrans.o
 .text.AsciiStrnLenS
                0x0000000000001038       0x3c /tmp/BootGraphicsResourceTableDxe.dll.u7zily.ltrans0.ltrans.o
 .text.BasePrintLibFillBuffer
                0x0000000000001074       0x34 /tmp/BootGraphicsResourceTableDxe.dll.u7zily.ltrans0.ltrans.o
 .text.InternalAllocatePool.constprop.0
                0x00000000000010a8       0x38 /tmp/BootGraphicsResourceTableDxe.dll.u7zily.ltrans0.ltrans.o
 .text.SafeUintnMult
                0x00000000000010e0       0x7c /tmp/BootGraphicsResourceTableDxe.dll.u7zily.ltrans0.ltrans.o
 .text.BasePrintLibSPrint.constprop.0
                0x000000000000115c       0x54 /tmp/BootGraphicsResourceTableDxe.dll.u7zily.ltrans0.ltrans.o
 .text.BasePrintLibSPrintMarker.constprop.0
                0x00000000000011b0      0xbbc /tmp/BootGraphicsResourceTableDxe.dll.u7zily.ltrans0.ltrans.o
 .text.AsciiSPrint.constprop.0
                0x0000000000001d6c       0x64 /tmp/BootGraphicsResourceTableDxe.dll.u7zily.ltrans0.ltrans.o
 .text.DebugAssert
                0x0000000000001dd0       0x4c /tmp/BootGraphicsResourceTableDxe.dll.u7zily.ltrans0.ltrans.o
 .text.ZeroMem  0x0000000000001e1c       0x74 /tmp/BootGraphicsResourceTableDxe.dll.u7zily.ltrans0.ltrans.o
 .text.CopyMem  0x0000000000001e90       0xa4 /tmp/BootGraphicsResourceTableDxe.dll.u7zily.ltrans0.ltrans.o
 .text.ReadUnaligned16
                0x0000000000001f34       0x5c /tmp/BootGraphicsResourceTableDxe.dll.u7zily.ltrans0.ltrans.o
 .text.AsciiStrLen
                0x0000000000001f90       0x74 /tmp/BootGraphicsResourceTableDxe.dll.u7zily.ltrans0.ltrans.o
 .text.MmioRead32
                0x0000000000002004        0x8 /tmp/BootGraphicsResourceTableDxe.dll.u7zily.ltrans0.ltrans.o
 .text.CalculateCheckSum8.constprop.0
                0x000000000000200c       0x68 /tmp/BootGraphicsResourceTableDxe.dll.u7zily.ltrans0.ltrans.o
 .text.MmioWrite32.isra.0
                0x0000000000002074        0x8 /tmp/BootGraphicsResourceTableDxe.dll.u7zily.ltrans0.ltrans.o
 .text.BaseDebugLibSerialPortConstructor
                0x000000000000207c       0xcc /tmp/BootGraphicsResourceTableDxe.dll.u7zily.ltrans0.ltrans.o
 .text.UartWrite.constprop.0.isra.0
                0x0000000000002148       0x4c /tmp/BootGraphicsResourceTableDxe.dll.u7zily.ltrans0.ltrans.o
 .text.DebugPrint.constprop.0
                0x0000000000002194       0x84 /tmp/BootGraphicsResourceTableDxe.dll.u7zily.ltrans0.ltrans.o
 .text.GetBootLogo2
                0x0000000000002218       0xb0 /tmp/BootGraphicsResourceTableDxe.dll.u7zily.ltrans0.ltrans.o
 .text.FreePool
                0x00000000000022c8       0x78 /tmp/BootGraphicsResourceTableDxe.dll.u7zily.ltrans0.ltrans.o
 .text.SetBootLogo2
                0x0000000000002340      0x18c /tmp/BootGraphicsResourceTableDxe.dll.u7zily.ltrans0.ltrans.o
 .text.SetBootLogo
                0x00000000000024cc        0xc /tmp/BootGraphicsResourceTableDxe.dll.u7zily.ltrans0.ltrans.o
 .text.TranslateGopBltToBmp.constprop.0
                0x00000000000024d8      0x23c /tmp/BootGraphicsResourceTableDxe.dll.u7zily.ltrans0.ltrans.o
 .text.BgrtReadyToBootEventNotify
                0x0000000000002714      0x16c /tmp/BootGraphicsResourceTableDxe.dll.u7zily.ltrans0.ltrans.o
 .text.WriteUnaligned16.isra.0
                0x0000000000002880       0x14 /tmp/BootGraphicsResourceTableDxe.dll.u7zily.ltrans0.ltrans.o
 .text.WriteUnaligned32.isra.0
                0x0000000000002894       0x20 /tmp/BootGraphicsResourceTableDxe.dll.u7zily.ltrans0.ltrans.o
 .text.WriteUnaligned64.constprop.0.isra.0
                0x00000000000028b4       0x30 /tmp/BootGraphicsResourceTableDxe.dll.u7zily.ltrans0.ltrans.o
 .text._ModuleEntryPoint
                0x00000000000028e4      0x28c /tmp/BootGraphicsResourceTableDxe.dll.u7zily.ltrans0.ltrans.o
                0x00000000000028e4                _ModuleEntryPoint
 .text          0x0000000000002b70      0x200 /home/daijh/sdk/rk3588/uefi/Build/RK3588/DEBUG_GCC5/AARCH64/MdePkg/Library/BaseMemoryLibOptDxe/BaseMemoryLibOptDxe/OUTPUT/BaseMemoryLibOptDxe.lib(SetMem.obj)
                0x0000000000002b70                InternalMemSetMem16
                0x0000000000002b7c                InternalMemSetMem32
                0x0000000000002b88                InternalMemSetMem64
                0x0000000000002b94                InternalMemZeroMem
                0x0000000000002b9c                InternalMemSetMem
 .text          0x0000000000002d70      0x218 /home/daijh/sdk/rk3588/uefi/Build/RK3588/DEBUG_GCC5/AARCH64/MdePkg/Library/BaseMemoryLibOptDxe/BaseMemoryLibOptDxe/OUTPUT/BaseMemoryLibOptDxe.lib(CopyMem.obj)
                0x0000000000002edc                InternalMemCopyMem
 *(.rodata .rodata.* .gnu.linkonce.r.*)
 .rodata.BasePrintLibSPrintMarker.constprop.0.str1.1
                0x0000000000002f88      0x197 /tmp/BootGraphicsResourceTableDxe.dll.u7zily.ltrans0.ltrans.o
 *fill*         0x000000000000311f        0x1 
 .rodata.BasePrintLibSPrintMarker.constprop.0
                0x0000000000003120       0x5e /tmp/BootGraphicsResourceTableDxe.dll.u7zily.ltrans0.ltrans.o
 .rodata.AsciiSPrint.constprop.0.str1.1
                0x000000000000317e       0x18 /tmp/BootGraphicsResourceTableDxe.dll.u7zily.ltrans0.ltrans.o
 .rodata.DebugAssert.str1.1
                0x0000000000003196       0x1d /tmp/BootGraphicsResourceTableDxe.dll.u7zily.ltrans0.ltrans.o
 .rodata.ZeroMem.str1.1
                0x00000000000031b3       0x8b /tmp/BootGraphicsResourceTableDxe.dll.u7zily.ltrans0.ltrans.o
 .rodata.CopyMem.str1.1
                0x000000000000323e       0xd6 /tmp/BootGraphicsResourceTableDxe.dll.u7zily.ltrans0.ltrans.o
 .rodata.ReadUnaligned16.str1.1
                0x0000000000003314       0x48 /tmp/BootGraphicsResourceTableDxe.dll.u7zily.ltrans0.ltrans.o
 .rodata.AsciiStrLen.str1.1
                0x000000000000335c       0x79 /tmp/BootGraphicsResourceTableDxe.dll.u7zily.ltrans0.ltrans.o
 .rodata.CalculateCheckSum8.constprop.0.str1.1
                0x00000000000033d5       0x7c /tmp/BootGraphicsResourceTableDxe.dll.u7zily.ltrans0.ltrans.o
 .rodata.GetBootLogo2.str1.1
                0x0000000000003451       0x42 /tmp/BootGraphicsResourceTableDxe.dll.u7zily.ltrans0.ltrans.o
 .rodata.FreePool.str1.1
                0x0000000000003493       0x93 /tmp/BootGraphicsResourceTableDxe.dll.u7zily.ltrans0.ltrans.o
 .rodata.SetBootLogo2.str1.1
                0x0000000000003526       0x3f /tmp/BootGraphicsResourceTableDxe.dll.u7zily.ltrans0.ltrans.o
 .rodata.TranslateGopBltToBmp.constprop.0.str1.1
                0x0000000000003565       0x4d /tmp/BootGraphicsResourceTableDxe.dll.u7zily.ltrans0.ltrans.o
 .rodata._ModuleEntryPoint.str1.1
                0x00000000000035b2      0x281 /tmp/BootGraphicsResourceTableDxe.dll.u7zily.ltrans0.ltrans.o
 .rodata._gPcd_FixedAtBuild_PcdAcpiDefaultOemId
                0x0000000000003833        0x7 /tmp/BootGraphicsResourceTableDxe.dll.u7zily.ltrans0.ltrans.o
 .rodata.mBmpImageHeaderTemplate
                0x000000000000383a       0x36 /tmp/BootGraphicsResourceTableDxe.dll.u7zily.ltrans0.ltrans.o
 .rodata.mErrorString
                0x0000000000003870      0x2b5 /tmp/BootGraphicsResourceTableDxe.dll.u7zily.ltrans0.ltrans.o
 .rodata.mHexStr
                0x0000000000003b25       0x10 /tmp/BootGraphicsResourceTableDxe.dll.u7zily.ltrans0.ltrans.o
 .rodata.mWarningString
                0x0000000000003b35       0x96 /tmp/BootGraphicsResourceTableDxe.dll.u7zily.ltrans0.ltrans.o
 *(.got .got.*)
 *:AutoGen.obj(.data.g*Guid)

.iplt           0x0000000000003bcc        0x0
 .iplt          0x0000000000003bcc        0x0 /tmp/BootGraphicsResourceTableDxe.dll.u7zily.ltrans0.ltrans.o

.data           0x0000000000004000      0x100
 *(.data .data.* .gnu.linkonce.d.*)
 .data.gEdkiiBootLogo2ProtocolGuid
                0x0000000000004000       0x10 /tmp/BootGraphicsResourceTableDxe.dll.u7zily.ltrans0.ltrans.o
 .data.gEfiAcpiTableProtocolGuid
                0x0000000000004010       0x10 /tmp/BootGraphicsResourceTableDxe.dll.u7zily.ltrans0.ltrans.o
 .data.gEfiBootLogoProtocolGuid
                0x0000000000004020       0x10 /tmp/BootGraphicsResourceTableDxe.dll.u7zily.ltrans0.ltrans.o
 .data.gEfiEventReadyToBootGuid
                0x0000000000004030       0x10 /tmp/BootGraphicsResourceTableDxe.dll.u7zily.ltrans0.ltrans.o
 .data.mBootGraphicsResourceTableTemplate
                0x0000000000004040       0x38 /tmp/BootGraphicsResourceTableDxe.dll.u7zily.ltrans0.ltrans.o
 .data.mBootLogo2ProtocolTemplate
                0x0000000000004078       0x10 /tmp/BootGraphicsResourceTableDxe.dll.u7zily.ltrans0.ltrans.o
 .data.mBootLogoProtocolTemplate
                0x0000000000004088        0x8 /tmp/BootGraphicsResourceTableDxe.dll.u7zily.ltrans0.ltrans.o
 *(.bss .bss.*)
 .bss.gBS       0x0000000000004090        0x8 /tmp/BootGraphicsResourceTableDxe.dll.u7zily.ltrans0.ltrans.o
 .bss.gImageHandle
                0x0000000000004098        0x8 /tmp/BootGraphicsResourceTableDxe.dll.u7zily.ltrans0.ltrans.o
 .bss.gRT       0x00000000000040a0        0x8 /tmp/BootGraphicsResourceTableDxe.dll.u7zily.ltrans0.ltrans.o
 .bss.gST       0x00000000000040a8        0x8 /tmp/BootGraphicsResourceTableDxe.dll.u7zily.ltrans0.ltrans.o
 .bss.mAcpiBgrtBufferChanged
                0x00000000000040b0        0x1 /tmp/BootGraphicsResourceTableDxe.dll.u7zily.ltrans0.ltrans.o
 .bss.mAcpiBgrtInstalled
                0x00000000000040b1        0x1 /tmp/BootGraphicsResourceTableDxe.dll.u7zily.ltrans0.ltrans.o
 .bss.mAcpiBgrtStatusChanged
                0x00000000000040b2        0x1 /tmp/BootGraphicsResourceTableDxe.dll.u7zily.ltrans0.ltrans.o
 *fill*         0x00000000000040b3        0x5 
 .bss.mBootGraphicsReadyToBootEvent
                0x00000000000040b8        0x8 /tmp/BootGraphicsResourceTableDxe.dll.u7zily.ltrans0.ltrans.o
 .bss.mBootGraphicsResourceTableKey
                0x00000000000040c0        0x8 /tmp/BootGraphicsResourceTableDxe.dll.u7zily.ltrans0.ltrans.o
 .bss.mBootLogoHandle
                0x00000000000040c8        0x8 /tmp/BootGraphicsResourceTableDxe.dll.u7zily.ltrans0.ltrans.o
 .bss.mIsLogoValid
                0x00000000000040d0        0x1 /tmp/BootGraphicsResourceTableDxe.dll.u7zily.ltrans0.ltrans.o
 *fill*         0x00000000000040d1        0x7 
 .bss.mLogoBltBuffer
                0x00000000000040d8        0x8 /tmp/BootGraphicsResourceTableDxe.dll.u7zily.ltrans0.ltrans.o
 .bss.mLogoDestX
                0x00000000000040e0        0x8 /tmp/BootGraphicsResourceTableDxe.dll.u7zily.ltrans0.ltrans.o
 .bss.mLogoDestY
                0x00000000000040e8        0x8 /tmp/BootGraphicsResourceTableDxe.dll.u7zily.ltrans0.ltrans.o
 .bss.mLogoHeight
                0x00000000000040f0        0x8 /tmp/BootGraphicsResourceTableDxe.dll.u7zily.ltrans0.ltrans.o
 .bss.mLogoWidth
                0x00000000000040f8        0x8 /tmp/BootGraphicsResourceTableDxe.dll.u7zily.ltrans0.ltrans.o

.igot.plt       0x0000000000004100        0x0
 .igot.plt      0x0000000000004100        0x0 /tmp/BootGraphicsResourceTableDxe.dll.u7zily.ltrans0.ltrans.o

.eh_frame
 *(.eh_frame)

.rela           0x0000000000004100        0x0
 *(.rela .rela.*)
 .rela.iplt     0x0000000000004100        0x0 /tmp/BootGraphicsResourceTableDxe.dll.u7zily.ltrans0.ltrans.o

.hii
 *(.hii)

.build-id
 *(.note.gnu.build-id)

/DISCARD/
 *(.note.GNU-stack)
 *(.gnu_debuglink)
 *(.interp)
 *(.dynsym)
 *(.dynstr)
 *(.dynamic)
 *(.hash .gnu.hash)
 *(.comment)
                0x0000000000000228                PECOFF_HEADER_SIZE = 0x228
OUTPUT(/home/daijh/sdk/rk3588/uefi/Build/RK3588/DEBUG_GCC5/AARCH64/Platform/Rockchip/RK3588/BootGraphicsResourceTableDxe/BootGraphicsResourceTableDxe/DEBUG/BootGraphicsResourceTableDxe.dll elf64-littleaarch64)
LOAD linker stubs

.debug_info     0x0000000000000000    0x1223d
 .debug_info    0x0000000000000000     0x2b24 /tmp/BootGraphicsResourceTableDxe.dll.u7zily.ltrans0.ltrans.o
 .debug_info    0x0000000000002b24     0x191f /tmp/ccJ1NuQz.debug.temp.o
                0x0000000000002b24                DriverEntryPoint.c.6ad2c6b6
 .debug_info    0x0000000000004443      0x100 /tmp/ccZKR88N.debug.temp.o
                0x0000000000004443                memcpy.c.124218b3
 .debug_info    0x0000000000004543       0xb1 /tmp/ccebp1cw.debug.temp.o
                0x0000000000004543                memset.c.fe78e419
 .debug_info    0x00000000000045f4       0xb0 /tmp/ccQij8sq.debug.temp.o
                0x00000000000045f4                BaseStackCheckGcc.c.4b3a57a0
 .debug_info    0x00000000000046a4     0x1e10 /tmp/ccoTKmwP.debug.temp.o
                0x00000000000046a4                AutoGen.c.a6110e29
 .debug_info    0x00000000000064b4     0x1dbf /tmp/ccRWP4jI.debug.temp.o
                0x00000000000064b4                BootGraphicsResourceTableDxe.c.b5e65032
 .debug_info    0x0000000000008273       0xaf /tmp/cctY6USR.debug.temp.o
                0x0000000000008273                ZeroMemWrapper.c.0fd9aaec
 .debug_info    0x0000000000008322       0xc6 /tmp/ccQyiyFR.debug.temp.o
                0x0000000000008322                CopyMemWrapper.c.5220106c
 .debug_info    0x00000000000083e8      0x357 /tmp/cc54Novs.debug.temp.o
                0x00000000000083e8                CheckSum.c.8b67fbdb
 .debug_info    0x000000000000873f      0x238 /tmp/ccg8rHsv.debug.temp.o
                0x000000000000873f                Unaligned.c.a40271e9
 .debug_info    0x0000000000008977       0xad /tmp/cc98jh0Y.debug.temp.o
                0x0000000000008977                RShiftU64.c.13f7cf48
 .debug_info    0x0000000000008a24       0xad /tmp/ccqGVzBL.debug.temp.o
                0x0000000000008a24                LShiftU64.c.d5f1ff37
 .debug_info    0x0000000000008ad1      0x30e /tmp/ccuqKhbF.debug.temp.o
                0x0000000000008ad1                Math64.c.df2e98ae
 .debug_info    0x0000000000008ddf      0x32b /tmp/ccydIKPW.debug.temp.o
                0x0000000000008ddf                DebugLib.c.b228dbcd
 .debug_info    0x000000000000910a     0x17cd /tmp/cc7z9iNw.debug.temp.o
                0x000000000000910a                UefiBootServicesTableLib.c.40f3e47d
 .debug_info    0x000000000000a8d7     0x13a8 /tmp/cc0hXLs8.debug.temp.o
                0x000000000000a8d7                MemoryAllocationLib.c.3e4a7161
 .debug_info    0x000000000000bc7f     0x179e /tmp/ccGnjFbc.debug.temp.o
                0x000000000000bc7f                UefiRuntimeServicesTableLib.c.90bd0d28
 .debug_info    0x000000000000d41d      0x3a0 /tmp/ccmcqbWz.debug.temp.o
                0x000000000000d41d                SafeIntLib64.c.75c1a56c
 .debug_info    0x000000000000d7bd     0x16c9 /tmp/ccYOlcsP.debug.temp.o
                0x000000000000d7bd                SafeIntLib.c.dca71847
 .debug_info    0x000000000000ee86      0x48a /tmp/ccL8Hzga.debug.temp.o
                0x000000000000ee86                BmpSupportLib.c.37a308f3
 .debug_info    0x000000000000f310       0xa1 /tmp/ccmdZ7ta.debug.temp.o
                0x000000000000f310                MultU64x64.c.e790b77c
 .debug_info    0x000000000000f3b1      0x711 /tmp/ccwF0c6S.debug.temp.o
                0x000000000000f3b1                String.c.8e83c025
 .debug_info    0x000000000000fac2      0xf83 /tmp/ccgyADae.debug.temp.o
                0x000000000000fac2                SafeString.c.1b674302
 .debug_info    0x0000000000010a45      0x5ad /tmp/ccjPPUnm.debug.temp.o
                0x0000000000010a45                PrintLib.c.b75a7535
 .debug_info    0x0000000000010ff2      0x753 /tmp/ccOnn4qd.debug.temp.o
                0x0000000000010ff2                PrintLibInternal.c.b254bcc3
 .debug_info    0x0000000000011745      0x277 /tmp/ccqjzT1s.debug.temp.o
                0x0000000000011745                SerialPortLib.c.bf19079b
 .debug_info    0x00000000000119bc       0xc3 /tmp/cc51PkmZ.debug.temp.o
                0x00000000000119bc                DivU64x32Remainder.c.99a75392
 .debug_info    0x0000000000011a7f      0x2d3 /tmp/cciEFzVH.debug.temp.o
                0x0000000000011a7f                UartLib.c.db43ab4c
 .debug_info    0x0000000000011d52      0x4eb /tmp/ccpwqUn3.debug.temp.o
                0x0000000000011d52                IoLibNoIo.c.373e17b9

.debug_abbrev   0x0000000000000000     0x1efd
 .debug_abbrev  0x0000000000000000      0x268 /tmp/BootGraphicsResourceTableDxe.dll.u7zily.ltrans0.ltrans.o
 .debug_abbrev  0x0000000000000268      0x1d1 /tmp/ccJ1NuQz.debug.temp.o
 .debug_abbrev  0x0000000000000439       0xa4 /tmp/ccZKR88N.debug.temp.o
 .debug_abbrev  0x00000000000004dd       0x76 /tmp/ccebp1cw.debug.temp.o
 .debug_abbrev  0x0000000000000553       0x87 /tmp/ccQij8sq.debug.temp.o
 .debug_abbrev  0x00000000000005da      0x245 /tmp/ccoTKmwP.debug.temp.o
 .debug_abbrev  0x000000000000081f      0x228 /tmp/ccRWP4jI.debug.temp.o
 .debug_abbrev  0x0000000000000a47       0x5e /tmp/cctY6USR.debug.temp.o
 .debug_abbrev  0x0000000000000aa5       0x6e /tmp/ccQyiyFR.debug.temp.o
 .debug_abbrev  0x0000000000000b13      0x106 /tmp/cc54Novs.debug.temp.o
 .debug_abbrev  0x0000000000000c19       0x7f /tmp/ccg8rHsv.debug.temp.o
 .debug_abbrev  0x0000000000000c98       0x57 /tmp/cc98jh0Y.debug.temp.o
 .debug_abbrev  0x0000000000000cef       0x57 /tmp/ccqGVzBL.debug.temp.o
 .debug_abbrev  0x0000000000000d46       0xa8 /tmp/ccuqKhbF.debug.temp.o
 .debug_abbrev  0x0000000000000dee      0x12d /tmp/ccydIKPW.debug.temp.o
 .debug_abbrev  0x0000000000000f1b      0x1c5 /tmp/cc7z9iNw.debug.temp.o
 .debug_abbrev  0x00000000000010e0      0x1e4 /tmp/cc0hXLs8.debug.temp.o
 .debug_abbrev  0x00000000000012c4      0x198 /tmp/ccGnjFbc.debug.temp.o
 .debug_abbrev  0x000000000000145c       0xa8 /tmp/ccmcqbWz.debug.temp.o
 .debug_abbrev  0x0000000000001504       0xc6 /tmp/ccYOlcsP.debug.temp.o
 .debug_abbrev  0x00000000000015ca      0x133 /tmp/ccL8Hzga.debug.temp.o
 .debug_abbrev  0x00000000000016fd       0x66 /tmp/ccmdZ7ta.debug.temp.o
 .debug_abbrev  0x0000000000001763      0x101 /tmp/ccwF0c6S.debug.temp.o
 .debug_abbrev  0x0000000000001864      0x133 /tmp/ccgyADae.debug.temp.o
 .debug_abbrev  0x0000000000001997      0x106 /tmp/ccjPPUnm.debug.temp.o
 .debug_abbrev  0x0000000000001a9d      0x15c /tmp/ccOnn4qd.debug.temp.o
 .debug_abbrev  0x0000000000001bf9       0xc2 /tmp/ccqjzT1s.debug.temp.o
 .debug_abbrev  0x0000000000001cbb       0x62 /tmp/cc51PkmZ.debug.temp.o
 .debug_abbrev  0x0000000000001d1d       0xf8 /tmp/cciEFzVH.debug.temp.o
 .debug_abbrev  0x0000000000001e15       0xe8 /tmp/ccpwqUn3.debug.temp.o

.debug_loc      0x0000000000000000     0x635f
 .debug_loc     0x0000000000000000     0x635f /tmp/BootGraphicsResourceTableDxe.dll.u7zily.ltrans0.ltrans.o

.debug_aranges  0x0000000000000000      0x260
 .debug_aranges
                0x0000000000000000      0x260 /tmp/BootGraphicsResourceTableDxe.dll.u7zily.ltrans0.ltrans.o

.debug_ranges   0x0000000000000000      0x660
 .debug_ranges  0x0000000000000000      0x660 /tmp/BootGraphicsResourceTableDxe.dll.u7zily.ltrans0.ltrans.o

.debug_line     0x0000000000000000     0x42e8
 .debug_line    0x0000000000000000     0x1c50 /tmp/BootGraphicsResourceTableDxe.dll.u7zily.ltrans0.ltrans.o
 .debug_line    0x0000000000001c50      0x2de /tmp/ccJ1NuQz.debug.temp.o
 .debug_line    0x0000000000001f2e       0x70 /tmp/ccZKR88N.debug.temp.o
 .debug_line    0x0000000000001f9e       0x70 /tmp/ccebp1cw.debug.temp.o
 .debug_line    0x000000000000200e      0x144 /tmp/ccQij8sq.debug.temp.o
 .debug_line    0x0000000000002152      0x2da /tmp/ccoTKmwP.debug.temp.o
 .debug_line    0x000000000000242c      0x3cd /tmp/ccRWP4jI.debug.temp.o
 .debug_line    0x00000000000027f9       0xc1 /tmp/cctY6USR.debug.temp.o
 .debug_line    0x00000000000028ba       0xc1 /tmp/ccQyiyFR.debug.temp.o
 .debug_line    0x000000000000297b       0xaf /tmp/cc54Novs.debug.temp.o
 .debug_line    0x0000000000002a2a       0xb4 /tmp/ccg8rHsv.debug.temp.o
 .debug_line    0x0000000000002ade       0xb0 /tmp/cc98jh0Y.debug.temp.o
 .debug_line    0x0000000000002b8e       0xb0 /tmp/ccqGVzBL.debug.temp.o
 .debug_line    0x0000000000002c3e       0xad /tmp/ccuqKhbF.debug.temp.o
 .debug_line    0x0000000000002ceb      0x192 /tmp/ccydIKPW.debug.temp.o
 .debug_line    0x0000000000002e7d      0x237 /tmp/cc7z9iNw.debug.temp.o
 .debug_line    0x00000000000030b4      0x20c /tmp/cc0hXLs8.debug.temp.o
 .debug_line    0x00000000000032c0      0x1e7 /tmp/ccGnjFbc.debug.temp.o
 .debug_line    0x00000000000034a7       0xf4 /tmp/ccmcqbWz.debug.temp.o
 .debug_line    0x000000000000359b       0xf2 /tmp/ccYOlcsP.debug.temp.o
 .debug_line    0x000000000000368d      0x195 /tmp/ccL8Hzga.debug.temp.o
 .debug_line    0x0000000000003822       0xb1 /tmp/ccmdZ7ta.debug.temp.o
 .debug_line    0x00000000000038d3      0x155 /tmp/ccwF0c6S.debug.temp.o
 .debug_line    0x0000000000003a28      0x159 /tmp/ccgyADae.debug.temp.o
 .debug_line    0x0000000000003b81       0xfc /tmp/ccjPPUnm.debug.temp.o
 .debug_line    0x0000000000003c7d      0x192 /tmp/ccOnn4qd.debug.temp.o
 .debug_line    0x0000000000003e0f      0x14f /tmp/ccqjzT1s.debug.temp.o
 .debug_line    0x0000000000003f5e       0xb9 /tmp/cc51PkmZ.debug.temp.o
 .debug_line    0x0000000000004017      0x1c7 /tmp/cciEFzVH.debug.temp.o
 .debug_line    0x00000000000041de      0x10a /tmp/ccpwqUn3.debug.temp.o

.debug_str      0x0000000000000000     0x4f47
 .debug_str     0x0000000000000000      0x264 /tmp/BootGraphicsResourceTableDxe.dll.u7zily.ltrans0.ltrans.o
                                        0x276 (size before relaxing)
 .debug_str     0x0000000000000264     0x1339 /tmp/ccJ1NuQz.debug.temp.o
                                       0x1464 (size before relaxing)
 .debug_str     0x000000000000159d      0x21d /tmp/ccZKR88N.debug.temp.o
                                        0x2a4 (size before relaxing)
 .debug_str     0x00000000000017ba       0x58 /tmp/ccebp1cw.debug.temp.o
                                        0x298 (size before relaxing)
 .debug_str     0x0000000000001812      0x110 /tmp/ccQij8sq.debug.temp.o
                                        0x2f2 (size before relaxing)
 .debug_str     0x0000000000001922      0xa60 /tmp/ccoTKmwP.debug.temp.o
                                       0x1de3 (size before relaxing)
 .debug_str     0x0000000000002382      0x40e /tmp/ccRWP4jI.debug.temp.o
                                       0x1912 (size before relaxing)
 .debug_str     0x0000000000002790       0xc8 /tmp/cctY6USR.debug.temp.o
                                        0x2b5 (size before relaxing)
 .debug_str     0x0000000000002858       0x74 /tmp/ccQyiyFR.debug.temp.o
                                        0x2cd (size before relaxing)
 .debug_str     0x00000000000028cc      0x141 /tmp/cc54Novs.debug.temp.o
                                        0x355 (size before relaxing)
 .debug_str     0x0000000000002a0d       0xf8 /tmp/ccg8rHsv.debug.temp.o
                                        0x345 (size before relaxing)
 .debug_str     0x0000000000002b05       0x4c /tmp/cc98jh0Y.debug.temp.o
                                        0x28e (size before relaxing)
 .debug_str     0x0000000000002b51       0x44 /tmp/ccqGVzBL.debug.temp.o
                                        0x28e (size before relaxing)
 .debug_str     0x0000000000002b95      0x184 /tmp/ccuqKhbF.debug.temp.o
                                        0x407 (size before relaxing)
 .debug_str     0x0000000000002d19      0x235 /tmp/ccydIKPW.debug.temp.o
                                        0x4eb (size before relaxing)
 .debug_str     0x0000000000002f4e      0x105 /tmp/cc7z9iNw.debug.temp.o
                                       0x1382 (size before relaxing)
 .debug_str     0x0000000000003053      0x312 /tmp/cc0hXLs8.debug.temp.o
                                        0xf74 (size before relaxing)
 .debug_str     0x0000000000003365      0x114 /tmp/ccGnjFbc.debug.temp.o
                                       0x1384 (size before relaxing)
 .debug_str     0x0000000000003479      0x1be /tmp/ccmcqbWz.debug.temp.o
                                        0x3da (size before relaxing)
 .debug_str     0x0000000000003637      0x6bf /tmp/ccYOlcsP.debug.temp.o
                                        0x98a (size before relaxing)
 .debug_str     0x0000000000003cf6      0x269 /tmp/ccL8Hzga.debug.temp.o
                                        0x504 (size before relaxing)
 .debug_str     0x0000000000003f5f       0x45 /tmp/ccmdZ7ta.debug.temp.o
                                        0x293 (size before relaxing)
 .debug_str     0x0000000000003fa4      0x2fd /tmp/ccwF0c6S.debug.temp.o
                                        0x67e (size before relaxing)
 .debug_str     0x00000000000042a1      0x2ed /tmp/ccgyADae.debug.temp.o
                                        0x6ed (size before relaxing)
 .debug_str     0x000000000000458e      0x21f /tmp/ccjPPUnm.debug.temp.o
                                        0x48c (size before relaxing)
 .debug_str     0x00000000000047ad      0x22a /tmp/ccOnn4qd.debug.temp.o
                                        0x687 (size before relaxing)
 .debug_str     0x00000000000049d7      0x1fe /tmp/ccqjzT1s.debug.temp.o
                                        0x43f (size before relaxing)
 .debug_str     0x0000000000004bd5       0x60 /tmp/cc51PkmZ.debug.temp.o
                                        0x2ae (size before relaxing)
 .debug_str     0x0000000000004c35      0x123 /tmp/cciEFzVH.debug.temp.o
                                        0x438 (size before relaxing)
 .debug_str     0x0000000000004d58      0x1ef /tmp/ccpwqUn3.debug.temp.o
                                        0x3fa (size before relaxing)

.debug_frame    0x0000000000000000      0x5a8
 .debug_frame   0x0000000000000000      0x5a8 /tmp/BootGraphicsResourceTableDxe.dll.u7zily.ltrans0.ltrans.o
