Archive member included to satisfy reference by file (symbol)

/home/daijh/sdk/rk3588/uefi/Build/RK3588/DEBUG_GCC5/AARCH64/MdePkg/Library/BaseStackCheckLib/BaseStackCheckLib/OUTPUT/BaseStackCheckLib.lib(BaseStackCheckGcc.obj)
                              /home/daijh/sdk/rk3588/uefi/edk2/ArmPkg/Library/GccLto/liblto-aarch64.a (__stack_chk_fail)
/home/daijh/sdk/rk3588/uefi/Build/RK3588/DEBUG_GCC5/AARCH64/ArmPkg/Library/CompilerIntrinsicsLib/CompilerIntrinsicsLib/OUTPUT/CompilerIntrinsicsLib.lib(memcpy.obj)
                              /home/daijh/sdk/rk3588/uefi/edk2/ArmPkg/Library/GccLto/liblto-aarch64.a (memcpy)
/home/daijh/sdk/rk3588/uefi/Build/RK3588/DEBUG_GCC5/AARCH64/ArmPkg/Library/CompilerIntrinsicsLib/CompilerIntrinsicsLib/OUTPUT/CompilerIntrinsicsLib.lib(memset.obj)
                              /home/daijh/sdk/rk3588/uefi/edk2/ArmPkg/Library/GccLto/liblto-aarch64.a (memset)
/home/daijh/sdk/rk3588/uefi/Build/RK3588/DEBUG_GCC5/AARCH64/MdePkg/Library/UefiApplicationEntryPoint/UefiApplicationEntryPoint/OUTPUT/UefiApplicationEntryPoint.lib(ApplicationEntryPoint.obj)
                              (_ModuleEntryPoint)
/home/daijh/sdk/rk3588/uefi/Build/RK3588/DEBUG_GCC5/AARCH64/ShellPkg/Application/Shell/Shell/OUTPUT/Shell.lib(AutoGen.obj)
                              ApplicationEntryPoint.obj (symbol from plugin) (ProcessLibraryConstructorList)
/home/daijh/sdk/rk3588/uefi/Build/RK3588/DEBUG_GCC5/AARCH64/ShellPkg/Application/Shell/Shell/OUTPUT/Shell.lib(Shell.obj)
                              AutoGen.obj (symbol from plugin) (UefiMain)
/home/daijh/sdk/rk3588/uefi/Build/RK3588/DEBUG_GCC5/AARCH64/ShellPkg/Application/Shell/Shell/OUTPUT/Shell.lib(ShellParametersProtocol.obj)
                              Shell.obj (symbol from plugin) (GetNextParameter)
/home/daijh/sdk/rk3588/uefi/Build/RK3588/DEBUG_GCC5/AARCH64/ShellPkg/Application/Shell/Shell/OUTPUT/Shell.lib(ShellProtocol.obj)
                              Shell.obj (symbol from plugin) (EfiShellGetEnv)
/home/daijh/sdk/rk3588/uefi/Build/RK3588/DEBUG_GCC5/AARCH64/ShellPkg/Application/Shell/Shell/OUTPUT/Shell.lib(FileHandleWrappers.obj)
                              ShellParametersProtocol.obj (symbol from plugin) (CreateFileInterfaceEnv)
/home/daijh/sdk/rk3588/uefi/Build/RK3588/DEBUG_GCC5/AARCH64/ShellPkg/Application/Shell/Shell/OUTPUT/Shell.lib(ShellEnvVar.obj)
                              ShellProtocol.obj (symbol from plugin) (gShellEnvVarList)
/home/daijh/sdk/rk3588/uefi/Build/RK3588/DEBUG_GCC5/AARCH64/ShellPkg/Application/Shell/Shell/OUTPUT/Shell.lib(ShellManParser.obj)
                              ShellProtocol.obj (symbol from plugin) (ProcessManFile)
/home/daijh/sdk/rk3588/uefi/Build/RK3588/DEBUG_GCC5/AARCH64/ShellPkg/Application/Shell/Shell/OUTPUT/Shell.lib(ConsoleLogger.obj)
                              Shell.obj (symbol from plugin) (ConsoleLoggerUninstall)
/home/daijh/sdk/rk3588/uefi/Build/RK3588/DEBUG_GCC5/AARCH64/ShellPkg/Application/Shell/Shell/OUTPUT/Shell.lib(ConsoleWrappers.obj)
                              Shell.obj (symbol from plugin) (CreateSimpleTextInOnFile)
/home/daijh/sdk/rk3588/uefi/Build/RK3588/DEBUG_GCC5/AARCH64/MdePkg/Library/BaseMemoryLibOptDxe/BaseMemoryLibOptDxe/OUTPUT/BaseMemoryLibOptDxe.lib(MemLibGuid.obj)
                              ShellProtocol.obj (symbol from plugin) (CopyGuid)
/home/daijh/sdk/rk3588/uefi/Build/RK3588/DEBUG_GCC5/AARCH64/MdePkg/Library/BaseMemoryLibOptDxe/BaseMemoryLibOptDxe/OUTPUT/BaseMemoryLibOptDxe.lib(ZeroMemWrapper.obj)
                              ShellProtocol.obj (symbol from plugin) (ZeroMem)
/home/daijh/sdk/rk3588/uefi/Build/RK3588/DEBUG_GCC5/AARCH64/MdePkg/Library/BaseMemoryLibOptDxe/BaseMemoryLibOptDxe/OUTPUT/BaseMemoryLibOptDxe.lib(SetMem16Wrapper.obj)
                              ShellParametersProtocol.obj (symbol from plugin) (SetMem16)
/home/daijh/sdk/rk3588/uefi/Build/RK3588/DEBUG_GCC5/AARCH64/MdePkg/Library/BaseMemoryLibOptDxe/BaseMemoryLibOptDxe/OUTPUT/BaseMemoryLibOptDxe.lib(SetMemWrapper.obj)
                              FileHandleWrappers.obj (symbol from plugin) (SetMem)
/home/daijh/sdk/rk3588/uefi/Build/RK3588/DEBUG_GCC5/AARCH64/MdePkg/Library/BaseMemoryLibOptDxe/BaseMemoryLibOptDxe/OUTPUT/BaseMemoryLibOptDxe.lib(CopyMemWrapper.obj)
                              Shell.obj (symbol from plugin) (CopyMem)
/home/daijh/sdk/rk3588/uefi/Build/RK3588/DEBUG_GCC5/AARCH64/MdePkg/Library/BaseMemoryLibOptDxe/BaseMemoryLibOptDxe/OUTPUT/BaseMemoryLibOptDxe.lib(SetMem.obj)
                              SetMem16Wrapper.obj (symbol from plugin) (InternalMemSetMem16)
/home/daijh/sdk/rk3588/uefi/Build/RK3588/DEBUG_GCC5/AARCH64/MdePkg/Library/BaseMemoryLibOptDxe/BaseMemoryLibOptDxe/OUTPUT/BaseMemoryLibOptDxe.lib(CopyMem.obj)
                              MemLibGuid.obj (symbol from plugin) (InternalMemCopyMem)
/home/daijh/sdk/rk3588/uefi/Build/RK3588/DEBUG_GCC5/AARCH64/MdePkg/Library/BaseMemoryLibOptDxe/BaseMemoryLibOptDxe/OUTPUT/BaseMemoryLibOptDxe.lib(CompareGuid.obj)
[...]
Memory Configuration

Name             Origin             Length             Attributes
*default*        0x0000000000000000 0xffffffffffffffff

Linker script and memory map

LOAD /home/daijh/sdk/rk3588/uefi/edk2/ArmPkg/Library/GccLto/liblto-aarch64.a
START GROUP
LOAD /tmp/Shell.dll.2u1FF2.ltrans0.ltrans.o
LOAD /tmp/Shell.dll.2u1FF2.ltrans1.ltrans.o
LOAD /tmp/Shell.dll.2u1FF2.ltrans2.ltrans.o
LOAD /tmp/Shell.dll.2u1FF2.ltrans3.ltrans.o
LOAD /tmp/Shell.dll.2u1FF2.ltrans4.ltrans.o
LOAD /tmp/Shell.dll.2u1FF2.ltrans5.ltrans.o
LOAD /tmp/Shell.dll.2u1FF2.ltrans6.ltrans.o
LOAD /tmp/Shell.dll.2u1FF2.ltrans7.ltrans.o
LOAD /tmp/Shell.dll.2u1FF2.ltrans8.ltrans.o
LOAD /tmp/Shell.dll.2u1FF2.ltrans9.ltrans.o
LOAD /tmp/Shell.dll.2u1FF2.ltrans10.ltrans.o
LOAD /tmp/Shell.dll.2u1FF2.ltrans11.ltrans.o
LOAD /tmp/Shell.dll.2u1FF2.ltrans12.ltrans.o
LOAD /tmp/cckeOcZW.debug.temp.o
LOAD /tmp/ccyE8yb5.debug.temp.o
LOAD /tmp/ccwIDzdM.debug.temp.o
LOAD /tmp/ccxfCgUK.debug.temp.o
LOAD /tmp/ccJtHqNq.debug.temp.o
LOAD /tmp/ccNs3PSG.debug.temp.o
LOAD /tmp/ccXSirDj.debug.temp.o
LOAD /tmp/ccZbDIhM.debug.temp.o
LOAD /tmp/ccayEk2f.debug.temp.o
LOAD /tmp/ccnXKA7J.debug.temp.o
LOAD /tmp/cc1u43m7.debug.temp.o
LOAD /tmp/ccNYchgj.debug.temp.o
LOAD /tmp/ccRhbWpE.debug.temp.o
LOAD /tmp/ccMF8bbA.debug.temp.o
LOAD /tmp/cceWWQaF.debug.temp.o
LOAD /tmp/ccW7MAbQ.debug.temp.o
LOAD /tmp/ccUNwzbi.debug.temp.o
LOAD /tmp/ccr8YQHk.debug.temp.o
LOAD /tmp/ccNhRJl9.debug.temp.o
LOAD /tmp/ccpXFhAU.debug.temp.o
LOAD /tmp/cctFtvAD.debug.temp.o
LOAD /tmp/cc3yElty.debug.temp.o
LOAD /tmp/cc35w3fR.debug.temp.o
LOAD /tmp/cciVDaRT.debug.temp.o
LOAD /tmp/ccwaEZCF.debug.temp.o
LOAD /tmp/ccTq2Rj1.debug.temp.o
LOAD /tmp/cccAhlov.debug.temp.o
LOAD /tmp/ccJiTQsc.debug.temp.o
LOAD /tmp/cc3Cgdjs.debug.temp.o
LOAD /tmp/cce9amdU.debug.temp.o
LOAD /tmp/ccFEK5hd.debug.temp.o
LOAD /tmp/ccdXF3pj.debug.temp.o
LOAD /tmp/ccRcOvi6.debug.temp.o
LOAD /tmp/ccwPzxuK.debug.temp.o
LOAD /tmp/ccEmAJML.debug.temp.o
LOAD /tmp/ccQgPe7V.debug.temp.o
LOAD /tmp/ccVFYhXy.debug.temp.o
LOAD /tmp/cc93GIwh.debug.temp.o
LOAD /tmp/ccGSsxCD.debug.temp.o
LOAD /tmp/cc4wwVkf.debug.temp.o
LOAD /tmp/ccWUmbbn.debug.temp.o
LOAD /tmp/cctem4R6.debug.temp.o
LOAD /tmp/ccUOrdH6.debug.temp.o
LOAD /tmp/ccFmn6tW.debug.temp.o
LOAD /tmp/cchSJcUw.debug.temp.o
LOAD /tmp/ccxPOkKb.debug.temp.o
LOAD /tmp/ccrcc787.debug.temp.o
LOAD /tmp/ccJsyO4J.debug.temp.o
LOAD /tmp/ccO0IlVZ.debug.temp.o
LOAD /tmp/cc1dPjAl.debug.temp.o
LOAD /tmp/ccd3AH3g.debug.temp.o
LOAD /tmp/ccyP5noS.debug.temp.o
LOAD /tmp/ccTtqDlJ.debug.temp.o
LOAD /tmp/ccmxUVkQ.debug.temp.o
LOAD /tmp/ccl5PHsX.debug.temp.o
LOAD /tmp/cc9wEKB4.debug.temp.o
LOAD /tmp/ccp0dghG.debug.temp.o
LOAD /tmp/ccm8cuFo.debug.temp.o
LOAD /tmp/ccX2rXnQ.debug.temp.o
LOAD /tmp/ccXOsAAV.debug.temp.o
LOAD /tmp/cchw8UyS.debug.temp.o
LOAD /tmp/ccNxBZMv.debug.temp.o
LOAD /tmp/cc2t4z1w.debug.temp.o
LOAD /tmp/ccg1iUXG.debug.temp.o
LOAD /tmp/ccDMhf0l.debug.temp.o
LOAD /tmp/cclhLAgF.debug.temp.o
LOAD /tmp/ccr3XiuJ.debug.temp.o
LOAD /tmp/ccM2LQnN.debug.temp.o
LOAD /tmp/ccUJxCjJ.debug.temp.o
LOAD /tmp/ccLZNGdW.debug.temp.o
LOAD /tmp/ccPP3Clc.debug.temp.o
LOAD /tmp/ccIf4u1Y.debug.temp.o
LOAD /tmp/ccqjGy5G.debug.temp.o
LOAD /tmp/cczL9nUl.debug.temp.o
LOAD /tmp/ccMjqYcA.debug.temp.o
LOAD /tmp/ccDSEB36.debug.temp.o
LOAD /tmp/ccjNq4jj.debug.temp.o
LOAD /tmp/ccJDJS64.debug.temp.o
LOAD /tmp/ccl8ek57.debug.temp.o
LOAD /tmp/ccNxjsbq.debug.temp.o
LOAD /tmp/ccnXo894.debug.temp.o
LOAD /tmp/ccv92q1v.debug.temp.o
LOAD /tmp/ccy9Eo2l.debug.temp.o
LOAD /tmp/cc5B5wbg.debug.temp.o
LOAD /tmp/cc7dQci2.debug.temp.o
LOAD /tmp/ccVZVBwK.debug.temp.o
LOAD /tmp/cc4jXU7d.debug.temp.o
LOAD /tmp/ccNxpQr5.debug.temp.o
LOAD /tmp/ccosi93o.debug.temp.o
LOAD /tmp/ccDqCtJy.debug.temp.o
LOAD /tmp/ccxQZgXW.debug.temp.o
LOAD /tmp/ccVZR4YS.debug.temp.o
LOAD /tmp/cc21Kipz.debug.temp.o
LOAD /tmp/ccuNcGM3.debug.temp.o
LOAD /tmp/ccQts16C.debug.temp.o
LOAD /tmp/ccDUsDVJ.debug.temp.o
LOAD /tmp/ccvmA2U8.debug.temp.o
LOAD /tmp/ccuUQXDN.debug.temp.o
LOAD /tmp/cc1fnr3d.debug.temp.o
LOAD /tmp/ccK4RAoA.debug.temp.o
LOAD /tmp/ccDgc1rI.debug.temp.o
LOAD /tmp/ccrt2Odg.debug.temp.o
LOAD /tmp/cc3IBqEu.debug.temp.o
LOAD /tmp/ccoLVqQT.debug.temp.o
LOAD /tmp/ccsIViIC.debug.temp.o
LOAD /tmp/ccgjecB1.debug.temp.o
LOAD /tmp/ccR6xuav.debug.temp.o
LOAD /tmp/ccZUlp7d.debug.temp.o
LOAD /tmp/ccUOmVvX.debug.temp.o
LOAD /tmp/ccbHKq7Y.debug.temp.o
LOAD /tmp/cc5puZL7.debug.temp.o
LOAD /tmp/cc0ZBMtB.debug.temp.o
LOAD /tmp/cctaeyEl.debug.temp.o
LOAD /tmp/ccTX97Lt.debug.temp.o
LOAD /tmp/ccvHkmAt.debug.temp.o
LOAD /tmp/ccOPy7Am.debug.temp.o
LOAD /tmp/ccRDiCfQ.debug.temp.o
LOAD /tmp/ccmURXSA.debug.temp.o
LOAD /tmp/ccUC1iP3.debug.temp.o
LOAD /tmp/ccLZibxj.debug.temp.o
LOAD /tmp/cctqi5BG.debug.temp.o
LOAD /tmp/cc7gZXBF.debug.temp.o
LOAD /tmp/ccyfYjKF.debug.temp.o
LOAD /tmp/cccv01My.debug.temp.o
LOAD /tmp/ccVPpByB.debug.temp.o
LOAD /tmp/cc5Z8osv.debug.temp.o
LOAD /tmp/ccTdKUGt.debug.temp.o
LOAD /tmp/ccPjMNaY.debug.temp.o
LOAD /tmp/ccXLOhYy.debug.temp.o
LOAD /tmp/ccCo2DLi.debug.temp.o
LOAD /tmp/ccJHJfM2.debug.temp.o
LOAD /tmp/ccWFG3mc.debug.temp.o
LOAD /tmp/ccwEY2Uz.debug.temp.o
LOAD /tmp/ccnnyznw.debug.temp.o
LOAD /tmp/ccw0qt3u.debug.temp.o
LOAD /tmp/ccsy1v3u.debug.temp.o
LOAD /tmp/cclMPEBV.debug.temp.o
LOAD /tmp/ccEPirrB.debug.temp.o
LOAD /tmp/cctUqyp0.debug.temp.o
LOAD /tmp/cceW9kmV.debug.temp.o
LOAD /tmp/cc9v9I1V.debug.temp.o
LOAD /tmp/ccmQczTa.debug.temp.o
LOAD /tmp/ccl0Q6Sl.debug.temp.o
LOAD /tmp/ccuVRx86.debug.temp.o
LOAD /tmp/ccXwClf2.debug.temp.o
LOAD /tmp/ccp6m6Sd.debug.temp.o
LOAD /tmp/ccfatnaC.debug.temp.o
LOAD /tmp/ccAtDMIS.debug.temp.o
LOAD /tmp/ccVNoey6.debug.temp.o
LOAD /tmp/ccURFV6K.debug.temp.o
LOAD /tmp/cccdd55R.debug.temp.o
LOAD /tmp/ccnHZRvv.debug.temp.o
LOAD /tmp/ccTQZ9qh.debug.temp.o
LOAD /tmp/ccqWdb1W.debug.temp.o
LOAD /tmp/cc71aMtw.debug.temp.o
LOAD /tmp/cckSmbEO.debug.temp.o
LOAD /tmp/cc9z0B30.debug.temp.o
LOAD /tmp/ccLNPifb.debug.temp.o
LOAD /tmp/cco7ushN.debug.temp.o
LOAD /tmp/ccB61hEj.debug.temp.o
LOAD /tmp/ccbDiLWw.debug.temp.o
LOAD /tmp/ccAgvmth.debug.temp.o
LOAD /tmp/ccms9RGy.debug.temp.o
LOAD /tmp/cczJbQTD.debug.temp.o
LOAD /tmp/cc1A1R4v.debug.temp.o
LOAD /tmp/cc23Zg35.debug.temp.o
LOAD /tmp/ccSCdDkE.debug.temp.o
LOAD /tmp/ccTTFipc.debug.temp.o
LOAD /tmp/ccgvV6q6.debug.temp.o
LOAD /tmp/ccy1DB4d.debug.temp.o
LOAD /tmp/cc2Cu1gJ.debug.temp.o
LOAD /tmp/ccVpYdy7.debug.temp.o
LOAD /tmp/ccsp0TtA.debug.temp.o
LOAD /tmp/ccSynhdP.debug.temp.o
LOAD /tmp/cc1zoA3S.debug.temp.o
LOAD /tmp/ccENxXHQ.debug.temp.o
LOAD /tmp/cc0fsjCX.debug.temp.o
LOAD /home/daijh/sdk/rk3588/uefi/Build/RK3588/DEBUG_GCC5/AARCH64/ShellPkg/Application/Shell/Shell/OUTPUT/Shell.lib
LOAD /home/daijh/sdk/rk3588/uefi/Build/RK3588/DEBUG_GCC5/AARCH64/MdePkg/Library/DxePcdLib/DxePcdLib/OUTPUT/DxePcdLib.lib
LOAD /home/daijh/sdk/rk3588/uefi/Build/RK3588/DEBUG_GCC5/AARCH64/MdePkg/Library/BaseMemoryLibOptDxe/BaseMemoryLibOptDxe/OUTPUT/BaseMemoryLibOptDxe.lib
LOAD /home/daijh/sdk/rk3588/uefi/Build/RK3588/DEBUG_GCC5/AARCH64/MdePkg/Library/BaseLib/BaseLib/OUTPUT/BaseLib.lib
LOAD /home/daijh/sdk/rk3588/uefi/Build/RK3588/DEBUG_GCC5/AARCH64/MdePkg/Library/RegisterFilterLibNull/RegisterFilterLibNull/OUTPUT/FilterLibNull.lib
LOAD /home/daijh/sdk/rk3588/uefi/Build/RK3588/DEBUG_GCC5/AARCH64/MdePkg/Library/BaseIoLibIntrinsic/BaseIoLibIntrinsic/OUTPUT/BaseIoLibIntrinsic.lib
LOAD /home/daijh/sdk/rk3588/uefi/Build/RK3588/DEBUG_GCC5/AARCH64/Silicon/Rockchip/Library/SerialPortLib/UartLib/OUTPUT/UartLib.lib
LOAD /home/daijh/sdk/rk3588/uefi/Build/RK3588/DEBUG_GCC5/AARCH64/MdePkg/Library/BaseDebugPrintErrorLevelLib/BaseDebugPrintErrorLevelLib/OUTPUT/BaseDebugPrintErrorLevelLib.lib
LOAD /home/daijh/sdk/rk3588/uefi/Build/RK3588/DEBUG_GCC5/AARCH64/Silicon/Rockchip/Library/SerialPortLib/SerialPortLib/OUTPUT/SerialPortLib.lib
LOAD /home/daijh/sdk/rk3588/uefi/Build/RK3588/DEBUG_GCC5/AARCH64/MdePkg/Library/BasePrintLib/BasePrintLib/OUTPUT/BasePrintLib.lib
LOAD /home/daijh/sdk/rk3588/uefi/Build/RK3588/DEBUG_GCC5/AARCH64/MdePkg/Library/BaseDebugLibSerialPort/BaseDebugLibSerialPort/OUTPUT/BaseDebugLibSerialPort.lib
LOAD /home/daijh/sdk/rk3588/uefi/Build/RK3588/DEBUG_GCC5/AARCH64/MdePkg/Library/UefiBootServicesTableLib/UefiBootServicesTableLib/OUTPUT/UefiBootServicesTableLib.lib
LOAD /home/daijh/sdk/rk3588/uefi/Build/RK3588/DEBUG_GCC5/AARCH64/MdePkg/Library/UefiMemoryAllocationLib/UefiMemoryAllocationLib/OUTPUT/UefiMemoryAllocationLib.lib
LOAD /home/daijh/sdk/rk3588/uefi/Build/RK3588/DEBUG_GCC5/AARCH64/MdePkg/Library/UefiDevicePathLib/UefiDevicePathLib/OUTPUT/UefiDevicePathLib.lib
LOAD /home/daijh/sdk/rk3588/uefi/Build/RK3588/DEBUG_GCC5/AARCH64/MdePkg/Library/UefiRuntimeServicesTableLib/UefiRuntimeServicesTableLib/OUTPUT/UefiRuntimeServicesTableLib.lib
LOAD /home/daijh/sdk/rk3588/uefi/Build/RK3588/DEBUG_GCC5/AARCH64/MdeModulePkg/Library/UefiHiiServicesLib/UefiHiiServicesLib/OUTPUT/UefiHiiServicesLib.lib
LOAD /home/daijh/sdk/rk3588/uefi/Build/RK3588/DEBUG_GCC5/AARCH64/MdePkg/Library/UefiLib/UefiLib/OUTPUT/UefiLib.lib
LOAD /home/daijh/sdk/rk3588/uefi/Build/RK3588/DEBUG_GCC5/AARCH64/MdeModulePkg/Library/UefiSortLib/UefiSortLib/OUTPUT/UefiSortLib.lib
LOAD /home/daijh/sdk/rk3588/uefi/Build/RK3588/DEBUG_GCC5/AARCH64/MdeModulePkg/Library/UefiHiiLib/UefiHiiLib/OUTPUT/UefiHiiLib.lib
LOAD /home/daijh/sdk/rk3588/uefi/Build/RK3588/DEBUG_GCC5/AARCH64/MdePkg/Library/UefiFileHandleLib/UefiFileHandleLib/OUTPUT/UefiFileHandleLib.lib
LOAD /home/daijh/sdk/rk3588/uefi/Build/RK3588/DEBUG_GCC5/AARCH64/MdePkg/Library/BasePeCoffGetEntryPointLib/BasePeCoffGetEntryPointLib/OUTPUT/BasePeCoffGetEntryPointLib.lib
LOAD /home/daijh/sdk/rk3588/uefi/Build/RK3588/DEBUG_GCC5/AARCH64/MdeModulePkg/Library/DxeReportStatusCodeLib/DxeReportStatusCodeLib/OUTPUT/DxeReportStatusCodeLib.lib
LOAD /home/daijh/sdk/rk3588/uefi/Build/RK3588/DEBUG_GCC5/AARCH64/MdePkg/Library/DxeServicesLib/DxeServicesLib/OUTPUT/DxeServicesLib.lib
LOAD /home/daijh/sdk/rk3588/uefi/Build/RK3588/DEBUG_GCC5/AARCH64/MdePkg/Library/DxeServicesTableLib/DxeServicesTableLib/OUTPUT/DxeServicesTableLib.lib
LOAD /home/daijh/sdk/rk3588/uefi/Build/RK3588/DEBUG_GCC5/AARCH64/MdeModulePkg/Library/DxePerformanceLib/DxePerformanceLib/OUTPUT/DxePerformanceLib.lib
LOAD /home/daijh/sdk/rk3588/uefi/Build/RK3588/DEBUG_GCC5/AARCH64/MdePkg/Library/DxeHobLib/DxeHobLib/OUTPUT/DxeHobLib.lib
LOAD /home/daijh/sdk/rk3588/uefi/Build/RK3588/DEBUG_GCC5/AARCH64/MdePkg/Library/BaseOrderedCollectionRedBlackTreeLib/BaseOrderedCollectionRedBlackTreeLib/OUTPUT/BaseOrderedCollectionRedBlackTreeLib.lib
LOAD /home/daijh/sdk/rk3588/uefi/Build/RK3588/DEBUG_GCC5/AARCH64/ShellPkg/Library/UefiShellLib/UefiShellLib/OUTPUT/UefiShellLib.lib
LOAD /home/daijh/sdk/rk3588/uefi/Build/RK3588/DEBUG_GCC5/AARCH64/ShellPkg/Library/UefiHandleParsingLib/UefiHandleParsingLib/OUTPUT/UefiHandleParsingLib.lib
LOAD /home/daijh/sdk/rk3588/uefi/Build/RK3588/DEBUG_GCC5/AARCH64/MdeModulePkg/Library/UefiBootManagerLib/UefiBootManagerLib/OUTPUT/UefiBootManagerLib.lib
LOAD /home/daijh/sdk/rk3588/uefi/Build/RK3588/DEBUG_GCC5/AARCH64/ShellPkg/Library/UefiShellCommandLib/UefiShellCommandLib/OUTPUT/UefiShellCommandLib.lib
LOAD /home/daijh/sdk/rk3588/uefi/Build/RK3588/DEBUG_GCC5/AARCH64/ShellPkg/Library/UefiShellBcfgCommandLib/UefiShellBcfgCommandLib/OUTPUT/UefiShellBcfgCommandLib.lib
LOAD /home/daijh/sdk/rk3588/uefi/Build/RK3588/DEBUG_GCC5/AARCH64/MdePkg/Library/BaseStackCheckLib/BaseStackCheckLib/OUTPUT/BaseStackCheckLib.lib
LOAD /home/daijh/sdk/rk3588/uefi/Build/RK3588/DEBUG_GCC5/AARCH64/ArmPkg/Library/CompilerIntrinsicsLib/CompilerIntrinsicsLib/OUTPUT/CompilerIntrinsicsLib.lib
LOAD /home/daijh/sdk/rk3588/uefi/Build/RK3588/DEBUG_GCC5/AARCH64/MdePkg/Library/UefiApplicationEntryPoint/UefiApplicationEntryPoint/OUTPUT/UefiApplicationEntryPoint.lib
LOAD /home/daijh/sdk/rk3588/uefi/Build/RK3588/DEBUG_GCC5/AARCH64/ShellPkg/Library/UefiShellLevel2CommandsLib/UefiShellLevel2CommandsLib/OUTPUT/UefiShellLevel2CommandsLib.lib
LOAD /home/daijh/sdk/rk3588/uefi/Build/RK3588/DEBUG_GCC5/AARCH64/ShellPkg/Library/UefiShellLevel1CommandsLib/UefiShellLevel1CommandsLib/OUTPUT/UefiShellLevel1CommandsLib.lib
LOAD /home/daijh/sdk/rk3588/uefi/Build/RK3588/DEBUG_GCC5/AARCH64/ShellPkg/Library/UefiShellLevel3CommandsLib/UefiShellLevel3CommandsLib/OUTPUT/UefiShellLevel3CommandsLib.lib
LOAD /home/daijh/sdk/rk3588/uefi/Build/RK3588/DEBUG_GCC5/AARCH64/ShellPkg/Library/UefiShellDriver1CommandsLib/UefiShellDriver1CommandsLib/OUTPUT/UefiShellDriver1CommandsLib.lib
LOAD /home/daijh/sdk/rk3588/uefi/Build/RK3588/DEBUG_GCC5/AARCH64/ShellPkg/Library/UefiShellDebug1CommandsLib/UefiShellDebug1CommandsLib/OUTPUT/UefiShellDebug1CommandsLib.lib
LOAD /home/daijh/sdk/rk3588/uefi/Build/RK3588/DEBUG_GCC5/AARCH64/ShellPkg/Library/UefiShellInstall1CommandsLib/UefiShellInstall1CommandsLib/OUTPUT/UefiShellInstall1CommandsLib.lib
LOAD /home/daijh/sdk/rk3588/uefi/Build/RK3588/DEBUG_GCC5/AARCH64/Silicon/Rockchip/Applications/I2cDemoTest/I2cDemoTest/OUTPUT/UefiShellI2cDemoLib.lib
LOAD /home/daijh/sdk/rk3588/uefi/Build/RK3588/DEBUG_GCC5/AARCH64/Silicon/Rockchip/Applications/SpiTool/SpiFlashCmd/OUTPUT/UefiShellSpiFlashLib.lib
END GROUP
                0x0000000000000228                . = PECOFF_HEADER_SIZE

.text           0x0000000000001000    0x7b406
 *(.text .text.* .stub .gnu.linkonce.t.*)
 .text.IsUnicodeFile
                0x0000000000001000       0xd4 /tmp/Shell.dll.2u1FF2.ltrans0.ltrans.o
 .text.CalculateEfiHdrCrc
                0x00000000000010d4       0x44 /tmp/Shell.dll.2u1FF2.ltrans0.ltrans.o
 .text.EfiShellDisablePageBreak
                0x0000000000001118        0xc /tmp/Shell.dll.2u1FF2.ltrans0.ltrans.o
 .text.EfiShellEnablePageBreak
                0x0000000000001124       0x10 /tmp/Shell.dll.2u1FF2.ltrans0.ltrans.o
 .text.WriteFileTag
                0x0000000000001134       0x7c /tmp/Shell.dll.2u1FF2.ltrans0.ltrans.o
 .text.FindFirstCharacter
                0x00000000000011b0       0xac /tmp/Shell.dll.2u1FF2.ltrans0.ltrans.o
 .text.FixFileName
                0x000000000000125c       0x74 /tmp/Shell.dll.2u1FF2.ltrans0.ltrans.o
 .text.FixVarName
                0x00000000000012d0       0x48 /tmp/Shell.dll.2u1FF2.ltrans0.ltrans.o
 .text.ProcessLibraryConstructorList
                0x0000000000001318     0x1598 /tmp/Shell.dll.2u1FF2.ltrans0.ltrans.o
 .text.ContainsSplit
                0x00000000000028b0       0xec /tmp/Shell.dll.2u1FF2.ltrans0.ltrans.o
 .text.IsCommand
                0x000000000000299c       0x28 /tmp/Shell.dll.2u1FF2.ltrans0.ltrans.o
 .text.IsScriptOnlyCommand
                0x00000000000029c4       0xb0 /tmp/Shell.dll.2u1FF2.ltrans0.ltrans.o
 .text.ProcessCommandLine
                0x0000000000002a74      0x4e4 /tmp/Shell.dll.2u1FF2.ltrans0.ltrans.o
 .text.GetNextParameter
                0x0000000000002f58      0x1c0 /tmp/Shell.dll.2u1FF2.ltrans0.ltrans.o
 .text.EfiShellBatchIsActive
                0x0000000000003118       0x1c /tmp/Shell.dll.2u1FF2.ltrans0.ltrans.o
 .text.InternalDuplicateShellFileInfo
                0x0000000000003134       0xdc /tmp/Shell.dll.2u1FF2.ltrans0.ltrans.o
 .text.GetOperationType.part.0
                0x0000000000003210       0xd8 /tmp/Shell.dll.2u1FF2.ltrans0.ltrans.o
 .text.EfiShellClose
                0x00000000000032e8       0x24 /tmp/Shell.dll.2u1FF2.ltrans0.ltrans.o
 .text.EfiShellSetMap
                0x000000000000330c      0x188 /tmp/Shell.dll.2u1FF2.ltrans0.ltrans.o
 .text.EfiShellGetDevicePathFromMap
                0x0000000000003494       0x84 /tmp/Shell.dll.2u1FF2.ltrans0.ltrans.o
 .text.EfiShellGetFilePathFromDevicePath
                0x0000000000003518      0x2a0 /tmp/Shell.dll.2u1FF2.ltrans0.ltrans.o
 .text.EfiShellGetDevicePathFromFilePath
                0x00000000000037b8      0x1fc /tmp/Shell.dll.2u1FF2.ltrans0.ltrans.o
 .text.EfiShellGetDeviceName
                0x00000000000039b4      0x364 /tmp/Shell.dll.2u1FF2.ltrans0.ltrans.o
 .text.EfiShellRegisterGuidName
                0x0000000000003d18      0x210 /tmp/Shell.dll.2u1FF2.ltrans0.ltrans.o
 .text.EfiShellGetGuidFromName
                0x0000000000003f28       0x58 /tmp/Shell.dll.2u1FF2.ltrans0.ltrans.o
 .text.memcpy   0x0000000000003f80       0x20 /tmp/Shell.dll.2u1FF2.ltrans0.ltrans.o
                0x0000000000003f80                memcpy
 .text.AddBufferToFreeList
                0x0000000000003fa0       0x50 /tmp/Shell.dll.2u1FF2.ltrans0.ltrans.o
                0x0000000000003fa0                AddBufferToFreeList
 .text.EfiShellGetMapFromDevicePath
                0x0000000000003ff0      0x13c /tmp/Shell.dll.2u1FF2.ltrans0.ltrans.o
 .text.EfiShellOpenRootByHandle
                0x000000000000412c       0xcc /tmp/Shell.dll.2u1FF2.ltrans0.ltrans.o
 .text.EfiShellOpenRoot
                0x00000000000041f8       0x68 /tmp/Shell.dll.2u1FF2.ltrans0.ltrans.o
 .text.EfiShellGetGuidName
                0x0000000000004260       0x70 /tmp/Shell.dll.2u1FF2.ltrans0.ltrans.o
 .text.EfiShellGetEnvEx
                0x00000000000042d0      0x2c0 /tmp/Shell.dll.2u1FF2.ltrans0.ltrans.o
 .text.EfiShellGetEnv
                0x0000000000004590        0x8 /tmp/Shell.dll.2u1FF2.ltrans0.ltrans.o
                0x0000000000004590                EfiShellGetEnv
 .text.ProcessCommandLineToFinal
                0x0000000000004598      0x7ac /tmp/Shell.dll.2u1FF2.ltrans0.ltrans.o
 .text.RestoreBufferList
                0x0000000000004d44       0x3c /tmp/Shell.dll.2u1FF2.ltrans0.ltrans.o
                0x0000000000004d44                RestoreBufferList
 .text.ParseCommandLineToArgs
                0x0000000000004d80      0x1f8 /tmp/Shell.dll.2u1FF2.ltrans0.ltrans.o
                0x0000000000004d80                ParseCommandLineToArgs
 .text.InternalShellExecuteDevicePath
                0x0000000000004f78      0x434 /tmp/Shell.dll.2u1FF2.ltrans0.ltrans.o
 .text.RestoreArgcArgv
                0x00000000000053ac       0x9c /tmp/Shell.dll.2u1FF2.ltrans0.ltrans.o
                0x00000000000053ac                RestoreArgcArgv
 .text.InternalOpenFileDevicePath
                0x0000000000005448      0x204 /tmp/Shell.dll.2u1FF2.ltrans0.ltrans.o
                0x0000000000005448                InternalOpenFileDevicePath
 .text.EfiShellCreateFile
                0x000000000000564c       0xb8 /tmp/Shell.dll.2u1FF2.ltrans0.ltrans.o
 .text.EfiShellDeleteFileByName
                0x0000000000005704       0x40 /tmp/Shell.dll.2u1FF2.ltrans0.ltrans.o
 .text.EfiShellOpenFileByName
                0x0000000000005744      0x1b4 /tmp/Shell.dll.2u1FF2.ltrans0.ltrans.o
                0x0000000000005744                EfiShellOpenFileByName
 .text.InternalFreeShellFileInfoNode
                0x00000000000058f8       0x5c /tmp/Shell.dll.2u1FF2.ltrans0.ltrans.o
                0x00000000000058f8                InternalFreeShellFileInfoNode
 .text.EfiShellFreeFileList
                0x0000000000005954       0x80 /tmp/Shell.dll.2u1FF2.ltrans0.ltrans.o
 .text.EfiShellFindFilesInDir
                0x00000000000059d4      0x424 /tmp/Shell.dll.2u1FF2.ltrans0.ltrans.o
 .text.ShellSearchHandle
                0x0000000000005df8      0x384 /tmp/Shell.dll.2u1FF2.ltrans0.ltrans.o
 .text.EfiShellFindFiles
                0x000000000000617c      0x18c /tmp/Shell.dll.2u1FF2.ltrans0.ltrans.o
 .text.EfiShellOpenFileList
                0x0000000000006308      0x220 /tmp/Shell.dll.2u1FF2.ltrans0.ltrans.o
 .text.EfiShellRemoveDupInFileList
                0x0000000000006528      0x10c /tmp/Shell.dll.2u1FF2.ltrans0.ltrans.o
 .text.InternalEfiShellSetEnv
                0x0000000000006634      0x11c /tmp/Shell.dll.2u1FF2.ltrans0.ltrans.o
                0x0000000000006634                InternalEfiShellSetEnv
 .text.RunShellCommand
                0x0000000000006750     0x1c1c /tmp/Shell.dll.2u1FF2.ltrans0.ltrans.o
                0x0000000000006750                RunShellCommand
 .text._ModuleEntryPoint
                0x000000000000836c     0x1e4c /tmp/Shell.dll.2u1FF2.ltrans0.ltrans.o
                0x000000000000836c                _ModuleEntryPoint
 .text.RunSplitCommand
                0x000000000000a1b8      0x2c0 /tmp/Shell.dll.2u1FF2.ltrans0.ltrans.o
 .text.EfiShellExecute
                0x000000000000a478      0x2a0 /tmp/Shell.dll.2u1FF2.ltrans0.ltrans.o
 .text.EfiShellGetPageBreak
                0x000000000000a718        0xc /tmp/Shell.dll.2u1FF2.ltrans1.ltrans.o
                0x000000000000a718                EfiShellGetPageBreak
 .text.EfiShellIsRootShell
                0x000000000000a724        0xc /tmp/Shell.dll.2u1FF2.ltrans1.ltrans.o
                0x000000000000a724                EfiShellIsRootShell
 .text.NotificationFunction
                0x000000000000a730       0x98 /tmp/Shell.dll.2u1FF2.ltrans1.ltrans.o
                0x000000000000a730                NotificationFunction
 .text.FileInterfaceOpenNotFound
                0x000000000000a7c8        0xc /tmp/Shell.dll.2u1FF2.ltrans1.ltrans.o
                0x000000000000a7c8                FileInterfaceOpenNotFound
 .text.FileInterfaceNopGeneric
                0x000000000000a7d4        0x8 /tmp/Shell.dll.2u1FF2.ltrans1.ltrans.o
                0x000000000000a7d4                FileInterfaceNopGeneric
 .text.FileInterfaceNopGetPosition
                0x000000000000a7dc        0x8 /tmp/Shell.dll.2u1FF2.ltrans1.ltrans.o
                0x000000000000a7dc                FileInterfaceNopGetPosition
 .text.FileInterfaceNopSetPosition
                0x000000000000a7e4        0x8 /tmp/Shell.dll.2u1FF2.ltrans1.ltrans.o
                0x000000000000a7e4                FileInterfaceNopSetPosition
 .text.FileInterfaceNopGetInfo
                0x000000000000a7ec        0x8 /tmp/Shell.dll.2u1FF2.ltrans1.ltrans.o
                0x000000000000a7ec                FileInterfaceNopGetInfo
 .text.FileInterfaceNopSetInfo
                0x000000000000a7f4        0x8 /tmp/Shell.dll.2u1FF2.ltrans1.ltrans.o
                0x000000000000a7f4                FileInterfaceNopSetInfo
 .text.FileInterfaceStdOutWrite
                0x000000000000a7fc       0x44 /tmp/Shell.dll.2u1FF2.ltrans1.ltrans.o
                0x000000000000a7fc                FileInterfaceStdOutWrite
 .text.FileInterfaceStdInWrite
                0x000000000000a840        0x8 /tmp/Shell.dll.2u1FF2.ltrans1.ltrans.o
                0x000000000000a840                FileInterfaceStdInWrite
 .text.FileInterfaceStdErrWrite
                0x000000000000a848       0x1c /tmp/Shell.dll.2u1FF2.ltrans1.ltrans.o
                0x000000000000a848                FileInterfaceStdErrWrite
 .text.FileInterfaceStdOutRead
                0x000000000000a864        0x8 /tmp/Shell.dll.2u1FF2.ltrans1.ltrans.o
                0x000000000000a864                FileInterfaceStdOutRead
 .text.FileInterfaceStdErrRead
                0x000000000000a86c        0x8 /tmp/Shell.dll.2u1FF2.ltrans1.ltrans.o
                0x000000000000a86c                FileInterfaceStdErrRead
 .text.FileInterfaceNulRead
                0x000000000000a874        0xc /tmp/Shell.dll.2u1FF2.ltrans1.ltrans.o
                0x000000000000a874                FileInterfaceNulRead
 .text.FileInterfaceNulWrite
                0x000000000000a880        0x8 /tmp/Shell.dll.2u1FF2.ltrans1.ltrans.o
                0x000000000000a880                FileInterfaceNulWrite
 .text.FileInterfaceEnvRead
                0x000000000000a888       0x88 /tmp/Shell.dll.2u1FF2.ltrans1.ltrans.o
 .text.FileInterfaceMemSetPosition
                0x000000000000a910       0x24 /tmp/Shell.dll.2u1FF2.ltrans1.ltrans.o
 .text.FileInterfaceMemGetPosition
                0x000000000000a934       0x10 /tmp/Shell.dll.2u1FF2.ltrans1.ltrans.o
 .text.FileInterfaceFileSetPosition
                0x000000000000a944       0x10 /tmp/Shell.dll.2u1FF2.ltrans1.ltrans.o
                0x000000000000a944                FileInterfaceFileSetPosition
 .text.FileInterfaceFileGetPosition
                0x000000000000a954       0x10 /tmp/Shell.dll.2u1FF2.ltrans1.ltrans.o
                0x000000000000a954                FileInterfaceFileGetPosition
 .text.FileInterfaceFileGetInfo
                0x000000000000a964       0x10 /tmp/Shell.dll.2u1FF2.ltrans1.ltrans.o
                0x000000000000a964                FileInterfaceFileGetInfo
 .text.FileInterfaceFileSetInfo
                0x000000000000a974       0x10 /tmp/Shell.dll.2u1FF2.ltrans1.ltrans.o
                0x000000000000a974                FileInterfaceFileSetInfo
 .text.FileInterfaceFileFlush
                0x000000000000a984       0x10 /tmp/Shell.dll.2u1FF2.ltrans1.ltrans.o
                0x000000000000a984                FileInterfaceFileFlush
 .text.FileInterfaceFileOpen
                0x000000000000a994       0x10 /tmp/Shell.dll.2u1FF2.ltrans1.ltrans.o
                0x000000000000a994                FileInterfaceFileOpen
 .text.ConInWaitForKey
                0x000000000000a9a4       0x14 /tmp/Shell.dll.2u1FF2.ltrans1.ltrans.o
 .text.FileBasedSimpleTextInReset
                0x000000000000a9b8        0x8 /tmp/Shell.dll.2u1FF2.ltrans1.ltrans.o
 .text.FileBasedSimpleTextInReadKeyStroke
                0x000000000000a9c0       0x80 /tmp/Shell.dll.2u1FF2.ltrans1.ltrans.o
 .text.FileBasedSimpleTextOutReset
                0x000000000000aa40        0x8 /tmp/Shell.dll.2u1FF2.ltrans1.ltrans.o
 .text.FileBasedSimpleTextOutTestString
                0x000000000000aa48        0x8 /tmp/Shell.dll.2u1FF2.ltrans1.ltrans.o
                0x000000000000aa48                FileBasedSimpleTextOutTestString
 .text.FileBasedSimpleTextOutQueryMode
                0x000000000000aa50       0x10 /tmp/Shell.dll.2u1FF2.ltrans1.ltrans.o
 .text.FileBasedSimpleTextOutSetMode
                0x000000000000aa60        0x8 /tmp/Shell.dll.2u1FF2.ltrans1.ltrans.o
 .text.FileBasedSimpleTextOutSetAttribute
                0x000000000000aa68        0x8 /tmp/Shell.dll.2u1FF2.ltrans1.ltrans.o
 .text.FileBasedSimpleTextOutClearScreen
                0x000000000000aa70        0x8 /tmp/Shell.dll.2u1FF2.ltrans1.ltrans.o
 .text.FileBasedSimpleTextOutSetCursorPosition
                0x000000000000aa78        0x8 /tmp/Shell.dll.2u1FF2.ltrans1.ltrans.o
 .text.FileBasedSimpleTextOutEnableCursor
                0x000000000000aa80        0x8 /tmp/Shell.dll.2u1FF2.ltrans1.ltrans.o
 .text.SplitStr
                0x000000000000aa88       0x48 /tmp/Shell.dll.2u1FF2.ltrans1.ltrans.o
 .text.IsHexStr
                0x000000000000aad0       0x38 /tmp/Shell.dll.2u1FF2.ltrans1.ltrans.o
 .text.DebugAssertEnabled
                0x000000000000ab08        0x8 /tmp/Shell.dll.2u1FF2.ltrans1.ltrans.o
                0x000000000000ab08                DebugAssertEnabled
 .text.InternalSafeStringIsOverlap
                0x000000000000ab10       0x3c /tmp/Shell.dll.2u1FF2.ltrans1.ltrans.o
                0x000000000000ab10                InternalSafeStringIsOverlap
 .text.DebugPrintLevelEnabled
                0x000000000000ab4c        0x8 /tmp/Shell.dll.2u1FF2.ltrans1.ltrans.o
                0x000000000000ab4c                DebugPrintLevelEnabled
 .text.AsciiStrnLenS
                0x000000000000ab54       0x3c /tmp/Shell.dll.2u1FF2.ltrans1.ltrans.o
                0x000000000000ab54                AsciiStrnLenS
 .text.CharToUpper
                0x000000000000ab90       0x20 /tmp/Shell.dll.2u1FF2.ltrans1.ltrans.o
                0x000000000000ab90                CharToUpper
 .text.InternalHexCharToUintn
                0x000000000000abb0       0x3c /tmp/Shell.dll.2u1FF2.ltrans1.ltrans.o
                0x000000000000abb0                InternalHexCharToUintn
 .text.InternalIsHexaDecimalDigitCharacter
                0x000000000000abec       0x34 /tmp/Shell.dll.2u1FF2.ltrans1.ltrans.o
                0x000000000000abec                InternalIsHexaDecimalDigitCharacter
 .text.MultU64x32
                0x000000000000ac20        0xc /tmp/Shell.dll.2u1FF2.ltrans1.ltrans.o
                0x000000000000ac20                MultU64x32
 .text.StrHexToUint64
                0x000000000000ac2c       0x1c /tmp/Shell.dll.2u1FF2.ltrans1.ltrans.o
                0x000000000000ac2c                StrHexToUint64
 .text.PathRemoveLastItem
                0x000000000000ac48       0x5c /tmp/Shell.dll.2u1FF2.ltrans1.ltrans.o
                0x000000000000ac48                PathRemoveLastItem
 .text.SwapBytes32
                0x000000000000aca4        0x8 /tmp/Shell.dll.2u1FF2.ltrans1.ltrans.o
                0x000000000000aca4                SwapBytes32
 .text.AsciiSPrint
                0x000000000000acac       0x60 /tmp/Shell.dll.2u1FF2.ltrans1.ltrans.o
                0x000000000000acac                AsciiSPrint
 .text.BasePrintLibFillBuffer
                0x000000000000ad0c       0x34 /tmp/Shell.dll.2u1FF2.ltrans1.ltrans.o
                0x000000000000ad0c                BasePrintLibFillBuffer
 .text.BasePrintLibValueToString
                0x000000000000ad40       0x58 /tmp/Shell.dll.2u1FF2.ltrans1.ltrans.o
                0x000000000000ad40                BasePrintLibValueToString
 .text.BaseDebugLibSerialPortConstructor
                0x000000000000ad98       0xdc /tmp/Shell.dll.2u1FF2.ltrans1.ltrans.o
                0x000000000000ad98                BaseDebugLibSerialPortConstructor
 .text.DebugAssert
                0x000000000000ae74       0x50 /tmp/Shell.dll.2u1FF2.ltrans1.ltrans.o
                0x000000000000ae74                DebugAssert
 .text.ConsoleLoggerTestString
                0x000000000000aec4       0x70 /tmp/Shell.dll.2u1FF2.ltrans1.ltrans.o
                0x000000000000aec4                ConsoleLoggerTestString
 .text.ConsoleLoggerQueryMode
                0x000000000000af34       0x88 /tmp/Shell.dll.2u1FF2.ltrans1.ltrans.o
                0x000000000000af34                ConsoleLoggerQueryMode
 .text.ConsoleLoggerSetAttribute
                0x000000000000afbc       0x78 /tmp/Shell.dll.2u1FF2.ltrans1.ltrans.o
                0x000000000000afbc                ConsoleLoggerSetAttribute
 .text.ConsoleLoggerClearScreen
                0x000000000000b034      0x104 /tmp/Shell.dll.2u1FF2.ltrans1.ltrans.o
                0x000000000000b034                ConsoleLoggerClearScreen
 .text.ConsoleLoggerSetCursorPosition
                0x000000000000b138       0xa4 /tmp/Shell.dll.2u1FF2.ltrans1.ltrans.o
                0x000000000000b138                ConsoleLoggerSetCursorPosition
 .text.ConsoleLoggerEnableCursor
                0x000000000000b1dc       0x78 /tmp/Shell.dll.2u1FF2.ltrans1.ltrans.o
                0x000000000000b1dc                ConsoleLoggerEnableCursor
 .text.CopyGuid
                0x000000000000b254       0x64 /tmp/Shell.dll.2u1FF2.ltrans1.ltrans.o
                0x000000000000b254                CopyGuid
 .text.CompareGuid
                0x000000000000b2b8       0x60 /tmp/Shell.dll.2u1FF2.ltrans1.ltrans.o
                0x000000000000b2b8                CompareGuid
 .text.ZeroMem  0x000000000000b318       0x74 /tmp/Shell.dll.2u1FF2.ltrans1.ltrans.o
                0x000000000000b318                ZeroMem
 .text.FileInterfaceMemGetInfo
                0x000000000000b38c       0x94 /tmp/Shell.dll.2u1FF2.ltrans1.ltrans.o
 .text.CopyMem  0x000000000000b420       0xa4 /tmp/Shell.dll.2u1FF2.ltrans1.ltrans.o
                0x000000000000b420                CopyMem
 .text.FileInterfaceMemRead
                0x000000000000b4c4       0x64 /tmp/Shell.dll.2u1FF2.ltrans1.ltrans.o
 .text.AppendStringToHistory
                0x000000000000b528      0x32c /tmp/Shell.dll.2u1FF2.ltrans1.ltrans.o
 .text.ConsoleLoggerOutputStringSplit
                0x000000000000b854       0x48 /tmp/Shell.dll.2u1FF2.ltrans1.ltrans.o
 .text.InternalBaseLibIsListValid
                0x000000000000b89c       0xb0 /tmp/Shell.dll.2u1FF2.ltrans1.ltrans.o
 .text.InsertHeadList
                0x000000000000b94c       0x58 /tmp/Shell.dll.2u1FF2.ltrans1.ltrans.o
                0x000000000000b94c                InsertHeadList
 .text.InsertTailList
                0x000000000000b9a4       0x5c /tmp/Shell.dll.2u1FF2.ltrans1.ltrans.o
                0x000000000000b9a4                InsertTailList
 .text.GetFirstNode
                0x000000000000ba00       0x44 /tmp/Shell.dll.2u1FF2.ltrans1.ltrans.o
                0x000000000000ba00                GetFirstNode
 .text.GetNextNode
                0x000000000000ba44       0x44 /tmp/Shell.dll.2u1FF2.ltrans1.ltrans.o
                0x000000000000ba44                GetNextNode
 .text.GetPreviousNode
                0x000000000000ba88       0x44 /tmp/Shell.dll.2u1FF2.ltrans1.ltrans.o
                0x000000000000ba88                GetPreviousNode
 .text.IsListEmpty
                0x000000000000bacc       0x4c /tmp/Shell.dll.2u1FF2.ltrans1.ltrans.o
                0x000000000000bacc                IsListEmpty
 .text.EfiShellGetCurDir
                0x000000000000bb18       0xd0 /tmp/Shell.dll.2u1FF2.ltrans1.ltrans.o
                0x000000000000bb18                EfiShellGetCurDir
 .text.IsNull   0x000000000000bbe8       0x4c /tmp/Shell.dll.2u1FF2.ltrans1.ltrans.o
                0x000000000000bbe8                IsNull
 .text.IsNodeAtEnd
                0x000000000000bc34       0x6c /tmp/Shell.dll.2u1FF2.ltrans1.ltrans.o
                0x000000000000bc34                IsNodeAtEnd
 .text.RemoveEntryList
                0x000000000000bca0       0x50 /tmp/Shell.dll.2u1FF2.ltrans1.ltrans.o
                0x000000000000bca0                RemoveEntryList
 .text.SwapListEntries
                0x000000000000bcf0       0xb0 /tmp/Shell.dll.2u1FF2.ltrans1.ltrans.o
                0x000000000000bcf0                SwapListEntries
 .text.StrnLenS
                0x000000000000bda0       0x70 /tmp/Shell.dll.2u1FF2.ltrans1.ltrans.o
                0x000000000000bda0                StrnLenS
 .text.StrLen   0x000000000000be10       0xa4 /tmp/Shell.dll.2u1FF2.ltrans1.ltrans.o
                0x000000000000be10                StrLen
 .text.FileBasedSimpleTextOutOutputString
                0x000000000000beb4       0x4c /tmp/Shell.dll.2u1FF2.ltrans1.ltrans.o
 .text.StrSize  0x000000000000bf00       0x1c /tmp/Shell.dll.2u1FF2.ltrans1.ltrans.o
                0x000000000000bf00                StrSize
 .text.StrCmp   0x000000000000bf1c       0x88 /tmp/Shell.dll.2u1FF2.ltrans1.ltrans.o
                0x000000000000bf1c                StrCmp
 .text.EfiShellSetEnv
                0x000000000000bfa4       0xfc /tmp/Shell.dll.2u1FF2.ltrans1.ltrans.o
                0x000000000000bfa4                EfiShellSetEnv
 .text.StrnCmp  0x000000000000c0a0       0xd4 /tmp/Shell.dll.2u1FF2.ltrans1.ltrans.o
                0x000000000000c0a0                StrnCmp
 .text.StrStr   0x000000000000c174       0xa8 /tmp/Shell.dll.2u1FF2.ltrans1.ltrans.o
                0x000000000000c174                StrStr
 .text.PathCleanUpDirectories
                0x000000000000c21c      0x170 /tmp/Shell.dll.2u1FF2.ltrans1.ltrans.o
                0x000000000000c21c                PathCleanUpDirectories
 .text.AsciiStrLen
                0x000000000000c38c       0x90 /tmp/Shell.dll.2u1FF2.ltrans1.ltrans.o
                0x000000000000c38c                AsciiStrLen
 .text.AsciiStrSize
                0x000000000000c41c       0x18 /tmp/Shell.dll.2u1FF2.ltrans1.ltrans.o
 .text.AsciiStrnCmp
                0x000000000000c434       0xd4 /tmp/Shell.dll.2u1FF2.ltrans1.ltrans.o
                0x000000000000c434                AsciiStrnCmp
 .text.RShiftU64
                0x000000000000c508        0x8 /tmp/Shell.dll.2u1FF2.ltrans1.ltrans.o
                0x000000000000c508                RShiftU64
 .text.LShiftU64
                0x000000000000c510        0x8 /tmp/Shell.dll.2u1FF2.ltrans1.ltrans.o
                0x000000000000c510                LShiftU64
 .text.DivU64x32
                0x000000000000c518        0xc /tmp/Shell.dll.2u1FF2.ltrans1.ltrans.o
                0x000000000000c518                DivU64x32
 .text.UnicodeVSPrint
                0x000000000000c524       0x90 /tmp/Shell.dll.2u1FF2.ltrans1.ltrans.o
                0x000000000000c524                UnicodeVSPrint
 .text.UnicodeSPrint
                0x000000000000c5b4       0x50 /tmp/Shell.dll.2u1FF2.ltrans1.ltrans.o
                0x000000000000c5b4                UnicodeSPrint
 .text.SPrintLength
                0x000000000000c604       0x64 /tmp/Shell.dll.2u1FF2.ltrans1.ltrans.o
                0x000000000000c604                SPrintLength
 .text.DebugPrint
                0x000000000000c668       0x98 /tmp/Shell.dll.2u1FF2.ltrans1.ltrans.o
                0x000000000000c668                DebugPrint
 .text.DebugPrintEnabled
                0x000000000000c700        0x8 /tmp/Shell.dll.2u1FF2.ltrans1.ltrans.o
                0x000000000000c700                DebugPrintEnabled
 .text.StrCatS  0x000000000000c708      0x2a0 /tmp/Shell.dll.2u1FF2.ltrans1.ltrans.o
                0x000000000000c708                StrCatS
 .text.StrnCatS
                0x000000000000c9a8      0x2fc /tmp/Shell.dll.2u1FF2.ltrans1.ltrans.o
                0x000000000000c9a8                StrnCatS
 .text.StrDecimalToUintnS
                0x000000000000cca4      0x184 /tmp/Shell.dll.2u1FF2.ltrans1.ltrans.o
                0x000000000000cca4                StrDecimalToUintnS
 .text.StrDecimalToUintn
                0x000000000000ce28       0x20 /tmp/Shell.dll.2u1FF2.ltrans1.ltrans.o
 .text.StrHexToUintnS
                0x000000000000ce48      0x1a8 /tmp/Shell.dll.2u1FF2.ltrans1.ltrans.o
                0x000000000000ce48                StrHexToUintnS
 .text.StrHexToUintn
                0x000000000000cff0       0x20 /tmp/Shell.dll.2u1FF2.ltrans1.ltrans.o
 .text.EisaIdFromText
                0x000000000000d010       0x44 /tmp/Shell.dll.2u1FF2.ltrans1.ltrans.o
 .text.StrHexToBytes
                0x000000000000d054      0x1f8 /tmp/Shell.dll.2u1FF2.ltrans1.ltrans.o
                0x000000000000d054                StrHexToBytes
 .text.StrToGuid
                0x000000000000d24c      0x170 /tmp/Shell.dll.2u1FF2.ltrans1.ltrans.o
                0x000000000000d24c                StrToGuid
 .text.StrDecimalToUint64
                0x000000000000d3bc      0x13c /tmp/Shell.dll.2u1FF2.ltrans1.ltrans.o
 .text.DebugCodeEnabled
                0x000000000000d4f8        0x8 /tmp/Shell.dll.2u1FF2.ltrans1.ltrans.o
                0x000000000000d4f8                DebugCodeEnabled
 .text.AllocatePool
                0x000000000000d500        0x4 /tmp/Shell.dll.2u1FF2.ltrans1.ltrans.o
                0x000000000000d500                AllocatePool
 .text.AllocateZeroPool
                0x000000000000d504       0x34 /tmp/Shell.dll.2u1FF2.ltrans1.ltrans.o
                0x000000000000d504                AllocateZeroPool
 .text.AllocateCopyPool
                0x000000000000d538       0x8c /tmp/Shell.dll.2u1FF2.ltrans1.ltrans.o
                0x000000000000d538                AllocateCopyPool
 .text.FreePool
                0x000000000000d5c4       0x7c /tmp/Shell.dll.2u1FF2.ltrans1.ltrans.o
                0x000000000000d5c4                FreePool
 .text.EfiShellSetCurDir
                0x000000000000d640      0x488 /tmp/Shell.dll.2u1FF2.ltrans1.ltrans.o
                0x000000000000d640                EfiShellSetCurDir
 .text.EfiShellGetHelpText
                0x000000000000dac8      0x27c /tmp/Shell.dll.2u1FF2.ltrans1.ltrans.o
                0x000000000000dac8                EfiShellGetHelpText
 .text.EfiShellGetAlias
                0x000000000000dd44      0x2a4 /tmp/Shell.dll.2u1FF2.ltrans1.ltrans.o
                0x000000000000dd44                EfiShellGetAlias
 .text.InternalSetAlias
                0x000000000000dfe8      0x10c /tmp/Shell.dll.2u1FF2.ltrans1.ltrans.o
                0x000000000000dfe8                InternalSetAlias
 .text.EfiShellSetAlias
                0x000000000000e0f4       0x9c /tmp/Shell.dll.2u1FF2.ltrans1.ltrans.o
                0x000000000000e0f4                EfiShellSetAlias
 .text.FileInterfaceStdInRead
                0x000000000000e190      0xd30 /tmp/Shell.dll.2u1FF2.ltrans1.ltrans.o
                0x000000000000e190                FileInterfaceStdInRead
 .text.FileInterfaceMemClose
                0x000000000000eec0       0x38 /tmp/Shell.dll.2u1FF2.ltrans1.ltrans.o
 .text.CreateFileInterfaceMem
                0x000000000000eef8      0x14c /tmp/Shell.dll.2u1FF2.ltrans1.ltrans.o
                0x000000000000eef8                CreateFileInterfaceMem
 .text.FileInterfaceFileRead
                0x000000000000f044      0x14c /tmp/Shell.dll.2u1FF2.ltrans1.ltrans.o
                0x000000000000f044                FileInterfaceFileRead
 .text.FileInterfaceFileDelete
                0x000000000000f190       0x38 /tmp/Shell.dll.2u1FF2.ltrans1.ltrans.o
                0x000000000000f190                FileInterfaceFileDelete
 .text.FileInterfaceFileClose
                0x000000000000f1c8       0x38 /tmp/Shell.dll.2u1FF2.ltrans1.ltrans.o
                0x000000000000f1c8                FileInterfaceFileClose
 .text.FileInterfaceFileWrite
                0x000000000000f200       0xa4 /tmp/Shell.dll.2u1FF2.ltrans1.ltrans.o
                0x000000000000f200                FileInterfaceFileWrite
 .text.IsVolatileEnv
                0x000000000000f2a4       0xec /tmp/Shell.dll.2u1FF2.ltrans1.ltrans.o
                0x000000000000f2a4                IsVolatileEnv
 .text.CreateFileInterfaceEnv
                0x000000000000f390      0x100 /tmp/Shell.dll.2u1FF2.ltrans1.ltrans.o
                0x000000000000f390                CreateFileInterfaceEnv
 .text.FreeEnvironmentVariableList
                0x000000000000f490       0xe4 /tmp/Shell.dll.2u1FF2.ltrans1.ltrans.o
                0x000000000000f490                FreeEnvironmentVariableList
 .text.GetEnvironmentVariableList
                0x000000000000f574      0x25c /tmp/Shell.dll.2u1FF2.ltrans1.ltrans.o
                0x000000000000f574                GetEnvironmentVariableList
 .text.SetEnvironmentVariableList
                0x000000000000f7d0      0x24c /tmp/Shell.dll.2u1FF2.ltrans1.ltrans.o
                0x000000000000f7d0                SetEnvironmentVariableList
 .text.ShellAddEnvVarToList
                0x000000000000fa1c      0x118 /tmp/Shell.dll.2u1FF2.ltrans1.ltrans.o
                0x000000000000fa1c                ShellAddEnvVarToList
 .text.FileInterfaceEnvClose
                0x000000000000fb34      0x18c /tmp/Shell.dll.2u1FF2.ltrans1.ltrans.o
 .text.FileInterfaceEnvDelete
                0x000000000000fcc0       0x48 /tmp/Shell.dll.2u1FF2.ltrans1.ltrans.o
 .text.FileInterfaceEnvVolWrite
                0x000000000000fd08      0x180 /tmp/Shell.dll.2u1FF2.ltrans1.ltrans.o
 .text.FileInterfaceEnvNonVolWrite
                0x000000000000fe88      0x180 /tmp/Shell.dll.2u1FF2.ltrans1.ltrans.o
 .text.ManFileFindSections
                0x0000000000010008      0x20c /tmp/Shell.dll.2u1FF2.ltrans1.ltrans.o
                0x0000000000010008                ManFileFindSections
 .text.ConsoleLoggerOutputString
                0x0000000000010214      0x434 /tmp/Shell.dll.2u1FF2.ltrans1.ltrans.o
                0x0000000000010214                ConsoleLoggerOutputString
 .text.ConsoleLoggerResetBuffers
                0x0000000000010648       0xdc /tmp/Shell.dll.2u1FF2.ltrans1.ltrans.o
                0x0000000000010648                ConsoleLoggerResetBuffers
 .text.ConsoleLoggerReset
                0x0000000000010724       0x94 /tmp/Shell.dll.2u1FF2.ltrans1.ltrans.o
                0x0000000000010724                ConsoleLoggerReset
 .text.ConsoleLoggerSetMode
                0x00000000000107b8       0xa0 /tmp/Shell.dll.2u1FF2.ltrans1.ltrans.o
                0x00000000000107b8                ConsoleLoggerSetMode
 .text.CreateSimpleTextInOnFile
                0x0000000000010858       0xf4 /tmp/Shell.dll.2u1FF2.ltrans1.ltrans.o
                0x0000000000010858                CreateSimpleTextInOnFile
 .text.CreateSimpleTextOutOnFile
                0x000000000001094c      0x18c /tmp/Shell.dll.2u1FF2.ltrans1.ltrans.o
                0x000000000001094c                CreateSimpleTextOutOnFile
 .text.ReallocatePool
                0x0000000000010ad8       0x70 /tmp/Shell.dll.2u1FF2.ltrans1.ltrans.o
                0x0000000000010ad8                ReallocatePool
 .text.FileInterfaceMemWrite
                0x0000000000010b48      0x17c /tmp/Shell.dll.2u1FF2.ltrans1.ltrans.o
 .text.DevicePathType
                0x0000000000010cc4       0x48 /tmp/Shell.dll.2u1FF2.ltrans1.ltrans.o
                0x0000000000010cc4                DevicePathType
 .text.DevicePathSubType
                0x0000000000010d0c       0x48 /tmp/Shell.dll.2u1FF2.ltrans1.ltrans.o
                0x0000000000010d0c                DevicePathSubType
 .text.DevicePathNodeLength
                0x0000000000010d54       0x50 /tmp/Shell.dll.2u1FF2.ltrans1.ltrans.o
                0x0000000000010d54                DevicePathNodeLength
 .text.NextDevicePathNode
                0x0000000000010da4       0x50 /tmp/Shell.dll.2u1FF2.ltrans1.ltrans.o
                0x0000000000010da4                NextDevicePathNode
 .text.IsDevicePathEndType
                0x0000000000010df4       0x58 /tmp/Shell.dll.2u1FF2.ltrans1.ltrans.o
                0x0000000000010df4                IsDevicePathEndType
 .text.IsDevicePathEnd
                0x0000000000010e4c       0x70 /tmp/Shell.dll.2u1FF2.ltrans1.ltrans.o
                0x0000000000010e4c                IsDevicePathEnd
 .text.SetDevicePathEndNode
                0x0000000000010ebc       0x54 /tmp/Shell.dll.2u1FF2.ltrans1.ltrans.o
                0x0000000000010ebc                SetDevicePathEndNode
 .text.UefiDevicePathLibGetDevicePathSize
                0x0000000000010f10       0x6c /tmp/Shell.dll.2u1FF2.ltrans1.ltrans.o
                0x0000000000010f10                UefiDevicePathLibGetDevicePathSize
 .text.UefiDevicePathLibDuplicateDevicePath
                0x0000000000010f7c       0x34 /tmp/Shell.dll.2u1FF2.ltrans1.ltrans.o
                0x0000000000010f7c                UefiDevicePathLibDuplicateDevicePath
 .text.UefiDevicePathLibAppendDevicePath
                0x0000000000010fb0       0xc4 /tmp/Shell.dll.2u1FF2.ltrans1.ltrans.o
                0x0000000000010fb0                UefiDevicePathLibAppendDevicePath
 .text.UefiDevicePathLibAppendDevicePathNode
                0x0000000000011074       0x9c /tmp/Shell.dll.2u1FF2.ltrans1.ltrans.o
                0x0000000000011074                UefiDevicePathLibAppendDevicePathNode
 .text.UefiDevicePathLibCreateDeviceNode
                0x0000000000011110       0x64 /tmp/Shell.dll.2u1FF2.ltrans1.ltrans.o
                0x0000000000011110                UefiDevicePathLibCreateDeviceNode
 .text.DevPathFromTextVenPcAnsi
                0x0000000000011174       0x40 /tmp/Shell.dll.2u1FF2.ltrans1.ltrans.o
                0x0000000000011174                DevPathFromTextVenPcAnsi
 .text.DevPathFromTextVenVt100
                0x00000000000111b4       0x40 /tmp/Shell.dll.2u1FF2.ltrans1.ltrans.o
                0x00000000000111b4                DevPathFromTextVenVt100
 .text.DevPathFromTextVenVt100Plus
                0x00000000000111f4       0x40 /tmp/Shell.dll.2u1FF2.ltrans1.ltrans.o
                0x00000000000111f4                DevPathFromTextVenVt100Plus
 .text.DevPathFromTextVenUtf8
                0x0000000000011234       0x40 /tmp/Shell.dll.2u1FF2.ltrans1.ltrans.o
                0x0000000000011234                DevPathFromTextVenUtf8
 .text.DevPathFromTextDebugPort
                0x0000000000011274       0x40 /tmp/Shell.dll.2u1FF2.ltrans1.ltrans.o
                0x0000000000011274                DevPathFromTextDebugPort
 .text.DevicePathFromHandle
                0x00000000000112b4       0x38 /tmp/Shell.dll.2u1FF2.ltrans1.ltrans.o
                0x00000000000112b4                DevicePathFromHandle
 .text.FileDevicePath
                0x00000000000112ec       0xa0 /tmp/Shell.dll.2u1FF2.ltrans1.ltrans.o
                0x00000000000112ec                FileDevicePath
 .text.UefiDevicePathLibCatPrint
                0x000000000001138c      0x150 /tmp/Shell.dll.2u1FF2.ltrans1.ltrans.o
                0x000000000001138c                UefiDevicePathLibCatPrint
 .text.DevPathToTextPci
                0x00000000000114dc       0x14 /tmp/Shell.dll.2u1FF2.ltrans1.ltrans.o
 .text.DevPathToTextPccard
                0x00000000000114f0       0x10 /tmp/Shell.dll.2u1FF2.ltrans1.ltrans.o
 .text.DevPathToTextMemMap
                0x0000000000011500       0x14 /tmp/Shell.dll.2u1FF2.ltrans1.ltrans.o
 .text.DevPathToTextVendor
                0x0000000000011514      0x354 /tmp/Shell.dll.2u1FF2.ltrans1.ltrans.o
 .text.DevPathToTextController
                0x0000000000011868       0x10 /tmp/Shell.dll.2u1FF2.ltrans1.ltrans.o
 .text.DevPathToTextBmc
                0x0000000000011878       0x3c /tmp/Shell.dll.2u1FF2.ltrans1.ltrans.o
 .text.DevPathToTextAcpi
                0x00000000000118b4       0xc0 /tmp/Shell.dll.2u1FF2.ltrans1.ltrans.o
 .text.DevPathToTextAcpiEx
                0x0000000000011974      0x298 /tmp/Shell.dll.2u1FF2.ltrans1.ltrans.o
 .text.DevPathToTextAcpiAdr
                0x0000000000011c0c       0x9c /tmp/Shell.dll.2u1FF2.ltrans1.ltrans.o
 .text.DevPathToTextAtapi
                0x0000000000011ca8       0x60 /tmp/Shell.dll.2u1FF2.ltrans1.ltrans.o
 .text.DevPathToTextScsi
                0x0000000000011d08       0x14 /tmp/Shell.dll.2u1FF2.ltrans1.ltrans.o
 .text.DevPathToTextFibre
                0x0000000000011d1c       0x10 /tmp/Shell.dll.2u1FF2.ltrans1.ltrans.o
 .text.DevPathToTextFibreEx
                0x0000000000011d2c       0xa8 /tmp/Shell.dll.2u1FF2.ltrans1.ltrans.o
 .text.DevPathToTextSasEx
                0x0000000000011dd4      0x18c /tmp/Shell.dll.2u1FF2.ltrans1.ltrans.o
 .text.DevPathToTextNVMe
                0x0000000000011f60       0x54 /tmp/Shell.dll.2u1FF2.ltrans1.ltrans.o
 .text.DevPathToTextUfs
                0x0000000000011fb4       0x14 /tmp/Shell.dll.2u1FF2.ltrans1.ltrans.o
 .text.DevPathToTextSd
                0x0000000000011fc8       0x10 /tmp/Shell.dll.2u1FF2.ltrans1.ltrans.o
 .text.DevPathToTextEmmc
                0x0000000000011fd8       0x10 /tmp/Shell.dll.2u1FF2.ltrans1.ltrans.o
 .text.DevPathToText1394
                0x0000000000011fe8       0x10 /tmp/Shell.dll.2u1FF2.ltrans1.ltrans.o
 .text.DevPathToTextUsb
                0x0000000000011ff8       0x14 /tmp/Shell.dll.2u1FF2.ltrans1.ltrans.o
 .text.DevPathToTextUsbWWID
                0x000000000001200c       0xb4 /tmp/Shell.dll.2u1FF2.ltrans1.ltrans.o
 .text.DevPathToTextLogicalUnit
                0x00000000000120c0       0x10 /tmp/Shell.dll.2u1FF2.ltrans1.ltrans.o
 .text.DevPathToTextUsbClass
                0x00000000000120d0      0x194 /tmp/Shell.dll.2u1FF2.ltrans1.ltrans.o
 .text.DevPathToTextSata
                0x0000000000012264       0x18 /tmp/Shell.dll.2u1FF2.ltrans1.ltrans.o
 .text.DevPathToTextI2O
                0x000000000001227c       0x10 /tmp/Shell.dll.2u1FF2.ltrans1.ltrans.o
 .text.DevPathToTextMacAddr
                0x000000000001228c       0x8c /tmp/Shell.dll.2u1FF2.ltrans1.ltrans.o
 .text.CatNetworkProtocol
                0x0000000000012318       0x38 /tmp/Shell.dll.2u1FF2.ltrans1.ltrans.o
 .text.CatIPv6Address
                0x0000000000012350       0x8c /tmp/Shell.dll.2u1FF2.ltrans1.ltrans.o
 .text.DevPathToTextIPv4
                0x00000000000123dc      0x120 /tmp/Shell.dll.2u1FF2.ltrans1.ltrans.o
 .text.DevPathToTextIPv6
                0x00000000000124fc       0xe8 /tmp/Shell.dll.2u1FF2.ltrans1.ltrans.o
 .text.DevPathToTextInfiniBand
                0x00000000000125e4       0x1c /tmp/Shell.dll.2u1FF2.ltrans1.ltrans.o
 .text.DevPathToTextUart
                0x0000000000012600      0x118 /tmp/Shell.dll.2u1FF2.ltrans1.ltrans.o
 .text.DevPathToTextiSCSI
                0x0000000000012718      0x10c /tmp/Shell.dll.2u1FF2.ltrans1.ltrans.o
 .text.DevPathToTextVlan
                0x0000000000012824       0x10 /tmp/Shell.dll.2u1FF2.ltrans1.ltrans.o
 .text.DevPathToTextBluetooth
                0x0000000000012834       0x24 /tmp/Shell.dll.2u1FF2.ltrans1.ltrans.o
 .text.DevPathToTextWiFi
                0x0000000000012858       0x44 /tmp/Shell.dll.2u1FF2.ltrans1.ltrans.o
 .text.DevPathToTextBluetoothLE
                0x000000000001289c       0x44 /tmp/Shell.dll.2u1FF2.ltrans1.ltrans.o
 .text.DevPathToTextDns
                0x00000000000128e0       0xd0 /tmp/Shell.dll.2u1FF2.ltrans1.ltrans.o
 .text.DevPathToTextUri
                0x00000000000129b0       0x94 /tmp/Shell.dll.2u1FF2.ltrans1.ltrans.o
 .text.DevPathToTextHardDrive
                0x0000000000012a44       0x8c /tmp/Shell.dll.2u1FF2.ltrans1.ltrans.o
 .text.DevPathToTextCDROM
                0x0000000000012ad0       0x30 /tmp/Shell.dll.2u1FF2.ltrans1.ltrans.o
 .text.DevPathToTextFilePath
                0x0000000000012b00       0x10 /tmp/Shell.dll.2u1FF2.ltrans1.ltrans.o
 .text.DevPathToTextMediaProtocol
                0x0000000000012b10       0x10 /tmp/Shell.dll.2u1FF2.ltrans1.ltrans.o
 .text.DevPathToTextFv
                0x0000000000012b20       0x10 /tmp/Shell.dll.2u1FF2.ltrans1.ltrans.o
 .text.DevPathToTextFvFile
                0x0000000000012b30       0x10 /tmp/Shell.dll.2u1FF2.ltrans1.ltrans.o
 .text.DevPathRelativeOffsetRange
                0x0000000000012b40       0x10 /tmp/Shell.dll.2u1FF2.ltrans1.ltrans.o
 .text.DevPathToTextRamDisk
                0x0000000000012b50      0x18c /tmp/Shell.dll.2u1FF2.ltrans1.ltrans.o
 .text.DevPathToTextBBS
                0x0000000000012cdc       0xa0 /tmp/Shell.dll.2u1FF2.ltrans1.ltrans.o
 .text.DevPathToTextEndInstance
                0x0000000000012d7c        0xc /tmp/Shell.dll.2u1FF2.ltrans1.ltrans.o
 .text.DevPathToTextNodeGeneric
                0x0000000000012d88       0xfc /tmp/Shell.dll.2u1FF2.ltrans1.ltrans.o
 .text.UefiDevicePathLibConvertDevicePathToText
                0x0000000000012e84      0x13c /tmp/Shell.dll.2u1FF2.ltrans1.ltrans.o
                0x0000000000012e84                UefiDevicePathLibConvertDevicePathToText
 .text.UefiDevicePathLibStrDuplicate
                0x0000000000012fc0       0x24 /tmp/Shell.dll.2u1FF2.ltrans1.ltrans.o
                0x0000000000012fc0                UefiDevicePathLibStrDuplicate
 .text.GetNextParamStr
                0x0000000000012fe4        0x8 /tmp/Shell.dll.2u1FF2.ltrans1.ltrans.o
                0x0000000000012fe4                GetNextParamStr
 .text.DevPathFromText1394
                0x0000000000012fec       0x50 /tmp/Shell.dll.2u1FF2.ltrans1.ltrans.o
                0x0000000000012fec                DevPathFromText1394
 .text.DevPathFromTextUartFlowCtrl
                0x000000000001303c       0x88 /tmp/Shell.dll.2u1FF2.ltrans1.ltrans.o
                0x000000000001303c                DevPathFromTextUartFlowCtrl
 .text.DevPathFromTextBluetooth
                0x00000000000130c4       0x54 /tmp/Shell.dll.2u1FF2.ltrans1.ltrans.o
                0x00000000000130c4                DevPathFromTextBluetooth
 .text.DevPathFromTextWiFi
                0x0000000000013118       0x8c /tmp/Shell.dll.2u1FF2.ltrans1.ltrans.o
                0x0000000000013118                DevPathFromTextWiFi
 .text.DevPathFromTextDns
                0x00000000000131a4      0x104 /tmp/Shell.dll.2u1FF2.ltrans1.ltrans.o
                0x00000000000131a4                DevPathFromTextDns
 .text.DevPathFromTextUri
                0x00000000000132a8       0x60 /tmp/Shell.dll.2u1FF2.ltrans1.ltrans.o
                0x00000000000132a8                DevPathFromTextUri
 .text.Strtoi   0x0000000000013308       0x2c /tmp/Shell.dll.2u1FF2.ltrans1.ltrans.o
                0x0000000000013308                Strtoi
 .text.DevPathFromTextPci
                0x0000000000013334       0x6c /tmp/Shell.dll.2u1FF2.ltrans1.ltrans.o
                0x0000000000013334                DevPathFromTextPci
 .text.DevPathFromTextPcCard
                0x00000000000133a0       0x4c /tmp/Shell.dll.2u1FF2.ltrans1.ltrans.o
                0x00000000000133a0                DevPathFromTextPcCard
 .text.DevPathFromTextCtrl
                0x00000000000133ec       0x4c /tmp/Shell.dll.2u1FF2.ltrans1.ltrans.o
                0x00000000000133ec                DevPathFromTextCtrl
 .text.DevPathFromTextBmc
                0x0000000000013438       0x74 /tmp/Shell.dll.2u1FF2.ltrans1.ltrans.o
                0x0000000000013438                DevPathFromTextBmc
 .text.DevPathFromTextAcpi
                0x00000000000134ac       0x6c /tmp/Shell.dll.2u1FF2.ltrans1.ltrans.o
                0x00000000000134ac                DevPathFromTextAcpi
 .text.ConvertFromTextAcpi
                0x0000000000013518       0x64 /tmp/Shell.dll.2u1FF2.ltrans1.ltrans.o
 .text.DevPathFromTextPciRoot
                0x000000000001357c        0x8 /tmp/Shell.dll.2u1FF2.ltrans1.ltrans.o
                0x000000000001357c                DevPathFromTextPciRoot
 .text.DevPathFromTextPcieRoot
                0x0000000000013584        0x8 /tmp/Shell.dll.2u1FF2.ltrans1.ltrans.o
                0x0000000000013584                DevPathFromTextPcieRoot
 .text.DevPathFromTextFloppy
                0x000000000001358c        0x8 /tmp/Shell.dll.2u1FF2.ltrans1.ltrans.o
                0x000000000001358c                DevPathFromTextFloppy
 .text.DevPathFromTextKeyboard
                0x0000000000013594        0x8 /tmp/Shell.dll.2u1FF2.ltrans1.ltrans.o
                0x0000000000013594                DevPathFromTextKeyboard
 .text.DevPathFromTextSerial
                0x000000000001359c        0x8 /tmp/Shell.dll.2u1FF2.ltrans1.ltrans.o
                0x000000000001359c                DevPathFromTextSerial
 .text.DevPathFromTextParallelPort
                0x00000000000135a4        0x8 /tmp/Shell.dll.2u1FF2.ltrans1.ltrans.o
                0x00000000000135a4                DevPathFromTextParallelPort
 .text.DevPathFromTextAcpiAdr
                0x00000000000135ac       0xf8 /tmp/Shell.dll.2u1FF2.ltrans1.ltrans.o
                0x00000000000135ac                DevPathFromTextAcpiAdr
 .text.DevPathFromTextAta
                0x00000000000136a4       0xf4 /tmp/Shell.dll.2u1FF2.ltrans1.ltrans.o
                0x00000000000136a4                DevPathFromTextAta
 .text.DevPathFromTextScsi
                0x0000000000013798       0x6c /tmp/Shell.dll.2u1FF2.ltrans1.ltrans.o
                0x0000000000013798                DevPathFromTextScsi
 .text.DevPathFromTextUsb
                0x0000000000013804       0x6c /tmp/Shell.dll.2u1FF2.ltrans1.ltrans.o
                0x0000000000013804                DevPathFromTextUsb
 .text.DevPathFromTextI2O
                0x0000000000013870       0x4c /tmp/Shell.dll.2u1FF2.ltrans1.ltrans.o
                0x0000000000013870                DevPathFromTextI2O
 .text.DevPathFromTextNVMe
                0x00000000000138bc       0x88 /tmp/Shell.dll.2u1FF2.ltrans1.ltrans.o
                0x00000000000138bc                DevPathFromTextNVMe
 .text.DevPathFromTextUfs
                0x0000000000013944       0x6c /tmp/Shell.dll.2u1FF2.ltrans1.ltrans.o
                0x0000000000013944                DevPathFromTextUfs
 .text.DevPathFromTextSd
                0x00000000000139b0       0x4c /tmp/Shell.dll.2u1FF2.ltrans1.ltrans.o
                0x00000000000139b0                DevPathFromTextSd
 .text.DevPathFromTextEmmc
                0x00000000000139fc       0x4c /tmp/Shell.dll.2u1FF2.ltrans1.ltrans.o
                0x00000000000139fc                DevPathFromTextEmmc
 .text.DevPathFromTextMAC
                0x0000000000013a48       0x84 /tmp/Shell.dll.2u1FF2.ltrans1.ltrans.o
                0x0000000000013a48                DevPathFromTextMAC
 .text.NetworkProtocolFromText
                0x0000000000013acc       0x5c /tmp/Shell.dll.2u1FF2.ltrans1.ltrans.o
 .text.DevPathFromTextIPv4
                0x0000000000013b28      0x120 /tmp/Shell.dll.2u1FF2.ltrans1.ltrans.o
                0x0000000000013b28                DevPathFromTextIPv4
 .text.DevPathFromTextIPv6
                0x0000000000013c48      0x134 /tmp/Shell.dll.2u1FF2.ltrans1.ltrans.o
                0x0000000000013c48                DevPathFromTextIPv6
 .text.ConvertFromTextUsbClass
                0x0000000000013d7c      0x118 /tmp/Shell.dll.2u1FF2.ltrans1.ltrans.o
 .text.DevPathFromTextUsbClass
                0x0000000000013e94       0x24 /tmp/Shell.dll.2u1FF2.ltrans1.ltrans.o
                0x0000000000013e94                DevPathFromTextUsbClass
 .text.DevPathFromTextUsbAudio
                0x0000000000013eb8       0x28 /tmp/Shell.dll.2u1FF2.ltrans1.ltrans.o
                0x0000000000013eb8                DevPathFromTextUsbAudio
 .text.DevPathFromTextUsbCDCControl
                0x0000000000013ee0       0x28 /tmp/Shell.dll.2u1FF2.ltrans1.ltrans.o
                0x0000000000013ee0                DevPathFromTextUsbCDCControl
 .text.DevPathFromTextUsbHID
                0x0000000000013f08       0x28 /tmp/Shell.dll.2u1FF2.ltrans1.ltrans.o
                0x0000000000013f08                DevPathFromTextUsbHID
 .text.DevPathFromTextUsbImage
                0x0000000000013f30       0x28 /tmp/Shell.dll.2u1FF2.ltrans1.ltrans.o
                0x0000000000013f30                DevPathFromTextUsbImage
 .text.DevPathFromTextUsbPrinter
                0x0000000000013f58       0x28 /tmp/Shell.dll.2u1FF2.ltrans1.ltrans.o
                0x0000000000013f58                DevPathFromTextUsbPrinter
 .text.DevPathFromTextUsbMassStorage
                0x0000000000013f80       0x28 /tmp/Shell.dll.2u1FF2.ltrans1.ltrans.o
                0x0000000000013f80                DevPathFromTextUsbMassStorage
 .text.DevPathFromTextUsbHub
                0x0000000000013fa8       0x28 /tmp/Shell.dll.2u1FF2.ltrans1.ltrans.o
                0x0000000000013fa8                DevPathFromTextUsbHub
 .text.DevPathFromTextUsbCDCData
                0x0000000000013fd0       0x28 /tmp/Shell.dll.2u1FF2.ltrans1.ltrans.o
                0x0000000000013fd0                DevPathFromTextUsbCDCData
 .text.DevPathFromTextUsbSmartCard
                0x0000000000013ff8       0x28 /tmp/Shell.dll.2u1FF2.ltrans1.ltrans.o
                0x0000000000013ff8                DevPathFromTextUsbSmartCard
 .text.DevPathFromTextUsbVideo
                0x0000000000014020       0x28 /tmp/Shell.dll.2u1FF2.ltrans1.ltrans.o
                0x0000000000014020                DevPathFromTextUsbVideo
 .text.DevPathFromTextUsbDiagnostic
                0x0000000000014048       0x28 /tmp/Shell.dll.2u1FF2.ltrans1.ltrans.o
                0x0000000000014048                DevPathFromTextUsbDiagnostic
 .text.DevPathFromTextUsbWireless
                0x0000000000014070       0x28 /tmp/Shell.dll.2u1FF2.ltrans1.ltrans.o
                0x0000000000014070                DevPathFromTextUsbWireless
 .text.DevPathFromTextUsbDeviceFirmwareUpdate
                0x0000000000014098       0x24 /tmp/Shell.dll.2u1FF2.ltrans1.ltrans.o
                0x0000000000014098                DevPathFromTextUsbDeviceFirmwareUpdate
 .text.DevPathFromTextUsbIrdaBridge
                0x00000000000140bc       0x24 /tmp/Shell.dll.2u1FF2.ltrans1.ltrans.o
                0x00000000000140bc                DevPathFromTextUsbIrdaBridge
 .text.DevPathFromTextUsbTestAndMeasurement
                0x00000000000140e0       0x24 /tmp/Shell.dll.2u1FF2.ltrans1.ltrans.o
                0x00000000000140e0                DevPathFromTextUsbTestAndMeasurement
 .text.DevPathFromTextUsbWwid
                0x0000000000014104       0xe8 /tmp/Shell.dll.2u1FF2.ltrans1.ltrans.o
                0x0000000000014104                DevPathFromTextUsbWwid
 .text.DevPathFromTextUnit
                0x00000000000141ec       0x4c /tmp/Shell.dll.2u1FF2.ltrans1.ltrans.o
                0x00000000000141ec                DevPathFromTextUnit
 .text.DevPathFromTextVlan
                0x0000000000014238       0x4c /tmp/Shell.dll.2u1FF2.ltrans1.ltrans.o
                0x0000000000014238                DevPathFromTextVlan
 .text.DevPathFromTextBluetoothLE
                0x0000000000014284       0x74 /tmp/Shell.dll.2u1FF2.ltrans1.ltrans.o
                0x0000000000014284                DevPathFromTextBluetoothLE
 .text.Strtoi64
                0x00000000000142f8       0x40 /tmp/Shell.dll.2u1FF2.ltrans1.ltrans.o
                0x00000000000142f8                Strtoi64
 .text.DevPathFromTextMemoryMapped
                0x0000000000014338       0x84 /tmp/Shell.dll.2u1FF2.ltrans1.ltrans.o
                0x0000000000014338                DevPathFromTextMemoryMapped
 .text.DevPathFromTextFibre
                0x00000000000143bc       0x70 /tmp/Shell.dll.2u1FF2.ltrans1.ltrans.o
                0x00000000000143bc                DevPathFromTextFibre
 .text.DevPathFromTextFibreEx
                0x000000000001442c       0x88 /tmp/Shell.dll.2u1FF2.ltrans1.ltrans.o
                0x000000000001442c                DevPathFromTextFibreEx
 .text.DevPathFromTextInfiniband
                0x00000000000144b4       0xbc /tmp/Shell.dll.2u1FF2.ltrans1.ltrans.o
                0x00000000000144b4                DevPathFromTextInfiniband
 .text.DevPathFromTextSAS
                0x0000000000014570      0x218 /tmp/Shell.dll.2u1FF2.ltrans1.ltrans.o
                0x0000000000014570                DevPathFromTextSAS
 .text.DevPathFromTextSasEx
                0x0000000000014788      0x210 /tmp/Shell.dll.2u1FF2.ltrans1.ltrans.o
                0x0000000000014788                DevPathFromTextSasEx
 .text.DevPathFromTextUart
                0x0000000000014998      0x1b0 /tmp/Shell.dll.2u1FF2.ltrans1.ltrans.o
                0x0000000000014998                DevPathFromTextUart
 .text.DevPathFromTextHD
                0x0000000000014b48      0x12c /tmp/Shell.dll.2u1FF2.ltrans1.ltrans.o
                0x0000000000014b48                DevPathFromTextHD
 .text.DevPathFromTextCDROM
                0x0000000000014c74       0x84 /tmp/Shell.dll.2u1FF2.ltrans1.ltrans.o
                0x0000000000014c74                DevPathFromTextCDROM
 .text.StrToAscii
                0x0000000000014cf8       0x2c /tmp/Shell.dll.2u1FF2.ltrans1.ltrans.o
                0x0000000000014cf8                StrToAscii
 .text.DevPathFromTextAcpiEx
                0x0000000000014d24      0x104 /tmp/Shell.dll.2u1FF2.ltrans1.ltrans.o
                0x0000000000014d24                DevPathFromTextAcpiEx
 .text.DevPathFromTextAcpiExp
                0x0000000000014e28       0xb8 /tmp/Shell.dll.2u1FF2.ltrans1.ltrans.o
                0x0000000000014e28                DevPathFromTextAcpiExp
 .text.DevPathFromTextiSCSI
                0x0000000000014ee0      0x174 /tmp/Shell.dll.2u1FF2.ltrans1.ltrans.o
                0x0000000000014ee0                DevPathFromTextiSCSI
 .text.DevPathFromTextGenericPath
                0x0000000000015054       0x88 /tmp/Shell.dll.2u1FF2.ltrans1.ltrans.o
                0x0000000000015054                DevPathFromTextGenericPath
 .text.DevPathFromTextPath
                0x00000000000150dc       0x28 /tmp/Shell.dll.2u1FF2.ltrans1.ltrans.o
                0x00000000000150dc                DevPathFromTextPath
 .text.DevPathFromTextHardwarePath
                0x0000000000015104        0xc /tmp/Shell.dll.2u1FF2.ltrans1.ltrans.o
                0x0000000000015104                DevPathFromTextHardwarePath
 .text.DevPathFromTextAcpiPath
                0x0000000000015110        0xc /tmp/Shell.dll.2u1FF2.ltrans1.ltrans.o
                0x0000000000015110                DevPathFromTextAcpiPath
 .text.DevPathFromTextMsg
                0x000000000001511c        0xc /tmp/Shell.dll.2u1FF2.ltrans1.ltrans.o
                0x000000000001511c                DevPathFromTextMsg
 .text.DevPathFromTextMediaPath
                0x0000000000015128        0xc /tmp/Shell.dll.2u1FF2.ltrans1.ltrans.o
                0x0000000000015128                DevPathFromTextMediaPath
 .text.ConvertFromTextVendor
                0x0000000000015134       0x90 /tmp/Shell.dll.2u1FF2.ltrans1.ltrans.o
                0x0000000000015134                ConvertFromTextVendor
 .text.DevPathFromTextVenHw
                0x00000000000151c4        0xc /tmp/Shell.dll.2u1FF2.ltrans1.ltrans.o
                0x00000000000151c4                DevPathFromTextVenHw
 .text.DevPathFromTextVenMsg
                0x00000000000151d0        0xc /tmp/Shell.dll.2u1FF2.ltrans1.ltrans.o
                0x00000000000151d0                DevPathFromTextVenMsg
 .text.FileHandleSetInfo
                0x00000000000151dc       0x34 /tmp/Shell.dll.2u1FF2.ltrans2.ltrans.o
                0x00000000000151dc                FileHandleSetInfo
 .text.FileHandleRead
                0x0000000000015210       0x1c /tmp/Shell.dll.2u1FF2.ltrans2.ltrans.o
                0x0000000000015210                FileHandleRead
 .text.FileHandleWrite
                0x000000000001522c       0x1c /tmp/Shell.dll.2u1FF2.ltrans2.ltrans.o
                0x000000000001522c                FileHandleWrite
 .text.FileHandleClose
                0x0000000000015248       0x1c /tmp/Shell.dll.2u1FF2.ltrans2.ltrans.o
                0x0000000000015248                FileHandleClose
 .text.FileHandleDelete
                0x0000000000015264       0x1c /tmp/Shell.dll.2u1FF2.ltrans2.ltrans.o
                0x0000000000015264                FileHandleDelete
 .text.FileHandleSetPosition
                0x0000000000015280       0x1c /tmp/Shell.dll.2u1FF2.ltrans2.ltrans.o
                0x0000000000015280                FileHandleSetPosition
 .text.FileHandleGetPosition
                0x000000000001529c       0x24 /tmp/Shell.dll.2u1FF2.ltrans2.ltrans.o
                0x000000000001529c                FileHandleGetPosition
 .text.FileHandleFlush
                0x00000000000152c0       0x1c /tmp/Shell.dll.2u1FF2.ltrans2.ltrans.o
                0x00000000000152c0                FileHandleFlush
 .text.DevPathFromTextVenMedia
                0x00000000000152dc        0xc /tmp/Shell.dll.2u1FF2.ltrans2.ltrans.o
                0x00000000000152dc                DevPathFromTextVenMedia
 .text.DevPathFromTextMedia
                0x00000000000152e8       0x4c /tmp/Shell.dll.2u1FF2.ltrans2.ltrans.o
                0x00000000000152e8                DevPathFromTextMedia
 .text.DevPathFromTextFv
                0x0000000000015334       0x4c /tmp/Shell.dll.2u1FF2.ltrans2.ltrans.o
                0x0000000000015334                DevPathFromTextFv
 .text.DevPathFromTextFvFile
                0x0000000000015380       0x4c /tmp/Shell.dll.2u1FF2.ltrans2.ltrans.o
                0x0000000000015380                DevPathFromTextFvFile
 .text.DevPathFromTextRelativeOffsetRange
                0x00000000000153cc       0x6c /tmp/Shell.dll.2u1FF2.ltrans2.ltrans.o
                0x00000000000153cc                DevPathFromTextRelativeOffsetRange
 .text.DevPathFromTextSata
                0x0000000000015438       0x94 /tmp/Shell.dll.2u1FF2.ltrans2.ltrans.o
                0x0000000000015438                DevPathFromTextSata
 .text.DevPathFromTextRamDisk
                0x00000000000154cc       0xbc /tmp/Shell.dll.2u1FF2.ltrans2.ltrans.o
                0x00000000000154cc                DevPathFromTextRamDisk
 .text.DevPathFromTextVirtualDisk
                0x0000000000015588       0xac /tmp/Shell.dll.2u1FF2.ltrans2.ltrans.o
                0x0000000000015588                DevPathFromTextVirtualDisk
 .text.DevPathFromTextVirtualCd
                0x0000000000015634       0xac /tmp/Shell.dll.2u1FF2.ltrans2.ltrans.o
                0x0000000000015634                DevPathFromTextVirtualCd
 .text.DevPathFromTextPersistentVirtualDisk
                0x00000000000156e0       0xac /tmp/Shell.dll.2u1FF2.ltrans2.ltrans.o
                0x00000000000156e0                DevPathFromTextPersistentVirtualDisk
 .text.DevPathFromTextPersistentVirtualCd
                0x000000000001578c       0xac /tmp/Shell.dll.2u1FF2.ltrans2.ltrans.o
                0x000000000001578c                DevPathFromTextPersistentVirtualCd
 .text.DevPathFromTextBbsPath
                0x0000000000015838        0xc /tmp/Shell.dll.2u1FF2.ltrans2.ltrans.o
                0x0000000000015838                DevPathFromTextBbsPath
 .text.DevPathFromTextBBS
                0x0000000000015844      0x13c /tmp/Shell.dll.2u1FF2.ltrans2.ltrans.o
                0x0000000000015844                DevPathFromTextBBS
 .text.FileHandleGetInfo
                0x0000000000015980       0x98 /tmp/Shell.dll.2u1FF2.ltrans2.ltrans.o
                0x0000000000015980                FileHandleGetInfo
 .text.FileHandleGetSize
                0x0000000000015a18       0x54 /tmp/Shell.dll.2u1FF2.ltrans2.ltrans.o
                0x0000000000015a18                FileHandleGetSize
 .text.DevicePathCompare
                0x0000000000015a6c      0x13c /tmp/Shell.dll.2u1FF2.ltrans2.ltrans.o
                0x0000000000015a6c                DevicePathCompare
 .text.InternalPrintTo
                0x0000000000015ba8       0xb4 /tmp/Shell.dll.2u1FF2.ltrans2.ltrans.o
 .text.InternalShellPrintWorker
                0x0000000000015c5c      0x4d4 /tmp/Shell.dll.2u1FF2.ltrans2.ltrans.o
 .text.DriverEfiVersionProtocolDumpInformation
                0x0000000000016130       0xbc /tmp/Shell.dll.2u1FF2.ltrans2.ltrans.o
 .text.EfiGetSystemConfigurationTable
                0x00000000000161ec       0x94 /tmp/Shell.dll.2u1FF2.ltrans2.ltrans.o
                0x00000000000161ec                EfiGetSystemConfigurationTable
 .text.GetVariable2
                0x0000000000016280      0x130 /tmp/Shell.dll.2u1FF2.ltrans2.ltrans.o
                0x0000000000016280                GetVariable2
 .text.GetBestLanguage
                0x00000000000163b0      0x1ac /tmp/Shell.dll.2u1FF2.ltrans2.ltrans.o
                0x00000000000163b0                GetBestLanguage
 .text.StringNoCaseCompare
                0x000000000001655c       0xc8 /tmp/Shell.dll.2u1FF2.ltrans2.ltrans.o
                0x000000000001655c                StringNoCaseCompare
 .text.HiiAddPackages
                0x0000000000016624      0x194 /tmp/Shell.dll.2u1FF2.ltrans2.ltrans.o
                0x0000000000016624                HiiAddPackages
 .text.HiiRemovePackages
                0x00000000000167b8       0xb4 /tmp/Shell.dll.2u1FF2.ltrans2.ltrans.o
                0x00000000000167b8                HiiRemovePackages
 .text.HiiGetSupportedLanguages
                0x000000000001686c       0xbc /tmp/Shell.dll.2u1FF2.ltrans2.ltrans.o
                0x000000000001686c                HiiGetSupportedLanguages
 .text.HiiGetString
                0x0000000000016928      0x194 /tmp/Shell.dll.2u1FF2.ltrans2.ltrans.o
                0x0000000000016928                HiiGetString
 .text.EdidDiscoveredProtocolDumpInformation
                0x0000000000016abc      0x110 /tmp/Shell.dll.2u1FF2.ltrans2.ltrans.o
 .text.EdidActiveProtocolDumpInformation
                0x0000000000016bcc      0x110 /tmp/Shell.dll.2u1FF2.ltrans2.ltrans.o
 .text.FirmwareManagementDumpInformation
                0x0000000000016cdc      0x778 /tmp/Shell.dll.2u1FF2.ltrans2.ltrans.o
 .text.FileHandleIsDirectory
                0x0000000000017454       0x50 /tmp/Shell.dll.2u1FF2.ltrans2.ltrans.o
                0x0000000000017454                FileHandleIsDirectory
 .text.FileHandleFindNextFile.part.0
                0x00000000000174a4       0xa0 /tmp/Shell.dll.2u1FF2.ltrans2.ltrans.o
                0x00000000000174a4                FileHandleFindNextFile.part.0
 .text.ShellIsHexaDecimalDigitCharacter
                0x0000000000017544       0x3c /tmp/Shell.dll.2u1FF2.ltrans2.ltrans.o
                0x0000000000017544                ShellIsHexaDecimalDigitCharacter
 .text.InternalShellIsHexOrDecimalNumber
                0x0000000000017580      0x12c /tmp/Shell.dll.2u1FF2.ltrans2.ltrans.o
 .text.ShellInitialize
                0x00000000000176ac       0x84 /tmp/Shell.dll.2u1FF2.ltrans2.ltrans.o
                0x00000000000176ac                ShellInitialize
 .text.ShellGetFileInfo
                0x0000000000017730       0x10 /tmp/Shell.dll.2u1FF2.ltrans2.ltrans.o
                0x0000000000017730                ShellGetFileInfo
 .text.ShellCreateDirectory
                0x0000000000017740       0x2c /tmp/Shell.dll.2u1FF2.ltrans2.ltrans.o
                0x0000000000017740                ShellCreateDirectory
 .text.ShellOpenFileByName
                0x000000000001776c      0x3e8 /tmp/Shell.dll.2u1FF2.ltrans2.ltrans.o
                0x000000000001776c                ShellOpenFileByName
 .text.ShellReadFile
                0x0000000000017b54       0x10 /tmp/Shell.dll.2u1FF2.ltrans2.ltrans.o
                0x0000000000017b54                ShellReadFile
 .text.ShellWriteFile
                0x0000000000017b64       0x10 /tmp/Shell.dll.2u1FF2.ltrans2.ltrans.o
                0x0000000000017b64                ShellWriteFile
 .text.ShellGetFileSize
                0x0000000000017b74       0x10 /tmp/Shell.dll.2u1FF2.ltrans2.ltrans.o
                0x0000000000017b74                ShellGetFileSize
 .text.ShellGetExecutionBreakFlag
                0x0000000000017b84       0x58 /tmp/Shell.dll.2u1FF2.ltrans2.ltrans.o
                0x0000000000017b84                ShellGetExecutionBreakFlag
 .text.ShellGetEnvironmentVariable
                0x0000000000017bdc       0x2c /tmp/Shell.dll.2u1FF2.ltrans2.ltrans.o
                0x0000000000017bdc                ShellGetEnvironmentVariable
 .text.ShellGetCurrentDir
                0x0000000000017c08       0x34 /tmp/Shell.dll.2u1FF2.ltrans2.ltrans.o
                0x0000000000017c08                ShellGetCurrentDir
 .text.FullyQualifyPath
                0x0000000000017c3c      0x188 /tmp/Shell.dll.2u1FF2.ltrans2.ltrans.o
                0x0000000000017c3c                FullyQualifyPath
 .text.ShellCloseFileMetaArg
                0x0000000000017dc4       0xb8 /tmp/Shell.dll.2u1FF2.ltrans2.ltrans.o
                0x0000000000017dc4                ShellCloseFileMetaArg
 .text.InternalIsFlag
                0x0000000000017e7c       0xa4 /tmp/Shell.dll.2u1FF2.ltrans2.ltrans.o
                0x0000000000017e7c                InternalIsFlag
 .text.ShellCommandLineFreeVarList
                0x0000000000017f20       0x70 /tmp/Shell.dll.2u1FF2.ltrans2.ltrans.o
                0x0000000000017f20                ShellCommandLineFreeVarList
 .text.ShellCommandLineGetRawValue
                0x0000000000017f90       0x78 /tmp/Shell.dll.2u1FF2.ltrans2.ltrans.o
                0x0000000000017f90                ShellCommandLineGetRawValue
 .text.ShellCommandLineGetCount
                0x0000000000018008       0x74 /tmp/Shell.dll.2u1FF2.ltrans2.ltrans.o
                0x0000000000018008                ShellCommandLineGetCount
 .text.ShellPrintEx
                0x000000000001807c       0x84 /tmp/Shell.dll.2u1FF2.ltrans2.ltrans.o
                0x000000000001807c                ShellPrintEx
 .text.ShellPrintHiiEx
                0x0000000000018100       0xc0 /tmp/Shell.dll.2u1FF2.ltrans2.ltrans.o
                0x0000000000018100                ShellPrintHiiEx
 .text.ShellIsFile
                0x00000000000181c0       0x8c /tmp/Shell.dll.2u1FF2.ltrans2.ltrans.o
                0x00000000000181c0                ShellIsFile
 .text.StrnCatGrow
                0x000000000001824c      0x174 /tmp/Shell.dll.2u1FF2.ltrans2.ltrans.o
                0x000000000001824c                StrnCatGrow
 .text.ShellFindFilePath
                0x00000000000183c0      0x2f8 /tmp/Shell.dll.2u1FF2.ltrans2.ltrans.o
                0x00000000000183c0                ShellFindFilePath
 .text.ShellCommandLineGetFlag
                0x00000000000186b8      0x104 /tmp/Shell.dll.2u1FF2.ltrans2.ltrans.o
                0x00000000000186b8                ShellCommandLineGetFlag
 .text.ShellCommandLineGetValue
                0x00000000000187bc      0x114 /tmp/Shell.dll.2u1FF2.ltrans2.ltrans.o
                0x00000000000187bc                ShellCommandLineGetValue
 .text.ShellIsDirectory
                0x00000000000188d0      0x160 /tmp/Shell.dll.2u1FF2.ltrans2.ltrans.o
                0x00000000000188d0                ShellIsDirectory
 .text.ConvertMemoryType
                0x0000000000018a30      0x158 /tmp/Shell.dll.2u1FF2.ltrans2.ltrans.o
 .text.DevicePathProtocolDumpInformationEx
                0x0000000000018b88      0x16c /tmp/Shell.dll.2u1FF2.ltrans2.ltrans.o
 .text.DevicePathProtocolDumpInformation
                0x0000000000018cf4        0xc /tmp/Shell.dll.2u1FF2.ltrans2.ltrans.o
 .text.LoadedImageDevicePathProtocolDumpInformation
                0x0000000000018d00        0xc /tmp/Shell.dll.2u1FF2.ltrans2.ltrans.o
 .text.ShellPromptForResponse
                0x0000000000018d0c      0x5f8 /tmp/Shell.dll.2u1FF2.ltrans2.ltrans.o
                0x0000000000018d0c                ShellPromptForResponse
 .text.ShellPromptForResponseHii
                0x0000000000019304       0x58 /tmp/Shell.dll.2u1FF2.ltrans2.ltrans.o
                0x0000000000019304                ShellPromptForResponseHii
 .text.ShellConvertStringToUint64
                0x000000000001935c      0x2b4 /tmp/Shell.dll.2u1FF2.ltrans2.ltrans.o
                0x000000000001935c                ShellConvertStringToUint64
 .text.ShellHexStrToUintn
                0x0000000000019610       0x2c /tmp/Shell.dll.2u1FF2.ltrans2.ltrans.o
                0x0000000000019610                ShellHexStrToUintn
 .text.ShellStrToUintn
                0x000000000001963c       0x48 /tmp/Shell.dll.2u1FF2.ltrans2.ltrans.o
                0x000000000001963c                ShellStrToUintn
 .text.ShellFileHandleReadLine
                0x0000000000019684      0x2ac /tmp/Shell.dll.2u1FF2.ltrans2.ltrans.o
                0x0000000000019684                ShellFileHandleReadLine
 .text.ShellFileHandleReturnLine
                0x0000000000019930       0xc0 /tmp/Shell.dll.2u1FF2.ltrans2.ltrans.o
                0x0000000000019930                ShellFileHandleReturnLine
 .text.ShellPrintHelp
                0x00000000000199f0      0x118 /tmp/Shell.dll.2u1FF2.ltrans2.ltrans.o
                0x00000000000199f0                ShellPrintHelp
 .text.InternalShellStripQuotes
                0x0000000000019b08       0x88 /tmp/Shell.dll.2u1FF2.ltrans2.ltrans.o
                0x0000000000019b08                InternalShellStripQuotes
                0x0000000000019b08                ShellLevel2StripQuotes
 .text.ShellOpenFileMetaArg
                0x0000000000019b90      0x37c /tmp/Shell.dll.2u1FF2.ltrans2.ltrans.o
                0x0000000000019b90                ShellOpenFileMetaArg
 .text.ShellFileExists
                0x0000000000019f0c       0x68 /tmp/Shell.dll.2u1FF2.ltrans2.ltrans.o
                0x0000000000019f0c                ShellFileExists
 .text.HandleParsingHiiInit
                0x0000000000019f74       0x7c /tmp/Shell.dll.2u1FF2.ltrans2.ltrans.o
                0x0000000000019f74                HandleParsingHiiInit
 .text.LoadedImageProtocolDumpInformation
                0x0000000000019ff0      0x228 /tmp/Shell.dll.2u1FF2.ltrans2.ltrans.o
 .text.GraphicsOutputProtocolDumpInformation
                0x000000000001a218      0x2d4 /tmp/Shell.dll.2u1FF2.ltrans2.ltrans.o
 .text.PciRootBridgeIoDumpInformation
                0x000000000001a4ec      0x2e8 /tmp/Shell.dll.2u1FF2.ltrans2.ltrans.o
 .text.TxtOutProtocolDumpInformation
                0x000000000001a7d4      0x210 /tmp/Shell.dll.2u1FF2.ltrans2.ltrans.o
 .text.BlockIoProtocolDumpInformation
                0x000000000001a9e4      0x198 /tmp/Shell.dll.2u1FF2.ltrans2.ltrans.o
 .text.DebugSupportProtocolDumpInformation
                0x000000000001ab7c      0x108 /tmp/Shell.dll.2u1FF2.ltrans2.ltrans.o
 .text.PciIoProtocolDumpInformation
                0x000000000001ac84      0x180 /tmp/Shell.dll.2u1FF2.ltrans2.ltrans.o
 .text.UsbIoProtocolDumpInformation
                0x000000000001ae04       0xb4 /tmp/Shell.dll.2u1FF2.ltrans2.ltrans.o
 .text.PartitionInfoProtocolDumpInformation
                0x000000000001aeb8      0x128 /tmp/Shell.dll.2u1FF2.ltrans2.ltrans.o
 .text.InternalShellGetNodeFromGuid
                0x000000000001afe0       0xf4 /tmp/Shell.dll.2u1FF2.ltrans2.ltrans.o
                0x000000000001afe0                InternalShellGetNodeFromGuid
 .text.GetStringNameFromGuid
                0x000000000001b0d4       0x4c /tmp/Shell.dll.2u1FF2.ltrans2.ltrans.o
                0x000000000001b0d4                GetStringNameFromGuid
 .text.AdapterInformationDumpInformation
                0x000000000001b120      0x504 /tmp/Shell.dll.2u1FF2.ltrans2.ltrans.o
 .text.GetProtocolInformationDump
                0x000000000001b624       0xb8 /tmp/Shell.dll.2u1FF2.ltrans2.ltrans.o
                0x000000000001b624                GetProtocolInformationDump
 .text.GetGuidFromStringName
                0x000000000001b6dc      0x1a8 /tmp/Shell.dll.2u1FF2.ltrans2.ltrans.o
                0x000000000001b6dc                GetGuidFromStringName
 .text.GetStringNameFromHandle
                0x000000000001b884      0x114 /tmp/Shell.dll.2u1FF2.ltrans2.ltrans.o
                0x000000000001b884                GetStringNameFromHandle
 .text.ConvertHandleToHandleIndex
                0x000000000001b998      0x110 /tmp/Shell.dll.2u1FF2.ltrans2.ltrans.o
                0x000000000001b998                ConvertHandleToHandleIndex
 .text.BusSpecificDriverOverrideProtocolDumpInformation
                0x000000000001baa8      0x130 /tmp/Shell.dll.2u1FF2.ltrans2.ltrans.o
 .text.ConvertHandleIndexToHandle
                0x000000000001bbd8       0xb8 /tmp/Shell.dll.2u1FF2.ltrans2.ltrans.o
                0x000000000001bbd8                ConvertHandleIndexToHandle
 .text.ParseHandleDatabaseByRelationshipWithType
                0x000000000001bc90      0x714 /tmp/Shell.dll.2u1FF2.ltrans2.ltrans.o
                0x000000000001bc90                ParseHandleDatabaseByRelationshipWithType
 .text.ParseHandleDatabaseByRelationship
                0x000000000001c3a4      0x1c4 /tmp/Shell.dll.2u1FF2.ltrans2.ltrans.o
                0x000000000001c3a4                ParseHandleDatabaseByRelationship
 .text.GetHandleListByProtocol
                0x000000000001c568      0x128 /tmp/Shell.dll.2u1FF2.ltrans2.ltrans.o
                0x000000000001c568                GetHandleListByProtocol
 .text.ParseHandleDatabaseForChildControllers
                0x000000000001c690      0x16c /tmp/Shell.dll.2u1FF2.ltrans2.ltrans.o
                0x000000000001c690                ParseHandleDatabaseForChildControllers
 .text.GetHandleListByProtocolList
                0x000000000001c7fc      0x17c /tmp/Shell.dll.2u1FF2.ltrans2.ltrans.o
                0x000000000001c7fc                GetHandleListByProtocolList
 .text.GetAllMappingGuids
                0x000000000001c978       0xec /tmp/Shell.dll.2u1FF2.ltrans2.ltrans.o
                0x000000000001c978                GetAllMappingGuids
 .text.CommandInit
                0x000000000001ca64      0x134 /tmp/Shell.dll.2u1FF2.ltrans2.ltrans.o
                0x000000000001ca64                CommandInit
 .text.ShellCommandFindDynamicCommand
                0x000000000001cb98       0xb4 /tmp/Shell.dll.2u1FF2.ltrans2.ltrans.o
                0x000000000001cb98                ShellCommandFindDynamicCommand
 .text.ShellCommandIsCommandOnList
                0x000000000001cc4c       0xf0 /tmp/Shell.dll.2u1FF2.ltrans2.ltrans.o
                0x000000000001cc4c                ShellCommandIsCommandOnList
 .text.ShellCommandIsOnAliasList
                0x000000000001cd3c      0x120 /tmp/Shell.dll.2u1FF2.ltrans2.ltrans.o
                0x000000000001cd3c                ShellCommandIsOnAliasList
 .text.ShellCommandRegisterExit
                0x000000000001ce5c       0x30 /tmp/Shell.dll.2u1FF2.ltrans2.ltrans.o
                0x000000000001ce5c                ShellCommandRegisterExit
 .text.DeleteScriptFileStruct
                0x000000000001ce8c       0xf0 /tmp/Shell.dll.2u1FF2.ltrans2.ltrans.o
                0x000000000001ce8c                DeleteScriptFileStruct
 .text.ShellCommandGetCurrentScriptFile
                0x000000000001cf7c       0x44 /tmp/Shell.dll.2u1FF2.ltrans2.ltrans.o
                0x000000000001cf7c                ShellCommandGetCurrentScriptFile
 .text.ShellCommandCreateNewMappingName
                0x000000000001cfc0       0x70 /tmp/Shell.dll.2u1FF2.ltrans2.ltrans.o
                0x000000000001cfc0                ShellCommandCreateNewMappingName
 .text.UniqueNameCompare.lto_priv.0
                0x000000000001d030       0x20 /tmp/Shell.dll.2u1FF2.ltrans3.ltrans.o
                0x000000000001d030                UniqueNameCompare.lto_priv.0
 .text.UniqueNameAliasCompare.lto_priv.0
                0x000000000001d050       0x20 /tmp/Shell.dll.2u1FF2.ltrans3.ltrans.o
                0x000000000001d050                UniqueNameAliasCompare.lto_priv.0
 .text.DevPathCompareAcpi
                0x000000000001d070       0x50 /tmp/Shell.dll.2u1FF2.ltrans3.ltrans.o
 .text.DevPathSerialDefault
                0x000000000001d0c0        0x8 /tmp/Shell.dll.2u1FF2.ltrans3.ltrans.o
 .text.ShellCommandGetManFileNameLevel2
                0x000000000001d0c8        0xc /tmp/Shell.dll.2u1FF2.ltrans3.ltrans.o
                0x000000000001d0c8                ShellCommandGetManFileNameLevel2
 .text.InternalIsTimeLikeString
                0x000000000001d0d4       0x7c /tmp/Shell.dll.2u1FF2.ltrans3.ltrans.o
 .text.IsNumberLetterOnly
                0x000000000001d150       0x58 /tmp/Shell.dll.2u1FF2.ltrans3.ltrans.o
 .text.DevPathComparePci
                0x000000000001d1a8       0x9c /tmp/Shell.dll.2u1FF2.ltrans3.ltrans.o
 .text.CatPrint
                0x000000000001d244      0x128 /tmp/Shell.dll.2u1FF2.ltrans3.ltrans.o
 .text.AppendCSDStr
                0x000000000001d36c      0x19c /tmp/Shell.dll.2u1FF2.ltrans3.ltrans.o
 .text.AppendCSDNum2
                0x000000000001d508       0x5c /tmp/Shell.dll.2u1FF2.ltrans3.ltrans.o
 .text.AppendCSDNum
                0x000000000001d564       0x84 /tmp/Shell.dll.2u1FF2.ltrans3.ltrans.o
 .text.DevPathSerialHardDrive
                0x000000000001d5e8       0x7c /tmp/Shell.dll.2u1FF2.ltrans3.ltrans.o
 .text.DevPathSerialAtapi
                0x000000000001d664       0x78 /tmp/Shell.dll.2u1FF2.ltrans3.ltrans.o
 .text.DevPathSerialCdRom
                0x000000000001d6dc       0x74 /tmp/Shell.dll.2u1FF2.ltrans3.ltrans.o
 .text.DevPathSerialFibre
                0x000000000001d750       0x88 /tmp/Shell.dll.2u1FF2.ltrans3.ltrans.o
 .text.DevPathSerialUart
                0x000000000001d7d8       0xa8 /tmp/Shell.dll.2u1FF2.ltrans3.ltrans.o
 .text.DevPathSerialUsb
                0x000000000001d880      0x174 /tmp/Shell.dll.2u1FF2.ltrans3.ltrans.o
 .text.DevPathSerialLun
                0x000000000001d9f4       0x6c /tmp/Shell.dll.2u1FF2.ltrans3.ltrans.o
 .text.DevPathSerialSata
                0x000000000001da60       0x98 /tmp/Shell.dll.2u1FF2.ltrans3.ltrans.o
 .text.DevPathSerialI2O
                0x000000000001daf8       0x6c /tmp/Shell.dll.2u1FF2.ltrans3.ltrans.o
 .text.DevPathSerialScsi
                0x000000000001db64       0x88 /tmp/Shell.dll.2u1FF2.ltrans3.ltrans.o
 .text.DevPathSerialAcpi
                0x000000000001dbec       0xa0 /tmp/Shell.dll.2u1FF2.ltrans3.ltrans.o
 .text.DevPathCompareDefault
                0x000000000001dc8c       0xb4 /tmp/Shell.dll.2u1FF2.ltrans3.ltrans.o
 .text.DevPathSerialIScsi
                0x000000000001dd40       0x68 /tmp/Shell.dll.2u1FF2.ltrans3.ltrans.o
 .text.DevPathSerialVendor
                0x000000000001dda8      0x134 /tmp/Shell.dll.2u1FF2.ltrans3.ltrans.o
 .text.DevPathSerialMacAddr
                0x000000000001dedc       0xd8 /tmp/Shell.dll.2u1FF2.ltrans3.ltrans.o
 .text.DevPathSerialInfiniBand
                0x000000000001dfb4       0xf4 /tmp/Shell.dll.2u1FF2.ltrans3.ltrans.o
 .text.DevPathSerialIPv4
                0x000000000001e0a8       0xf0 /tmp/Shell.dll.2u1FF2.ltrans3.ltrans.o
 .text.DevPathSerialIPv6
                0x000000000001e198      0x124 /tmp/Shell.dll.2u1FF2.ltrans3.ltrans.o
 .text.DevPathSerial1394
                0x000000000001e2bc       0x88 /tmp/Shell.dll.2u1FF2.ltrans3.ltrans.o
 .text.StrniCmp.part.0
                0x000000000001e344       0xdc /tmp/Shell.dll.2u1FF2.ltrans3.ltrans.o
 .text.VerifyIntermediateDirectories
                0x000000000001e420      0x120 /tmp/Shell.dll.2u1FF2.ltrans3.ltrans.o
 .text.ShellCommandRunDate
                0x000000000001e540      0x420 /tmp/Shell.dll.2u1FF2.ltrans3.ltrans.o
                0x000000000001e540                ShellCommandRunDate
 .text.ShellCommandRunTime
                0x000000000001e960      0x744 /tmp/Shell.dll.2u1FF2.ltrans3.ltrans.o
                0x000000000001e960                ShellCommandRunTime
 .text.ShellCommandRunTimeZone
                0x000000000001f0a4      0x6b0 /tmp/Shell.dll.2u1FF2.ltrans3.ltrans.o
                0x000000000001f0a4                ShellCommandRunTimeZone
 .text.LoadDriver
                0x000000000001f754      0x310 /tmp/Shell.dll.2u1FF2.ltrans3.ltrans.o
 .text.ShellCommandRunLoad
                0x000000000001fa64      0x2c8 /tmp/Shell.dll.2u1FF2.ltrans3.ltrans.o
                0x000000000001fa64                ShellCommandRunLoad
 .text.ShellCommandRunLs
                0x000000000001fd2c      0x6f4 /tmp/Shell.dll.2u1FF2.ltrans3.ltrans.o
                0x000000000001fd2c                ShellCommandRunLs
 .text.PerformSingleMappingDelete
                0x0000000000020420       0x80 /tmp/Shell.dll.2u1FF2.ltrans3.ltrans.o
 .text.PerformSingleMappingDisplay
                0x00000000000204a0      0x6a0 /tmp/Shell.dll.2u1FF2.ltrans3.ltrans.o
 .text.PerformMappingDisplay
                0x0000000000020b40      0x390 /tmp/Shell.dll.2u1FF2.ltrans3.ltrans.o
 .text.ShellCommandRunReset
                0x0000000000020ed0      0x3f8 /tmp/Shell.dll.2u1FF2.ltrans3.ltrans.o
                0x0000000000020ed0                ShellCommandRunReset
 .text.ShellCommandRunSet
                0x00000000000212c8      0x444 /tmp/Shell.dll.2u1FF2.ltrans3.ltrans.o
                0x00000000000212c8                ShellCommandRunSet
 .text.ShellCommandRunMkDir
                0x000000000002170c      0x300 /tmp/Shell.dll.2u1FF2.ltrans3.ltrans.o
                0x000000000002170c                ShellCommandRunMkDir
 .text.ShellCommandRunCd
                0x0000000000021a0c      0x640 /tmp/Shell.dll.2u1FF2.ltrans3.ltrans.o
                0x0000000000021a0c                ShellCommandRunCd
 .text.ShellFileHandleGetPath
                0x000000000002204c       0x7c /tmp/Shell.dll.2u1FF2.ltrans3.ltrans.o
                0x000000000002204c                ShellFileHandleGetPath
 .text.ShellFileHandleEof
                0x00000000000220c8       0xb4 /tmp/Shell.dll.2u1FF2.ltrans3.ltrans.o
                0x00000000000220c8                ShellFileHandleEof
 .text.DumpHex  0x000000000002217c      0x104 /tmp/Shell.dll.2u1FF2.ltrans3.ltrans.o
                0x000000000002217c                DumpHex
 .text.ConvertEfiFileProtocolToShellHandle.part.0
                0x0000000000022280       0xa0 /tmp/Shell.dll.2u1FF2.ltrans3.ltrans.o
                0x0000000000022280                ConvertEfiFileProtocolToShellHandle.part.0