Archive member included to satisfy reference by file (symbol)

/home/daijh/sdk/rk3588/uefi/Build/RK3588/DEBUG_GCC5/AARCH64/MdePkg/Library/UefiDriverEntryPoint/UefiDriverEntryPoint/OUTPUT/UefiDriverEntryPoint.lib(DriverEntryPoint.obj)
                              (_ModuleEntryPoint)
/home/daijh/sdk/rk3588/uefi/Build/RK3588/DEBUG_GCC5/AARCH64/ArmPkg/Library/CompilerIntrinsicsLib/CompilerIntrinsicsLib/OUTPUT/CompilerIntrinsicsLib.lib(memcpy.obj)
                              /home/daijh/sdk/rk3588/uefi/edk2/ArmPkg/Library/GccLto/liblto-aarch64.a (memcpy)
/home/daijh/sdk/rk3588/uefi/Build/RK3588/DEBUG_GCC5/AARCH64/ArmPkg/Library/CompilerIntrinsicsLib/CompilerIntrinsicsLib/OUTPUT/CompilerIntrinsicsLib.lib(memset.obj)
                              /home/daijh/sdk/rk3588/uefi/edk2/ArmPkg/Library/GccLto/liblto-aarch64.a (memset)
/home/daijh/sdk/rk3588/uefi/Build/RK3588/DEBUG_GCC5/AARCH64/MdePkg/Library/BaseStackCheckLib/BaseStackCheckLib/OUTPUT/BaseStackCheckLib.lib(BaseStackCheckGcc.obj)
                              /home/daijh/sdk/rk3588/uefi/edk2/ArmPkg/Library/GccLto/liblto-aarch64.a (__stack_chk_fail)
/home/daijh/sdk/rk3588/uefi/Build/RK3588/DEBUG_GCC5/AARCH64/MdeModulePkg/Universal/BdsDxe/BdsDxe/OUTPUT/BdsDxe.lib(AutoGen.obj)
                              DriverEntryPoint.obj (symbol from plugin) (ProcessLibraryConstructorList)
/home/daijh/sdk/rk3588/uefi/Build/RK3588/DEBUG_GCC5/AARCH64/MdeModulePkg/Universal/BdsDxe/BdsDxe/OUTPUT/BdsDxe.lib(BdsEntry.obj)
                              AutoGen.obj (symbol from plugin) (BdsInitialize)
/home/daijh/sdk/rk3588/uefi/Build/RK3588/DEBUG_GCC5/AARCH64/MdeModulePkg/Universal/BdsDxe/BdsDxe/OUTPUT/BdsDxe.lib(HwErrRecSupport.obj)
                              BdsEntry.obj (symbol from plugin) (InitializeHwErrRecSupport)
/home/daijh/sdk/rk3588/uefi/Build/RK3588/DEBUG_GCC5/AARCH64/MdeModulePkg/Universal/BdsDxe/BdsDxe/OUTPUT/BdsDxe.lib(Language.obj)
                              BdsEntry.obj (symbol from plugin) (InitializeLanguage)
/home/daijh/sdk/rk3588/uefi/Build/RK3588/DEBUG_GCC5/AARCH64/MdePkg/Library/DxePcdLib/DxePcdLib/OUTPUT/DxePcdLib.lib(DxePcdLib.obj)
                              BdsEntry.obj (symbol from plugin) (LibPcdGet16)
/home/daijh/sdk/rk3588/uefi/Build/RK3588/DEBUG_GCC5/AARCH64/MdePkg/Library/BaseMemoryLibOptDxe/BaseMemoryLibOptDxe/OUTPUT/BaseMemoryLibOptDxe.lib(MemLibGuid.obj)
                              BdsEntry.obj (symbol from plugin) (CopyGuid)
/home/daijh/sdk/rk3588/uefi/Build/RK3588/DEBUG_GCC5/AARCH64/MdePkg/Library/BaseMemoryLibOptDxe/BaseMemoryLibOptDxe/OUTPUT/BaseMemoryLibOptDxe.lib(CopyMemWrapper.obj)
                              BdsEntry.obj (symbol from plugin) (CopyMem)
/home/daijh/sdk/rk3588/uefi/Build/RK3588/DEBUG_GCC5/AARCH64/MdePkg/Library/BaseMemoryLibOptDxe/BaseMemoryLibOptDxe/OUTPUT/BaseMemoryLibOptDxe.lib(CopyMem.obj)
                              MemLibGuid.obj (symbol from plugin) (InternalMemCopyMem)
/home/daijh/sdk/rk3588/uefi/Build/RK3588/DEBUG_GCC5/AARCH64/MdePkg/Library/BaseMemoryLibOptDxe/BaseMemoryLibOptDxe/OUTPUT/BaseMemoryLibOptDxe.lib(CompareGuid.obj)
                              MemLibGuid.obj (symbol from plugin) (InternalMemCompareGuid)
/home/daijh/sdk/rk3588/uefi/Build/RK3588/DEBUG_GCC5/AARCH64/MdePkg/Library/BaseLib/BaseLib/OUTPUT/BaseLib.lib(MultU64x32.obj)
                              BdsEntry.obj (symbol from plugin) (MultU64x32)
/home/daijh/sdk/rk3588/uefi/Build/RK3588/DEBUG_GCC5/AARCH64/MdePkg/Library/BaseLib/BaseLib/OUTPUT/BaseLib.lib(LowBitSet32.obj)
                              BdsEntry.obj (symbol from plugin) (LowBitSet32)
/home/daijh/sdk/rk3588/uefi/Build/RK3588/DEBUG_GCC5/AARCH64/MdePkg/Library/BaseLib/BaseLib/OUTPUT/BaseLib.lib(CpuDeadLoop.obj)
                              BaseStackCheckGcc.obj (symbol from plugin) (CpuDeadLoop)
/home/daijh/sdk/rk3588/uefi/Build/RK3588/DEBUG_GCC5/AARCH64/MdePkg/Library/BaseLib/BaseLib/OUTPUT/BaseLib.lib(String.obj)
                              BdsEntry.obj (symbol from plugin) (StrSize)
/home/daijh/sdk/rk3588/uefi/Build/RK3588/DEBUG_GCC5/AARCH64/MdePkg/Library/BaseLib/BaseLib/OUTPUT/BaseLib.lib(Math64.obj)
                              MultU64x32.obj (symbol from plugin) (InternalMathMultU64x32)
/home/daijh/sdk/rk3588/uefi/Build/RK3588/DEBUG_GCC5/AARCH64/MdePkg/Library/BaseLib/BaseLib/OUTPUT/BaseLib.lib(SwitchStack.obj)
                              CpuDeadLoop.obj (symbol from plugin) (CpuPause)
/home/daijh/sdk/rk3588/uefi/Build/RK3588/DEBUG_GCC5/AARCH64/MdePkg/Library/BaseLib/BaseLib/OUTPUT/BaseLib.lib(CpuBreakpoint.obj)
                              BaseStackCheckGcc.obj (symbol from plugin) (CpuBreakpoint)
/home/daijh/sdk/rk3588/uefi/Build/RK3588/DEBUG_GCC5/AARCH64/MdePkg/Library/BaseLib/BaseLib/OUTPUT/BaseLib.lib(SwapBytes32.obj)
                              Math64.obj (symbol from plugin) (SwapBytes32)
/home/daijh/sdk/rk3588/uefi/Build/RK3588/DEBUG_GCC5/AARCH64/MdePkg/Library/BaseLib/BaseLib/OUTPUT/BaseLib.lib(SwapBytes16.obj)
[...]
Memory Configuration

Name             Origin             Length             Attributes
*default*        0x0000000000000000 0xffffffffffffffff

Linker script and memory map

LOAD /home/daijh/sdk/rk3588/uefi/edk2/ArmPkg/Library/GccLto/liblto-aarch64.a
START GROUP
LOAD /tmp/BdsDxe.dll.fer19g.ltrans0.ltrans.o
LOAD /tmp/BdsDxe.dll.fer19g.ltrans1.ltrans.o
LOAD /tmp/ccOTMth7.debug.temp.o
LOAD /tmp/ccIHehHB.debug.temp.o
LOAD /tmp/cciPSPKk.debug.temp.o
LOAD /tmp/ccy37PZ3.debug.temp.o
LOAD /tmp/ccVWWCvM.debug.temp.o
LOAD /tmp/ccAbxwYC.debug.temp.o
LOAD /tmp/ccCALdCf.debug.temp.o
LOAD /tmp/ccUnJ5d3.debug.temp.o
LOAD /tmp/cc3L3Ipu.debug.temp.o
LOAD /tmp/ccRz7lbh.debug.temp.o
LOAD /tmp/cca6E9WG.debug.temp.o
LOAD /tmp/cc19vqAd.debug.temp.o
LOAD /tmp/cc0POJY8.debug.temp.o
LOAD /tmp/ccZ6jjo8.debug.temp.o
LOAD /tmp/ccUOy1bQ.debug.temp.o
LOAD /tmp/ccbeYlEc.debug.temp.o
LOAD /tmp/ccNTzvT7.debug.temp.o
LOAD /tmp/ccDiumwN.debug.temp.o
LOAD /tmp/cc7MiHNk.debug.temp.o
LOAD /tmp/ccl5ZZvf.debug.temp.o
LOAD /tmp/cc5IZUyx.debug.temp.o
LOAD /tmp/ccQ0uiO8.debug.temp.o
LOAD /tmp/cczW4qxk.debug.temp.o
LOAD /tmp/ccpZvGtu.debug.temp.o
LOAD /tmp/cc4dudlG.debug.temp.o
LOAD /tmp/ccoOJjn5.debug.temp.o
LOAD /tmp/ccDPgKK8.debug.temp.o
LOAD /tmp/ccLA276l.debug.temp.o
LOAD /tmp/cc7WxwRX.debug.temp.o
LOAD /tmp/ccXKaMWX.debug.temp.o
LOAD /tmp/cccvvDR1.debug.temp.o
LOAD /tmp/ccggaNtw.debug.temp.o
LOAD /tmp/ccltyf83.debug.temp.o
LOAD /tmp/ccNx1ZXy.debug.temp.o
LOAD /tmp/ccriNIHl.debug.temp.o
LOAD /tmp/cccEIE1M.debug.temp.o
LOAD /tmp/ccIkcUuD.debug.temp.o
LOAD /tmp/ccnvDhCn.debug.temp.o
LOAD /tmp/ccIyV2VF.debug.temp.o
LOAD /tmp/ccffhLCJ.debug.temp.o
LOAD /tmp/cc5oluCF.debug.temp.o
LOAD /tmp/cc8FYMtX.debug.temp.o
LOAD /tmp/ccy1X79O.debug.temp.o
LOAD /tmp/ccQ7GO9R.debug.temp.o
LOAD /tmp/cc3NhsV6.debug.temp.o
LOAD /tmp/ccpEUf7t.debug.temp.o
LOAD /tmp/ccErTyHi.debug.temp.o
LOAD /tmp/cckRQk2u.debug.temp.o
LOAD /tmp/cckPNt7h.debug.temp.o
LOAD /tmp/ccDrNQEx.debug.temp.o
LOAD /tmp/ccfqlwdD.debug.temp.o
LOAD /tmp/ccJ8UKHP.debug.temp.o
LOAD /tmp/ccsHSZJH.debug.temp.o
LOAD /tmp/ccxY6vcJ.debug.temp.o
LOAD /tmp/ccAHikIE.debug.temp.o
LOAD /tmp/cc8NjHMF.debug.temp.o
LOAD /tmp/ccPADetH.debug.temp.o
LOAD /tmp/ccWbjtRb.debug.temp.o
LOAD /tmp/ccxPqEVx.debug.temp.o
LOAD /tmp/ccXOMxPG.debug.temp.o
LOAD /tmp/ccvBwMzO.debug.temp.o
LOAD /tmp/ccrL8Cjr.debug.temp.o
LOAD /tmp/ccxVBgjk.debug.temp.o
LOAD /tmp/cc85bCbS.debug.temp.o
LOAD /tmp/ccp8Zhdd.debug.temp.o
LOAD /tmp/cc9EHDYt.debug.temp.o
LOAD /tmp/ccg0AkHE.debug.temp.o
LOAD /tmp/cc8rJbka.debug.temp.o
LOAD /tmp/cc8xGxDx.debug.temp.o
LOAD /tmp/cc7aRNmL.debug.temp.o
LOAD /tmp/ccwI3vi0.debug.temp.o
LOAD /tmp/ccbvOOtw.debug.temp.o
LOAD /home/daijh/sdk/rk3588/uefi/Build/RK3588/DEBUG_GCC5/AARCH64/MdeModulePkg/Universal/BdsDxe/BdsDxe/OUTPUT/BdsDxe.lib
LOAD /home/daijh/sdk/rk3588/uefi/Build/RK3588/DEBUG_GCC5/AARCH64/MdePkg/Library/DxePcdLib/DxePcdLib/OUTPUT/DxePcdLib.lib
LOAD /home/daijh/sdk/rk3588/uefi/Build/RK3588/DEBUG_GCC5/AARCH64/MdePkg/Library/BaseMemoryLibOptDxe/BaseMemoryLibOptDxe/OUTPUT/BaseMemoryLibOptDxe.lib
LOAD /home/daijh/sdk/rk3588/uefi/Build/RK3588/DEBUG_GCC5/AARCH64/MdePkg/Library/BaseLib/BaseLib/OUTPUT/BaseLib.lib
LOAD /home/daijh/sdk/rk3588/uefi/Build/RK3588/DEBUG_GCC5/AARCH64/MdePkg/Library/RegisterFilterLibNull/RegisterFilterLibNull/OUTPUT/FilterLibNull.lib
LOAD /home/daijh/sdk/rk3588/uefi/Build/RK3588/DEBUG_GCC5/AARCH64/MdePkg/Library/BaseIoLibIntrinsic/BaseIoLibIntrinsic/OUTPUT/BaseIoLibIntrinsic.lib
LOAD /home/daijh/sdk/rk3588/uefi/Build/RK3588/DEBUG_GCC5/AARCH64/Silicon/Rockchip/Library/SerialPortLib/UartLib/OUTPUT/UartLib.lib
LOAD /home/daijh/sdk/rk3588/uefi/Build/RK3588/DEBUG_GCC5/AARCH64/MdePkg/Library/BaseDebugPrintErrorLevelLib/BaseDebugPrintErrorLevelLib/OUTPUT/BaseDebugPrintErrorLevelLib.lib
LOAD /home/daijh/sdk/rk3588/uefi/Build/RK3588/DEBUG_GCC5/AARCH64/Silicon/Rockchip/Library/SerialPortLib/SerialPortLib/OUTPUT/SerialPortLib.lib
LOAD /home/daijh/sdk/rk3588/uefi/Build/RK3588/DEBUG_GCC5/AARCH64/MdePkg/Library/BasePrintLib/BasePrintLib/OUTPUT/BasePrintLib.lib
LOAD /home/daijh/sdk/rk3588/uefi/Build/RK3588/DEBUG_GCC5/AARCH64/MdePkg/Library/BaseDebugLibSerialPort/BaseDebugLibSerialPort/OUTPUT/BaseDebugLibSerialPort.lib
LOAD /home/daijh/sdk/rk3588/uefi/Build/RK3588/DEBUG_GCC5/AARCH64/MdePkg/Library/UefiBootServicesTableLib/UefiBootServicesTableLib/OUTPUT/UefiBootServicesTableLib.lib
LOAD /home/daijh/sdk/rk3588/uefi/Build/RK3588/DEBUG_GCC5/AARCH64/MdePkg/Library/UefiMemoryAllocationLib/UefiMemoryAllocationLib/OUTPUT/UefiMemoryAllocationLib.lib
LOAD /home/daijh/sdk/rk3588/uefi/Build/RK3588/DEBUG_GCC5/AARCH64/MdePkg/Library/UefiRuntimeServicesTableLib/UefiRuntimeServicesTableLib/OUTPUT/UefiRuntimeServicesTableLib.lib
LOAD /home/daijh/sdk/rk3588/uefi/Build/RK3588/DEBUG_GCC5/AARCH64/MdePkg/Library/UefiDevicePathLib/UefiDevicePathLib/OUTPUT/UefiDevicePathLib.lib
LOAD /home/daijh/sdk/rk3588/uefi/Build/RK3588/DEBUG_GCC5/AARCH64/MdeModulePkg/Library/UefiHiiServicesLib/UefiHiiServicesLib/OUTPUT/UefiHiiServicesLib.lib
LOAD /home/daijh/sdk/rk3588/uefi/Build/RK3588/DEBUG_GCC5/AARCH64/MdePkg/Library/UefiLib/UefiLib/OUTPUT/UefiLib.lib
LOAD /home/daijh/sdk/rk3588/uefi/Build/RK3588/DEBUG_GCC5/AARCH64/MdeModulePkg/Library/UefiSortLib/UefiSortLib/OUTPUT/UefiSortLib.lib
LOAD /home/daijh/sdk/rk3588/uefi/Build/RK3588/DEBUG_GCC5/AARCH64/MdeModulePkg/Library/UefiHiiLib/UefiHiiLib/OUTPUT/UefiHiiLib.lib
LOAD /home/daijh/sdk/rk3588/uefi/Build/RK3588/DEBUG_GCC5/AARCH64/MdePkg/Library/DxeServicesTableLib/DxeServicesTableLib/OUTPUT/DxeServicesTableLib.lib
LOAD /home/daijh/sdk/rk3588/uefi/Build/RK3588/DEBUG_GCC5/AARCH64/MdePkg/Library/BasePeCoffGetEntryPointLib/BasePeCoffGetEntryPointLib/OUTPUT/BasePeCoffGetEntryPointLib.lib
LOAD /home/daijh/sdk/rk3588/uefi/Build/RK3588/DEBUG_GCC5/AARCH64/MdeModulePkg/Library/DxePerformanceLib/DxePerformanceLib/OUTPUT/DxePerformanceLib.lib
LOAD /home/daijh/sdk/rk3588/uefi/Build/RK3588/DEBUG_GCC5/AARCH64/MdePkg/Library/DxeHobLib/DxeHobLib/OUTPUT/DxeHobLib.lib
LOAD /home/daijh/sdk/rk3588/uefi/Build/RK3588/DEBUG_GCC5/AARCH64/MdePkg/Library/DxeServicesLib/DxeServicesLib/OUTPUT/DxeServicesLib.lib
LOAD /home/daijh/sdk/rk3588/uefi/Build/RK3588/DEBUG_GCC5/AARCH64/MdeModulePkg/Library/DxeReportStatusCodeLib/DxeReportStatusCodeLib/OUTPUT/DxeReportStatusCodeLib.lib
LOAD /home/daijh/sdk/rk3588/uefi/Build/RK3588/DEBUG_GCC5/AARCH64/MdeModulePkg/Library/DxeCapsuleLibNull/DxeCapsuleLibNull/OUTPUT/DxeCapsuleLibNull.lib
LOAD /home/daijh/sdk/rk3588/uefi/Build/RK3588/DEBUG_GCC5/AARCH64/MdeModulePkg/Library/BootLogoLib/BootLogoLib/OUTPUT/BootLogoLib.lib
LOAD /home/daijh/sdk/rk3588/uefi/Build/RK3588/DEBUG_GCC5/AARCH64/MdeModulePkg/Library/UefiBootManagerLib/UefiBootManagerLib/OUTPUT/UefiBootManagerLib.lib
LOAD /home/daijh/sdk/rk3588/uefi/Build/RK3588/DEBUG_GCC5/AARCH64/MdePkg/Library/UefiDriverEntryPoint/UefiDriverEntryPoint/OUTPUT/UefiDriverEntryPoint.lib
LOAD /home/daijh/sdk/rk3588/uefi/Build/RK3588/DEBUG_GCC5/AARCH64/MdeModulePkg/Library/VariablePolicyHelperLib/VariablePolicyHelperLib/OUTPUT/VariablePolicyHelperLib.lib
LOAD /home/daijh/sdk/rk3588/uefi/Build/RK3588/DEBUG_GCC5/AARCH64/ArmPkg/Library/PlatformBootManagerLib/PlatformBootManagerLib/OUTPUT/PlatformBootManagerLib.lib
LOAD /home/daijh/sdk/rk3588/uefi/Build/RK3588/DEBUG_GCC5/AARCH64/ArmPkg/Library/CompilerIntrinsicsLib/CompilerIntrinsicsLib/OUTPUT/CompilerIntrinsicsLib.lib
LOAD /home/daijh/sdk/rk3588/uefi/Build/RK3588/DEBUG_GCC5/AARCH64/MdePkg/Library/BaseStackCheckLib/BaseStackCheckLib/OUTPUT/BaseStackCheckLib.lib
END GROUP
                0x0000000000000228                . = PECOFF_HEADER_SIZE

.text           0x0000000000001000    0x1690e
 *(.text .text.* .stub .gnu.linkonce.t.*)
 .text.ProcessLibraryDestructorList
                0x0000000000001000        0x4 /tmp/BdsDxe.dll.fer19g.ltrans0.ltrans.o
                0x0000000000001000                EfiEventEmptyFunction
                0x0000000000001000                ProcessLibraryDestructorList
 .text.BdsReadKeys.part.0
                0x0000000000001004       0x38 /tmp/BdsDxe.dll.fer19g.ltrans0.ltrans.o
 .text.InternalAllocatePool
                0x000000000000103c       0x30 /tmp/BdsDxe.dll.fer19g.ltrans0.ltrans.o
 .text.BmEndOfBdsPerfCode
                0x000000000000106c       0x30 /tmp/BdsDxe.dll.fer19g.ltrans0.ltrans.o
 .text.CpuDeadLoop
                0x000000000000109c       0x24 /tmp/BdsDxe.dll.fer19g.ltrans0.ltrans.o
 .text.BaseDebugLibSerialPortConstructor
                0x00000000000010c0       0xdc /tmp/BdsDxe.dll.fer19g.ltrans0.ltrans.o
 .text.memcpy   0x000000000000119c       0x20 /tmp/BdsDxe.dll.fer19g.ltrans0.ltrans.o
                0x000000000000119c                memcpy
 .text.DebugPrintLevelEnabled
                0x00000000000011bc        0x8 /tmp/BdsDxe.dll.fer19g.ltrans0.ltrans.o
                0x00000000000011bc                DebugPrintLevelEnabled
 .text.DebugAssertEnabled
                0x00000000000011c4        0x8 /tmp/BdsDxe.dll.fer19g.ltrans0.ltrans.o
                0x00000000000011c4                DebugAssertEnabled
 .text.AsciiStrnLenS
                0x00000000000011cc       0x3c /tmp/BdsDxe.dll.fer19g.ltrans0.ltrans.o
                0x00000000000011cc                AsciiStrnLenS
 .text.BasePrintLibFillBuffer
                0x0000000000001208       0x34 /tmp/BdsDxe.dll.fer19g.ltrans0.ltrans.o
                0x0000000000001208                BasePrintLibFillBuffer
 .text.DebugAssert
                0x000000000000123c       0x4c /tmp/BdsDxe.dll.fer19g.ltrans0.ltrans.o
                0x000000000000123c                DebugAssert
 .text.CompareGuid
                0x0000000000001288       0x60 /tmp/BdsDxe.dll.fer19g.ltrans0.ltrans.o
                0x0000000000001288                CompareGuid
 .text.CopyMem  0x00000000000012e8       0xa4 /tmp/BdsDxe.dll.fer19g.ltrans0.ltrans.o
                0x00000000000012e8                CopyMem
 .text.StrLen   0x000000000000138c       0xa4 /tmp/BdsDxe.dll.fer19g.ltrans0.ltrans.o
                0x000000000000138c                StrLen
 .text.StrSize  0x0000000000001430       0x1c /tmp/BdsDxe.dll.fer19g.ltrans0.ltrans.o
                0x0000000000001430                StrSize
 .text.StrCmp   0x000000000000144c       0x88 /tmp/BdsDxe.dll.fer19g.ltrans0.ltrans.o
                0x000000000000144c                StrCmp
 .text.StrnCmp  0x00000000000014d4       0xc8 /tmp/BdsDxe.dll.fer19g.ltrans0.ltrans.o
                0x00000000000014d4                StrnCmp
 .text.AsciiStrLen
                0x000000000000159c       0x90 /tmp/BdsDxe.dll.fer19g.ltrans0.ltrans.o
 .text.AsciiStrSize
                0x000000000000162c       0x18 /tmp/BdsDxe.dll.fer19g.ltrans0.ltrans.o
 .text.AsciiStrnCmp
                0x0000000000001644       0xd4 /tmp/BdsDxe.dll.fer19g.ltrans0.ltrans.o
 .text.IsLangInSupportedLangCodes
                0x0000000000001718       0xd8 /tmp/BdsDxe.dll.fer19g.ltrans0.ltrans.o
 .text.StrnLenS
                0x00000000000017f0       0x70 /tmp/BdsDxe.dll.fer19g.ltrans0.ltrans.o
                0x00000000000017f0                StrnLenS
 .text.UnicodeVSPrint
                0x0000000000001860       0x74 /tmp/BdsDxe.dll.fer19g.ltrans0.ltrans.o
 .text.UnicodeSPrint
                0x00000000000018d4       0x50 /tmp/BdsDxe.dll.fer19g.ltrans0.ltrans.o
                0x00000000000018d4                UnicodeSPrint
 .text.SPrintLength
                0x0000000000001924       0x40 /tmp/BdsDxe.dll.fer19g.ltrans0.ltrans.o
 .text.BasePrintLibValueToString
                0x0000000000001964       0x2c /tmp/BdsDxe.dll.fer19g.ltrans0.ltrans.o
                0x0000000000001964                BasePrintLibValueToString
 .text.DebugPrint
                0x0000000000001990       0x98 /tmp/BdsDxe.dll.fer19g.ltrans0.ltrans.o
                0x0000000000001990                DebugPrint
 .text.InternalAllocateCopyPool
                0x0000000000001a28       0xa0 /tmp/BdsDxe.dll.fer19g.ltrans0.ltrans.o
 .text.EfiGetSystemConfigurationTable
                0x0000000000001ac8       0x94 /tmp/BdsDxe.dll.fer19g.ltrans0.ltrans.o
 .text.GetNextHob
                0x0000000000001b5c       0x74 /tmp/BdsDxe.dll.fer19g.ltrans0.ltrans.o
 .text.DebugPrintEnabled
                0x0000000000001bd0        0x8 /tmp/BdsDxe.dll.fer19g.ltrans0.ltrans.o
                0x0000000000001bd0                DebugPrintEnabled
 .text.BdsWaitForSingleEvent
                0x0000000000001bd8      0x180 /tmp/BdsDxe.dll.fer19g.ltrans0.ltrans.o
 .text.GetPcdProtocol
                0x0000000000001d58       0xc0 /tmp/BdsDxe.dll.fer19g.ltrans0.ltrans.o
                0x0000000000001d58                GetPcdProtocol
 .text.FreePages
                0x0000000000001e18       0xc4 /tmp/BdsDxe.dll.fer19g.ltrans0.ltrans.o
 .text.GetHobList
                0x0000000000001edc       0xb4 /tmp/BdsDxe.dll.fer19g.ltrans0.ltrans.o
 .text.DebugCodeEnabled
                0x0000000000001f90        0x8 /tmp/BdsDxe.dll.fer19g.ltrans0.ltrans.o
                0x0000000000001f90                DebugCodeEnabled
 .text._ModuleEntryPoint
                0x0000000000001f98      0x4a0 /tmp/BdsDxe.dll.fer19g.ltrans0.ltrans.o
                0x0000000000001f98                _ModuleEntryPoint
 .text.AllocatePool
                0x0000000000002438        0xc /tmp/BdsDxe.dll.fer19g.ltrans0.ltrans.o
                0x0000000000002438                AllocatePool
 .text.AllocateZeroPool
                0x0000000000002444       0x3c /tmp/BdsDxe.dll.fer19g.ltrans0.ltrans.o
                0x0000000000002444                AllocateZeroPool
 .text.AllocateCopyPool
                0x0000000000002480       0x10 /tmp/BdsDxe.dll.fer19g.ltrans0.ltrans.o
                0x0000000000002480                AllocateCopyPool
 .text.FreePool
                0x0000000000002490       0x7c /tmp/BdsDxe.dll.fer19g.ltrans0.ltrans.o
                0x0000000000002490                FreePool
 .text.CheckDeferredLoadImageOnReadyToBoot
                0x000000000000250c      0x118 /tmp/BdsDxe.dll.fer19g.ltrans0.ltrans.o
 .text.ReallocatePool
                0x0000000000002624       0x70 /tmp/BdsDxe.dll.fer19g.ltrans0.ltrans.o
                0x0000000000002624                ReallocatePool
 .text.EfiBootManagerConnectAll
                0x0000000000002694       0x9c /tmp/BdsDxe.dll.fer19g.ltrans0.ltrans.o
 .text.ProcessLoadOptions
                0x0000000000002730      0x16c /tmp/BdsDxe.dll.fer19g.ltrans0.ltrans.o
 .text.DevicePathType
                0x000000000000289c       0x48 /tmp/BdsDxe.dll.fer19g.ltrans0.ltrans.o
                0x000000000000289c                DevicePathType
 .text.DevicePathSubType
                0x00000000000028e4       0x48 /tmp/BdsDxe.dll.fer19g.ltrans0.ltrans.o
                0x00000000000028e4                DevicePathSubType
 .text.BmConnectUsbShortFormDevicePath
                0x000000000000292c      0x170 /tmp/BdsDxe.dll.fer19g.ltrans0.ltrans.o
 .text.DevicePathNodeLength
                0x0000000000002a9c       0x50 /tmp/BdsDxe.dll.fer19g.ltrans0.ltrans.o
                0x0000000000002a9c                DevicePathNodeLength
 .text.NextDevicePathNode
                0x0000000000002aec       0x50 /tmp/BdsDxe.dll.fer19g.ltrans0.ltrans.o
                0x0000000000002aec                NextDevicePathNode
 .text.IsDevicePathEndType
                0x0000000000002b3c       0x58 /tmp/BdsDxe.dll.fer19g.ltrans0.ltrans.o
                0x0000000000002b3c                IsDevicePathEndType
 .text.IsDevicePathEnd
                0x0000000000002b94       0x70 /tmp/BdsDxe.dll.fer19g.ltrans0.ltrans.o
                0x0000000000002b94                IsDevicePathEnd
 .text.IsDevicePathValid
                0x0000000000002c04       0xe0 /tmp/BdsDxe.dll.fer19g.ltrans0.ltrans.o
 .text.SetDevicePathEndNode
                0x0000000000002ce4       0x54 /tmp/BdsDxe.dll.fer19g.ltrans0.ltrans.o
                0x0000000000002ce4                SetDevicePathEndNode
 .text.UefiDevicePathLibGetDevicePathSize
                0x0000000000002d38       0x70 /tmp/BdsDxe.dll.fer19g.ltrans0.ltrans.o
                0x0000000000002d38                UefiDevicePathLibGetDevicePathSize
 .text.UefiDevicePathLibDuplicateDevicePath
                0x0000000000002da8       0x34 /tmp/BdsDxe.dll.fer19g.ltrans0.ltrans.o
                0x0000000000002da8                UefiDevicePathLibDuplicateDevicePath
 .text.UefiDevicePathLibAppendDevicePath
                0x0000000000002ddc       0xcc /tmp/BdsDxe.dll.fer19g.ltrans0.ltrans.o
                0x0000000000002ddc                UefiDevicePathLibAppendDevicePath
 .text.UefiDevicePathLibAppendDevicePathNode
                0x0000000000002ea8       0x9c /tmp/BdsDxe.dll.fer19g.ltrans0.ltrans.o
 .text.UefiDevicePathLibAppendDevicePathInstance
                0x0000000000002f44       0xec /tmp/BdsDxe.dll.fer19g.ltrans0.ltrans.o
                0x0000000000002f44                UefiDevicePathLibAppendDevicePathInstance
 .text.BmCachePartitionDevicePath
                0x0000000000003030       0xcc /tmp/BdsDxe.dll.fer19g.ltrans0.ltrans.o
 .text.UefiDevicePathLibGetNextDevicePathInstance
                0x00000000000030fc       0xd0 /tmp/BdsDxe.dll.fer19g.ltrans0.ltrans.o
                0x00000000000030fc                UefiDevicePathLibGetNextDevicePathInstance
 .text.DevicePathFromHandle
                0x00000000000031cc       0x38 /tmp/BdsDxe.dll.fer19g.ltrans0.ltrans.o
                0x00000000000031cc                DevicePathFromHandle
 .text.BmAdjustFvFilePath
                0x0000000000003204      0x170 /tmp/BdsDxe.dll.fer19g.ltrans0.ltrans.o
 .text.BmExpandMediaDevicePath
                0x0000000000003374      0x2c0 /tmp/BdsDxe.dll.fer19g.ltrans0.ltrans.o
 .text.UefiDevicePathLibCatPrint
                0x0000000000003634      0x150 /tmp/BdsDxe.dll.fer19g.ltrans0.ltrans.o
                0x0000000000003634                UefiDevicePathLibCatPrint
 .text.DevPathToTextPci
                0x0000000000003784       0x14 /tmp/BdsDxe.dll.fer19g.ltrans0.ltrans.o
                0x0000000000003784                DevPathToTextPci
 .text.DevPathToTextPccard
                0x0000000000003798       0x10 /tmp/BdsDxe.dll.fer19g.ltrans0.ltrans.o
                0x0000000000003798                DevPathToTextPccard
 .text.DevPathToTextMemMap
                0x00000000000037a8       0x14 /tmp/BdsDxe.dll.fer19g.ltrans0.ltrans.o
                0x00000000000037a8                DevPathToTextMemMap
 .text.DevPathToTextVendor
                0x00000000000037bc      0x354 /tmp/BdsDxe.dll.fer19g.ltrans0.ltrans.o
                0x00000000000037bc                DevPathToTextVendor
 .text.DevPathToTextController
                0x0000000000003b10       0x10 /tmp/BdsDxe.dll.fer19g.ltrans0.ltrans.o
                0x0000000000003b10                DevPathToTextController
 .text.DevPathToTextBmc
                0x0000000000003b20       0x3c /tmp/BdsDxe.dll.fer19g.ltrans0.ltrans.o
                0x0000000000003b20                DevPathToTextBmc
 .text.DevPathToTextAcpi
                0x0000000000003b5c       0xc0 /tmp/BdsDxe.dll.fer19g.ltrans0.ltrans.o
                0x0000000000003b5c                DevPathToTextAcpi
 .text.DevPathToTextAcpiEx
                0x0000000000003c1c      0x298 /tmp/BdsDxe.dll.fer19g.ltrans0.ltrans.o
                0x0000000000003c1c                DevPathToTextAcpiEx
 .text.DevPathToTextAcpiAdr
                0x0000000000003eb4       0x9c /tmp/BdsDxe.dll.fer19g.ltrans0.ltrans.o
                0x0000000000003eb4                DevPathToTextAcpiAdr
 .text.DevPathToTextAtapi
                0x0000000000003f50       0x60 /tmp/BdsDxe.dll.fer19g.ltrans0.ltrans.o
                0x0000000000003f50                DevPathToTextAtapi
 .text.DevPathToTextScsi
                0x0000000000003fb0       0x14 /tmp/BdsDxe.dll.fer19g.ltrans0.ltrans.o
                0x0000000000003fb0                DevPathToTextScsi
 .text.DevPathToTextFibre
                0x0000000000003fc4       0x10 /tmp/BdsDxe.dll.fer19g.ltrans0.ltrans.o
                0x0000000000003fc4                DevPathToTextFibre
 .text.DevPathToTextFibreEx
                0x0000000000003fd4       0xa8 /tmp/BdsDxe.dll.fer19g.ltrans0.ltrans.o
                0x0000000000003fd4                DevPathToTextFibreEx
 .text.DevPathToTextSasEx
                0x000000000000407c      0x18c /tmp/BdsDxe.dll.fer19g.ltrans0.ltrans.o
                0x000000000000407c                DevPathToTextSasEx
 .text.DevPathToTextNVMe
                0x0000000000004208       0x54 /tmp/BdsDxe.dll.fer19g.ltrans0.ltrans.o
                0x0000000000004208                DevPathToTextNVMe
 .text.DevPathToTextUfs
                0x000000000000425c       0x14 /tmp/BdsDxe.dll.fer19g.ltrans0.ltrans.o
                0x000000000000425c                DevPathToTextUfs
 .text.DevPathToTextSd
                0x0000000000004270       0x10 /tmp/BdsDxe.dll.fer19g.ltrans0.ltrans.o
                0x0000000000004270                DevPathToTextSd
 .text.DevPathToTextEmmc
                0x0000000000004280       0x10 /tmp/BdsDxe.dll.fer19g.ltrans0.ltrans.o
                0x0000000000004280                DevPathToTextEmmc
 .text.DevPathToText1394
                0x0000000000004290       0x10 /tmp/BdsDxe.dll.fer19g.ltrans0.ltrans.o
                0x0000000000004290                DevPathToText1394
 .text.DevPathToTextUsb
                0x00000000000042a0       0x14 /tmp/BdsDxe.dll.fer19g.ltrans0.ltrans.o
                0x00000000000042a0                DevPathToTextUsb
 .text.DevPathToTextUsbWWID
                0x00000000000042b4       0xb4 /tmp/BdsDxe.dll.fer19g.ltrans0.ltrans.o
                0x00000000000042b4                DevPathToTextUsbWWID
 .text.DevPathToTextLogicalUnit
                0x0000000000004368       0x10 /tmp/BdsDxe.dll.fer19g.ltrans0.ltrans.o
                0x0000000000004368                DevPathToTextLogicalUnit
 .text.DevPathToTextUsbClass
                0x0000000000004378      0x194 /tmp/BdsDxe.dll.fer19g.ltrans0.ltrans.o
                0x0000000000004378                DevPathToTextUsbClass
 .text.DevPathToTextSata
                0x000000000000450c       0x18 /tmp/BdsDxe.dll.fer19g.ltrans0.ltrans.o
                0x000000000000450c                DevPathToTextSata
 .text.DevPathToTextI2O
                0x0000000000004524       0x10 /tmp/BdsDxe.dll.fer19g.ltrans0.ltrans.o
                0x0000000000004524                DevPathToTextI2O
 .text.DevPathToTextMacAddr
                0x0000000000004534       0x8c /tmp/BdsDxe.dll.fer19g.ltrans0.ltrans.o
                0x0000000000004534                DevPathToTextMacAddr
 .text.CatNetworkProtocol
                0x00000000000045c0       0x38 /tmp/BdsDxe.dll.fer19g.ltrans0.ltrans.o
 .text.CatIPv6Address
                0x00000000000045f8       0x8c /tmp/BdsDxe.dll.fer19g.ltrans0.ltrans.o
 .text.DevPathToTextIPv4
                0x0000000000004684      0x120 /tmp/BdsDxe.dll.fer19g.ltrans0.ltrans.o
                0x0000000000004684                DevPathToTextIPv4
 .text.DevPathToTextIPv6
                0x00000000000047a4       0xe8 /tmp/BdsDxe.dll.fer19g.ltrans0.ltrans.o
                0x00000000000047a4                DevPathToTextIPv6
 .text.DevPathToTextInfiniBand
                0x000000000000488c       0x1c /tmp/BdsDxe.dll.fer19g.ltrans0.ltrans.o
                0x000000000000488c                DevPathToTextInfiniBand
 .text.DevPathToTextUart
                0x00000000000048a8      0x118 /tmp/BdsDxe.dll.fer19g.ltrans0.ltrans.o
                0x00000000000048a8                DevPathToTextUart
 .text.DevPathToTextiSCSI
                0x00000000000049c0      0x10c /tmp/BdsDxe.dll.fer19g.ltrans0.ltrans.o
                0x00000000000049c0                DevPathToTextiSCSI
 .text.DevPathToTextVlan
                0x0000000000004acc       0x10 /tmp/BdsDxe.dll.fer19g.ltrans0.ltrans.o
                0x0000000000004acc                DevPathToTextVlan
 .text.DevPathToTextBluetooth
                0x0000000000004adc       0x24 /tmp/BdsDxe.dll.fer19g.ltrans0.ltrans.o
                0x0000000000004adc                DevPathToTextBluetooth
 .text.DevPathToTextWiFi
                0x0000000000004b00       0x44 /tmp/BdsDxe.dll.fer19g.ltrans0.ltrans.o
                0x0000000000004b00                DevPathToTextWiFi
 .text.DevPathToTextBluetoothLE
                0x0000000000004b44       0x44 /tmp/BdsDxe.dll.fer19g.ltrans0.ltrans.o
                0x0000000000004b44                DevPathToTextBluetoothLE
 .text.DevPathToTextDns
                0x0000000000004b88       0xd0 /tmp/BdsDxe.dll.fer19g.ltrans0.ltrans.o
                0x0000000000004b88                DevPathToTextDns
 .text.DevPathToTextUri
                0x0000000000004c58       0x94 /tmp/BdsDxe.dll.fer19g.ltrans0.ltrans.o
                0x0000000000004c58                DevPathToTextUri
 .text.DevPathToTextHardDrive
                0x0000000000004cec       0x8c /tmp/BdsDxe.dll.fer19g.ltrans0.ltrans.o
                0x0000000000004cec                DevPathToTextHardDrive
 .text.DevPathToTextCDROM
                0x0000000000004d78       0x30 /tmp/BdsDxe.dll.fer19g.ltrans0.ltrans.o
                0x0000000000004d78                DevPathToTextCDROM
 .text.DevPathToTextFilePath
                0x0000000000004da8       0x10 /tmp/BdsDxe.dll.fer19g.ltrans0.ltrans.o
                0x0000000000004da8                DevPathToTextFilePath
 .text.DevPathToTextMediaProtocol
                0x0000000000004db8       0x10 /tmp/BdsDxe.dll.fer19g.ltrans0.ltrans.o
                0x0000000000004db8                DevPathToTextMediaProtocol
 .text.DevPathToTextFv
                0x0000000000004dc8       0x10 /tmp/BdsDxe.dll.fer19g.ltrans0.ltrans.o
                0x0000000000004dc8                DevPathToTextFv
 .text.DevPathToTextFvFile
                0x0000000000004dd8       0x10 /tmp/BdsDxe.dll.fer19g.ltrans0.ltrans.o
                0x0000000000004dd8                DevPathToTextFvFile
 .text.DevPathRelativeOffsetRange
                0x0000000000004de8       0x10 /tmp/BdsDxe.dll.fer19g.ltrans0.ltrans.o
                0x0000000000004de8                DevPathRelativeOffsetRange
 .text.DevPathToTextRamDisk
                0x0000000000004df8      0x1a8 /tmp/BdsDxe.dll.fer19g.ltrans0.ltrans.o
                0x0000000000004df8                DevPathToTextRamDisk
 .text.DevPathToTextBBS
                0x0000000000004fa0       0xa0 /tmp/BdsDxe.dll.fer19g.ltrans0.ltrans.o
                0x0000000000004fa0                DevPathToTextBBS
 .text.DevPathToTextEndInstance
                0x0000000000005040        0xc /tmp/BdsDxe.dll.fer19g.ltrans0.ltrans.o
                0x0000000000005040                DevPathToTextEndInstance
 .text.DevPathToTextNodeGeneric
                0x000000000000504c       0xfc /tmp/BdsDxe.dll.fer19g.ltrans0.ltrans.o
                0x000000000000504c                DevPathToTextNodeGeneric
 .text.Print    0x0000000000005148      0x140 /tmp/BdsDxe.dll.fer19g.ltrans0.ltrans.o
                0x0000000000005148                Print
 .text.PrintXY  0x0000000000005288      0x4bc /tmp/BdsDxe.dll.fer19g.ltrans0.ltrans.o
                0x0000000000005288                PrintXY
 .text.GetVariable2
                0x0000000000005744      0x138 /tmp/BdsDxe.dll.fer19g.ltrans0.ltrans.o
                0x0000000000005744                GetVariable2
 .text.GetEfiGlobalVariable2
                0x000000000000587c       0x14 /tmp/BdsDxe.dll.fer19g.ltrans0.ltrans.o
                0x000000000000587c                GetEfiGlobalVariable2
 .text.BdsFormalizeConsoleVariable
                0x0000000000005890       0xcc /tmp/BdsDxe.dll.fer19g.ltrans0.ltrans.o
 .text.GetBestLanguage
                0x000000000000595c      0x1ac /tmp/BdsDxe.dll.fer19g.ltrans0.ltrans.o
                0x000000000000595c                GetBestLanguage
 .text.GetPerformanceMeasurementProtocol
                0x0000000000005b08       0x94 /tmp/BdsDxe.dll.fer19g.ltrans0.ltrans.o
                0x0000000000005b08                GetPerformanceMeasurementProtocol
 .text.ReportErrorCodeEnabled
                0x0000000000005b9c        0x8 /tmp/BdsDxe.dll.fer19g.ltrans0.ltrans.o
                0x0000000000005b9c                ReportErrorCodeEnabled
 .text.ReportDebugCodeEnabled
                0x0000000000005ba4        0x8 /tmp/BdsDxe.dll.fer19g.ltrans0.ltrans.o
                0x0000000000005ba4                ReportDebugCodeEnabled
 .text.BdsDxeSetVariableAndReportStatusCodeOnError
                0x0000000000005bac       0xf8 /tmp/BdsDxe.dll.fer19g.ltrans0.ltrans.o
 .text.InitializeLangVariable
                0x0000000000005ca4       0xc8 /tmp/BdsDxe.dll.fer19g.ltrans0.ltrans.o
 .text.BmReportLoadFailure
                0x0000000000005d6c       0x5c /tmp/BdsDxe.dll.fer19g.ltrans0.ltrans.o
 .text.EfiBootManagerConnectDevicePath
                0x0000000000005dc8      0x160 /tmp/BdsDxe.dll.fer19g.ltrans0.ltrans.o
                0x0000000000005dc8                EfiBootManagerConnectDevicePath
 .text.BmUpdateSystemTableConsole
                0x0000000000005f28      0x18c /tmp/BdsDxe.dll.fer19g.ltrans0.ltrans.o
                0x0000000000005f28                BmUpdateSystemTableConsole
 .text.EfiBootManagerUpdateConsoleVariable
                0x00000000000060b4      0x10c /tmp/BdsDxe.dll.fer19g.ltrans0.ltrans.o
                0x00000000000060b4                EfiBootManagerUpdateConsoleVariable
 .text.EfiBootManagerConnectConsoleVariable.part.0
                0x00000000000061c0      0x234 /tmp/BdsDxe.dll.fer19g.ltrans0.ltrans.o
                0x00000000000061c0                EfiBootManagerConnectConsoleVariable.part.0
 .text.BmGetRamDiskDevicePath
                0x00000000000063f4       0xc8 /tmp/BdsDxe.dll.fer19g.ltrans0.ltrans.o
                0x00000000000063f4                BmGetRamDiskDevicePath
 .text.BmDestroyRamDisk
                0x00000000000064bc      0x238 /tmp/BdsDxe.dll.fer19g.ltrans0.ltrans.o
                0x00000000000064bc                BmDestroyRamDisk
 .text.BmExpandLoadFile
                0x00000000000066f4      0x30c /tmp/BdsDxe.dll.fer19g.ltrans0.ltrans.o
 .text.BmGetNextLoadOptionDevicePath
                0x0000000000006a00      0xd44 /tmp/BdsDxe.dll.fer19g.ltrans0.ltrans.o
                0x0000000000006a00                BmGetNextLoadOptionDevicePath
 .text.BmIsBootManagerMenuFilePath
                0x0000000000007744       0x5c /tmp/BdsDxe.dll.fer19g.ltrans0.ltrans.o
                0x0000000000007744                BmIsBootManagerMenuFilePath
 .text.EfiBootManagerBoot
                0x00000000000077a0      0x9ac /tmp/BdsDxe.dll.fer19g.ltrans0.ltrans.o
 .text.EfiBootManagerRefreshAllBootOption
                0x000000000000814c      0x784 /tmp/BdsDxe.dll.fer19g.ltrans0.ltrans.o
 .text.BdsEntry
                0x00000000000088d0     0x1f90 /tmp/BdsDxe.dll.fer19g.ltrans0.ltrans.o
 .text.BmEliminateExtraSpaces
                0x000000000000a860       0x44 /tmp/BdsDxe.dll.fer19g.ltrans1.ltrans.o
 .text.BmGenerateKeyShiftState
                0x000000000000a8a4      0x10c /tmp/BdsDxe.dll.fer19g.ltrans1.ltrans.o
 .text.InternalBaseLibIsListValid
                0x000000000000a9b0       0xb0 /tmp/BdsDxe.dll.fer19g.ltrans1.ltrans.o
 .text.GetFirstNode
                0x000000000000aa60       0x44 /tmp/BdsDxe.dll.fer19g.ltrans1.ltrans.o
 .text.GetNextNode
                0x000000000000aaa4       0x44 /tmp/BdsDxe.dll.fer19g.ltrans1.ltrans.o
 .text.IsNull   0x000000000000aae8       0x4c /tmp/BdsDxe.dll.fer19g.ltrans1.ltrans.o
 .text.RemoveEntryList
                0x000000000000ab34       0x74 /tmp/BdsDxe.dll.fer19g.ltrans1.ltrans.o
 .text.InsertTailList.constprop.0.isra.0
                0x000000000000aba8       0x60 /tmp/BdsDxe.dll.fer19g.ltrans1.ltrans.o
 .text.WriteUnaligned16.isra.0
                0x000000000000ac08       0x4c /tmp/BdsDxe.dll.fer19g.ltrans1.ltrans.o
 .text.WriteUnaligned32.isra.0
                0x000000000000ac54       0x50 /tmp/BdsDxe.dll.fer19g.ltrans1.ltrans.o
 .text.SetDevicePathNodeLength.isra.0
                0x000000000000aca4       0x60 /tmp/BdsDxe.dll.fer19g.ltrans1.ltrans.o
 .text.IsPciDisplay.lto_priv.0
                0x000000000000ad04       0xb4 /tmp/BdsDxe.dll.fer19g.ltrans1.ltrans.o
                0x000000000000ad04                IsPciDisplay.lto_priv.0
 .text.Connect.lto_priv.0
                0x000000000000adb8       0x9c /tmp/BdsDxe.dll.fer19g.ltrans1.ltrans.o
                0x000000000000adb8                Connect.lto_priv.0
 .text.InternalImageHandleToFvHandle
                0x000000000000ae54       0xc0 /tmp/BdsDxe.dll.fer19g.ltrans1.ltrans.o
 .text.BmRegisterHotkeyNotify.isra.0
                0x000000000000af14       0xc4 /tmp/BdsDxe.dll.fer19g.ltrans1.ltrans.o
 .text.EfiBootManagerFreeDriverHealthInfo.isra.0
                0x000000000000afd8       0x70 /tmp/BdsDxe.dll.fer19g.ltrans1.ltrans.o
 .text.BmGetActiveConsoleIn
                0x000000000000b048       0xa8 /tmp/BdsDxe.dll.fer19g.ltrans1.ltrans.o
 .text.BmGetLoadFileDescription
                0x000000000000b0f0       0xb4 /tmp/BdsDxe.dll.fer19g.ltrans1.ltrans.o
 .text.IsUsbHost.lto_priv.0
                0x000000000000b1a4       0x94 /tmp/BdsDxe.dll.fer19g.ltrans1.ltrans.o
                0x000000000000b1a4                IsUsbHost.lto_priv.0
 .text.BmGetNetworkDescription
                0x000000000000b238      0x324 /tmp/BdsDxe.dll.fer19g.ltrans1.ltrans.o
 .text.BmGetMiscDescription
                0x000000000000b55c      0x274 /tmp/BdsDxe.dll.fer19g.ltrans1.ltrans.o
 .text.BmGetSingleControllerHealthStatus
                0x000000000000b7d0      0x29c /tmp/BdsDxe.dll.fer19g.ltrans1.ltrans.o
 .text.EfiBootManagerGetDriverHealthInfo
                0x000000000000ba6c      0x268 /tmp/BdsDxe.dll.fer19g.ltrans1.ltrans.o
 .text.InternalGetSectionFromFv.constprop.0
                0x000000000000bcd4       0x98 /tmp/BdsDxe.dll.fer19g.ltrans1.ltrans.o
 .text.EfiAcquireLock.constprop.0
                0x000000000000bd6c       0x70 /tmp/BdsDxe.dll.fer19g.ltrans1.ltrans.o
 .text.EfiReleaseLock.constprop.0
                0x000000000000bddc       0x6c /tmp/BdsDxe.dll.fer19g.ltrans1.ltrans.o
 .text.BmTxtInExCallback
                0x000000000000be48      0x170 /tmp/BdsDxe.dll.fer19g.ltrans1.ltrans.o
                0x000000000000be48                BmTxtInExCallback
 .text.BmStopHotkeyService
                0x000000000000bfb8      0x238 /tmp/BdsDxe.dll.fer19g.ltrans1.ltrans.o
                0x000000000000bfb8                BmStopHotkeyService
 .text.EfiBootManagerIsValidLoadOptionVariableName.part.0
                0x000000000000c1f0      0x10c /tmp/BdsDxe.dll.fer19g.ltrans1.ltrans.o
 .text.BmCollectKeyOptions
                0x000000000000c2fc      0x224 /tmp/BdsDxe.dll.fer19g.ltrans1.ltrans.o
                0x000000000000c2fc                BmCollectKeyOptions
 .text.BmRepairNotify
                0x000000000000c520       0x6c /tmp/BdsDxe.dll.fer19g.ltrans1.ltrans.o
 .text.AddOutput.lto_priv.0
                0x000000000000c58c      0x148 /tmp/BdsDxe.dll.fer19g.ltrans1.ltrans.o
                0x000000000000c58c                AddOutput.lto_priv.0
 .text.StrCpyS.constprop.0.isra.0
                0x000000000000c6d4      0x1bc /tmp/BdsDxe.dll.fer19g.ltrans1.ltrans.o
 .text.StrCatS.isra.0
                0x000000000000c890      0x258 /tmp/BdsDxe.dll.fer19g.ltrans1.ltrans.o
 .text.BmGetUsbDescription
                0x000000000000cae8      0x1d4 /tmp/BdsDxe.dll.fer19g.ltrans1.ltrans.o
 .text.IsZeroGuid.constprop.0
                0x000000000000ccbc       0x10 /tmp/BdsDxe.dll.fer19g.ltrans1.ltrans.o
 .text.AsciiStrToUnicodeStrS.isra.0
                0x000000000000cccc      0x140 /tmp/BdsDxe.dll.fer19g.ltrans1.ltrans.o
 .text.BmGetDescriptionFromDiskInfo
                0x000000000000ce0c      0x2b0 /tmp/BdsDxe.dll.fer19g.ltrans1.ltrans.o
 .text.UnicodeValueToStringS.constprop.0.isra.0
                0x000000000000d0bc       0xbc /tmp/BdsDxe.dll.fer19g.ltrans1.ltrans.o
 .text.SetMem.constprop.0.isra.0
                0x000000000000d178       0x48 /tmp/BdsDxe.dll.fer19g.ltrans1.ltrans.o
 .text.InternalReportStatusCode.constprop.0.isra.0
                0x000000000000d1c0       0xe0 /tmp/BdsDxe.dll.fer19g.ltrans1.ltrans.o
 .text.BmGetBootDescription
                0x000000000000d2a0      0x1b0 /tmp/BdsDxe.dll.fer19g.ltrans1.ltrans.o
                0x000000000000d2a0                BmGetBootDescription
 .text.BmForEachVariable
                0x000000000000d450      0x184 /tmp/BdsDxe.dll.fer19g.ltrans1.ltrans.o
                0x000000000000d450                BmForEachVariable
 .text.BmGetFreeOptionNumber
                0x000000000000d5d4      0x178 /tmp/BdsDxe.dll.fer19g.ltrans1.ltrans.o
                0x000000000000d5d4                BmGetFreeOptionNumber
 .text.EfiBootManagerLoadOptionToVariable
                0x000000000000d74c      0x244 /tmp/BdsDxe.dll.fer19g.ltrans1.ltrans.o
                0x000000000000d74c                EfiBootManagerLoadOptionToVariable
 .text.EfiBootManagerDeleteLoadOptionVariable
                0x000000000000d990      0x15c /tmp/BdsDxe.dll.fer19g.ltrans1.ltrans.o
                0x000000000000d990                EfiBootManagerDeleteLoadOptionVariable
 .text.BmProcessKeyOption
                0x000000000000daec      0x238 /tmp/BdsDxe.dll.fer19g.ltrans1.ltrans.o
                0x000000000000daec                BmProcessKeyOption
 .text.ZeroMem  0x000000000000dd24       0x74 /tmp/BdsDxe.dll.fer19g.ltrans1.ltrans.o
                0x000000000000dd24                ZeroMem
 .text.EfiBootManagerInitializeLoadOption
                0x000000000000dd98       0xe4 /tmp/BdsDxe.dll.fer19g.ltrans1.ltrans.o
                0x000000000000dd98                EfiBootManagerInitializeLoadOption
 .text.CompareMem
                0x000000000000de7c       0xd0 /tmp/BdsDxe.dll.fer19g.ltrans1.ltrans.o
                0x000000000000de7c                CompareMem
 .text.BmMatchPartitionDevicePathNode.part.0
                0x000000000000df4c       0xc4 /tmp/BdsDxe.dll.fer19g.ltrans1.ltrans.o
                0x000000000000df4c                BmMatchPartitionDevicePathNode.part.0
 .text.EfiBootManagerFindLoadOption
                0x000000000000e010       0xc0 /tmp/BdsDxe.dll.fer19g.ltrans1.ltrans.o
                0x000000000000e010                EfiBootManagerFindLoadOption
 .text.BmDelPartMatchInstance
                0x000000000000e0d0       0xe4 /tmp/BdsDxe.dll.fer19g.ltrans1.ltrans.o
                0x000000000000e0d0                BmDelPartMatchInstance
 .text.BmMatchDevicePaths
                0x000000000000e1b4       0x7c /tmp/BdsDxe.dll.fer19g.ltrans1.ltrans.o
                0x000000000000e1b4                BmMatchDevicePaths
 .text.ReadUnaligned16
                0x000000000000e230       0x5c /tmp/BdsDxe.dll.fer19g.ltrans1.ltrans.o
                0x000000000000e230                ReadUnaligned16
 .text.ReadUnaligned32
                0x000000000000e28c       0x50 /tmp/BdsDxe.dll.fer19g.ltrans1.ltrans.o
 .text.EfiGetNameGuidFromFwVolDevicePathNode
                0x000000000000e2dc       0x78 /tmp/BdsDxe.dll.fer19g.ltrans1.ltrans.o
                0x000000000000e2dc                EfiGetNameGuidFromFwVolDevicePathNode
 .text.MmioRead32
                0x000000000000e354        0x8 /tmp/BdsDxe.dll.fer19g.ltrans1.ltrans.o
                0x000000000000e354                MmioRead32
 .text.EfiBootManagerRegisterContinueKeyOption.constprop.0
                0x000000000000e35c      0x190 /tmp/BdsDxe.dll.fer19g.ltrans1.ltrans.o
                0x000000000000e35c                EfiBootManagerRegisterContinueKeyOption.constprop.0
 .text.LowBitSet32.constprop.0
                0x000000000000e4ec        0x8 /tmp/BdsDxe.dll.fer19g.ltrans1.ltrans.o
                0x000000000000e4ec                LowBitSet32.constprop.0
 .text.EfiBootManagerAddKeyOptionVariable.constprop.0
                0x000000000000e4f4      0x2f0 /tmp/BdsDxe.dll.fer19g.ltrans1.ltrans.o
                0x000000000000e4f4                EfiBootManagerAddKeyOptionVariable.constprop.0
 .text.EfiBootManagerAddLoadOptionVariable.constprop.0
                0x000000000000e7e4      0x1d8 /tmp/BdsDxe.dll.fer19g.ltrans1.ltrans.o
                0x000000000000e7e4                EfiBootManagerAddLoadOptionVariable.constprop.0
 .text.EfiCreateEventReadyToBootEx.constprop.0
                0x000000000000e9bc       0xac /tmp/BdsDxe.dll.fer19g.ltrans1.ltrans.o
                0x000000000000e9bc                EfiCreateEventReadyToBootEx.constprop.0
 .text.FileDevicePath.constprop.0
                0x000000000000ea68       0xa4 /tmp/BdsDxe.dll.fer19g.ltrans1.ltrans.o
                0x000000000000ea68                FileDevicePath.constprop.0
 .text.LogPerformanceMeasurementEnabled.constprop.0
                0x000000000000eb0c        0x8 /tmp/BdsDxe.dll.fer19g.ltrans1.ltrans.o
                0x000000000000eb0c                LogPerformanceMeasurementEnabled.constprop.0
 .text.LShiftU64.constprop.0
                0x000000000000eb14        0x8 /tmp/BdsDxe.dll.fer19g.ltrans1.ltrans.o
                0x000000000000eb14                LShiftU64.constprop.0
 .text.ReadUnaligned64
                0x000000000000eb1c       0x38 /tmp/BdsDxe.dll.fer19g.ltrans1.ltrans.o
                0x000000000000eb1c                ReadUnaligned64
 .text.MultU64x32.constprop.0
                0x000000000000eb54       0x10 /tmp/BdsDxe.dll.fer19g.ltrans1.ltrans.o
                0x000000000000eb54                MultU64x32.constprop.0
 .text.BmGetNvmeDescription
                0x000000000000eb64      0x214 /tmp/BdsDxe.dll.fer19g.ltrans1.ltrans.o
 .text.LibPcdGet16.constprop.0
                0x000000000000ed78       0x20 /tmp/BdsDxe.dll.fer19g.ltrans1.ltrans.o
                0x000000000000ed78                LibPcdGet16.constprop.0
 .text.PlatformBootManagerWaitCallback
                0x000000000000ed98      0x244 /tmp/BdsDxe.dll.fer19g.ltrans1.ltrans.o
                0x000000000000ed98                PlatformBootManagerWaitCallback
 .text.DivU64x32.constprop.0
                0x000000000000efdc       0x40 /tmp/BdsDxe.dll.fer19g.ltrans1.ltrans.o
                0x000000000000efdc                DivU64x32.constprop.0
 .text.UefiDevicePathLibConvertDevicePathToText.constprop.0
                0x000000000000f01c      0x12c /tmp/BdsDxe.dll.fer19g.ltrans1.ltrans.o
                0x000000000000f01c                UefiDevicePathLibConvertDevicePathToText.constprop.0
 .text.BmGetControllerName
                0x000000000000f148      0x124 /tmp/BdsDxe.dll.fer19g.ltrans1.ltrans.o
 .text.BmDisplayMessages
                0x000000000000f26c      0x2ac /tmp/BdsDxe.dll.fer19g.ltrans1.ltrans.o
 .text.BmRepairAllControllers
                0x000000000000f518      0x434 /tmp/BdsDxe.dll.fer19g.ltrans1.ltrans.o
                0x000000000000f518                BmRepairAllControllers
 .text.BmPrintDp
                0x000000000000f94c       0x64 /tmp/BdsDxe.dll.fer19g.ltrans1.ltrans.o
 .text.BmGetNextLoadOptionBuffer
                0x000000000000f9b0      0x594 /tmp/BdsDxe.dll.fer19g.ltrans1.ltrans.o
                0x000000000000f9b0                BmGetNextLoadOptionBuffer
 .text.EfiBootManagerProcessLoadOption
                0x000000000000ff44      0x298 /tmp/BdsDxe.dll.fer19g.ltrans1.ltrans.o
                0x000000000000ff44                EfiBootManagerProcessLoadOption
 .text.FilterAndProcess.lto_priv.0
                0x00000000000101dc      0x158 /tmp/BdsDxe.dll.fer19g.ltrans1.ltrans.o
                0x00000000000101dc                FilterAndProcess.lto_priv.0
 .text.BasePrintLibSPrintMarker.constprop.0
                0x0000000000010334      0xfc4 /tmp/BdsDxe.dll.fer19g.ltrans1.ltrans.o
                0x0000000000010334                BasePrintLibSPrintMarker.constprop.0
 .text.AsciiSPrint.constprop.0
                0x00000000000112f8       0x68 /tmp/BdsDxe.dll.fer19g.ltrans1.ltrans.o
                0x00000000000112f8                AsciiSPrint.constprop.0
 .text.BasePrintLibSPrint.constprop.0
                0x0000000000011360       0x54 /tmp/BdsDxe.dll.fer19g.ltrans1.ltrans.o
 .text.EndPerformanceMeasurementEx.constprop.0.isra.0
                0x00000000000113b4       0x94 /tmp/BdsDxe.dll.fer19g.ltrans1.ltrans.o
                0x00000000000113b4                EndPerformanceMeasurementEx.constprop.0.isra.0
 .text.LogPerformanceMeasurement.constprop.0.isra.0
                0x0000000000011448       0x94 /tmp/BdsDxe.dll.fer19g.ltrans1.ltrans.o
                0x0000000000011448                LogPerformanceMeasurement.constprop.0.isra.0
 .text.MmioWrite32.isra.0
                0x00000000000114dc        0x8 /tmp/BdsDxe.dll.fer19g.ltrans1.ltrans.o
                0x00000000000114dc                MmioWrite32.isra.0
 .text.UartWrite.constprop.0.isra.0
                0x00000000000114e4       0x4c /tmp/BdsDxe.dll.fer19g.ltrans1.ltrans.o
                0x00000000000114e4                UartWrite.constprop.0.isra.0
 .text.EfiBootManagerFreeLoadOption.isra.0
                0x0000000000011530       0x50 /tmp/BdsDxe.dll.fer19g.ltrans1.ltrans.o
                0x0000000000011530                EfiBootManagerFreeLoadOption.isra.0
 .text.EfiBootManagerFreeLoadOptions.isra.0
                0x0000000000011580       0x54 /tmp/BdsDxe.dll.fer19g.ltrans1.ltrans.o
                0x0000000000011580                EfiBootManagerFreeLoadOptions.isra.0
 .text.EfiBootManagerConnectAllDefaultConsoles.isra.0
                0x00000000000115d4      0x130 /tmp/BdsDxe.dll.fer19g.ltrans1.ltrans.o
                0x00000000000115d4                EfiBootManagerConnectAllDefaultConsoles.isra.0
 .text.CatIPv4Address.isra.0
                0x0000000000011704       0x1c /tmp/BdsDxe.dll.fer19g.ltrans1.ltrans.o
                0x0000000000011704                CatIPv4Address.isra.0
 .text.CopyGuid.isra.0
                0x0000000000011720       0x64 /tmp/BdsDxe.dll.fer19g.ltrans1.ltrans.o
                0x0000000000011720                CopyGuid.isra.0
 .text.EfiBootManagerVariableToLoadOptionEx.part.0
                0x0000000000011784      0x234 /tmp/BdsDxe.dll.fer19g.ltrans1.ltrans.o
                0x0000000000011784                EfiBootManagerVariableToLoadOptionEx.part.0
 .text.BmCollectLoadOptions
                0x00000000000119b8      0x138 /tmp/BdsDxe.dll.fer19g.ltrans1.ltrans.o
 .text.EfiBootManagerGetLoadOptions
                0x0000000000011af0      0x228 /tmp/BdsDxe.dll.fer19g.ltrans1.ltrans.o
                0x0000000000011af0                EfiBootManagerGetLoadOptions
 .text.BmHotkeyCallback
                0x0000000000011d18      0x294 /tmp/BdsDxe.dll.fer19g.ltrans1.ltrans.o
 .text.EfiInitializeFwVolDevicepathNode
                0x0000000000011fac       0x64 /tmp/BdsDxe.dll.fer19g.ltrans1.ltrans.o
                0x0000000000011fac                EfiInitializeFwVolDevicepathNode
 .text.EfiBootManagerGetBootManagerMenu
                0x0000000000012010      0x504 /tmp/BdsDxe.dll.fer19g.ltrans1.ltrans.o
                0x0000000000012010                EfiBootManagerGetBootManagerMenu
 .text.RegisterBasicVariablePolicy.constprop.0
                0x0000000000012514      0x160 /tmp/BdsDxe.dll.fer19g.ltrans1.ltrans.o
                0x0000000000012514                RegisterBasicVariablePolicy.constprop.0
 .text.ReportStatusCodeEx.constprop.0.isra.0
                0x0000000000012674      0x198 /tmp/BdsDxe.dll.fer19g.ltrans1.ltrans.o
                0x0000000000012674                ReportStatusCodeEx.constprop.0.isra.0
 *fill*         0x000000000001280c        0x4 
 .text          0x0000000000012810      0x218 /home/daijh/sdk/rk3588/uefi/Build/RK3588/DEBUG_GCC5/AARCH64/MdePkg/Library/BaseMemoryLibOptDxe/BaseMemoryLibOptDxe/OUTPUT/BaseMemoryLibOptDxe.lib(CopyMem.obj)
                0x000000000001297c                InternalMemCopyMem
 *fill*         0x0000000000012a28       0x18 
 .text          0x0000000000012a40       0x20 /home/daijh/sdk/rk3588/uefi/Build/RK3588/DEBUG_GCC5/AARCH64/MdePkg/Library/BaseMemoryLibOptDxe/BaseMemoryLibOptDxe/OUTPUT/BaseMemoryLibOptDxe.lib(CompareGuid.obj)
                0x0000000000012a40                InternalMemCompareGuid
 .text          0x0000000000012a60       0x30 /home/daijh/sdk/rk3588/uefi/Build/RK3588/DEBUG_GCC5/AARCH64/MdePkg/Library/BaseLib/BaseLib/OUTPUT/BaseLib.lib(SwitchStack.obj)
                0x0000000000012a60                InternalSwitchStackAsm
                0x0000000000012a78                CpuPause
 .text          0x0000000000012a90      0x200 /home/daijh/sdk/rk3588/uefi/Build/RK3588/DEBUG_GCC5/AARCH64/MdePkg/Library/BaseMemoryLibOptDxe/BaseMemoryLibOptDxe/OUTPUT/BaseMemoryLibOptDxe.lib(SetMem.obj)
                0x0000000000012a90                InternalMemSetMem16
                0x0000000000012a9c                InternalMemSetMem32
                0x0000000000012aa8                InternalMemSetMem64
                0x0000000000012ab4                InternalMemZeroMem
                0x0000000000012abc                InternalMemSetMem
 *fill*         0x0000000000012c90       0x30 
 .text          0x0000000000012cc0       0xe0 /home/daijh/sdk/rk3588/uefi/Build/RK3588/DEBUG_GCC5/AARCH64/MdePkg/Library/BaseMemoryLibOptDxe/BaseMemoryLibOptDxe/OUTPUT/BaseMemoryLibOptDxe.lib(CompareMem.obj)
                0x0000000000012cc0                InternalMemCompareMem
 *(.rodata .rodata.* .gnu.linkonce.r.*)
 .rodata.BmEndOfBdsPerfCode.str1.1
                0x0000000000012da0        0x4 /tmp/BdsDxe.dll.fer19g.ltrans0.ltrans.o
 .rodata.DebugAssert.str1.1
                0x0000000000012da4       0x1f /tmp/BdsDxe.dll.fer19g.ltrans0.ltrans.o
 .rodata.CompareGuid.str1.1
                0x0000000000012dc3       0x81 /tmp/BdsDxe.dll.fer19g.ltrans0.ltrans.o
 .rodata.CopyMem.str1.1
                0x0000000000012e44       0xd6 /tmp/BdsDxe.dll.fer19g.ltrans0.ltrans.o
 .rodata.StrLen.str1.1
                0x0000000000012f1a       0xb5 /tmp/BdsDxe.dll.fer19g.ltrans0.ltrans.o
 .rodata.StrCmp.str1.1
                0x0000000000012fcf       0x37 /tmp/BdsDxe.dll.fer19g.ltrans0.ltrans.o
 .rodata.StrnCmp.str1.1
                0x0000000000013006       0x3b /tmp/BdsDxe.dll.fer19g.ltrans0.ltrans.o
 .rodata.AsciiStrLen.str1.1
                0x0000000000013041       0x38 /tmp/BdsDxe.dll.fer19g.ltrans0.ltrans.o
 .rodata.AsciiStrnCmp.str1.1
                0x0000000000013079       0x70 /tmp/BdsDxe.dll.fer19g.ltrans0.ltrans.o
 .rodata.StrnLenS.str1.1
                0x00000000000130e9       0x45 /tmp/BdsDxe.dll.fer19g.ltrans0.ltrans.o
 .rodata.UnicodeVSPrint.str1.1
                0x000000000001312e       0x70 /tmp/BdsDxe.dll.fer19g.ltrans0.ltrans.o
 .rodata.InternalAllocateCopyPool.str1.1
                0x000000000001319e       0x9d /tmp/BdsDxe.dll.fer19g.ltrans0.ltrans.o
                                         0xb4 (size before relaxing)
 .rodata.GetNextHob.str1.1
                0x000000000001323b       0x5c /tmp/BdsDxe.dll.fer19g.ltrans0.ltrans.o
 .rodata.BdsWaitForSingleEvent.str1.1
                0x0000000000013297       0xb1 /tmp/BdsDxe.dll.fer19g.ltrans0.ltrans.o
 .rodata.GetPcdProtocol.str1.1
                0x0000000000013348       0x5b /tmp/BdsDxe.dll.fer19g.ltrans0.ltrans.o
 .rodata.FreePages.str1.1
                0x00000000000133a3        0xb /tmp/BdsDxe.dll.fer19g.ltrans0.ltrans.o
 .rodata.GetHobList.str1.1
                0x00000000000133ae       0x19 /tmp/BdsDxe.dll.fer19g.ltrans0.ltrans.o
 .rodata._ModuleEntryPoint.str1.1
                0x00000000000133c7      0x29f /tmp/BdsDxe.dll.fer19g.ltrans0.ltrans.o
 .rodata.CheckDeferredLoadImageOnReadyToBoot.str1.1
                0x0000000000013666       0x2e /tmp/BdsDxe.dll.fer19g.ltrans0.ltrans.o
 .rodata.ProcessLoadOptions.str1.1
                0x0000000000013694       0x55 /tmp/BdsDxe.dll.fer19g.ltrans0.ltrans.o
 .rodata.DevicePathType.str1.1
                0x00000000000136e9       0x58 /tmp/BdsDxe.dll.fer19g.ltrans0.ltrans.o
                                         0x6d (size before relaxing)
 .rodata.BmExpandMediaDevicePath.str1.1
                0x0000000000013741       0x73 /tmp/BdsDxe.dll.fer19g.ltrans0.ltrans.o
 .rodata.UefiDevicePathLibCatPrint.str1.1
                0x00000000000137b4       0x6e /tmp/BdsDxe.dll.fer19g.ltrans0.ltrans.o
 .rodata.DevPathToTextPci.str2.2
                0x0000000000013822       0x1e /tmp/BdsDxe.dll.fer19g.ltrans0.ltrans.o
 .rodata.DevPathToTextPccard.str2.2
                0x0000000000013840       0x1a /tmp/BdsDxe.dll.fer19g.ltrans0.ltrans.o
 .rodata.DevPathToTextMemMap.str2.2
                0x000000000001385a       0x3e /tmp/BdsDxe.dll.fer19g.ltrans0.ltrans.o
 .rodata.DevPathToTextVendor.str2.2
                0x0000000000013898      0x1c8 /tmp/BdsDxe.dll.fer19g.ltrans0.ltrans.o
                                        0x1f8 (size before relaxing)
 .rodata.DevPathToTextController.str2.2
                0x0000000000013a60       0x16 /tmp/BdsDxe.dll.fer19g.ltrans0.ltrans.o
 .rodata.DevPathToTextBmc.str2.2
                0x0000000000013a76       0x20 /tmp/BdsDxe.dll.fer19g.ltrans0.ltrans.o
 .rodata.DevPathToTextAcpi.str2.2
                0x0000000000013a96       0xfc /tmp/BdsDxe.dll.fer19g.ltrans0.ltrans.o
 .rodata.DevPathToTextAcpiEx.str2.2
                0x0000000000013b92       0xf2 /tmp/BdsDxe.dll.fer19g.ltrans0.ltrans.o
                                        0x10a (size before relaxing)
 .rodata.DevPathToTextAcpiAdr.str2.2
                0x0000000000013c84       0x26 /tmp/BdsDxe.dll.fer19g.ltrans0.ltrans.o
 .rodata.DevPathToTextAtapi.str2.2
                0x0000000000013caa       0x72 /tmp/BdsDxe.dll.fer19g.ltrans0.ltrans.o
 .rodata.DevPathToTextScsi.str2.2
                0x0000000000013d1c       0x20 /tmp/BdsDxe.dll.fer19g.ltrans0.ltrans.o
 .rodata.DevPathToTextFibre.str2.2
                0x0000000000013d3c       0x26 /tmp/BdsDxe.dll.fer19g.ltrans0.ltrans.o
 .rodata.DevPathToTextFibreEx.str2.2
                0x0000000000013d62       0x16 /tmp/BdsDxe.dll.fer19g.ltrans0.ltrans.o
                                         0x1e (size before relaxing)
 .rodata.DevPathToTextSasEx.str2.2
                0x0000000000013d78       0x4a /tmp/BdsDxe.dll.fer19g.ltrans0.ltrans.o
                                         0x66 (size before relaxing)
 .rodata.DevPathToTextNVMe.str2.2
                0x0000000000013dc2       0x66 /tmp/BdsDxe.dll.fer19g.ltrans0.ltrans.o
 .rodata.DevPathToTextUfs.str2.2
                0x0000000000013e28       0x1e /tmp/BdsDxe.dll.fer19g.ltrans0.ltrans.o
 .rodata.DevPathToTextSd.str2.2
                0x0000000000013e46       0x12 /tmp/BdsDxe.dll.fer19g.ltrans0.ltrans.o
 .rodata.DevPathToTextEmmc.str2.2
                0x0000000000013e58       0x16 /tmp/BdsDxe.dll.fer19g.ltrans0.ltrans.o
 .rodata.DevPathToText1394.str2.2
                0x0000000000013e6e       0x1c /tmp/BdsDxe.dll.fer19g.ltrans0.ltrans.o
 .rodata.DevPathToTextUsb.str2.2
                0x0000000000013e8a       0x1e /tmp/BdsDxe.dll.fer19g.ltrans0.ltrans.o
 .rodata.DevPathToTextUsbWWID.str1.1
                0x0000000000013ea8       0x17 /tmp/BdsDxe.dll.fer19g.ltrans0.ltrans.o
 *fill*         0x0000000000013ebf        0x1 
 .rodata.DevPathToTextUsbWWID.str2.2
                0x0000000000013ec0       0x3a /tmp/BdsDxe.dll.fer19g.ltrans0.ltrans.o
 .rodata.DevPathToTextLogicalUnit.str2.2
                0x0000000000013efa       0x16 /tmp/BdsDxe.dll.fer19g.ltrans0.ltrans.o
 .rodata.DevPathToTextUsbClass.str2.2
                0x0000000000013f10      0x250 /tmp/BdsDxe.dll.fer19g.ltrans0.ltrans.o
 .rodata.DevPathToTextUsbClass
                0x0000000000014160        0xe /tmp/BdsDxe.dll.fer19g.ltrans0.ltrans.o
 .rodata.DevPathToTextSata.str2.2
                0x000000000001416e       0x2a /tmp/BdsDxe.dll.fer19g.ltrans0.ltrans.o
 .rodata.DevPathToTextI2O.str2.2
                0x0000000000014198       0x14 /tmp/BdsDxe.dll.fer19g.ltrans0.ltrans.o
 .rodata.DevPathToTextMacAddr.str2.2
                0x00000000000141ac        0xa /tmp/BdsDxe.dll.fer19g.ltrans0.ltrans.o
                                         0x18 (size before relaxing)
 .rodata.CatNetworkProtocol.str2.2
                0x00000000000141b6       0x10 /tmp/BdsDxe.dll.fer19g.ltrans0.ltrans.o
 .rodata.CatIPv6Address.str2.2
                0x00000000000141c6       0x90 /tmp/BdsDxe.dll.fer19g.ltrans0.ltrans.o
 .rodata.DevPathToTextIPv4.str2.2
                0x0000000000014256       0x24 /tmp/BdsDxe.dll.fer19g.ltrans0.ltrans.o
                                         0x2e (size before relaxing)
 .rodata.DevPathToTextIPv6.str2.2
                0x000000000001427a       0x80 /tmp/BdsDxe.dll.fer19g.ltrans0.ltrans.o
 .rodata.DevPathToTextInfiniBand.str2.2
                0x00000000000142fa       0x4c /tmp/BdsDxe.dll.fer19g.ltrans0.ltrans.o
 .rodata.DevPathToTextUart.str2.2
                0x0000000000014346       0x5c /tmp/BdsDxe.dll.fer19g.ltrans0.ltrans.o
                                         0x74 (size before relaxing)
 *fill*         0x00000000000143a2        0x2 
 .rodata.DevPathToTextUart
                0x00000000000143a4        0x4 /tmp/BdsDxe.dll.fer19g.ltrans0.ltrans.o
 .rodata.DevPathToTextiSCSI.str2.2
                0x00000000000143a8       0x64 /tmp/BdsDxe.dll.fer19g.ltrans0.ltrans.o
                                         0x6c (size before relaxing)
 .rodata.DevPathToTextVlan.str2.2
                0x000000000001440c       0x12 /tmp/BdsDxe.dll.fer19g.ltrans0.ltrans.o
 .rodata.DevPathToTextBluetooth.str2.2
                0x000000000001441e       0x48 /tmp/BdsDxe.dll.fer19g.ltrans0.ltrans.o
 .rodata.DevPathToTextWiFi.str2.2
                0x0000000000014466       0x14 /tmp/BdsDxe.dll.fer19g.ltrans0.ltrans.o
 .rodata.DevPathToTextBluetoothLE.str2.2
                0x000000000001447a       0x5a /tmp/BdsDxe.dll.fer19g.ltrans0.ltrans.o
 .rodata.DevPathToTextDns.str2.2
                0x00000000000144d4        0xa /tmp/BdsDxe.dll.fer19g.ltrans0.ltrans.o
 .rodata.DevPathToTextUri.str1.1
                0x00000000000144de       0x17 /tmp/BdsDxe.dll.fer19g.ltrans0.ltrans.o
 *fill*         0x00000000000144f5        0x1 
 .rodata.DevPathToTextUri.str2.2
                0x00000000000144f6       0x10 /tmp/BdsDxe.dll.fer19g.ltrans0.ltrans.o
 .rodata.DevPathToTextHardDrive.str2.2
                0x0000000000014506       0x64 /tmp/BdsDxe.dll.fer19g.ltrans0.ltrans.o
                                         0x7e (size before relaxing)
 .rodata.DevPathToTextCDROM.str2.2
                0x000000000001456a       0x48 /tmp/BdsDxe.dll.fer19g.ltrans0.ltrans.o
 .rodata.DevPathToTextFilePath.str2.2
                0x00000000000145b2       0x48 /tmp/BdsDxe.dll.fer19g.ltrans0.ltrans.o
                                          0x6 (size before relaxing)
 .rodata.DevPathToTextMediaProtocol.str2.2
                0x00000000000145b2       0x14 /tmp/BdsDxe.dll.fer19g.ltrans0.ltrans.o
 .rodata.DevPathToTextFv.str2.2
                0x00000000000145c6        0xe /tmp/BdsDxe.dll.fer19g.ltrans0.ltrans.o
 .rodata.DevPathToTextFvFile.str2.2
                0x00000000000145d4       0x16 /tmp/BdsDxe.dll.fer19g.ltrans0.ltrans.o
 .rodata.DevPathRelativeOffsetRange.str2.2
                0x00000000000145ea       0x28 /tmp/BdsDxe.dll.fer19g.ltrans0.ltrans.o
 .rodata.DevPathToTextRamDisk.str2.2
                0x0000000000014612       0xca /tmp/BdsDxe.dll.fer19g.ltrans0.ltrans.o
                                        0x136 (size before relaxing)
 .rodata.DevPathToTextBBS.str2.2
                0x00000000000146dc       0x2c /tmp/BdsDxe.dll.fer19g.ltrans0.ltrans.o
 .rodata.DevPathToTextNodeGeneric.str2.2
                0x0000000000014708       0x22 /tmp/BdsDxe.dll.fer19g.ltrans0.ltrans.o
 .rodata.Print.str1.1
                0x000000000001472a       0x5f /tmp/BdsDxe.dll.fer19g.ltrans0.ltrans.o
 .rodata.PrintXY.str1.1
                0x0000000000014789       0xd6 /tmp/BdsDxe.dll.fer19g.ltrans0.ltrans.o
 .rodata.GetVariable2.str1.1
                0x000000000001485f       0x9f /tmp/BdsDxe.dll.fer19g.ltrans0.ltrans.o
 .rodata.GetBestLanguage.str1.1
                0x00000000000148fe       0x23 /tmp/BdsDxe.dll.fer19g.ltrans0.ltrans.o
 .rodata.GetPerformanceMeasurementProtocol.str1.1
                0x0000000000014921       0x83 /tmp/BdsDxe.dll.fer19g.ltrans0.ltrans.o
 .rodata.InitializeLangVariable.str1.1
                0x00000000000149a4       0x92 /tmp/BdsDxe.dll.fer19g.ltrans0.ltrans.o
 .rodata.EfiBootManagerConnectDevicePath.str1.1
                0x0000000000014a36       0xa4 /tmp/BdsDxe.dll.fer19g.ltrans0.ltrans.o
 .rodata.BmUpdateSystemTableConsole.str1.1
                0x0000000000014ada       0x32 /tmp/BdsDxe.dll.fer19g.ltrans0.ltrans.o
 .rodata.BmGetRamDiskDevicePath.str1.1
                0x0000000000014b0c       0x22 /tmp/BdsDxe.dll.fer19g.ltrans0.ltrans.o
 .rodata.BmDestroyRamDisk.str1.1
                0x0000000000014b2e       0x60 /tmp/BdsDxe.dll.fer19g.ltrans0.ltrans.o
 .rodata.BmExpandLoadFile.str1.1
                0x0000000000014b8e       0x56 /tmp/BdsDxe.dll.fer19g.ltrans0.ltrans.o
 .rodata.BmGetNextLoadOptionDevicePath.str1.1
                0x0000000000014be4       0x19 /tmp/BdsDxe.dll.fer19g.ltrans0.ltrans.o
 *fill*         0x0000000000014bfd        0x1 
 .rodata.BmGetNextLoadOptionDevicePath.str2.2
                0x0000000000014bfe        0xa /tmp/BdsDxe.dll.fer19g.ltrans0.ltrans.o
 .rodata.EfiBootManagerBoot.str2.2
                0x0000000000014c08       0x5c /tmp/BdsDxe.dll.fer19g.ltrans0.ltrans.o
 .rodata.EfiBootManagerBoot.str1.1
                0x0000000000014c64      0x247 /tmp/BdsDxe.dll.fer19g.ltrans0.ltrans.o
 .rodata.EfiBootManagerRefreshAllBootOption.str1.1
                0x0000000000014eab       0x91 /tmp/BdsDxe.dll.fer19g.ltrans0.ltrans.o
 .rodata.EfiBootManagerRefreshAllBootOption.str2.2
                0x0000000000014f3c        0xc /tmp/BdsDxe.dll.fer19g.ltrans0.ltrans.o
 .rodata.BdsEntry.str1.1
                0x0000000000014f48      0x5c0 /tmp/BdsDxe.dll.fer19g.ltrans0.ltrans.o
                                        0x5db (size before relaxing)
 .rodata.BdsEntry.str2.2
                0x0000000000015508      0x2fc /tmp/BdsDxe.dll.fer19g.ltrans0.ltrans.o
                                        0x31a (size before relaxing)
 .rodata.BdsEntry
                0x0000000000015804       0x12 /tmp/BdsDxe.dll.fer19g.ltrans0.ltrans.o
 .rodata.str2.2
                0x0000000000015816      0x102 /tmp/BdsDxe.dll.fer19g.ltrans0.ltrans.o
                                        0x130 (size before relaxing)
 .rodata.CSWTCH.42
                0x0000000000015918        0x6 /tmp/BdsDxe.dll.fer19g.ltrans0.ltrans.o
 *fill*         0x000000000001591e        0x2 
 .rodata.CSWTCH.58
                0x0000000000015920       0x30 /tmp/BdsDxe.dll.fer19g.ltrans0.ltrans.o
 .rodata.__FUNCTION__.0.lto_priv.0
                0x0000000000015950       0x11 /tmp/BdsDxe.dll.fer19g.ltrans0.ltrans.o
 .rodata.__FUNCTION__.1
                0x0000000000015961        0xf /tmp/BdsDxe.dll.fer19g.ltrans0.ltrans.o
 .rodata.__FUNCTION__.2
                0x0000000000015970       0x1b /tmp/BdsDxe.dll.fer19g.ltrans0.ltrans.o
 .rodata.__FUNCTION__.3
                0x000000000001598b       0x13 /tmp/BdsDxe.dll.fer19g.ltrans0.ltrans.o
 .rodata._gPcd_FixedAtBuild_PcdBootManagerMenuFile
                0x000000000001599e       0x10 /tmp/BdsDxe.dll.fer19g.ltrans0.ltrans.o
                0x000000000001599e                _gPcd_FixedAtBuild_PcdBootManagerMenuFile
 .rodata._gPcd_FixedAtBuild_PcdFirmwareVendor
                0x00000000000159ae        0xe /tmp/BdsDxe.dll.fer19g.ltrans0.ltrans.o
 .rodata._gPcd_FixedAtBuild_PcdFirmwareVersionString
                0x00000000000159bc        0xc /tmp/BdsDxe.dll.fer19g.ltrans0.ltrans.o
 .rodata._gPcd_FixedAtBuild_PcdUefiVariableDefaultLang
                0x00000000000159c8        0x4 /tmp/BdsDxe.dll.fer19g.ltrans0.ltrans.o
 .rodata._gPcd_FixedAtBuild_PcdUefiVariableDefaultLangCodes
                0x00000000000159cc        0xd /tmp/BdsDxe.dll.fer19g.ltrans0.ltrans.o
 .rodata._gPcd_FixedAtBuild_PcdUefiVariableDefaultPlatformLang
                0x00000000000159d9        0x6 /tmp/BdsDxe.dll.fer19g.ltrans0.ltrans.o
 .rodata._gPcd_FixedAtBuild_PcdUefiVariableDefaultPlatformLangCodes
                0x00000000000159df       0x12 /tmp/BdsDxe.dll.fer19g.ltrans0.ltrans.o
 *fill*         0x00000000000159f1        0x7 
 .rodata.mBdsLoadOptionName
                0x00000000000159f8       0x20 /tmp/BdsDxe.dll.fer19g.ltrans0.ltrans.o
                0x00000000000159f8                mBdsLoadOptionName
                0x00000000000159f8                mBmLoadOptionName
 .rodata.mConVarName
                0x0000000000015a18       0x30 /tmp/BdsDxe.dll.fer19g.ltrans0.ltrans.o
 .rodata.mHexStr
                0x0000000000015a48       0x10 /tmp/BdsDxe.dll.fer19g.ltrans0.ltrans.o
 .rodata.mReadOnlyVariables
                0x0000000000015a58       0x28 /tmp/BdsDxe.dll.fer19g.ltrans0.ltrans.o
 .rodata.mUefiDevicePathLibEndDevicePath
                0x0000000000015a80        0x4 /tmp/BdsDxe.dll.fer19g.ltrans0.ltrans.o
 *fill*         0x0000000000015a84        0x4 
 .rodata.mUefiDevicePathLibToTextTableGeneric
                0x0000000000015a88       0x60 /tmp/BdsDxe.dll.fer19g.ltrans0.ltrans.o
 .rodata.BmGenerateKeyShiftState
                0x0000000000015ae8        0x5 /tmp/BdsDxe.dll.fer19g.ltrans1.ltrans.o
 .rodata.InternalBaseLibIsListValid.str1.1
                0x0000000000015aed       0x86 /tmp/BdsDxe.dll.fer19g.ltrans1.ltrans.o
                                         0x9b (size before relaxing)
 .rodata.GetFirstNode.str1.1
                0x0000000000015b73       0x22 /tmp/BdsDxe.dll.fer19g.ltrans1.ltrans.o
 .rodata.RemoveEntryList.str1.1
                0x0000000000015b95       0x3b /tmp/BdsDxe.dll.fer19g.ltrans1.ltrans.o
 .rodata.WriteUnaligned16.isra.0.str1.1
                0x0000000000015bd0       0x48 /tmp/BdsDxe.dll.fer19g.ltrans1.ltrans.o
                                         0x5f (size before relaxing)
 .rodata.SetDevicePathNodeLength.isra.0.str1.1
                0x0000000000015c18       0x47 /tmp/BdsDxe.dll.fer19g.ltrans1.ltrans.o
                                         0x9f (size before relaxing)
 .rodata.IsPciDisplay.lto_priv.0.str1.1
                0x0000000000015c5f        0xc /tmp/BdsDxe.dll.fer19g.ltrans1.ltrans.o
 .rodata.InternalImageHandleToFvHandle.str1.1
                0x0000000000015c6b       0x50 /tmp/BdsDxe.dll.fer19g.ltrans1.ltrans.o
                                         0xa1 (size before relaxing)
 .rodata.BmRegisterHotkeyNotify.isra.0.str1.1
                0x0000000000015cbb       0x30 /tmp/BdsDxe.dll.fer19g.ltrans1.ltrans.o
 *fill*         0x0000000000015ceb        0x1 
 .rodata.BmGetNetworkDescription.str2.2
                0x0000000000015cec       0xb4 /tmp/BdsDxe.dll.fer19g.ltrans1.ltrans.o
 .rodata.BmGetNetworkDescription.str1.1
                0x0000000000015da0       0x30 /tmp/BdsDxe.dll.fer19g.ltrans1.ltrans.o
                                         0x79 (size before relaxing)
 .rodata.BmGetMiscDescription.str2.2
                0x0000000000015da0       0xba /tmp/BdsDxe.dll.fer19g.ltrans1.ltrans.o
                                         0xc8 (size before relaxing)
 .rodata.BmGetMiscDescription.str1.1
                0x0000000000015e5a       0x1b /tmp/BdsDxe.dll.fer19g.ltrans1.ltrans.o
 .rodata.BmGetSingleControllerHealthStatus.str1.1
                0x0000000000015e5a       0x9f /tmp/BdsDxe.dll.fer19g.ltrans1.ltrans.o
 .rodata.EfiBootManagerGetDriverHealthInfo.str1.1
                0x0000000000015ef9       0x24 /tmp/BdsDxe.dll.fer19g.ltrans1.ltrans.o
 .rodata.EfiAcquireLock.constprop.0.str1.1
                0x0000000000015f1d       0x1e /tmp/BdsDxe.dll.fer19g.ltrans1.ltrans.o
                                         0x60 (size before relaxing)
 .rodata.EfiReleaseLock.constprop.0.str1.1
                0x0000000000015f3b       0x1e /tmp/BdsDxe.dll.fer19g.ltrans1.ltrans.o
 .rodata.BmTxtInExCallback.str1.1
                0x0000000000015f59       0x15 /tmp/BdsDxe.dll.fer19g.ltrans1.ltrans.o
                                         0x69 (size before relaxing)
 .rodata.BmStopHotkeyService.str1.1
                0x0000000000015f6e       0x43 /tmp/BdsDxe.dll.fer19g.ltrans1.ltrans.o
 *fill*         0x0000000000015fb1        0x1 
 .rodata.BmCollectKeyOptions.str2.2
                0x0000000000015fb2        0x8 /tmp/BdsDxe.dll.fer19g.ltrans1.ltrans.o
                                         0x20 (size before relaxing)
 .rodata.BmCollectKeyOptions.str1.1
                0x0000000000015fba       0x22 /tmp/BdsDxe.dll.fer19g.ltrans1.ltrans.o
                                         0x3c (size before relaxing)
 .rodata.BmRepairNotify.str1.1
                0x0000000000015fdc       0x1a /tmp/BdsDxe.dll.fer19g.ltrans1.ltrans.o
 .rodata.BmRepairNotify.str2.2
                0x0000000000015ff6       0x34 /tmp/BdsDxe.dll.fer19g.ltrans1.ltrans.o
 .rodata.AddOutput.lto_priv.0.str1.1
                0x000000000001602a       0x8a /tmp/BdsDxe.dll.fer19g.ltrans1.ltrans.o
 .rodata.StrCpyS.constprop.0.isra.0.str1.1
                0x00000000000160b4      0x111 /tmp/BdsDxe.dll.fer19g.ltrans1.ltrans.o
                                        0x156 (size before relaxing)
 .rodata.StrCatS.isra.0.str1.1
                0x00000000000161c5       0x59 /tmp/BdsDxe.dll.fer19g.ltrans1.ltrans.o
 .rodata.BmGetUsbDescription.str2.2
                0x000000000001621e       0x34 /tmp/BdsDxe.dll.fer19g.ltrans1.ltrans.o
                                          0x4 (size before relaxing)
 .rodata.AsciiStrToUnicodeStrS.isra.0.str1.1
                0x000000000001621e       0x64 /tmp/BdsDxe.dll.fer19g.ltrans1.ltrans.o
 .rodata.BmGetDescriptionFromDiskInfo.str2.2
                0x0000000000016282       0x2c /tmp/BdsDxe.dll.fer19g.ltrans1.ltrans.o
 .rodata.UnicodeValueToStringS.constprop.0.isra.0.str1.1
                0x00000000000162ae       0x21 /tmp/BdsDxe.dll.fer19g.ltrans1.ltrans.o
                                         0x69 (size before relaxing)
 .rodata.SetMem.constprop.0.isra.0.str1.1
                0x00000000000162cf       0x8c /tmp/BdsDxe.dll.fer19g.ltrans1.ltrans.o
 .rodata.BmGetBootDescription.str1.1
                0x000000000001635b       0x38 /tmp/BdsDxe.dll.fer19g.ltrans1.ltrans.o
 .rodata.BmForEachVariable.str1.1
                0x0000000000016393       0x6d /tmp/BdsDxe.dll.fer19g.ltrans1.ltrans.o
 .rodata.BmGetFreeOptionNumber.str1.1
                0x0000000000016400      0x101 /tmp/BdsDxe.dll.fer19g.ltrans1.ltrans.o
 .rodata.BmGetFreeOptionNumber.str2.2
                0x0000000000016501       0x12 /tmp/BdsDxe.dll.fer19g.ltrans1.ltrans.o
 .rodata.EfiBootManagerLoadOptionToVariable.str1.1
                0x0000000000016501       0x19 /tmp/BdsDxe.dll.fer19g.ltrans1.ltrans.o
 .rodata.BmProcessKeyOption.str1.1
                0x000000000001651a       0x66 /tmp/BdsDxe.dll.fer19g.ltrans1.ltrans.o
 .rodata.ZeroMem.str1.1
                0x0000000000016580       0x8b /tmp/BdsDxe.dll.fer19g.ltrans1.ltrans.o
 .rodata.CompareMem.str1.1
                0x000000000001660b       0x97 /tmp/BdsDxe.dll.fer19g.ltrans1.ltrans.o
                                        0x118 (size before relaxing)
 .rodata.EfiGetNameGuidFromFwVolDevicePathNode.str1.1
                0x00000000000166a2       0x68 /tmp/BdsDxe.dll.fer19g.ltrans1.ltrans.o
 .rodata.EfiBootManagerRegisterContinueKeyOption.constprop.0.str1.1
                0x000000000001670a       0x25 /tmp/BdsDxe.dll.fer19g.ltrans1.ltrans.o
 *fill*         0x000000000001672f        0x1 
 .rodata.EfiBootManagerAddKeyOptionVariable.constprop.0.str2.2
                0x0000000000016730       0x10 /tmp/BdsDxe.dll.fer19g.ltrans1.ltrans.o
 .rodata.EfiBootManagerAddLoadOptionVariable.constprop.0.str1.1
                0x0000000000016740       0x1f /tmp/BdsDxe.dll.fer19g.ltrans1.ltrans.o
 .rodata.EfiCreateEventReadyToBootEx.constprop.0.str1.1
                0x000000000001675f       0x27 /tmp/BdsDxe.dll.fer19g.ltrans1.ltrans.o
                                         0x39 (size before relaxing)
 .rodata.FileDevicePath.constprop.0.str2.2
                0x0000000000016786       0x2e /tmp/BdsDxe.dll.fer19g.ltrans1.ltrans.o
 .rodata.PlatformBootManagerWaitCallback.str2.2
                0x00000000000167b4       0x40 /tmp/BdsDxe.dll.fer19g.ltrans1.ltrans.o
 .rodata.DivU64x32.constprop.0.str1.1
                0x00000000000167f4       0x51 /tmp/BdsDxe.dll.fer19g.ltrans1.ltrans.o
 *fill*         0x0000000000016845        0x1 
 .rodata.UefiDevicePathLibConvertDevicePathToText.constprop.0.str2.2
                0x0000000000016846        0x4 /tmp/BdsDxe.dll.fer19g.ltrans1.ltrans.o
 .rodata.BmGetControllerName.str2.2
                0x000000000001684a       0x24 /tmp/BdsDxe.dll.fer19g.ltrans1.ltrans.o
 .rodata.BmGetControllerName.str1.1
                0x000000000001684a        0xa /tmp/BdsDxe.dll.fer19g.ltrans1.ltrans.o
                                          0xb (size before relaxing)
 .rodata.BmDisplayMessages.str1.1
                0x0000000000016854       0x71 /tmp/BdsDxe.dll.fer19g.ltrans1.ltrans.o
 *fill*         0x00000000000168c5        0x1 
 .rodata.BmDisplayMessages.str2.2
                0x00000000000168c6       0x2c /tmp/BdsDxe.dll.fer19g.ltrans1.ltrans.o
 .rodata.BmRepairAllControllers.str1.1
                0x00000000000168f2       0x76 /tmp/BdsDxe.dll.fer19g.ltrans1.ltrans.o
 .rodata.BmPrintDp.str1.1
                0x0000000000016968        0x3 /tmp/BdsDxe.dll.fer19g.ltrans1.ltrans.o
 .rodata.BmGetNextLoadOptionBuffer.str1.1
                0x000000000001696b       0x13 /tmp/BdsDxe.dll.fer19g.ltrans1.ltrans.o
                                         0x15 (size before relaxing)
 .rodata.EfiBootManagerProcessLoadOption.str1.1
                0x000000000001697e       0x34 /tmp/BdsDxe.dll.fer19g.ltrans1.ltrans.o
 .rodata.FilterAndProcess.lto_priv.0.str1.1
                0x00000000000169b2       0x1a /tmp/BdsDxe.dll.fer19g.ltrans1.ltrans.o
                                         0x6e (size before relaxing)
 .rodata.BasePrintLibSPrintMarker.constprop.0.str1.1
                0x00000000000169cc      0x290 /tmp/BdsDxe.dll.fer19g.ltrans1.ltrans.o
 .rodata.BasePrintLibSPrintMarker.constprop.0
                0x0000000000016c5c       0x5e /tmp/BdsDxe.dll.fer19g.ltrans1.ltrans.o
 .rodata.AsciiSPrint.constprop.0.str1.1
                0x0000000000016cba       0x18 /tmp/BdsDxe.dll.fer19g.ltrans1.ltrans.o
 .rodata.EndPerformanceMeasurementEx.constprop.0.isra.0.str1.1
                0x0000000000016cba       0x67 /tmp/BdsDxe.dll.fer19g.ltrans1.ltrans.o
 .rodata.EfiBootManagerConnectAllDefaultConsoles.isra.0.str1.1
                0x0000000000016cba       0x23 /tmp/BdsDxe.dll.fer19g.ltrans1.ltrans.o
 .rodata.EfiBootManagerConnectAllDefaultConsoles.isra.0.str2.2
                0x0000000000016cdd       0x28 /tmp/BdsDxe.dll.fer19g.ltrans1.ltrans.o
 *fill*         0x0000000000016cdd        0x1 
 .rodata.CatIPv4Address.isra.0.str2.2
                0x0000000000016cde       0x18 /tmp/BdsDxe.dll.fer19g.ltrans1.ltrans.o
 .rodata.CopyGuid.isra.0.str1.1
                0x0000000000016cf6       0x3b /tmp/BdsDxe.dll.fer19g.ltrans1.ltrans.o
                                         0x90 (size before relaxing)
 .rodata.EfiBootManagerVariableToLoadOptionEx.part.0.str1.1
                0x0000000000016d31       0x23 /tmp/BdsDxe.dll.fer19g.ltrans1.ltrans.o
 .rodata.BmCollectLoadOptions.str1.1
                0x0000000000016d31       0x1f /tmp/BdsDxe.dll.fer19g.ltrans1.ltrans.o
 .rodata.EfiBootManagerGetLoadOptions.str1.1
                0x0000000000016d50       0x7f /tmp/BdsDxe.dll.fer19g.ltrans1.ltrans.o
                                         0x97 (size before relaxing)
 .rodata.BmHotkeyCallback.str1.1
                0x0000000000016dcf       0xad /tmp/BdsDxe.dll.fer19g.ltrans1.ltrans.o
 .rodata.EfiBootManagerGetBootManagerMenu.str2.2
                0x0000000000016e7c       0x24 /tmp/BdsDxe.dll.fer19g.ltrans1.ltrans.o
 .rodata.EfiBootManagerGetBootManagerMenu.str1.1
                0x0000000000016ea0       0xa4 /tmp/BdsDxe.dll.fer19g.ltrans1.ltrans.o
                                         0xf6 (size before relaxing)
 .rodata.RegisterBasicVariablePolicy.constprop.0.str1.1
                0x0000000000016f44       0x86 /tmp/BdsDxe.dll.fer19g.ltrans1.ltrans.o
 .rodata.ReportStatusCodeEx.constprop.0.isra.0.str1.1
                0x0000000000016fca       0xdd /tmp/BdsDxe.dll.fer19g.ltrans1.ltrans.o
 *fill*         0x00000000000170a7        0x1 
 .rodata.str2.2
                0x00000000000170a8       0xf8 /tmp/BdsDxe.dll.fer19g.ltrans1.ltrans.o
 .rodata.__FUNCTION__.0
                0x00000000000171a0       0x17 /tmp/BdsDxe.dll.fer19g.ltrans1.ltrans.o
 .rodata.__FUNCTION__.25
                0x00000000000171b7        0x8 /tmp/BdsDxe.dll.fer19g.ltrans1.ltrans.o
 .rodata.__FUNCTION__.27
                0x00000000000171bf        0x8 /tmp/BdsDxe.dll.fer19g.ltrans1.ltrans.o
 .rodata.__FUNCTION__.5.lto_priv.0
                0x00000000000171c7       0x16 /tmp/BdsDxe.dll.fer19g.ltrans1.ltrans.o
 .rodata.__FUNCTION__.5.lto_priv.1
                0x00000000000171dd       0x11 /tmp/BdsDxe.dll.fer19g.ltrans1.ltrans.o
 .rodata.__FUNCTION__.6
                0x00000000000171ee        0x8 /tmp/BdsDxe.dll.fer19g.ltrans1.ltrans.o
 .rodata.__FUNCTION__.7
                0x00000000000171f6        0xd /tmp/BdsDxe.dll.fer19g.ltrans1.ltrans.o
 .rodata.__FUNCTION__.8
                0x0000000000017203        0xa /tmp/BdsDxe.dll.fer19g.ltrans1.ltrans.o
 .rodata._gPcd_FixedAtBuild_PcdDriverHealthConfigureForm
                0x000000000001720d       0x10 /tmp/BdsDxe.dll.fer19g.ltrans1.ltrans.o
 *fill*         0x000000000001721d        0x3 
 .rodata.mBmBootDescriptionHandlers
                0x0000000000017220       0x30 /tmp/BdsDxe.dll.fer19g.ltrans1.ltrans.o
 .rodata.mBmHealthStatusText
                0x0000000000017250       0x30 /tmp/BdsDxe.dll.fer19g.ltrans1.ltrans.o
 .rodata.mBmLoadOptionOrderName
                0x0000000000017280       0x20 /tmp/BdsDxe.dll.fer19g.ltrans1.ltrans.o
 .rodata.mErrorString
                0x00000000000172a0      0x2b5 /tmp/BdsDxe.dll.fer19g.ltrans1.ltrans.o
 *fill*         0x0000000000017555        0x3 
 .rodata.mUefiDevicePathLibToTextTable
                0x0000000000017558      0x320 /tmp/BdsDxe.dll.fer19g.ltrans1.ltrans.o
 .rodata.mWarningString
                0x0000000000017878       0x96 /tmp/BdsDxe.dll.fer19g.ltrans1.ltrans.o
 *(.got .got.*)
 *:AutoGen.obj(.data.g*Guid)

.iplt           0x0000000000017910        0x0
 .iplt          0x0000000000017910        0x0 /tmp/BdsDxe.dll.fer19g.ltrans0.ltrans.o

.data           0x0000000000018000      0x6d8
 *(.data .data.* .gnu.linkonce.d.*)
 .data._gPcd_BinaryPatch_PcdBootDiscoveryPolicy
                0x0000000000018000        0x4 /tmp/BdsDxe.dll.fer19g.ltrans0.ltrans.o
 *fill*         0x0000000000018004        0x4 
 .data.gBds     0x0000000000018008        0x8 /tmp/BdsDxe.dll.fer19g.ltrans0.ltrans.o
 .data.gBootDiscoveryPolicyMgrFormsetGuid
                0x0000000000018010       0x10 /tmp/BdsDxe.dll.fer19g.ltrans0.ltrans.o
 .data.gEdkiiBootLogo2ProtocolGuid
                0x0000000000018020       0x10 /tmp/BdsDxe.dll.fer19g.ltrans0.ltrans.o
 .data.gEdkiiNonDiscoverableDeviceProtocolGuid
                0x0000000000018030       0x10 /tmp/BdsDxe.dll.fer19g.ltrans0.ltrans.o
                0x0000000000018030                gEdkiiNonDiscoverableDeviceProtocolGuid
 .data.gEdkiiPerformanceMeasurementProtocolGuid
                0x0000000000018040       0x10 /tmp/BdsDxe.dll.fer19g.ltrans0.ltrans.o
 .data.gEdkiiPlatformBootManagerProtocolGuid
                0x0000000000018050       0x10 /tmp/BdsDxe.dll.fer19g.ltrans0.ltrans.o
 .data.gEdkiiPlatformLogoProtocolGuid
                0x0000000000018060       0x10 /tmp/BdsDxe.dll.fer19g.ltrans0.ltrans.o
 .data.gEdkiiStatusCodeDataTypeVariableGuid
                0x0000000000018070       0x10 /tmp/BdsDxe.dll.fer19g.ltrans0.ltrans.o
 .data.gEdkiiVariablePolicyProtocolGuid
                0x0000000000018080       0x10 /tmp/BdsDxe.dll.fer19g.ltrans0.ltrans.o
 .data.gEfiBdsArchProtocolGuid
                0x0000000000018090       0x10 /tmp/BdsDxe.dll.fer19g.ltrans0.ltrans.o
 .data.gEfiBlockIoProtocolGuid
                0x00000000000180a0       0x10 /tmp/BdsDxe.dll.fer19g.ltrans0.ltrans.o
                0x00000000000180a0                gEfiBlockIoProtocolGuid
 .data.gEfiBootLogoProtocolGuid
                0x00000000000180b0       0x10 /tmp/BdsDxe.dll.fer19g.ltrans0.ltrans.o
 .data.gEfiBootManagerPolicyConnectAllGuid
                0x00000000000180c0       0x10 /tmp/BdsDxe.dll.fer19g.ltrans0.ltrans.o
 .data.gEfiBootManagerPolicyNetworkGuid
                0x00000000000180d0       0x10 /tmp/BdsDxe.dll.fer19g.ltrans0.ltrans.o
 .data.gEfiBootManagerPolicyProtocolGuid
                0x00000000000180e0       0x10 /tmp/BdsDxe.dll.fer19g.ltrans0.ltrans.o
 .data.gEfiCallerIdGuid
                0x00000000000180f0       0x10 /tmp/BdsDxe.dll.fer19g.ltrans0.ltrans.o
                0x00000000000180f0                gEfiCallerIdGuid
 .data.gEfiDebugPortProtocolGuid
                0x0000000000018100       0x10 /tmp/BdsDxe.dll.fer19g.ltrans0.ltrans.o
 .data.gEfiDeferredImageLoadProtocolGuid
                0x0000000000018110       0x10 /tmp/BdsDxe.dll.fer19g.ltrans0.ltrans.o
 .data.gEfiDevicePathProtocolGuid
                0x0000000000018120       0x10 /tmp/BdsDxe.dll.fer19g.ltrans0.ltrans.o
                0x0000000000018120                gEfiDevicePathProtocolGuid
 .data.gEfiDxeServicesTableGuid
                0x0000000000018130       0x10 /tmp/BdsDxe.dll.fer19g.ltrans0.ltrans.o
 .data.gEfiEndOfDxeEventGroupGuid
                0x0000000000018140       0x10 /tmp/BdsDxe.dll.fer19g.ltrans0.ltrans.o
 .data.gEfiEventReadyToBootGuid
                0x0000000000018150       0x10 /tmp/BdsDxe.dll.fer19g.ltrans0.ltrans.o
                0x0000000000018150                gEfiEventReadyToBootGuid
 .data.gEfiFirmwareVolume2ProtocolGuid
                0x0000000000018160       0x10 /tmp/BdsDxe.dll.fer19g.ltrans0.ltrans.o
                0x0000000000018160                gEfiFirmwareVolume2ProtocolGuid
 .data.gEfiGlobalVariableGuid
                0x0000000000018170       0x10 /tmp/BdsDxe.dll.fer19g.ltrans0.ltrans.o
                0x0000000000018170                gEfiGlobalVariableGuid
 .data.gEfiGraphicsOutputProtocolGuid
                0x0000000000018180       0x10 /tmp/BdsDxe.dll.fer19g.ltrans0.ltrans.o
                0x0000000000018180                gEfiGraphicsOutputProtocolGuid
 .data.gEfiHiiConfigRoutingProtocolGuid
                0x0000000000018190       0x10 /tmp/BdsDxe.dll.fer19g.ltrans0.ltrans.o
 .data.gEfiHiiDatabaseProtocolGuid
                0x00000000000181a0       0x10 /tmp/BdsDxe.dll.fer19g.ltrans0.ltrans.o
 .data.gEfiHiiFontProtocolGuid
                0x00000000000181b0       0x10 /tmp/BdsDxe.dll.fer19g.ltrans0.ltrans.o
 .data.gEfiHiiImageProtocolGuid
                0x00000000000181c0       0x10 /tmp/BdsDxe.dll.fer19g.ltrans0.ltrans.o
 .data.gEfiHiiStringProtocolGuid
                0x00000000000181d0       0x10 /tmp/BdsDxe.dll.fer19g.ltrans0.ltrans.o
 .data.gEfiHobListGuid
                0x00000000000181e0       0x10 /tmp/BdsDxe.dll.fer19g.ltrans0.ltrans.o
 .data.gEfiLoadFileProtocolGuid
                0x00000000000181f0       0x10 /tmp/BdsDxe.dll.fer19g.ltrans0.ltrans.o
                0x00000000000181f0                gEfiLoadFileProtocolGuid
 .data.gEfiLoadedImageProtocolGuid
                0x0000000000018200       0x10 /tmp/BdsDxe.dll.fer19g.ltrans0.ltrans.o
                0x0000000000018200                gEfiLoadedImageProtocolGuid
 .data.gEfiMemoryTypeInformationGuid
                0x0000000000018210       0x10 /tmp/BdsDxe.dll.fer19g.ltrans0.ltrans.o
 .data.gEfiPcAnsiGuid
                0x0000000000018220       0x10 /tmp/BdsDxe.dll.fer19g.ltrans0.ltrans.o
 .data.gEfiPciIoProtocolGuid
                0x0000000000018230       0x10 /tmp/BdsDxe.dll.fer19g.ltrans0.ltrans.o
                0x0000000000018230                gEfiPciIoProtocolGuid
 .data.gEfiPciRootBridgeIoProtocolGuid
                0x0000000000018240       0x10 /tmp/BdsDxe.dll.fer19g.ltrans0.ltrans.o
 .data.gEfiPersistentVirtualCdGuid
                0x0000000000018250       0x10 /tmp/BdsDxe.dll.fer19g.ltrans0.ltrans.o
 .data.gEfiPersistentVirtualDiskGuid
                0x0000000000018260       0x10 /tmp/BdsDxe.dll.fer19g.ltrans0.ltrans.o
 .data.gEfiRamDiskProtocolGuid
                0x0000000000018270       0x10 /tmp/BdsDxe.dll.fer19g.ltrans0.ltrans.o
 .data.gEfiSasDevicePathGuid
                0x0000000000018280       0x10 /tmp/BdsDxe.dll.fer19g.ltrans0.ltrans.o
 .data.gEfiSimpleFileSystemProtocolGuid
                0x0000000000018290       0x10 /tmp/BdsDxe.dll.fer19g.ltrans0.ltrans.o
                0x0000000000018290                gEfiSimpleFileSystemProtocolGuid
 .data.gEfiSimpleTextInputExProtocolGuid
                0x00000000000182a0       0x10 /tmp/BdsDxe.dll.fer19g.ltrans0.ltrans.o
                0x00000000000182a0                gEfiSimpleTextInputExProtocolGuid
 .data.gEfiSimpleTextOutProtocolGuid
                0x00000000000182b0       0x10 /tmp/BdsDxe.dll.fer19g.ltrans0.ltrans.o
                0x00000000000182b0                gEfiSimpleTextOutProtocolGuid
 .data.gEfiTtyTermGuid
                0x00000000000182c0       0x10 /tmp/BdsDxe.dll.fer19g.ltrans0.ltrans.o
 .data.gEfiUartDevicePathGuid
                0x00000000000182d0       0x10 /tmp/BdsDxe.dll.fer19g.ltrans0.ltrans.o
 .data.gEfiUgaDrawProtocolGuid
                0x00000000000182e0       0x10 /tmp/BdsDxe.dll.fer19g.ltrans0.ltrans.o
                0x00000000000182e0                gEfiUgaDrawProtocolGuid
 .data.gEfiUsbIoProtocolGuid
                0x00000000000182f0       0x10 /tmp/BdsDxe.dll.fer19g.ltrans0.ltrans.o
                0x00000000000182f0                gEfiUsbIoProtocolGuid
 .data.gEfiVT100Guid
                0x0000000000018300       0x10 /tmp/BdsDxe.dll.fer19g.ltrans0.ltrans.o
 .data.gEfiVT100PlusGuid
                0x0000000000018310       0x10 /tmp/BdsDxe.dll.fer19g.ltrans0.ltrans.o
 .data.gEfiVTUTF8Guid
                0x0000000000018320       0x10 /tmp/BdsDxe.dll.fer19g.ltrans0.ltrans.o
 .data.gEfiVirtualCdGuid
                0x0000000000018330       0x10 /tmp/BdsDxe.dll.fer19g.ltrans0.ltrans.o
 .data.gEfiVirtualDiskGuid
                0x0000000000018340       0x10 /tmp/BdsDxe.dll.fer19g.ltrans0.ltrans.o
 .data.gEsrtManagementProtocolGuid
                0x0000000000018350       0x10 /tmp/BdsDxe.dll.fer19g.ltrans0.ltrans.o
 .data.gPcdProtocolGuid
                0x0000000000018360       0x10 /tmp/BdsDxe.dll.fer19g.ltrans0.ltrans.o
 .data.gPlatformBootManagerProtocolGuid
                0x0000000000018370       0x10 /tmp/BdsDxe.dll.fer19g.ltrans0.ltrans.o
 .data.gUefiShellFileGuid
                0x0000000000018380       0x10 /tmp/BdsDxe.dll.fer19g.ltrans0.ltrans.o
 .data.mBmAutoCreateBootOptionGuid
                0x0000000000018390       0x10 /tmp/BdsDxe.dll.fer19g.ltrans0.ltrans.o
 .data.mBmHardDriveBootVariableGuid
                0x00000000000183a0       0x10 /tmp/BdsDxe.dll.fer19g.ltrans0.ltrans.o
 .data.mBmHotkeyBootOption
                0x00000000000183b0       0x58 /tmp/BdsDxe.dll.fer19g.ltrans0.ltrans.o
                0x00000000000183b0                mBmHotkeyBootOption
 .data.mEfiColors
                0x0000000000018408       0x40 /tmp/BdsDxe.dll.fer19g.ltrans0.ltrans.o
 .data.mSerialConsole
                0x0000000000018448       0x3f /tmp/BdsDxe.dll.fer19g.ltrans0.ltrans.o
 .data.mUsbKeyboard
                0x0000000000018487        0xf /tmp/BdsDxe.dll.fer19g.ltrans0.ltrans.o
 .data.Fallback.4
                0x0000000000018496       0x34 /tmp/BdsDxe.dll.fer19g.ltrans1.ltrans.o
 *fill*         0x00000000000184ca        0x2 
 .data.gEdkiiNonDiscoverableEhciDeviceGuid
                0x00000000000184cc       0x10 /tmp/BdsDxe.dll.fer19g.ltrans1.ltrans.o
 .data.gEdkiiNonDiscoverableUhciDeviceGuid
                0x00000000000184dc       0x10 /tmp/BdsDxe.dll.fer19g.ltrans1.ltrans.o
 .data.gEdkiiNonDiscoverableXhciDeviceGuid
                0x00000000000184ec       0x10 /tmp/BdsDxe.dll.fer19g.ltrans1.ltrans.o
 .data.gEdkiiVariableLockProtocolGuid
                0x00000000000184fc       0x10 /tmp/BdsDxe.dll.fer19g.ltrans1.ltrans.o
 .data.gEfiComponentName2ProtocolGuid
                0x000000000001850c       0x10 /tmp/BdsDxe.dll.fer19g.ltrans1.ltrans.o
 .data.gEfiComponentNameProtocolGuid
                0x000000000001851c       0x10 /tmp/BdsDxe.dll.fer19g.ltrans1.ltrans.o
 .data.gEfiDiskInfoAhciInterfaceGuid
                0x000000000001852c       0x10 /tmp/BdsDxe.dll.fer19g.ltrans1.ltrans.o
 .data.gEfiDiskInfoIdeInterfaceGuid
                0x000000000001853c       0x10 /tmp/BdsDxe.dll.fer19g.ltrans1.ltrans.o
 .data.gEfiDiskInfoProtocolGuid
                0x000000000001854c       0x10 /tmp/BdsDxe.dll.fer19g.ltrans1.ltrans.o
 .data.gEfiDiskInfoScsiInterfaceGuid
                0x000000000001855c       0x10 /tmp/BdsDxe.dll.fer19g.ltrans1.ltrans.o
 .data.gEfiDiskInfoSdMmcInterfaceGuid
                0x000000000001856c       0x10 /tmp/BdsDxe.dll.fer19g.ltrans1.ltrans.o
 .data.gEfiDriverHealthProtocolGuid
                0x000000000001857c       0x10 /tmp/BdsDxe.dll.fer19g.ltrans1.ltrans.o
 .data.gEfiFileInfoGuid
                0x000000000001858c       0x10 /tmp/BdsDxe.dll.fer19g.ltrans1.ltrans.o
 .data.gEfiFormBrowser2ProtocolGuid
                0x000000000001859c       0x10 /tmp/BdsDxe.dll.fer19g.ltrans1.ltrans.o
 .data.gEfiNvmExpressPassThruProtocolGuid
                0x00000000000185ac       0x10 /tmp/BdsDxe.dll.fer19g.ltrans1.ltrans.o
 .data.gEfiSimpleTextInProtocolGuid
                0x00000000000185bc       0x10 /tmp/BdsDxe.dll.fer19g.ltrans1.ltrans.o
 .data.gEfiStatusCodeRuntimeProtocolGuid
                0x00000000000185cc       0x10 /tmp/BdsDxe.dll.fer19g.ltrans1.ltrans.o
 .data.gEfiStatusCodeSpecificDataGuid
                0x00000000000185dc       0x10 /tmp/BdsDxe.dll.fer19g.ltrans1.ltrans.o
 *fill*         0x00000000000185ec        0x4 
 .data.mBmHotkeyList
                0x00000000000185f0       0x10 /tmp/BdsDxe.dll.fer19g.ltrans1.ltrans.o
 .data.mBmHotkeyLock
                0x0000000000018600       0x18 /tmp/BdsDxe.dll.fer19g.ltrans1.ltrans.o
 .data.mBmUefiPrefix
                0x0000000000018618        0xc /tmp/BdsDxe.dll.fer19g.ltrans1.ltrans.o
 *fill*         0x0000000000018624        0x4 
 .data.mPlatformBootDescriptionHandlers
                0x0000000000018628       0x10 /tmp/BdsDxe.dll.fer19g.ltrans1.ltrans.o
 *(.bss .bss.*)
 .bss.gBS       0x0000000000018638        0x8 /tmp/BdsDxe.dll.fer19g.ltrans0.ltrans.o
                0x0000000000018638                gBS
 .bss.gDS       0x0000000000018640        0x8 /tmp/BdsDxe.dll.fer19g.ltrans0.ltrans.o
 .bss.gHiiConfigRouting
                0x0000000000018648        0x8 /tmp/BdsDxe.dll.fer19g.ltrans0.ltrans.o
 .bss.gHiiDatabase
                0x0000000000018650        0x8 /tmp/BdsDxe.dll.fer19g.ltrans0.ltrans.o
                0x0000000000018650                gHiiDatabase
 .bss.gHiiFont  0x0000000000018658        0x8 /tmp/BdsDxe.dll.fer19g.ltrans0.ltrans.o
 .bss.gHiiImage
                0x0000000000018660        0x8 /tmp/BdsDxe.dll.fer19g.ltrans0.ltrans.o
 .bss.gHiiString
                0x0000000000018668        0x8 /tmp/BdsDxe.dll.fer19g.ltrans0.ltrans.o
                0x0000000000018668                gHiiString
 .bss.gImageHandle
                0x0000000000018670        0x8 /tmp/BdsDxe.dll.fer19g.ltrans0.ltrans.o
                0x0000000000018670                gImageHandle
 .bss.gRT       0x0000000000018678        0x8 /tmp/BdsDxe.dll.fer19g.ltrans0.ltrans.o
                0x0000000000018678                gRT
 .bss.gST       0x0000000000018680        0x8 /tmp/BdsDxe.dll.fer19g.ltrans0.ltrans.o
                0x0000000000018680                gST
 .bss.mBmContinueKeyOption
                0x0000000000018688        0x8 /tmp/BdsDxe.dll.fer19g.ltrans0.ltrans.o
                0x0000000000018688                mBmContinueKeyOption
 .bss.mBmHotkeyServiceStarted
                0x0000000000018690        0x1 /tmp/BdsDxe.dll.fer19g.ltrans0.ltrans.o
                0x0000000000018690                mBmHotkeyServiceStarted
 *fill*         0x0000000000018691        0x7 
 .bss.mBmHotkeySupportCount
                0x0000000000018698        0x8 /tmp/BdsDxe.dll.fer19g.ltrans0.ltrans.o
                0x0000000000018698                mBmHotkeySupportCount
 .bss.mBmHotkeyTriggered
                0x00000000000186a0        0x8 /tmp/BdsDxe.dll.fer19g.ltrans0.ltrans.o
                0x00000000000186a0                mBmHotkeyTriggered
 .bss.mBmTxtInExRegistration
                0x00000000000186a8        0x8 /tmp/BdsDxe.dll.fer19g.ltrans0.ltrans.o
                0x00000000000186a8                mBmTxtInExRegistration
 .bss.mHobList  0x00000000000186b0        0x8 /tmp/BdsDxe.dll.fer19g.ltrans0.ltrans.o
 .bss.mPcd      0x00000000000186b8        0x8 /tmp/BdsDxe.dll.fer19g.ltrans0.ltrans.o
 .bss.mPerformanceMeasurement
                0x00000000000186c0        0x8 /tmp/BdsDxe.dll.fer19g.ltrans0.ltrans.o
                0x00000000000186c0                mPerformanceMeasurement
 .bss.mRamDisk  0x00000000000186c8        0x8 /tmp/BdsDxe.dll.fer19g.ltrans0.ltrans.o
 .bss.mReportStatusCodeLibStatusCodeProtocol
                0x00000000000186d0        0x8 /tmp/BdsDxe.dll.fer19g.ltrans1.ltrans.o

.igot.plt       0x00000000000186d8        0x0
 .igot.plt      0x00000000000186d8        0x0 /tmp/BdsDxe.dll.fer19g.ltrans0.ltrans.o

.eh_frame
 *(.eh_frame)

.rela           0x00000000000186d8        0x0
 *(.rela .rela.*)
 .rela.iplt     0x00000000000186d8        0x0 /tmp/BdsDxe.dll.fer19g.ltrans0.ltrans.o

.hii
 *(.hii)

.build-id
 *(.note.gnu.build-id)

/DISCARD/
 *(.note.GNU-stack)
 *(.gnu_debuglink)
 *(.interp)
 *(.dynsym)
 *(.dynstr)
 *(.dynamic)
 *(.hash .gnu.hash)
 *(.comment)
                0x0000000000000228                PECOFF_HEADER_SIZE = 0x228
OUTPUT(/home/daijh/sdk/rk3588/uefi/Build/RK3588/DEBUG_GCC5/AARCH64/MdeModulePkg/Universal/BdsDxe/BdsDxe/DEBUG/BdsDxe.dll elf64-littleaarch64)
LOAD linker stubs

.debug_info     0x0000000000000000    0x5e922
 .debug_info    0x0000000000000000     0xfcca /tmp/BdsDxe.dll.fer19g.ltrans0.ltrans.o
 .debug_info    0x000000000000fcca     0xaadb /tmp/BdsDxe.dll.fer19g.ltrans1.ltrans.o
 .debug_info    0x000000000001a7a5     0x191f /tmp/ccOTMth7.debug.temp.o
                0x000000000001a7a5                DriverEntryPoint.c.6ad2c6b6
 .debug_info    0x000000000001c0c4      0x100 /tmp/ccIHehHB.debug.temp.o
                0x000000000001c0c4                memcpy.c.124218b3
 .debug_info    0x000000000001c1c4       0xb1 /tmp/cciPSPKk.debug.temp.o
                0x000000000001c1c4                memset.c.fe78e419
 .debug_info    0x000000000001c275       0xb0 /tmp/ccy37PZ3.debug.temp.o
                0x000000000001c275                BaseStackCheckGcc.c.4b3a57a0
 .debug_info    0x000000000001c325     0x2495 /tmp/ccVWWCvM.debug.temp.o
                0x000000000001c325                AutoGen.c.3986ef22
 .debug_info    0x000000000001e7ba     0x21e4 /tmp/ccAbxwYC.debug.temp.o
                0x000000000001e7ba                BdsEntry.c.4aaad260